time               total        used        free      shared  buff/cache   available
2023-07-29 23:50:37  Mem:           125G         13G        111G        1.1M        329M        111G
2023-07-29 23:50:40  Mem:           125G         13G        111G        1.1M        349M        111G
2023-07-29 23:50:43  Mem:           125G         13G        111G        1.1M        373M        111G
2023-07-29 23:50:46  Mem:           125G         13G        111G        1.1M        403M        111G
2023-07-29 23:50:49  Mem:           125G         13G        111G        1.1M        429M        111G
2023-07-29 23:50:52  Mem:           125G         13G        111G        1.1M        457M        111G
2023-07-29 23:50:55  Mem:           125G         13G        111G        1.1M        506M        111G
2023-07-29 23:50:58  Mem:           125G         13G        111G        1.1M        553M        111G
2023-07-29 23:51:01  Mem:           125G         13G        111G        1.1M        572M        111G
2023-07-29 23:51:04  Mem:           125G         13G        111G        1.1M        584M        111G
2023-07-29 23:51:07  Mem:           125G         13G        111G        1.1M        605M        111G
2023-07-29 23:51:10  Mem:           125G         13G        111G        1.1M        609M        111G
2023-07-29 23:51:13  Mem:           125G         13G        111G        1.1M        626M        110G
2023-07-29 23:51:16  Mem:           125G         13G        111G        1.1M        627M        110G
2023-07-29 23:51:19  Mem:           125G         13G        111G        1.1M        639M        110G
2023-07-29 23:51:22  Mem:           125G         13G        111G        1.1M        644M        110G
2023-07-29 23:51:25  Mem:           125G         13G        111G        1.1M        648M        110G
2023-07-29 23:51:28  Mem:           125G         13G        111G        1.1M        651M        110G
2023-07-29 23:51:31  Mem:           125G         13G        111G        1.1M        661M        110G
2023-07-29 23:51:34  Mem:           125G         13G        111G        1.1M        674M        110G
2023-07-29 23:51:37  Mem:           125G         13G        111G        1.1M        676M        110G
2023-07-29 23:51:40  Mem:           125G         13G        111G        1.1M        685M        110G
2023-07-29 23:51:43  Mem:           125G         13G        111G        1.1M        707M        110G
2023-07-29 23:51:46  Mem:           125G         13G        111G        1.1M        723M        110G
2023-07-29 23:51:49  Mem:           125G         13G        111G        1.1M        738M        110G
2023-07-29 23:51:52  Mem:           125G         13G        111G        1.1M        757M        110G
2023-07-29 23:51:55  Mem:           125G         13G        111G        1.1M        768M        110G
2023-07-29 23:51:58  Mem:           125G         13G        111G        1.1M        787M        110G
2023-07-29 23:52:01  Mem:           125G         13G        110G        1.1M        803M        110G
2023-07-29 23:52:04  Mem:           125G         13G        110G        1.1M        808M        110G
2023-07-29 23:52:07  Mem:           125G         13G        110G        1.1M        827M        110G
2023-07-29 23:52:10  Mem:           125G         13G        110G        1.1M        863M        110G
2023-07-29 23:52:13  Mem:           125G         13G        110G        1.1M        864M        110G
2023-07-29 23:52:16  Mem:           125G         13G        110G        1.1M        876M        110G
2023-07-29 23:52:19  Mem:           125G         13G        110G        1.1M        902M        110G
2023-07-29 23:52:22  Mem:           125G         13G        110G        1.1M        936M        110G
2023-07-29 23:52:25  Mem:           125G         13G        110G        1.1M        938M        110G
2023-07-29 23:52:28  Mem:           125G         13G        110G        1.1M        950M        110G
2023-07-29 23:52:31  Mem:           125G         13G        110G        1.1M        969M        110G
2023-07-29 23:52:34  Mem:           125G         13G        110G        1.1M        974M        110G
2023-07-29 23:52:37  Mem:           125G         13G        110G        1.1M        987M        110G
2023-07-29 23:52:40  Mem:           125G         13G        110G        1.1M        994M        110G
2023-07-29 23:52:43  Mem:           125G         13G        110G        1.1M        1.0G        110G
2023-07-29 23:52:46  Mem:           125G         13G        110G        1.1M        1.0G        110G
2023-07-29 23:52:49  Mem:           125G         13G        110G        1.1M        1.0G        110G
2023-07-29 23:52:52  Mem:           125G         13G        110G        1.1M        1.0G        110G
2023-07-29 23:52:55  Mem:           125G         13G        110G        1.1M        1.0G        110G
2023-07-29 23:52:58  Mem:           125G         13G        110G        1.1M        1.0G        110G
2023-07-29 23:53:01  Mem:           125G         13G        110G        1.1M        1.0G        110G
2023-07-29 23:53:04  Mem:           125G         13G        110G        1.1M        1.0G        110G
2023-07-29 23:53:07  Mem:           125G         13G        110G        1.1M        1.0G        110G
2023-07-29 23:53:10  Mem:           125G         13G        110G        1.1M        1.0G        110G
2023-07-29 23:53:13  Mem:           125G         13G        110G        1.1M        1.0G        110G
2023-07-29 23:53:16  Mem:           125G         13G        110G        1.1M        1.1G        110G
2023-07-29 23:53:19  Mem:           125G         13G        110G        1.1M        1.1G        110G
2023-07-29 23:53:22  Mem:           125G         13G        110G        1.1M        1.1G        110G
2023-07-29 23:53:26  Mem:           125G         13G        110G        1.1M        1.1G        110G
2023-07-29 23:53:29  Mem:           125G         13G        110G        1.1M        1.1G        110G
2023-07-29 23:53:32  Mem:           125G         13G        110G        1.1M        1.1G        110G
2023-07-29 23:53:35  Mem:           125G         13G        110G        1.1M        1.1G        110G
2023-07-29 23:53:38  Mem:           125G         13G        110G        1.1M        1.1G        110G
2023-07-29 23:53:41  Mem:           125G         13G        110G        1.1M        1.1G        110G
2023-07-29 23:53:44  Mem:           125G         13G        110G        1.1M        1.1G        110G
2023-07-29 23:53:47  Mem:           125G         13G        110G        1.1M        1.1G        110G
2023-07-29 23:53:50  Mem:           125G         13G        110G        1.1M        1.1G        110G
2023-07-29 23:53:53  Mem:           125G         13G        110G        1.1M        1.1G        110G
2023-07-29 23:53:56  Mem:           125G         13G        110G        1.1M        1.1G        110G
2023-07-29 23:53:59  Mem:           125G         13G        110G        1.1M        1.1G        110G
2023-07-29 23:54:02  Mem:           125G         13G        110G        1.1M        1.1G        110G
2023-07-29 23:54:05  Mem:           125G         13G        110G        1.1M        1.1G        110G
2023-07-29 23:54:08  Mem:           125G         13G        110G        1.1M        1.1G        110G
2023-07-29 23:54:11  Mem:           125G         13G        110G        1.1M        1.2G        110G
2023-07-29 23:54:14  Mem:           125G         13G        110G        1.1M        1.2G        110G
2023-07-29 23:54:17  Mem:           125G         13G        110G        1.1M        1.2G        110G
2023-07-29 23:54:20  Mem:           125G         13G        110G        1.1M        1.2G        110G
2023-07-29 23:54:23  Mem:           125G         13G        110G        1.1M        1.2G        110G
2023-07-29 23:54:26  Mem:           125G         13G        110G        1.1M        1.2G        110G
2023-07-29 23:54:29  Mem:           125G         13G        110G        1.1M        1.2G        110G
2023-07-29 23:54:32  Mem:           125G         13G        110G        1.1M        1.2G        110G
2023-07-29 23:54:35  Mem:           125G         13G        110G        1.1M        1.2G        110G
2023-07-29 23:54:38  Mem:           125G         13G        110G        1.1M        1.2G        110G
2023-07-29 23:54:41  Mem:           125G         13G        110G        1.1M        1.2G        110G
2023-07-29 23:54:44  Mem:           125G         13G        110G        1.1M        1.2G        110G
2023-07-29 23:54:47  Mem:           125G         13G        110G        1.1M        1.2G        110G
2023-07-29 23:54:50  Mem:           125G         13G        110G        1.1M        1.2G        110G
2023-07-29 23:54:53  Mem:           125G         13G        110G        1.1M        1.2G        110G
2023-07-29 23:54:56  Mem:           125G         13G        110G        1.1M        1.2G        110G
2023-07-29 23:54:59  Mem:           125G         13G        110G        1.1M        1.3G        110G
2023-07-29 23:55:02  Mem:           125G         13G        110G        1.1M        1.3G        110G
2023-07-29 23:55:05  Mem:           125G         13G        110G        1.1M        1.3G        110G
2023-07-29 23:55:08  Mem:           125G         13G        110G        1.1M        1.3G        110G
2023-07-29 23:55:11  Mem:           125G         13G        110G        1.1M        1.3G        110G
2023-07-29 23:55:14  Mem:           125G         13G        110G        1.1M        1.3G        110G
2023-07-29 23:55:17  Mem:           125G         13G        110G        1.1M        1.3G        110G
2023-07-29 23:55:20  Mem:           125G         13G        110G        1.1M        1.3G        110G
2023-07-29 23:55:23  Mem:           125G         13G        110G        1.1M        1.3G        110G
2023-07-29 23:55:26  Mem:           125G         13G        110G        1.1M        1.3G        110G
2023-07-29 23:55:29  Mem:           125G         13G        110G        1.1M        1.3G        110G
2023-07-29 23:55:32  Mem:           125G         13G        110G        1.1M        1.3G        110G
2023-07-29 23:55:35  Mem:           125G         13G        109G        1.1M        1.3G        110G
2023-07-29 23:55:38  Mem:           125G         13G        109G        1.1M        1.4G        110G
2023-07-29 23:55:41  Mem:           125G         13G        109G        1.1M        1.4G        110G
2023-07-29 23:55:44  Mem:           125G         13G        109G        1.1M        1.4G        110G
2023-07-29 23:55:47  Mem:           125G         13G        109G        1.1M        1.4G        110G
2023-07-29 23:55:50  Mem:           125G         13G        109G        1.1M        1.4G        110G
2023-07-29 23:55:53  Mem:           125G         13G        109G        1.1M        1.4G        110G
2023-07-29 23:55:56  Mem:           125G         13G        109G        1.1M        1.4G        110G
2023-07-29 23:55:59  Mem:           125G         13G        109G        1.1M        1.4G        110G
2023-07-29 23:56:02  Mem:           125G         13G        109G        1.1M        1.4G        110G
2023-07-29 23:56:05  Mem:           125G         13G        109G        1.1M        1.4G        110G
2023-07-29 23:56:08  Mem:           125G         13G        109G        1.1M        1.4G        110G
2023-07-29 23:56:11  Mem:           125G         13G        109G        1.1M        1.4G        110G
2023-07-29 23:56:14  Mem:           125G         13G        109G        1.1M        1.4G        110G
2023-07-29 23:56:17  Mem:           125G         13G        109G        1.1M        1.4G        110G
2023-07-29 23:56:20  Mem:           125G         13G        109G        1.1M        1.4G        110G
2023-07-29 23:56:23  Mem:           125G         13G        109G        1.1M        1.4G        110G
2023-07-29 23:56:26  Mem:           125G         13G        109G        1.1M        1.5G        110G
2023-07-29 23:56:29  Mem:           125G         13G        109G        1.1M        1.5G        110G
2023-07-29 23:56:32  Mem:           125G         13G        109G        1.1M        1.5G        110G
2023-07-29 23:56:35  Mem:           125G         13G        109G        1.1M        1.5G        110G
2023-07-29 23:56:38  Mem:           125G         13G        109G        1.1M        1.5G        110G
2023-07-29 23:56:41  Mem:           125G         13G        109G        1.1M        1.5G        110G
2023-07-29 23:56:44  Mem:           125G         13G        109G        1.1M        1.5G        110G
2023-07-29 23:56:47  Mem:           125G         13G        109G        1.1M        1.5G        110G
2023-07-29 23:56:50  Mem:           125G         13G        109G        1.1M        1.5G        110G
2023-07-29 23:56:53  Mem:           125G         13G        109G        1.1M        1.5G        110G
2023-07-29 23:56:56  Mem:           125G         13G        109G        1.1M        1.5G        110G
2023-07-29 23:56:59  Mem:           125G         13G        109G        1.1M        1.5G        110G
2023-07-29 23:57:02  Mem:           125G         13G        109G        1.1M        1.5G        110G
2023-07-29 23:57:05  Mem:           125G         14G        109G        1.1M        1.6G        110G
2023-07-29 23:57:08  Mem:           125G         14G        109G        1.1M        1.6G        110G
2023-07-29 23:57:11  Mem:           125G         14G        109G        1.1M        1.6G        110G
2023-07-29 23:57:14  Mem:           125G         14G        109G        1.1M        1.6G        110G
2023-07-29 23:57:17  Mem:           125G         14G        109G        1.1M        1.6G        110G
2023-07-29 23:57:20  Mem:           125G         14G        109G        1.1M        1.6G        110G
2023-07-29 23:57:23  Mem:           125G         14G        109G        1.1M        1.6G        110G
2023-07-29 23:57:26  Mem:           125G         14G        109G        1.1M        1.6G        110G
2023-07-29 23:57:29  Mem:           125G         14G        109G        1.1M        1.6G        110G
2023-07-29 23:57:32  Mem:           125G         14G        109G        1.1M        1.6G        110G
2023-07-29 23:57:35  Mem:           125G         14G        109G        1.1M        1.6G        110G
2023-07-29 23:57:38  Mem:           125G         14G        109G        1.1M        1.6G        110G
2023-07-29 23:57:41  Mem:           125G         14G        109G        1.1M        1.6G        110G
2023-07-29 23:57:44  Mem:           125G         14G        109G        1.1M        1.6G        110G
2023-07-29 23:57:47  Mem:           125G         14G        109G        1.1M        1.6G        110G
2023-07-29 23:57:50  Mem:           125G         14G        109G        1.1M        1.6G        110G
2023-07-29 23:57:53  Mem:           125G         14G        109G        1.1M        1.6G        110G
2023-07-29 23:57:56  Mem:           125G         14G        109G        1.1M        1.7G        110G
2023-07-29 23:57:59  Mem:           125G         14G        109G        1.1M        1.7G        110G
2023-07-29 23:58:02  Mem:           125G         14G        109G        1.1M        1.7G        110G
2023-07-29 23:58:05  Mem:           125G         14G        109G        1.1M        1.7G        110G
2023-07-29 23:58:08  Mem:           125G         14G        109G        1.1M        1.7G        110G
2023-07-29 23:58:11  Mem:           125G         14G        109G        1.1M        1.7G        110G
2023-07-29 23:58:14  Mem:           125G         14G        109G        1.1M        1.7G        110G
2023-07-29 23:58:17  Mem:           125G         14G        109G        1.1M        1.7G        110G
2023-07-29 23:58:20  Mem:           125G         14G        109G        1.1M        1.7G        110G
2023-07-29 23:58:23  Mem:           125G         14G        109G        1.1M        1.7G        110G
2023-07-29 23:58:26  Mem:           125G         14G        109G        1.1M        1.7G        110G
2023-07-29 23:58:29  Mem:           125G         14G        109G        1.1M        1.7G        110G
2023-07-29 23:58:32  Mem:           125G         14G        109G        1.1M        1.7G        110G
2023-07-29 23:58:35  Mem:           125G         14G        109G        1.1M        1.7G        110G
2023-07-29 23:58:39  Mem:           125G         14G        109G        1.1M        1.7G        110G
2023-07-29 23:58:42  Mem:           125G         14G        109G        1.1M        1.8G        110G
2023-07-29 23:58:45  Mem:           125G         14G        109G        1.1M        1.8G        110G
2023-07-29 23:58:48  Mem:           125G         14G        109G        1.1M        1.8G        110G
2023-07-29 23:58:51  Mem:           125G         14G        109G        1.1M        1.8G        110G
2023-07-29 23:58:54  Mem:           125G         14G        109G        1.1M        1.8G        110G
2023-07-29 23:58:57  Mem:           125G         14G        109G        1.1M        1.8G        109G
2023-07-29 23:59:00  Mem:           125G         14G        109G        1.1M        1.8G        109G
2023-07-29 23:59:03  Mem:           125G         14G        109G        1.1M        1.8G        109G
2023-07-29 23:59:06  Mem:           125G         14G        109G        1.1M        1.8G        109G
2023-07-29 23:59:09  Mem:           125G         14G        109G        1.1M        1.8G        109G
2023-07-29 23:59:12  Mem:           125G         14G        109G        1.1M        1.8G        109G
2023-07-29 23:59:15  Mem:           125G         14G        109G        1.1M        1.8G        109G
2023-07-29 23:59:18  Mem:           125G         14G        109G        1.1M        1.8G        109G
2023-07-29 23:59:21  Mem:           125G         14G        109G        1.1M        1.9G        109G
2023-07-29 23:59:24  Mem:           125G         14G        109G        1.1M        1.9G        109G
2023-07-29 23:59:27  Mem:           125G         14G        108G        1.1M        1.9G        109G
2023-07-29 23:59:30  Mem:           125G         14G        108G        1.1M        1.9G        109G
2023-07-29 23:59:33  Mem:           125G         14G        108G        1.1M        1.9G        109G
2023-07-29 23:59:36  Mem:           125G         14G        108G        1.1M        1.9G        109G
2023-07-29 23:59:39  Mem:           125G         14G        108G        1.1M        1.9G        109G
2023-07-29 23:59:42  Mem:           125G         14G        108G        1.1M        1.9G        109G
2023-07-29 23:59:45  Mem:           125G         14G        108G        1.1M        1.9G        109G
2023-07-29 23:59:48  Mem:           125G         14G        108G        1.1M        1.9G        109G
2023-07-29 23:59:51  Mem:           125G         14G        108G        1.1M        1.9G        109G
2023-07-29 23:59:54  Mem:           125G         14G        108G        1.1M        1.9G        109G
2023-07-29 23:59:57  Mem:           125G         14G        108G        1.1M        1.9G        109G
2023-07-30 00:00:00  Mem:           125G         14G        108G        1.1M        1.9G        109G
2023-07-30 00:00:03  Mem:           125G         14G        108G        1.1M        1.9G        109G
2023-07-30 00:00:06  Mem:           125G         14G        108G        1.1M        1.9G        109G
2023-07-30 00:00:09  Mem:           125G         14G        108G        1.1M        1.9G        109G
2023-07-30 00:00:12  Mem:           125G         14G        108G        1.1M        2.0G        109G
2023-07-30 00:00:15  Mem:           125G         14G        108G        1.1M        2.0G        109G
2023-07-30 00:00:18  Mem:           125G         14G        108G        1.1M        2.0G        109G
2023-07-30 00:00:21  Mem:           125G         14G        108G        1.1M        2.0G        109G
2023-07-30 00:00:24  Mem:           125G         14G        108G        1.1M        2.0G        109G
2023-07-30 00:00:27  Mem:           125G         14G        108G        1.1M        2.0G        109G
2023-07-30 00:00:30  Mem:           125G         14G        108G        1.1M        2.0G        109G
2023-07-30 00:00:33  Mem:           125G         14G        108G        1.1M        2.0G        109G
2023-07-30 00:00:36  Mem:           125G         14G        108G        1.1M        2.0G        109G
2023-07-30 00:00:39  Mem:           125G         14G        108G        1.1M        2.0G        109G
2023-07-30 00:00:42  Mem:           125G         14G        108G        1.1M        2.1G        109G
2023-07-30 00:00:45  Mem:           125G         14G        108G        1.1M        2.1G        109G
2023-07-30 00:00:48  Mem:           125G         14G        108G        1.1M        2.1G        109G
2023-07-30 00:00:51  Mem:           125G         14G        108G        1.1M        2.1G        109G
2023-07-30 00:00:54  Mem:           125G         14G        108G        1.1M        2.1G        109G
2023-07-30 00:00:57  Mem:           125G         14G        108G        1.1M        2.1G        109G
2023-07-30 00:01:00  Mem:           125G         14G        108G        1.1M        2.1G        109G
2023-07-30 00:01:03  Mem:           125G         14G        108G        1.1M        2.1G        109G
2023-07-30 00:01:06  Mem:           125G         14G        108G        1.1M        2.1G        109G
2023-07-30 00:01:09  Mem:           125G         14G        108G        1.1M        2.1G        109G
2023-07-30 00:01:12  Mem:           125G         14G        108G        1.1M        2.1G        109G
2023-07-30 00:01:15  Mem:           125G         14G        108G        1.1M        2.1G        109G
2023-07-30 00:01:18  Mem:           125G         14G        108G        1.1M        2.1G        109G
2023-07-30 00:01:21  Mem:           125G         14G        108G        1.1M        2.1G        109G
2023-07-30 00:01:24  Mem:           125G         14G        108G        1.1M        2.1G        109G
2023-07-30 00:01:27  Mem:           125G         14G        108G        1.1M        2.1G        109G
2023-07-30 00:01:30  Mem:           125G         14G        108G        1.1M        2.1G        109G
2023-07-30 00:01:33  Mem:           125G         14G        108G        1.1M        2.2G        109G
2023-07-30 00:01:36  Mem:           125G         14G        108G        1.1M        2.2G        109G
2023-07-30 00:01:39  Mem:           125G         14G        108G        1.1M        2.2G        109G
2023-07-30 00:01:42  Mem:           125G         14G        108G        1.1M        2.2G        109G
2023-07-30 00:01:45  Mem:           125G         14G        108G        1.1M        2.2G        109G
2023-07-30 00:01:48  Mem:           125G         14G        108G        1.1M        2.2G        109G
2023-07-30 00:01:51  Mem:           125G         14G        108G        1.1M        2.2G        109G
2023-07-30 00:01:54  Mem:           125G         14G        108G        1.1M        2.2G        109G
2023-07-30 00:01:57  Mem:           125G         14G        108G        1.1M        2.2G        109G
2023-07-30 00:02:00  Mem:           125G         14G        108G        1.1M        2.2G        109G
2023-07-30 00:02:03  Mem:           125G         14G        108G        1.1M        2.2G        109G
2023-07-30 00:02:06  Mem:           125G         14G        108G        1.1M        2.2G        109G
2023-07-30 00:02:09  Mem:           125G         14G        108G        1.1M        2.2G        109G
2023-07-30 00:02:12  Mem:           125G         14G        108G        1.1M        2.3G        109G
2023-07-30 00:02:15  Mem:           125G         14G        108G        1.1M        2.3G        109G
2023-07-30 00:02:18  Mem:           125G         14G        108G        1.1M        2.3G        109G
2023-07-30 00:02:21  Mem:           125G         14G        108G        1.1M        2.3G        109G
2023-07-30 00:02:24  Mem:           125G         14G        108G        1.1M        2.3G        109G
2023-07-30 00:02:27  Mem:           125G         14G        108G        1.1M        2.3G        109G
2023-07-30 00:02:30  Mem:           125G         14G        108G        1.1M        2.3G        109G
2023-07-30 00:02:33  Mem:           125G         14G        108G        1.1M        2.3G        109G
2023-07-30 00:02:36  Mem:           125G         14G        108G        1.1M        2.3G        109G
2023-07-30 00:02:39  Mem:           125G         14G        108G        1.1M        2.3G        109G
2023-07-30 00:02:42  Mem:           125G         14G        108G        1.1M        2.3G        109G
2023-07-30 00:02:45  Mem:           125G         14G        108G        1.1M        2.3G        109G
2023-07-30 00:02:48  Mem:           125G         14G        108G        1.1M        2.3G        109G
2023-07-30 00:02:51  Mem:           125G         14G        108G        1.1M        2.3G        109G
2023-07-30 00:02:54  Mem:           125G         14G        108G        1.1M        2.3G        109G
2023-07-30 00:02:57  Mem:           125G         14G        108G        1.1M        2.3G        109G
2023-07-30 00:03:00  Mem:           125G         14G        108G        1.1M        2.3G        109G
2023-07-30 00:03:03  Mem:           125G         14G        108G        1.1M        2.3G        109G
2023-07-30 00:03:06  Mem:           125G         14G        108G        1.1M        2.4G        109G
2023-07-30 00:03:09  Mem:           125G         14G        108G        1.1M        2.4G        109G
2023-07-30 00:03:12  Mem:           125G         14G        108G        1.1M        2.4G        109G
2023-07-30 00:03:15  Mem:           125G         14G        108G        1.1M        2.4G        109G
2023-07-30 00:03:18  Mem:           125G         14G        108G        1.1M        2.4G        109G
2023-07-30 00:03:21  Mem:           125G         14G        108G        1.1M        2.4G        109G
2023-07-30 00:03:24  Mem:           125G         14G        107G        1.1M        2.4G        109G
2023-07-30 00:03:27  Mem:           125G         14G        107G        1.1M        2.4G        109G
2023-07-30 00:03:30  Mem:           125G         14G        107G        1.1M        2.4G        109G
2023-07-30 00:03:33  Mem:           125G         14G        107G        1.1M        2.4G        109G
2023-07-30 00:03:37  Mem:           125G         14G        107G        1.1M        2.4G        109G
2023-07-30 00:03:40  Mem:           125G         14G        107G        1.1M        2.4G        109G
2023-07-30 00:03:43  Mem:           125G         14G        107G        1.1M        2.4G        109G
2023-07-30 00:03:46  Mem:           125G         14G        107G        1.1M        2.4G        109G
2023-07-30 00:03:49  Mem:           125G         14G        107G        1.1M        2.4G        109G
2023-07-30 00:03:52  Mem:           125G         14G        107G        1.1M        2.4G        109G
2023-07-30 00:03:55  Mem:           125G         14G        107G        1.1M        2.4G        109G
2023-07-30 00:03:58  Mem:           125G         14G        107G        1.1M        2.5G        109G
2023-07-30 00:04:01  Mem:           125G         14G        107G        1.1M        2.5G        109G
2023-07-30 00:04:04  Mem:           125G         14G        107G        1.1M        2.5G        109G
2023-07-30 00:04:07  Mem:           125G         14G        107G        1.1M        2.5G        109G
2023-07-30 00:04:10  Mem:           125G         14G        107G        1.1M        2.5G        109G
2023-07-30 00:04:13  Mem:           125G         14G        107G        1.1M        2.5G        109G
2023-07-30 00:04:16  Mem:           125G         14G        107G        1.1M        2.5G        109G
2023-07-30 00:04:19  Mem:           125G         14G        107G        1.1M        2.5G        109G
2023-07-30 00:04:22  Mem:           125G         14G        107G        1.1M        2.5G        109G
2023-07-30 00:04:25  Mem:           125G         14G        107G        1.1M        2.5G        109G
2023-07-30 00:04:28  Mem:           125G         14G        107G        1.1M        2.5G        109G
2023-07-30 00:04:31  Mem:           125G         14G        107G        1.1M        2.5G        109G
2023-07-30 00:04:34  Mem:           125G         14G        107G        1.1M        2.5G        109G
2023-07-30 00:04:37  Mem:           125G         14G        107G        1.1M        2.5G        109G
2023-07-30 00:04:40  Mem:           125G         14G        107G        1.1M        2.5G        109G
2023-07-30 00:04:43  Mem:           125G         14G        107G        1.1M        2.5G        109G
2023-07-30 00:04:46  Mem:           125G         14G        107G        1.1M        2.5G        109G
2023-07-30 00:04:49  Mem:           125G         14G        107G        1.1M        2.6G        109G
2023-07-30 00:04:52  Mem:           125G         14G        107G        1.1M        2.6G        109G
2023-07-30 00:04:55  Mem:           125G         14G        107G        1.1M        2.6G        109G
2023-07-30 00:04:58  Mem:           125G         14G        107G        1.1M        2.6G        109G
2023-07-30 00:05:01  Mem:           125G         14G        107G        1.1M        2.6G        109G
2023-07-30 00:05:04  Mem:           125G         14G        107G        1.1M        2.6G        109G
2023-07-30 00:05:07  Mem:           125G         14G        107G        1.1M        2.6G        109G
2023-07-30 00:05:10  Mem:           125G         14G        107G        1.1M        2.6G        109G
2023-07-30 00:05:13  Mem:           125G         14G        107G        1.1M        2.6G        109G
2023-07-30 00:05:16  Mem:           125G         14G        107G        1.1M        2.6G        109G
2023-07-30 00:05:19  Mem:           125G         14G        107G        1.1M        2.6G        109G
2023-07-30 00:05:22  Mem:           125G         14G        107G        1.1M        2.6G        109G
2023-07-30 00:05:25  Mem:           125G         14G        107G        1.1M        2.6G        109G
2023-07-30 00:05:28  Mem:           125G         14G        107G        1.1M        2.6G        109G
2023-07-30 00:05:31  Mem:           125G         15G        107G        1.1M        2.6G        109G
2023-07-30 00:05:34  Mem:           125G         15G        107G        1.1M        2.6G        109G
2023-07-30 00:05:37  Mem:           125G         15G        107G        1.1M        2.6G        109G
2023-07-30 00:05:40  Mem:           125G         15G        107G        1.1M        2.6G        109G
2023-07-30 00:05:43  Mem:           125G         15G        107G        1.1M        2.6G        109G
2023-07-30 00:05:46  Mem:           125G         15G        107G        1.1M        2.6G        109G
2023-07-30 00:05:49  Mem:           125G         15G        107G        1.1M        2.6G        109G
2023-07-30 00:05:52  Mem:           125G         15G        107G        1.1M        2.6G        109G
2023-07-30 00:05:55  Mem:           125G         15G        107G        1.1M        2.7G        109G
2023-07-30 00:05:58  Mem:           125G         15G        107G        1.1M        2.7G        109G
2023-07-30 00:06:01  Mem:           125G         15G        107G        1.1M        2.7G        109G
2023-07-30 00:06:04  Mem:           125G         15G        107G        1.1M        2.7G        109G
2023-07-30 00:06:07  Mem:           125G         15G        107G        1.1M        2.7G        109G
2023-07-30 00:06:10  Mem:           125G         15G        107G        1.1M        2.7G        109G
2023-07-30 00:06:13  Mem:           125G         15G        107G        1.1M        2.7G        109G
2023-07-30 00:06:16  Mem:           125G         15G        107G        1.1M        2.7G        109G
2023-07-30 00:06:19  Mem:           125G         15G        107G        1.1M        2.7G        109G
2023-07-30 00:06:22  Mem:           125G         15G        107G        1.1M        2.7G        109G
2023-07-30 00:06:25  Mem:           125G         15G        107G        1.1M        2.7G        109G
2023-07-30 00:06:28  Mem:           125G         15G        107G        1.1M        2.7G        109G
2023-07-30 00:06:31  Mem:           125G         15G        107G        1.1M        2.7G        109G
2023-07-30 00:06:34  Mem:           125G         15G        107G        1.1M        2.8G        109G
2023-07-30 00:06:37  Mem:           125G         15G        107G        1.1M        2.8G        109G
2023-07-30 00:06:40  Mem:           125G         15G        107G        1.1M        2.8G        109G
2023-07-30 00:06:43  Mem:           125G         15G        107G        1.1M        2.8G        109G
2023-07-30 00:06:46  Mem:           125G         15G        107G        1.1M        2.8G        109G
2023-07-30 00:06:49  Mem:           125G         15G        107G        1.1M        2.8G        109G
2023-07-30 00:06:52  Mem:           125G         15G        107G        1.1M        2.8G        109G
2023-07-30 00:06:55  Mem:           125G         15G        107G        1.1M        2.8G        109G
2023-07-30 00:06:58  Mem:           125G         15G        107G        1.1M        2.8G        109G
2023-07-30 00:07:01  Mem:           125G         15G        107G        1.1M        2.8G        109G
2023-07-30 00:07:04  Mem:           125G         15G        107G        1.1M        2.8G        109G
2023-07-30 00:07:07  Mem:           125G         15G        107G        1.1M        2.8G        109G
2023-07-30 00:07:10  Mem:           125G         15G        107G        1.1M        2.8G        109G
2023-07-30 00:07:13  Mem:           125G         15G        107G        1.1M        2.9G        109G
2023-07-30 00:07:16  Mem:           125G         15G        107G        1.1M        2.9G        109G
2023-07-30 00:07:19  Mem:           125G         15G        107G        1.1M        2.9G        108G
2023-07-30 00:07:22  Mem:           125G         15G        107G        1.1M        2.9G        108G
2023-07-30 00:07:25  Mem:           125G         15G        107G        1.1M        2.9G        108G
2023-07-30 00:07:28  Mem:           125G         15G        107G        1.1M        2.9G        108G
2023-07-30 00:07:31  Mem:           125G         15G        107G        1.1M        2.9G        108G
2023-07-30 00:07:34  Mem:           125G         15G        107G        1.1M        2.9G        108G
2023-07-30 00:07:37  Mem:           125G         15G        107G        1.1M        2.9G        108G
2023-07-30 00:07:40  Mem:           125G         15G        106G        1.1M        2.9G        108G
2023-07-30 00:07:43  Mem:           125G         15G        106G        1.1M        2.9G        108G
2023-07-30 00:07:46  Mem:           125G         15G        106G        1.1M        2.9G        108G
2023-07-30 00:07:49  Mem:           125G         15G        106G        1.1M        2.9G        108G
2023-07-30 00:07:52  Mem:           125G         15G        106G        1.1M        2.9G        108G
2023-07-30 00:07:55  Mem:           125G         15G        106G        1.1M        2.9G        108G
2023-07-30 00:07:58  Mem:           125G         15G        106G        1.1M        3.0G        108G
2023-07-30 00:08:01  Mem:           125G         15G        106G        1.1M        3.0G        108G
2023-07-30 00:08:04  Mem:           125G         15G        106G        1.1M        3.0G        108G
2023-07-30 00:08:07  Mem:           125G         15G        106G        1.1M        3.0G        108G
2023-07-30 00:08:10  Mem:           125G         15G        106G        1.1M        3.0G        108G
2023-07-30 00:08:13  Mem:           125G         15G        106G        1.1M        3.0G        108G
2023-07-30 00:08:16  Mem:           125G         15G        106G        1.1M        3.0G        108G
2023-07-30 00:08:19  Mem:           125G         15G        106G        1.1M        3.0G        108G
2023-07-30 00:08:23  Mem:           125G         15G        106G        1.1M        3.0G        108G
2023-07-30 00:08:26  Mem:           125G         15G        106G        1.1M        3.0G        108G
2023-07-30 00:08:29  Mem:           125G         15G        106G        1.1M        3.0G        108G
2023-07-30 00:08:32  Mem:           125G         15G        106G        1.1M        3.0G        108G
2023-07-30 00:08:35  Mem:           125G         15G        106G        1.1M        3.0G        108G
2023-07-30 00:08:38  Mem:           125G         15G        106G        1.1M        3.0G        108G
2023-07-30 00:08:41  Mem:           125G         15G        106G        1.1M        3.0G        108G
2023-07-30 00:08:44  Mem:           125G         15G        106G        1.1M        3.0G        108G
2023-07-30 00:08:47  Mem:           125G         15G        106G        1.1M        3.0G        108G
2023-07-30 00:08:50  Mem:           125G         15G        106G        1.1M        3.0G        108G
2023-07-30 00:08:53  Mem:           125G         15G        106G        1.1M        3.0G        108G
2023-07-30 00:08:56  Mem:           125G         15G        106G        1.1M        3.0G        108G
2023-07-30 00:08:59  Mem:           125G         15G        106G        1.1M        3.1G        108G
2023-07-30 00:09:02  Mem:           125G         15G        106G        1.1M        3.1G        108G
2023-07-30 00:09:05  Mem:           125G         15G        106G        1.1M        3.1G        108G
2023-07-30 00:09:08  Mem:           125G         15G        106G        1.1M        3.1G        108G
2023-07-30 00:09:11  Mem:           125G         15G        106G        1.1M        3.1G        108G
2023-07-30 00:09:14  Mem:           125G         15G        106G        1.1M        3.1G        108G
2023-07-30 00:09:17  Mem:           125G         15G        106G        1.1M        3.1G        108G
2023-07-30 00:09:20  Mem:           125G         15G        106G        1.1M        3.1G        108G
2023-07-30 00:09:23  Mem:           125G         15G        106G        1.1M        3.1G        108G
2023-07-30 00:09:26  Mem:           125G         15G        106G        1.1M        3.1G        108G
2023-07-30 00:09:29  Mem:           125G         15G        106G        1.1M        3.1G        108G
2023-07-30 00:09:32  Mem:           125G         15G        106G        1.1M        3.1G        108G
2023-07-30 00:09:35  Mem:           125G         15G        106G        1.1M        3.1G        108G
2023-07-30 00:09:38  Mem:           125G         15G        106G        1.1M        3.1G        108G
2023-07-30 00:09:41  Mem:           125G         15G        106G        1.1M        3.2G        108G
2023-07-30 00:09:44  Mem:           125G         15G        106G        1.1M        3.2G        108G
2023-07-30 00:09:47  Mem:           125G         15G        106G        1.1M        3.2G        108G
2023-07-30 00:09:50  Mem:           125G         15G        106G        1.1M        3.2G        108G
2023-07-30 00:09:53  Mem:           125G         15G        106G        1.1M        3.2G        108G
2023-07-30 00:09:56  Mem:           125G         15G        106G        1.1M        3.2G        108G
2023-07-30 00:09:59  Mem:           125G         15G        106G        1.1M        3.2G        108G
2023-07-30 00:10:02  Mem:           125G         15G        106G        1.1M        3.2G        108G
2023-07-30 00:10:05  Mem:           125G         15G        106G        1.1M        3.2G        108G
2023-07-30 00:10:08  Mem:           125G         15G        106G        1.1M        3.2G        108G
2023-07-30 00:10:11  Mem:           125G         15G        106G        1.1M        3.2G        108G
2023-07-30 00:10:14  Mem:           125G         15G        106G        1.1M        3.2G        108G
2023-07-30 00:10:17  Mem:           125G         15G        106G        1.1M        3.2G        108G
2023-07-30 00:10:20  Mem:           125G         15G        106G        1.1M        3.2G        108G
2023-07-30 00:10:23  Mem:           125G         15G        106G        1.1M        3.2G        108G
2023-07-30 00:10:26  Mem:           125G         15G        106G        1.1M        3.2G        108G
2023-07-30 00:10:29  Mem:           125G         15G        106G        1.1M        3.2G        108G
2023-07-30 00:10:32  Mem:           125G         15G        106G        1.1M        3.2G        108G
2023-07-30 00:10:35  Mem:           125G         15G        106G        1.1M        3.2G        108G
2023-07-30 00:10:38  Mem:           125G         15G        106G        1.1M        3.3G        108G
2023-07-30 00:10:41  Mem:           125G         15G        106G        1.1M        3.3G        108G
2023-07-30 00:10:44  Mem:           125G         15G        106G        1.1M        3.3G        108G
2023-07-30 00:10:47  Mem:           125G         15G        106G        1.1M        3.3G        108G
2023-07-30 00:10:50  Mem:           125G         15G        106G        1.1M        3.3G        108G
2023-07-30 00:10:53  Mem:           125G         15G        106G        1.1M        3.3G        108G
2023-07-30 00:10:56  Mem:           125G         15G        106G        1.1M        3.3G        108G
2023-07-30 00:10:59  Mem:           125G         15G        106G        1.1M        3.3G        108G
2023-07-30 00:11:02  Mem:           125G         15G        106G        1.1M        3.3G        108G
2023-07-30 00:11:05  Mem:           125G         15G        106G        1.1M        3.3G        108G
2023-07-30 00:11:08  Mem:           125G         15G        106G        1.1M        3.3G        108G
2023-07-30 00:11:11  Mem:           125G         15G        106G        1.1M        3.3G        108G
2023-07-30 00:11:14  Mem:           125G         15G        106G        1.1M        3.3G        108G
2023-07-30 00:11:17  Mem:           125G         15G        106G        1.1M        3.3G        108G
2023-07-30 00:11:20  Mem:           125G         15G        106G        1.1M        3.3G        108G
2023-07-30 00:11:23  Mem:           125G         15G        106G        1.1M        3.3G        108G
2023-07-30 00:11:26  Mem:           125G         15G        106G        1.1M        3.3G        108G
2023-07-30 00:11:29  Mem:           125G         15G        106G        1.1M        3.3G        108G
2023-07-30 00:11:32  Mem:           125G         15G        106G        1.1M        3.3G        108G
2023-07-30 00:11:35  Mem:           125G         15G        106G        1.1M        3.3G        108G
2023-07-30 00:11:38  Mem:           125G         15G        106G        1.1M        3.4G        108G
2023-07-30 00:11:41  Mem:           125G         15G        106G        1.1M        3.4G        108G
2023-07-30 00:11:44  Mem:           125G         15G        106G        1.1M        3.4G        108G
2023-07-30 00:11:47  Mem:           125G         15G        106G        1.1M        3.4G        108G
2023-07-30 00:11:50  Mem:           125G         15G        106G        1.1M        3.4G        108G
2023-07-30 00:11:53  Mem:           125G         15G        105G        1.1M        3.4G        108G
2023-07-30 00:11:56  Mem:           125G         15G        105G        1.1M        3.4G        108G
2023-07-30 00:11:59  Mem:           125G         15G        105G        1.1M        3.4G        108G
2023-07-30 00:12:02  Mem:           125G         15G        105G        1.1M        3.4G        108G
2023-07-30 00:12:05  Mem:           125G         15G        105G        1.1M        3.4G        108G
2023-07-30 00:12:08  Mem:           125G         15G        105G        1.1M        3.4G        108G
2023-07-30 00:12:11  Mem:           125G         15G        105G        1.1M        3.4G        108G
2023-07-30 00:12:14  Mem:           125G         15G        105G        1.1M        3.5G        108G
2023-07-30 00:12:17  Mem:           125G         15G        105G        1.1M        3.5G        108G
2023-07-30 00:12:20  Mem:           125G         15G        105G        1.1M        3.5G        108G
2023-07-30 00:12:23  Mem:           125G         15G        105G        1.1M        3.5G        108G
2023-07-30 00:12:26  Mem:           125G         15G        105G        1.1M        3.5G        108G
2023-07-30 00:12:29  Mem:           125G         15G        105G        1.1M        3.5G        108G
2023-07-30 00:12:32  Mem:           125G         15G        105G        1.1M        3.5G        108G
2023-07-30 00:12:35  Mem:           125G         15G        105G        1.1M        3.5G        108G
2023-07-30 00:12:38  Mem:           125G         15G        105G        1.1M        3.5G        108G
2023-07-30 00:12:41  Mem:           125G         15G        105G        1.1M        3.5G        108G
2023-07-30 00:12:44  Mem:           125G         15G        105G        1.1M        3.5G        108G
2023-07-30 00:12:47  Mem:           125G         15G        105G        1.1M        3.5G        108G
2023-07-30 00:12:50  Mem:           125G         15G        105G        1.1M        3.5G        108G
2023-07-30 00:12:53  Mem:           125G         15G        105G        1.1M        3.5G        108G
2023-07-30 00:12:56  Mem:           125G         15G        105G        1.1M        3.5G        108G
2023-07-30 00:12:59  Mem:           125G         15G        105G        1.1M        3.5G        108G
2023-07-30 00:13:02  Mem:           125G         15G        105G        1.1M        3.5G        108G
2023-07-30 00:13:05  Mem:           125G         15G        105G        1.1M        3.5G        108G
2023-07-30 00:13:08  Mem:           125G         15G        105G        1.1M        3.5G        108G
2023-07-30 00:13:11  Mem:           125G         15G        105G        1.1M        3.5G        108G
2023-07-30 00:13:14  Mem:           125G         15G        105G        1.1M        3.6G        108G
2023-07-30 00:13:18  Mem:           125G         15G        105G        1.1M        3.6G        108G
2023-07-30 00:13:21  Mem:           125G         15G        105G        1.1M        3.6G        108G
2023-07-30 00:13:24  Mem:           125G         15G        105G        1.1M        3.6G        108G
2023-07-30 00:13:27  Mem:           125G         15G        105G        1.1M        3.6G        108G
2023-07-30 00:13:30  Mem:           125G         15G        105G        1.1M        3.6G        108G
2023-07-30 00:13:33  Mem:           125G         15G        105G        1.1M        3.6G        108G
2023-07-30 00:13:36  Mem:           125G         15G        105G        1.1M        3.6G        108G
2023-07-30 00:13:39  Mem:           125G         15G        105G        1.1M        3.6G        108G
2023-07-30 00:13:42  Mem:           125G         15G        105G        1.1M        3.6G        108G
2023-07-30 00:13:45  Mem:           125G         15G        105G        1.1M        3.6G        108G
2023-07-30 00:13:48  Mem:           125G         15G        105G        1.1M        3.6G        108G
2023-07-30 00:13:51  Mem:           125G         15G        105G        1.1M        3.6G        108G
2023-07-30 00:13:54  Mem:           125G         15G        105G        1.1M        3.7G        108G
2023-07-30 00:13:57  Mem:           125G         15G        105G        1.1M        3.7G        108G
2023-07-30 00:14:00  Mem:           125G         15G        105G        1.1M        3.7G        108G
2023-07-30 00:14:03  Mem:           125G         15G        105G        1.1M        3.7G        108G
2023-07-30 00:14:06  Mem:           125G         15G        105G        1.1M        3.7G        108G
2023-07-30 00:14:09  Mem:           125G         15G        105G        1.1M        3.7G        108G
2023-07-30 00:14:12  Mem:           125G         15G        105G        1.1M        3.7G        108G
2023-07-30 00:14:15  Mem:           125G         16G        105G        1.1M        3.7G        108G
2023-07-30 00:14:18  Mem:           125G         16G        105G        1.1M        3.7G        108G
2023-07-30 00:14:21  Mem:           125G         16G        105G        1.1M        3.7G        108G
2023-07-30 00:14:24  Mem:           125G         16G        105G        1.1M        3.7G        108G
2023-07-30 00:14:27  Mem:           125G         16G        105G        1.1M        3.7G        108G
2023-07-30 00:14:30  Mem:           125G         16G        105G        1.1M        3.7G        108G
2023-07-30 00:14:33  Mem:           125G         16G        105G        1.1M        3.7G        108G
2023-07-30 00:14:36  Mem:           125G         16G        105G        1.1M        3.7G        108G
2023-07-30 00:14:39  Mem:           125G         16G        105G        1.1M        3.7G        108G
2023-07-30 00:14:42  Mem:           125G         16G        105G        1.1M        3.8G        108G
2023-07-30 00:14:45  Mem:           125G         16G        105G        1.1M        3.8G        108G
2023-07-30 00:14:48  Mem:           125G         16G        105G        1.1M        3.8G        108G
2023-07-30 00:14:51  Mem:           125G         16G        105G        1.1M        3.8G        108G
2023-07-30 00:14:54  Mem:           125G         16G        105G        1.1M        3.8G        108G
2023-07-30 00:14:57  Mem:           125G         16G        105G        1.1M        3.8G        108G
2023-07-30 00:15:00  Mem:           125G         16G        105G        1.1M        3.8G        108G
2023-07-30 00:15:03  Mem:           125G         16G        105G        1.1M        3.8G        108G
2023-07-30 00:15:06  Mem:           125G         16G        105G        1.1M        3.8G        108G
2023-07-30 00:15:09  Mem:           125G         16G        105G        1.1M        3.8G        108G
2023-07-30 00:15:12  Mem:           125G         16G        105G        1.1M        3.8G        108G
2023-07-30 00:15:15  Mem:           125G         16G        105G        1.1M        3.8G        108G
2023-07-30 00:15:18  Mem:           125G         16G        105G        1.1M        3.8G        108G
2023-07-30 00:15:21  Mem:           125G         16G        105G        1.1M        3.8G        108G
2023-07-30 00:15:24  Mem:           125G         16G        105G        1.1M        3.8G        108G
2023-07-30 00:15:27  Mem:           125G         16G        105G        1.1M        3.8G        108G
2023-07-30 00:15:30  Mem:           125G         16G        105G        1.1M        3.9G        108G
2023-07-30 00:15:33  Mem:           125G         16G        105G        1.1M        3.9G        108G
2023-07-30 00:15:36  Mem:           125G         16G        105G        1.1M        3.9G        108G
2023-07-30 00:15:39  Mem:           125G         16G        105G        1.1M        3.9G        108G
2023-07-30 00:15:42  Mem:           125G         16G        105G        1.1M        3.9G        108G
2023-07-30 00:15:45  Mem:           125G         16G        105G        1.1M        3.9G        108G
2023-07-30 00:15:48  Mem:           125G         16G        105G        1.1M        3.9G        108G
2023-07-30 00:15:51  Mem:           125G         16G        105G        1.1M        3.9G        107G
2023-07-30 00:15:54  Mem:           125G         16G        105G        1.1M        3.9G        107G
2023-07-30 00:15:57  Mem:           125G         16G        105G        1.1M        3.9G        107G
2023-07-30 00:16:00  Mem:           125G         16G        105G        1.1M        3.9G        107G
2023-07-30 00:16:03  Mem:           125G         16G        105G        1.1M        3.9G        107G
2023-07-30 00:16:06  Mem:           125G         16G        105G        1.1M        3.9G        107G
2023-07-30 00:16:09  Mem:           125G         16G        105G        1.1M        3.9G        107G
2023-07-30 00:16:12  Mem:           125G         16G        105G        1.1M        3.9G        107G
2023-07-30 00:16:15  Mem:           125G         16G        104G        1.1M        3.9G        107G
2023-07-30 00:16:18  Mem:           125G         16G        104G        1.1M        3.9G        107G
2023-07-30 00:16:21  Mem:           125G         16G        104G        1.1M        3.9G        107G
2023-07-30 00:16:24  Mem:           125G         16G        104G        1.1M        3.9G        107G
2023-07-30 00:16:27  Mem:           125G         16G        104G        1.1M        3.9G        107G
2023-07-30 00:16:30  Mem:           125G         16G        104G        1.1M        4.0G        107G
2023-07-30 00:16:33  Mem:           125G         16G        104G        1.1M        4.0G        107G
2023-07-30 00:16:36  Mem:           125G         16G        104G        1.1M        4.0G        107G
2023-07-30 00:16:39  Mem:           125G         16G        104G        1.1M        4.0G        107G
2023-07-30 00:16:42  Mem:           125G         16G        104G        1.1M        4.0G        107G
2023-07-30 00:16:45  Mem:           125G         16G        104G        1.1M        4.0G        107G
2023-07-30 00:16:48  Mem:           125G         16G        104G        1.1M        4.0G        107G
2023-07-30 00:16:51  Mem:           125G         16G        104G        1.1M        4.0G        107G
2023-07-30 00:16:54  Mem:           125G         16G        104G        1.1M        4.0G        107G
2023-07-30 00:16:57  Mem:           125G         16G        104G        1.1M        4.0G        107G
2023-07-30 00:17:00  Mem:           125G         16G        104G        1.1M        4.0G        107G
2023-07-30 00:17:03  Mem:           125G         16G        104G        1.1M        4.0G        107G
2023-07-30 00:17:06  Mem:           125G         16G        104G        1.1M        4.0G        107G
2023-07-30 00:17:09  Mem:           125G         16G        104G        1.1M        4.0G        107G
2023-07-30 00:17:12  Mem:           125G         16G        104G        1.1M        4.0G        107G
2023-07-30 00:17:15  Mem:           125G         16G        104G        1.1M        4.0G        107G
2023-07-30 00:17:18  Mem:           125G         16G        104G        1.1M        4.1G        107G
2023-07-30 00:17:21  Mem:           125G         16G        104G        1.1M        4.1G        107G
2023-07-30 00:17:24  Mem:           125G         16G        104G        1.1M        4.1G        107G
2023-07-30 00:17:27  Mem:           125G         16G        104G        1.1M        4.1G        107G
2023-07-30 00:17:30  Mem:           125G         16G        104G        1.1M        4.1G        107G
2023-07-30 00:17:33  Mem:           125G         16G        104G        1.1M        4.1G        107G
2023-07-30 00:17:36  Mem:           125G         16G        104G        1.1M        4.1G        107G
2023-07-30 00:17:39  Mem:           125G         16G        104G        1.1M        4.1G        107G
2023-07-30 00:17:42  Mem:           125G         16G        104G        1.1M        4.1G        107G
2023-07-30 00:17:45  Mem:           125G         16G        104G        1.1M        4.1G        107G
2023-07-30 00:17:48  Mem:           125G         16G        104G        1.1M        4.1G        107G
2023-07-30 00:17:51  Mem:           125G         16G        104G        1.1M        4.1G        107G
2023-07-30 00:17:54  Mem:           125G         16G        104G        1.1M        4.1G        107G
2023-07-30 00:17:57  Mem:           125G         16G        104G        1.1M        4.1G        107G
2023-07-30 00:18:00  Mem:           125G         16G        104G        1.1M        4.1G        107G
2023-07-30 00:18:03  Mem:           125G         16G        104G        1.1M        4.1G        107G
2023-07-30 00:18:06  Mem:           125G         16G        104G        1.1M        4.1G        107G
2023-07-30 00:18:09  Mem:           125G         16G        104G        1.1M        4.1G        107G
2023-07-30 00:18:13  Mem:           125G         16G        104G        1.1M        4.1G        107G
2023-07-30 00:18:16  Mem:           125G         16G        104G        1.1M        4.2G        107G
2023-07-30 00:18:19  Mem:           125G         16G        104G        1.1M        4.2G        107G
2023-07-30 00:18:22  Mem:           125G         16G        104G        1.1M        4.2G        107G
2023-07-30 00:18:25  Mem:           125G         16G        104G        1.1M        4.2G        107G
2023-07-30 00:18:28  Mem:           125G         16G        104G        1.1M        4.2G        107G
2023-07-30 00:18:31  Mem:           125G         16G        104G        1.1M        4.2G        107G
2023-07-30 00:18:34  Mem:           125G         16G        104G        1.1M        4.2G        107G
2023-07-30 00:18:37  Mem:           125G         16G        104G        1.1M        4.2G        107G
2023-07-30 00:18:40  Mem:           125G         16G        104G        1.1M        4.2G        107G
2023-07-30 00:18:43  Mem:           125G         16G        104G        1.1M        4.2G        107G
2023-07-30 00:18:46  Mem:           125G         16G        104G        1.1M        4.2G        107G
2023-07-30 00:18:49  Mem:           125G         16G        104G        1.1M        4.2G        107G
2023-07-30 00:18:52  Mem:           125G         16G        104G        1.1M        4.2G        107G
2023-07-30 00:18:55  Mem:           125G         16G        104G        1.1M        4.3G        107G
2023-07-30 00:18:58  Mem:           125G         16G        104G        1.1M        4.3G        107G
2023-07-30 00:19:01  Mem:           125G         16G        104G        1.1M        4.3G        107G
2023-07-30 00:19:04  Mem:           125G         16G        104G        1.1M        4.3G        107G
2023-07-30 00:19:07  Mem:           125G         16G        104G        1.1M        4.3G        107G
2023-07-30 00:19:10  Mem:           125G         16G        104G        1.1M        4.3G        107G
2023-07-30 00:19:13  Mem:           125G         16G        104G        1.1M        4.3G        107G
2023-07-30 00:19:16  Mem:           125G         16G        104G        1.1M        4.3G        107G
2023-07-30 00:19:19  Mem:           125G         16G        104G        1.1M        4.3G        107G
2023-07-30 00:19:22  Mem:           125G         16G        104G        1.1M        4.3G        107G
2023-07-30 00:19:25  Mem:           125G         16G        104G        1.1M        4.3G        107G
2023-07-30 00:19:28  Mem:           125G         16G        104G        1.1M        4.3G        107G
2023-07-30 00:19:31  Mem:           125G         16G        104G        1.1M        4.3G        107G
2023-07-30 00:19:34  Mem:           125G         16G        104G        1.1M        4.3G        107G
2023-07-30 00:19:37  Mem:           125G         16G        104G        1.1M        4.3G        107G
2023-07-30 00:19:40  Mem:           125G         16G        104G        1.1M        4.3G        107G
2023-07-30 00:19:43  Mem:           125G         16G        104G        1.1M        4.3G        107G
2023-07-30 00:19:46  Mem:           125G         16G        104G        1.1M        4.3G        107G
2023-07-30 00:19:49  Mem:           125G         16G        104G        1.1M        4.3G        107G
2023-07-30 00:19:52  Mem:           125G         16G        104G        1.1M        4.3G        107G
2023-07-30 00:19:55  Mem:           125G         16G        104G        1.1M        4.4G        107G
2023-07-30 00:19:58  Mem:           125G         16G        104G        1.1M        4.4G        107G
2023-07-30 00:20:01  Mem:           125G         16G        104G        1.1M        4.4G        107G
2023-07-30 00:20:04  Mem:           125G         16G        104G        1.1M        4.4G        107G
2023-07-30 00:20:07  Mem:           125G         16G        104G        1.1M        4.4G        107G
2023-07-30 00:20:10  Mem:           125G         16G        104G        1.1M        4.4G        107G
2023-07-30 00:20:13  Mem:           125G         16G        104G        1.1M        4.4G        107G
2023-07-30 00:20:16  Mem:           125G         16G        104G        1.1M        4.4G        107G
2023-07-30 00:20:19  Mem:           125G         16G        104G        1.1M        4.4G        107G
2023-07-30 00:20:22  Mem:           125G         16G        104G        1.1M        4.4G        107G
2023-07-30 00:20:25  Mem:           125G         16G        104G        1.1M        4.4G        107G
2023-07-30 00:20:28  Mem:           125G         16G        103G        1.1M        4.4G        107G
2023-07-30 00:20:31  Mem:           125G         16G        103G        1.1M        4.4G        107G
2023-07-30 00:20:34  Mem:           125G         16G        103G        1.1M        4.4G        107G
2023-07-30 00:20:37  Mem:           125G         16G        103G        1.1M        4.5G        107G
2023-07-30 00:20:40  Mem:           125G         16G        103G        1.1M        4.5G        107G
2023-07-30 00:20:43  Mem:           125G         16G        103G        1.1M        4.5G        107G
2023-07-30 00:20:46  Mem:           125G         16G        103G        1.1M        4.5G        107G
2023-07-30 00:20:49  Mem:           125G         16G        103G        1.1M        4.5G        107G
2023-07-30 00:20:52  Mem:           125G         16G        103G        1.1M        4.5G        107G
2023-07-30 00:20:55  Mem:           125G         16G        103G        1.1M        4.5G        107G
2023-07-30 00:20:58  Mem:           125G         16G        103G        1.1M        4.5G        107G
2023-07-30 00:21:01  Mem:           125G         16G        103G        1.1M        4.5G        107G
2023-07-30 00:21:04  Mem:           125G         16G        103G        1.1M        4.5G        107G
2023-07-30 00:21:07  Mem:           125G         16G        103G        1.1M        4.5G        107G
2023-07-30 00:21:10  Mem:           125G         16G        103G        1.1M        4.5G        107G
2023-07-30 00:21:13  Mem:           125G         16G        103G        1.1M        4.5G        107G
2023-07-30 00:21:16  Mem:           125G         16G        103G        1.1M        4.5G        107G
2023-07-30 00:21:19  Mem:           125G         16G        103G        1.1M        4.5G        107G
2023-07-30 00:21:22  Mem:           125G         16G        103G        1.1M        4.5G        107G
2023-07-30 00:21:25  Mem:           125G         16G        103G        1.1M        4.5G        107G
2023-07-30 00:21:28  Mem:           125G         16G        103G        1.1M        4.5G        107G
2023-07-30 00:21:31  Mem:           125G         16G        103G        1.1M        4.5G        107G
2023-07-30 00:21:34  Mem:           125G         16G        103G        1.1M        4.5G        107G
2023-07-30 00:21:37  Mem:           125G         16G        103G        1.1M        4.6G        107G
2023-07-30 00:21:40  Mem:           125G         16G        103G        1.1M        4.6G        107G
2023-07-30 00:21:43  Mem:           125G         16G        103G        1.1M        4.6G        107G
2023-07-30 00:21:46  Mem:           125G         16G        103G        1.1M        4.6G        107G
2023-07-30 00:21:49  Mem:           125G         16G        103G        1.1M        4.6G        107G
2023-07-30 00:21:52  Mem:           125G         16G        103G        1.1M        4.6G        107G
2023-07-30 00:21:55  Mem:           125G         16G        103G        1.1M        4.6G        107G
2023-07-30 00:21:58  Mem:           125G         16G        103G        1.1M        4.6G        107G
2023-07-30 00:22:01  Mem:           125G         16G        103G        1.1M        4.6G        107G
2023-07-30 00:22:04  Mem:           125G         16G        103G        1.1M        4.6G        107G
2023-07-30 00:22:07  Mem:           125G         16G        103G        1.1M        4.6G        107G
2023-07-30 00:22:10  Mem:           125G         16G        103G        1.1M        4.6G        107G
2023-07-30 00:22:13  Mem:           125G         16G        103G        1.1M        4.6G        107G
2023-07-30 00:22:16  Mem:           125G         16G        103G        1.1M        4.6G        107G
2023-07-30 00:22:19  Mem:           125G         16G        103G        1.1M        4.6G        107G
2023-07-30 00:22:22  Mem:           125G         16G        103G        1.1M        4.6G        107G
2023-07-30 00:22:25  Mem:           125G         16G        103G        1.1M        4.7G        107G
2023-07-30 00:22:28  Mem:           125G         16G        103G        1.1M        4.7G        107G
2023-07-30 00:22:31  Mem:           125G         16G        103G        1.1M        4.7G        107G
2023-07-30 00:22:34  Mem:           125G         16G        103G        1.1M        4.7G        107G
2023-07-30 00:22:37  Mem:           125G         16G        103G        1.1M        4.7G        107G
2023-07-30 00:22:40  Mem:           125G         16G        103G        1.1M        4.7G        107G
2023-07-30 00:22:43  Mem:           125G         16G        103G        1.1M        4.7G        107G
2023-07-30 00:22:46  Mem:           125G         16G        103G        1.1M        4.7G        107G
2023-07-30 00:22:49  Mem:           125G         16G        103G        1.1M        4.7G        107G
2023-07-30 00:22:52  Mem:           125G         16G        103G        1.1M        4.7G        107G
2023-07-30 00:22:55  Mem:           125G         16G        103G        1.1M        4.7G        107G
2023-07-30 00:22:58  Mem:           125G         16G        103G        1.1M        4.7G        107G
2023-07-30 00:23:01  Mem:           125G         16G        103G        1.1M        4.7G        107G
2023-07-30 00:23:04  Mem:           125G         16G        103G        1.1M        4.7G        107G
2023-07-30 00:23:07  Mem:           125G         16G        103G        1.1M        4.7G        107G
2023-07-30 00:23:10  Mem:           125G         17G        103G        1.1M        4.8G        107G
2023-07-30 00:23:13  Mem:           125G         17G        103G        1.1M        4.8G        107G
2023-07-30 00:23:16  Mem:           125G         17G        103G        1.1M        4.8G        107G
2023-07-30 00:23:19  Mem:           125G         17G        103G        1.1M        4.8G        107G
2023-07-30 00:23:22  Mem:           125G         17G        103G        1.1M        4.8G        107G
2023-07-30 00:23:26  Mem:           125G         17G        103G        1.1M        4.8G        107G
2023-07-30 00:23:29  Mem:           125G         17G        103G        1.1M        4.8G        107G
2023-07-30 00:23:32  Mem:           125G         17G        103G        1.1M        4.8G        107G
2023-07-30 00:23:35  Mem:           125G         17G        103G        1.1M        4.8G        107G
2023-07-30 00:23:38  Mem:           125G         17G        103G        1.1M        4.8G        107G
2023-07-30 00:23:41  Mem:           125G         17G        103G        1.1M        4.8G        107G
2023-07-30 00:23:44  Mem:           125G         17G        103G        1.1M        4.8G        107G
2023-07-30 00:23:47  Mem:           125G         17G        103G        1.1M        4.8G        107G
2023-07-30 00:23:50  Mem:           125G         17G        103G        1.1M        4.8G        107G
2023-07-30 00:23:53  Mem:           125G         17G        103G        1.1M        4.8G        107G
2023-07-30 00:23:56  Mem:           125G         17G        103G        1.1M        4.8G        107G
2023-07-30 00:23:59  Mem:           125G         17G        103G        1.1M        4.8G        107G
2023-07-30 00:24:02  Mem:           125G         17G        103G        1.1M        4.8G        107G
2023-07-30 00:24:05  Mem:           125G         17G        103G        1.1M        4.9G        107G
2023-07-30 00:24:08  Mem:           125G         17G        103G        1.1M        4.9G        107G
2023-07-30 00:24:11  Mem:           125G         17G        103G        1.1M        4.9G        107G
2023-07-30 00:24:14  Mem:           125G         17G        103G        1.1M        4.9G        107G
2023-07-30 00:24:17  Mem:           125G         17G        103G        1.1M        4.9G        107G
2023-07-30 00:24:20  Mem:           125G         17G        103G        1.1M        4.9G        107G
2023-07-30 00:24:23  Mem:           125G         17G        103G        1.1M        4.9G        107G
2023-07-30 00:24:26  Mem:           125G         17G        103G        1.1M        4.9G        107G
2023-07-30 00:24:29  Mem:           125G         17G        103G        1.1M        4.9G        107G
2023-07-30 00:24:32  Mem:           125G         17G        103G        1.1M        4.9G        107G
2023-07-30 00:24:35  Mem:           125G         17G        103G        1.1M        4.9G        107G
2023-07-30 00:24:38  Mem:           125G         17G        103G        1.1M        4.9G        107G
2023-07-30 00:24:41  Mem:           125G         17G        103G        1.1M        4.9G        107G
2023-07-30 00:24:44  Mem:           125G         17G        103G        1.1M        4.9G        107G
2023-07-30 00:24:47  Mem:           125G         17G        103G        1.1M        4.9G        107G
2023-07-30 00:24:50  Mem:           125G         17G        102G        1.1M        5.0G        106G
2023-07-30 00:24:53  Mem:           125G         17G        102G        1.1M        5.0G        106G
2023-07-30 00:24:56  Mem:           125G         17G        102G        1.1M        5.0G        106G
2023-07-30 00:24:59  Mem:           125G         17G        102G        1.1M        5.0G        106G
2023-07-30 00:25:02  Mem:           125G         17G        102G        1.1M        5.0G        106G
2023-07-30 00:25:05  Mem:           125G         17G        102G        1.1M        5.0G        106G
2023-07-30 00:25:08  Mem:           125G         17G        102G        1.1M        5.0G        106G
2023-07-30 00:25:11  Mem:           125G         17G        102G        1.1M        5.0G        106G
2023-07-30 00:25:14  Mem:           125G         17G        102G        1.1M        5.0G        106G
2023-07-30 00:25:17  Mem:           125G         17G        102G        1.1M        5.0G        106G
2023-07-30 00:25:20  Mem:           125G         17G        102G        1.1M        5.0G        106G
2023-07-30 00:25:23  Mem:           125G         17G        102G        1.1M        5.0G        106G
2023-07-30 00:25:26  Mem:           125G         17G        102G        1.1M        5.0G        106G
2023-07-30 00:25:29  Mem:           125G         17G        102G        1.1M        5.0G        106G
2023-07-30 00:25:32  Mem:           125G         17G        102G        1.1M        5.0G        106G
2023-07-30 00:25:35  Mem:           125G         17G        102G        1.1M        5.0G        106G
2023-07-30 00:25:38  Mem:           125G         17G        102G        1.1M        5.0G        106G
2023-07-30 00:25:41  Mem:           125G         17G        102G        1.1M        5.0G        106G
2023-07-30 00:25:44  Mem:           125G         17G        102G        1.1M        5.1G        106G
2023-07-30 00:25:47  Mem:           125G         17G        102G        1.1M        5.1G        106G
2023-07-30 00:25:50  Mem:           125G         17G        102G        1.1M        5.1G        106G
2023-07-30 00:25:53  Mem:           125G         17G        102G        1.1M        5.1G        106G
2023-07-30 00:25:56  Mem:           125G         17G        102G        1.1M        5.1G        106G
2023-07-30 00:25:59  Mem:           125G         17G        102G        1.1M        5.1G        106G
2023-07-30 00:26:02  Mem:           125G         17G        102G        1.1M        5.1G        106G
2023-07-30 00:26:05  Mem:           125G         17G        102G        1.1M        5.1G        106G
2023-07-30 00:26:08  Mem:           125G         17G        102G        1.1M        5.1G        106G
2023-07-30 00:26:11  Mem:           125G         17G        102G        1.1M        5.1G        106G
2023-07-30 00:26:14  Mem:           125G         17G        102G        1.1M        5.1G        106G
2023-07-30 00:26:17  Mem:           125G         17G        102G        1.1M        5.2G        106G
2023-07-30 00:26:20  Mem:           125G         17G        102G        1.1M        5.2G        106G
2023-07-30 00:26:23  Mem:           125G         17G        102G        1.1M        5.2G        106G
2023-07-30 00:26:26  Mem:           125G         17G        102G        1.1M        5.2G        106G
2023-07-30 00:26:29  Mem:           125G         17G        102G        1.1M        5.2G        106G
2023-07-30 00:26:32  Mem:           125G         17G        102G        1.1M        5.2G        106G
2023-07-30 00:26:35  Mem:           125G         17G        102G        1.1M        5.2G        106G
2023-07-30 00:26:38  Mem:           125G         17G        102G        1.1M        5.2G        106G
2023-07-30 00:26:41  Mem:           125G         17G        102G        1.1M        5.2G        106G
2023-07-30 00:26:44  Mem:           125G         17G        102G        1.1M        5.2G        106G
2023-07-30 00:26:47  Mem:           125G         17G        102G        1.1M        5.2G        106G
2023-07-30 00:26:50  Mem:           125G         17G        102G        1.1M        5.2G        106G
2023-07-30 00:26:53  Mem:           125G         17G        102G        1.1M        5.2G        106G
2023-07-30 00:26:56  Mem:           125G         17G        102G        1.1M        5.2G        106G
2023-07-30 00:26:59  Mem:           125G         17G        102G        1.1M        5.2G        106G
2023-07-30 00:27:02  Mem:           125G         17G        102G        1.1M        5.2G        106G
2023-07-30 00:27:05  Mem:           125G         17G        102G        1.1M        5.2G        106G
2023-07-30 00:27:08  Mem:           125G         17G        102G        1.1M        5.2G        106G
2023-07-30 00:27:11  Mem:           125G         17G        102G        1.1M        5.2G        106G
2023-07-30 00:27:14  Mem:           125G         17G        102G        1.1M        5.3G        106G
2023-07-30 00:27:17  Mem:           125G         17G        102G        1.1M        5.3G        106G
2023-07-30 00:27:20  Mem:           125G         17G        102G        1.1M        5.3G        106G
2023-07-30 00:27:23  Mem:           125G         17G        102G        1.1M        5.3G        106G
2023-07-30 00:27:26  Mem:           125G         17G        102G        1.1M        5.3G        106G
2023-07-30 00:27:29  Mem:           125G         17G        102G        1.1M        5.3G        106G
2023-07-30 00:27:32  Mem:           125G         17G        102G        1.1M        5.3G        106G
2023-07-30 00:27:35  Mem:           125G         17G        102G        1.1M        5.3G        106G
2023-07-30 00:27:38  Mem:           125G         17G        102G        1.1M        5.3G        106G
2023-07-30 00:27:41  Mem:           125G         17G        102G        1.1M        5.4G        106G
2023-07-30 00:27:44  Mem:           125G         17G        102G        1.1M        5.4G        106G
2023-07-30 00:27:47  Mem:           125G         17G        102G        1.1M        5.4G        106G
2023-07-30 00:27:50  Mem:           125G         17G        102G        1.1M        5.4G        106G
2023-07-30 00:27:53  Mem:           125G         17G        102G        1.1M        5.4G        106G
2023-07-30 00:27:56  Mem:           125G         17G        102G        1.1M        5.4G        106G
2023-07-30 00:27:59  Mem:           125G         17G        102G        1.1M        5.4G        106G
2023-07-30 00:28:02  Mem:           125G         17G        102G        1.1M        5.4G        106G
2023-07-30 00:28:05  Mem:           125G         17G        102G        1.1M        5.4G        106G
2023-07-30 00:28:08  Mem:           125G         17G        102G        1.1M        5.4G        106G
2023-07-30 00:28:11  Mem:           125G         17G        102G        1.1M        5.4G        106G
2023-07-30 00:28:14  Mem:           125G         17G        102G        1.1M        5.4G        106G
2023-07-30 00:28:17  Mem:           125G         17G        102G        1.1M        5.4G        106G
2023-07-30 00:28:21  Mem:           125G         17G        102G        1.1M        5.4G        106G
2023-07-30 00:28:24  Mem:           125G         17G        102G        1.1M        5.4G        106G
2023-07-30 00:28:27  Mem:           125G         17G        102G        1.1M        5.4G        106G
2023-07-30 00:28:30  Mem:           125G         17G        102G        1.1M        5.4G        106G
2023-07-30 00:28:33  Mem:           125G         17G        102G        1.1M        5.4G        106G
2023-07-30 00:28:36  Mem:           125G         17G        102G        1.1M        5.4G        106G
2023-07-30 00:28:39  Mem:           125G         17G        102G        1.1M        5.4G        106G
2023-07-30 00:28:42  Mem:           125G         17G        102G        1.1M        5.4G        106G
2023-07-30 00:28:45  Mem:           125G         17G        102G        1.1M        5.4G        106G
2023-07-30 00:28:48  Mem:           125G         17G        102G        1.1M        5.5G        106G
2023-07-30 00:28:51  Mem:           125G         17G        102G        1.1M        5.5G        106G
2023-07-30 00:28:54  Mem:           125G         17G        102G        1.1M        5.5G        106G
2023-07-30 00:28:57  Mem:           125G         17G        102G        1.1M        5.5G        106G
2023-07-30 00:29:00  Mem:           125G         17G        101G        1.1M        5.5G        106G
2023-07-30 00:29:03  Mem:           125G         17G        101G        1.1M        5.5G        106G
2023-07-30 00:29:06  Mem:           125G         17G        101G        1.1M        5.5G        106G
2023-07-30 00:29:09  Mem:           125G         17G        101G        1.1M        5.5G        106G
2023-07-30 00:29:12  Mem:           125G         17G        101G        1.1M        5.5G        106G
2023-07-30 00:29:15  Mem:           125G         17G        101G        1.1M        5.5G        106G
2023-07-30 00:29:18  Mem:           125G         17G        101G        1.1M        5.5G        106G
2023-07-30 00:29:21  Mem:           125G         17G        101G        1.1M        5.5G        106G
2023-07-30 00:29:24  Mem:           125G         17G        101G        1.1M        5.5G        106G
2023-07-30 00:29:27  Mem:           125G         17G        101G        1.1M        5.5G        106G
2023-07-30 00:29:30  Mem:           125G         17G        101G        1.1M        5.5G        106G
2023-07-30 00:29:33  Mem:           125G         17G        101G        1.1M        5.5G        106G
2023-07-30 00:29:36  Mem:           125G         17G        101G        1.1M        5.6G        106G
2023-07-30 00:29:39  Mem:           125G         17G        101G        1.1M        5.6G        106G
2023-07-30 00:29:42  Mem:           125G         17G        101G        1.1M        5.6G        106G
2023-07-30 00:29:45  Mem:           125G         17G        101G        1.1M        5.6G        106G
2023-07-30 00:29:48  Mem:           125G         17G        101G        1.1M        5.6G        106G
2023-07-30 00:29:51  Mem:           125G         17G        101G        1.1M        5.6G        106G
2023-07-30 00:29:54  Mem:           125G         17G        101G        1.1M        5.6G        106G
2023-07-30 00:29:57  Mem:           125G         17G        101G        1.1M        5.6G        106G
2023-07-30 00:30:00  Mem:           125G         17G        101G        1.1M        5.6G        106G
2023-07-30 00:30:03  Mem:           125G         17G        101G        1.1M        5.6G        106G
2023-07-30 00:30:06  Mem:           125G         17G        101G        1.1M        5.6G        106G
2023-07-30 00:30:09  Mem:           125G         17G        101G        1.1M        5.6G        106G
2023-07-30 00:30:12  Mem:           125G         17G        101G        1.1M        5.6G        106G
2023-07-30 00:30:15  Mem:           125G         17G        101G        1.1M        5.6G        106G
2023-07-30 00:30:18  Mem:           125G         17G        101G        1.1M        5.6G        106G
2023-07-30 00:30:21  Mem:           125G         17G        101G        1.1M        5.6G        106G
2023-07-30 00:30:24  Mem:           125G         17G        101G        1.1M        5.6G        106G
2023-07-30 00:30:27  Mem:           125G         17G        101G        1.1M        5.7G        106G
2023-07-30 00:30:30  Mem:           125G         17G        101G        1.1M        5.7G        106G
2023-07-30 00:30:33  Mem:           125G         17G        101G        1.1M        5.7G        106G
2023-07-30 00:30:36  Mem:           125G         17G        101G        1.1M        5.7G        106G
2023-07-30 00:30:39  Mem:           125G         17G        101G        1.1M        5.7G        106G
2023-07-30 00:30:42  Mem:           125G         17G        101G        1.1M        5.7G        106G
2023-07-30 00:30:45  Mem:           125G         17G        101G        1.1M        5.7G        106G
2023-07-30 00:30:48  Mem:           125G         17G        101G        1.1M        5.7G        106G
2023-07-30 00:30:51  Mem:           125G         17G        101G        1.1M        5.7G        106G
2023-07-30 00:30:54  Mem:           125G         17G        101G        1.1M        5.7G        106G
2023-07-30 00:30:57  Mem:           125G         17G        101G        1.1M        5.7G        106G
2023-07-30 00:31:00  Mem:           125G         17G        101G        1.1M        5.7G        106G
2023-07-30 00:31:03  Mem:           125G         17G        101G        1.1M        5.7G        106G
2023-07-30 00:31:06  Mem:           125G         17G        101G        1.1M        5.7G        106G
2023-07-30 00:31:09  Mem:           125G         17G        101G        1.1M        5.7G        106G
2023-07-30 00:31:12  Mem:           125G         17G        101G        1.1M        5.8G        106G
2023-07-30 00:31:15  Mem:           125G         17G        101G        1.1M        5.8G        106G
2023-07-30 00:31:18  Mem:           125G         17G        101G        1.1M        5.8G        106G
2023-07-30 00:31:21  Mem:           125G         17G        101G        1.1M        5.8G        106G
2023-07-30 00:31:24  Mem:           125G         17G        101G        1.1M        5.8G        106G
2023-07-30 00:31:27  Mem:           125G         17G        101G        1.1M        5.8G        106G
2023-07-30 00:31:30  Mem:           125G         17G        101G        1.1M        5.8G        106G
2023-07-30 00:31:33  Mem:           125G         17G        101G        1.1M        5.8G        106G
2023-07-30 00:31:36  Mem:           125G         17G        101G        1.1M        5.8G        106G
2023-07-30 00:31:39  Mem:           125G         17G        101G        1.1M        5.8G        106G
2023-07-30 00:31:42  Mem:           125G         17G        101G        1.1M        5.8G        106G
2023-07-30 00:31:45  Mem:           125G         17G        101G        1.1M        5.8G        106G
2023-07-30 00:31:48  Mem:           125G         17G        101G        1.1M        5.8G        106G
2023-07-30 00:31:51  Mem:           125G         17G        101G        1.1M        5.8G        106G
2023-07-30 00:31:54  Mem:           125G         17G        101G        1.1M        5.8G        106G
2023-07-30 00:31:57  Mem:           125G         17G        101G        1.1M        5.8G        106G
2023-07-30 00:32:00  Mem:           125G         17G        101G        1.1M        5.8G        106G
2023-07-30 00:32:03  Mem:           125G         17G        101G        1.1M        5.8G        106G
2023-07-30 00:32:06  Mem:           125G         18G        101G        1.1M        5.8G        106G
2023-07-30 00:32:09  Mem:           125G         18G        101G        1.1M        5.8G        106G
2023-07-30 00:32:12  Mem:           125G         18G        101G        1.1M        5.9G        106G
2023-07-30 00:32:15  Mem:           125G         18G        101G        1.1M        5.9G        106G
2023-07-30 00:32:18  Mem:           125G         18G        101G        1.1M        5.9G        106G
2023-07-30 00:32:21  Mem:           125G         18G        101G        1.1M        5.9G        106G
2023-07-30 00:32:24  Mem:           125G         18G        101G        1.1M        5.9G        106G
2023-07-30 00:32:27  Mem:           125G         18G        101G        1.1M        5.9G        106G
2023-07-30 00:32:30  Mem:           125G         18G        101G        1.1M        5.9G        106G
2023-07-30 00:32:33  Mem:           125G         18G        101G        1.1M        5.9G        106G
2023-07-30 00:32:36  Mem:           125G         18G        101G        1.1M        5.9G        106G
2023-07-30 00:32:39  Mem:           125G         18G        101G        1.1M        5.9G        106G
2023-07-30 00:32:42  Mem:           125G         18G        101G        1.1M        5.9G        106G
2023-07-30 00:32:45  Mem:           125G         18G        101G        1.1M        5.9G        106G
2023-07-30 00:32:48  Mem:           125G         18G        101G        1.1M        5.9G        106G
2023-07-30 00:32:51  Mem:           125G         18G        101G        1.1M        5.9G        106G
2023-07-30 00:32:54  Mem:           125G         18G        101G        1.1M        5.9G        106G
2023-07-30 00:32:57  Mem:           125G         18G        101G        1.1M        5.9G        106G
2023-07-30 00:33:00  Mem:           125G         18G        101G        1.1M        6.0G        106G
2023-07-30 00:33:03  Mem:           125G         18G        101G        1.1M        6.0G        106G
2023-07-30 00:33:06  Mem:           125G         18G        101G        1.1M        6.0G        106G
2023-07-30 00:33:09  Mem:           125G         18G        101G        1.1M        6.0G        106G
2023-07-30 00:33:12  Mem:           125G         18G        101G        1.1M        6.0G        106G
2023-07-30 00:33:15  Mem:           125G         18G        101G        1.1M        6.0G        106G
2023-07-30 00:33:19  Mem:           125G         18G        101G        1.1M        6.0G        106G
2023-07-30 00:33:22  Mem:           125G         18G        101G        1.1M        6.0G        106G
2023-07-30 00:33:25  Mem:           125G         18G        101G        1.1M        6.0G        106G
2023-07-30 00:33:28  Mem:           125G         18G        101G        1.1M        6.0G        106G
2023-07-30 00:33:31  Mem:           125G         18G        101G        1.1M        6.0G        106G
2023-07-30 00:33:34  Mem:           125G         18G        100G        1.1M        6.0G        106G
2023-07-30 00:33:37  Mem:           125G         18G        100G        1.1M        6.0G        106G
2023-07-30 00:33:40  Mem:           125G         18G        100G        1.1M        6.0G        105G
2023-07-30 00:33:43  Mem:           125G         18G        100G        1.1M        6.0G        105G
2023-07-30 00:33:46  Mem:           125G         18G        100G        1.1M        6.0G        105G
2023-07-30 00:33:49  Mem:           125G         18G        100G        1.1M        6.0G        105G
2023-07-30 00:33:52  Mem:           125G         18G        100G        1.1M        6.0G        105G
2023-07-30 00:33:55  Mem:           125G         18G        100G        1.1M        6.0G        105G
2023-07-30 00:33:58  Mem:           125G         18G        100G        1.1M        6.0G        105G
2023-07-30 00:34:01  Mem:           125G         18G        100G        1.1M        6.0G        105G
2023-07-30 00:34:04  Mem:           125G         18G        100G        1.1M        6.1G        105G
2023-07-30 00:34:07  Mem:           125G         18G        100G        1.1M        6.1G        105G
2023-07-30 00:34:10  Mem:           125G         18G        100G        1.1M        6.1G        105G
2023-07-30 00:34:13  Mem:           125G         18G        100G        1.1M        6.1G        105G
2023-07-30 00:34:16  Mem:           125G         18G        100G        1.1M        6.1G        105G
2023-07-30 00:34:19  Mem:           125G         18G        100G        1.1M        6.1G        105G
2023-07-30 00:34:22  Mem:           125G         18G        100G        1.1M        6.1G        105G
2023-07-30 00:34:25  Mem:           125G         18G        100G        1.1M        6.1G        105G
2023-07-30 00:34:28  Mem:           125G         18G        100G        1.1M        6.1G        105G
2023-07-30 00:34:31  Mem:           125G         18G        100G        1.1M        6.1G        105G
2023-07-30 00:34:34  Mem:           125G         18G        100G        1.1M        6.1G        105G
2023-07-30 00:34:37  Mem:           125G         18G        100G        1.1M        6.1G        105G
2023-07-30 00:34:40  Mem:           125G         18G        100G        1.1M        6.1G        105G
2023-07-30 00:34:43  Mem:           125G         18G        100G        1.1M        6.1G        105G
2023-07-30 00:34:46  Mem:           125G         18G        100G        1.1M        6.1G        105G
2023-07-30 00:34:49  Mem:           125G         18G        100G        1.1M        6.1G        105G
2023-07-30 00:34:52  Mem:           125G         18G        100G        1.1M        6.1G        105G
2023-07-30 00:34:55  Mem:           125G         18G        100G        1.1M        6.1G        105G
2023-07-30 00:34:58  Mem:           125G         18G        100G        1.1M        6.2G        105G
2023-07-30 00:35:01  Mem:           125G         18G        100G        1.1M        6.2G        105G
2023-07-30 00:35:04  Mem:           125G         18G        100G        1.1M        6.2G        105G
2023-07-30 00:35:07  Mem:           125G         18G        100G        1.1M        6.2G        105G
2023-07-30 00:35:10  Mem:           125G         18G        100G        1.1M        6.2G        105G
2023-07-30 00:35:13  Mem:           125G         18G        100G        1.1M        6.2G        105G
2023-07-30 00:35:16  Mem:           125G         18G        100G        1.1M        6.2G        105G
2023-07-30 00:35:19  Mem:           125G         18G        100G        1.1M        6.2G        105G
2023-07-30 00:35:22  Mem:           125G         18G        100G        1.1M        6.2G        105G
2023-07-30 00:35:25  Mem:           125G         18G        100G        1.1M        6.2G        105G
2023-07-30 00:35:28  Mem:           125G         18G        100G        1.1M        6.2G        105G
2023-07-30 00:35:31  Mem:           125G         18G        100G        1.1M        6.2G        105G
2023-07-30 00:35:34  Mem:           125G         18G        100G        1.1M        6.2G        105G
2023-07-30 00:35:37  Mem:           125G         18G        100G        1.1M        6.2G        105G
2023-07-30 00:35:40  Mem:           125G         18G        100G        1.1M        6.3G        105G
2023-07-30 00:35:43  Mem:           125G         18G        100G        1.1M        6.3G        105G
2023-07-30 00:35:46  Mem:           125G         18G        100G        1.1M        6.3G        105G
2023-07-30 00:35:49  Mem:           125G         18G        100G        1.1M        6.3G        105G
2023-07-30 00:35:52  Mem:           125G         18G        100G        1.1M        6.3G        105G
2023-07-30 00:35:55  Mem:           125G         18G        100G        1.1M        6.3G        105G
2023-07-30 00:35:58  Mem:           125G         18G        100G        1.1M        6.3G        105G
2023-07-30 00:36:01  Mem:           125G         18G        100G        1.1M        6.3G        105G
2023-07-30 00:36:04  Mem:           125G         18G        100G        1.1M        6.3G        105G
2023-07-30 00:36:07  Mem:           125G         18G        100G        1.1M        6.3G        105G
2023-07-30 00:36:10  Mem:           125G         18G        100G        1.1M        6.3G        105G
2023-07-30 00:36:13  Mem:           125G         18G        100G        1.1M        6.3G        105G
2023-07-30 00:36:16  Mem:           125G         18G        100G        1.1M        6.3G        105G
2023-07-30 00:36:19  Mem:           125G         18G        100G        1.1M        6.3G        105G
2023-07-30 00:36:22  Mem:           125G         18G        100G        1.1M        6.3G        105G
2023-07-30 00:36:25  Mem:           125G         18G        100G        1.1M        6.3G        105G
2023-07-30 00:36:28  Mem:           125G         18G        100G        1.1M        6.3G        105G
2023-07-30 00:36:31  Mem:           125G         18G        100G        1.1M        6.4G        105G
2023-07-30 00:36:34  Mem:           125G         18G        100G        1.1M        6.4G        105G
2023-07-30 00:36:37  Mem:           125G         18G        100G        1.1M        6.4G        105G
2023-07-30 00:36:40  Mem:           125G         18G        100G        1.1M        6.4G        105G
2023-07-30 00:36:43  Mem:           125G         18G        100G        1.1M        6.4G        105G
2023-07-30 00:36:46  Mem:           125G         18G        100G        1.1M        6.4G        105G
2023-07-30 00:36:49  Mem:           125G         18G        100G        1.1M        6.4G        105G
2023-07-30 00:36:52  Mem:           125G         18G        100G        1.1M        6.4G        105G
2023-07-30 00:36:55  Mem:           125G         18G        100G        1.1M        6.4G        105G
2023-07-30 00:36:58  Mem:           125G         18G        100G        1.1M        6.4G        105G
2023-07-30 00:37:01  Mem:           125G         18G        100G        1.1M        6.4G        105G
2023-07-30 00:37:04  Mem:           125G         18G        100G        1.1M        6.4G        105G
2023-07-30 00:37:07  Mem:           125G         18G        100G        1.1M        6.4G        105G
2023-07-30 00:37:10  Mem:           125G         18G        100G        1.1M        6.4G        105G
2023-07-30 00:37:13  Mem:           125G         18G        100G        1.1M        6.4G        105G
2023-07-30 00:37:16  Mem:           125G         18G        100G        1.1M        6.5G        105G
2023-07-30 00:37:19  Mem:           125G         18G        100G        1.1M        6.5G        105G
2023-07-30 00:37:22  Mem:           125G         18G        100G        1.1M        6.5G        105G
2023-07-30 00:37:25  Mem:           125G         18G        100G        1.1M        6.5G        105G
2023-07-30 00:37:28  Mem:           125G         18G        100G        1.1M        6.5G        105G
2023-07-30 00:37:31  Mem:           125G         18G        100G        1.1M        6.5G        105G
2023-07-30 00:37:34  Mem:           125G         18G        100G        1.1M        6.5G        105G
2023-07-30 00:37:37  Mem:           125G         18G        100G        1.1M        6.5G        105G
2023-07-30 00:37:40  Mem:           125G         18G        100G        1.1M        6.5G        105G
2023-07-30 00:37:43  Mem:           125G         18G        100G        1.1M        6.5G        105G
2023-07-30 00:37:46  Mem:           125G         18G        100G        1.1M        6.5G        105G
2023-07-30 00:37:49  Mem:           125G         18G         99G        1.1M        6.5G        105G
2023-07-30 00:37:52  Mem:           125G         18G         99G        1.1M        6.5G        105G
2023-07-30 00:37:55  Mem:           125G         18G         99G        1.1M        6.5G        105G
2023-07-30 00:37:58  Mem:           125G         18G         99G        1.1M        6.5G        105G
2023-07-30 00:38:01  Mem:           125G         18G         99G        1.1M        6.5G        105G
2023-07-30 00:38:04  Mem:           125G         18G         99G        1.1M        6.5G        105G
2023-07-30 00:38:08  Mem:           125G         18G         99G        1.1M        6.6G        105G
2023-07-30 00:38:11  Mem:           125G         18G         99G        1.1M        6.6G        105G
2023-07-30 00:38:14  Mem:           125G         18G         99G        1.1M        6.6G        105G
2023-07-30 00:38:17  Mem:           125G         18G         99G        1.1M        6.6G        105G
2023-07-30 00:38:20  Mem:           125G         18G         99G        1.1M        6.6G        105G
2023-07-30 00:38:23  Mem:           125G         18G         99G        1.1M        6.6G        105G
2023-07-30 00:38:26  Mem:           125G         18G         99G        1.1M        6.6G        105G
2023-07-30 00:38:29  Mem:           125G         18G         99G        1.1M        6.6G        105G
2023-07-30 00:38:32  Mem:           125G         18G         99G        1.1M        6.6G        105G
2023-07-30 00:38:35  Mem:           125G         18G         99G        1.1M        6.6G        105G
2023-07-30 00:38:38  Mem:           125G         18G         99G        1.1M        6.6G        105G
2023-07-30 00:38:41  Mem:           125G         18G         99G        1.1M        6.6G        105G
2023-07-30 00:38:44  Mem:           125G         18G         99G        1.1M        6.6G        105G
2023-07-30 00:38:47  Mem:           125G         18G         99G        1.1M        6.6G        105G
2023-07-30 00:38:50  Mem:           125G         18G         99G        1.1M        6.6G        105G
2023-07-30 00:38:53  Mem:           125G         18G         99G        1.1M        6.6G        105G
2023-07-30 00:38:56  Mem:           125G         18G         99G        1.1M        6.7G        105G
2023-07-30 00:38:59  Mem:           125G         18G         99G        1.1M        6.7G        105G
2023-07-30 00:39:02  Mem:           125G         18G         99G        1.1M        6.7G        105G
2023-07-30 00:39:05  Mem:           125G         18G         99G        1.1M        6.7G        105G
2023-07-30 00:39:08  Mem:           125G         18G         99G        1.1M        6.7G        105G
2023-07-30 00:39:11  Mem:           125G         18G         99G        1.1M        6.7G        105G
2023-07-30 00:39:14  Mem:           125G         18G         99G        1.1M        6.7G        105G
2023-07-30 00:39:17  Mem:           125G         18G         99G        1.1M        6.7G        105G
2023-07-30 00:39:20  Mem:           125G         18G         99G        1.1M        6.7G        105G
2023-07-30 00:39:23  Mem:           125G         18G         99G        1.1M        6.7G        105G
2023-07-30 00:39:26  Mem:           125G         18G         99G        1.1M        6.7G        105G
2023-07-30 00:39:29  Mem:           125G         18G         99G        1.1M        6.7G        105G
2023-07-30 00:39:32  Mem:           125G         18G         99G        1.1M        6.7G        105G
2023-07-30 00:39:35  Mem:           125G         18G         99G        1.1M        6.7G        105G
2023-07-30 00:39:38  Mem:           125G         18G         99G        1.1M        6.7G        105G
2023-07-30 00:39:41  Mem:           125G         18G         99G        1.1M        6.7G        105G
2023-07-30 00:39:44  Mem:           125G         18G         99G        1.1M        6.7G        105G
2023-07-30 00:39:47  Mem:           125G         18G         99G        1.1M        6.7G        105G
2023-07-30 00:39:50  Mem:           125G         18G         99G        1.1M        6.8G        105G
2023-07-30 00:39:53  Mem:           125G         18G         99G        1.1M        6.8G        105G
2023-07-30 00:39:56  Mem:           125G         18G         99G        1.1M        6.8G        105G
2023-07-30 00:39:59  Mem:           125G         18G         99G        1.1M        6.8G        105G
2023-07-30 00:40:02  Mem:           125G         18G         99G        1.1M        6.8G        105G
2023-07-30 00:40:05  Mem:           125G         18G         99G        1.1M        6.8G        105G
2023-07-30 00:40:08  Mem:           125G         18G         99G        1.1M        6.8G        105G
2023-07-30 00:40:11  Mem:           125G         18G         99G        1.1M        6.8G        105G
