time               total        used        free      shared  buff/cache   available
2023-07-29 18:08:35  Mem:           125G        9.2G        115G        1.1M        734M        115G
2023-07-29 18:08:38  Mem:           125G        9.2G        115G        1.1M        735M        115G
2023-07-29 18:08:41  Mem:           125G        9.2G        115G        1.1M        737M        115G
2023-07-29 18:08:44  Mem:           125G        9.2G        115G        1.1M        738M        115G
2023-07-29 18:08:47  Mem:           125G        9.2G        115G        1.1M        739M        115G
2023-07-29 18:08:50  Mem:           125G        9.2G        115G        1.1M        740M        115G
2023-07-29 18:08:53  Mem:           125G        9.3G        115G        1.1M        743M        114G
2023-07-29 18:08:56  Mem:           125G        9.3G        115G        1.1M        744M        114G
2023-07-29 18:08:59  Mem:           125G        9.4G        115G        1.1M        748M        114G
2023-07-29 18:09:02  Mem:           125G        9.4G        115G        1.1M        752M        114G
2023-07-29 18:09:05  Mem:           125G        9.4G        115G        1.1M        754M        114G
2023-07-29 18:09:08  Mem:           125G        9.4G        115G        1.1M        757M        114G
2023-07-29 18:09:11  Mem:           125G        9.4G        115G        1.1M        759M        114G
2023-07-29 18:09:14  Mem:           125G        9.4G        115G        1.1M        763M        114G
2023-07-29 18:09:17  Mem:           125G        9.4G        115G        1.1M        771M        114G
2023-07-29 18:09:22  Mem:           125G        9.4G        114G        1.1M        783M        114G
2023-07-29 18:09:25  Mem:           125G        9.4G        114G        1.1M        791M        114G
2023-07-29 18:09:28  Mem:           125G        9.4G        114G        1.1M        799M        114G
2023-07-29 18:09:31  Mem:           125G        9.4G        114G        1.1M        810M        114G
2023-07-29 18:09:34  Mem:           125G        9.4G        114G        1.1M        819M        114G
2023-07-29 18:09:37  Mem:           125G        9.4G        114G        1.1M        826M        114G
2023-07-29 18:09:40  Mem:           125G        9.4G        114G        1.1M        835M        114G
2023-07-29 18:09:43  Mem:           125G        9.4G        114G        1.1M        846M        114G
2023-07-29 18:09:46  Mem:           125G        9.5G        114G        1.1M        858M        114G
2023-07-29 18:09:49  Mem:           125G        9.5G        114G        1.1M        865M        114G
2023-07-29 18:09:53  Mem:           125G        9.5G        114G        1.1M        881M        114G
2023-07-29 18:09:56  Mem:           125G        9.5G        114G        1.1M        893M        114G
2023-07-29 18:09:59  Mem:           125G        9.5G        114G        1.1M        901M        114G
2023-07-29 18:10:02  Mem:           125G        9.5G        114G        1.1M        907M        114G
2023-07-29 18:10:05  Mem:           125G        9.5G        114G        1.1M        922M        114G
2023-07-29 18:10:09  Mem:           125G        9.5G        114G        1.1M        934M        114G
2023-07-29 18:10:12  Mem:           125G        9.5G        114G        1.1M        944M        114G
2023-07-29 18:10:23  Mem:           125G        9.6G        114G        1.1M        982M        114G
2023-07-29 18:10:26  Mem:           125G        9.6G        114G        1.1M        993M        114G
2023-07-29 18:10:29  Mem:           125G        9.6G        114G        1.1M        1.0G        114G
2023-07-29 18:10:32  Mem:           125G        9.6G        114G        1.1M        1.0G        114G
2023-07-29 18:10:35  Mem:           125G        9.6G        114G        1.1M        1.0G        114G
2023-07-29 18:10:38  Mem:           125G        9.6G        114G        1.1M        1.0G        114G
2023-07-29 18:10:41  Mem:           125G        9.6G        114G        1.1M        1.0G        114G
2023-07-29 18:10:44  Mem:           125G        9.7G        114G        1.1M        1.0G        114G
2023-07-29 18:10:48  Mem:           125G        9.7G        114G        1.1M        1.0G        114G
2023-07-29 18:10:51  Mem:           125G        9.7G        114G        1.1M        1.1G        114G
2023-07-29 18:10:54  Mem:           125G        9.7G        114G        1.1M        1.1G        114G
2023-07-29 18:10:57  Mem:           125G        9.7G        114G        1.1M        1.1G        114G
2023-07-29 18:11:00  Mem:           125G        9.7G        114G        1.1M        1.1G        114G
2023-07-29 18:11:03  Mem:           125G        9.7G        114G        1.1M        1.1G        114G
2023-07-29 18:11:09  Mem:           125G        9.7G        114G        1.1M        1.1G        114G
2023-07-29 18:11:12  Mem:           125G        9.7G        114G        1.1M        1.1G        114G
2023-07-29 18:11:19  Mem:           125G        9.8G        114G        1.1M        1.1G        114G
2023-07-29 18:11:22  Mem:           125G        9.8G        114G        1.1M        1.2G        114G
2023-07-29 18:11:26  Mem:           125G        9.8G        114G        1.1M        1.2G        114G
2023-07-29 18:11:29  Mem:           125G        9.8G        114G        1.1M        1.2G        114G
2023-07-29 18:11:32  Mem:           125G        9.8G        114G        1.1M        1.2G        114G
2023-07-29 18:11:35  Mem:           125G        9.8G        114G        1.1M        1.2G        114G
2023-07-29 18:11:38  Mem:           125G        9.8G        114G        1.1M        1.2G        114G
2023-07-29 18:11:41  Mem:           125G        9.8G        114G        1.1M        1.2G        114G
2023-07-29 18:11:44  Mem:           125G        9.8G        114G        1.1M        1.2G        114G
2023-07-29 18:11:47  Mem:           125G        9.9G        114G        1.1M        1.2G        114G
2023-07-29 18:11:52  Mem:           125G        9.9G        114G        1.1M        1.3G        114G
2023-07-29 18:11:55  Mem:           125G        9.9G        113G        1.1M        1.3G        114G
2023-07-29 18:11:58  Mem:           125G        9.9G        113G        1.1M        1.3G        114G
2023-07-29 18:12:01  Mem:           125G        9.9G        113G        1.1M        1.3G        114G
2023-07-29 18:13:27  Mem:           125G         10G        113G        1.1M        1.6G        114G
2023-07-29 18:13:30  Mem:           125G         10G        113G        1.1M        1.6G        114G
2023-07-29 18:13:33  Mem:           125G         10G        113G        1.1M        1.6G        114G
2023-07-29 18:13:36  Mem:           125G         10G        113G        1.1M        1.6G        114G
2023-07-29 18:13:39  Mem:           125G         10G        113G        1.1M        1.7G        114G
2023-07-29 18:13:42  Mem:           125G         10G        113G        1.1M        1.7G        114G
2023-07-29 18:13:45  Mem:           125G         10G        113G        1.1M        1.7G        114G
2023-07-29 18:13:48  Mem:           125G         10G        113G        1.1M        1.7G        113G
2023-07-29 18:13:53  Mem:           125G         10G        113G        1.1M        1.7G        113G
2023-07-29 18:13:56  Mem:           125G         10G        113G        1.1M        1.7G        113G
2023-07-29 18:13:59  Mem:           125G         10G        113G        1.1M        1.7G        113G
2023-07-29 18:14:02  Mem:           125G         10G        113G        1.1M        1.7G        113G
2023-07-29 18:14:05  Mem:           125G         10G        113G        1.1M        1.8G        113G
2023-07-29 18:14:10  Mem:           125G         10G        113G        1.1M        1.8G        113G
2023-07-29 18:14:13  Mem:           125G         10G        113G        1.1M        1.8G        113G
2023-07-29 18:14:16  Mem:           125G         10G        113G        1.1M        1.8G        113G
2023-07-29 18:14:49  Mem:           125G         10G        112G        1.1M        1.9G        113G
2023-07-29 18:14:52  Mem:           125G         10G        112G        1.1M        1.9G        113G
2023-07-29 18:14:55  Mem:           125G         10G        112G        1.1M        2.0G        113G
2023-07-29 18:14:58  Mem:           125G         10G        112G        1.1M        2.0G        113G
2023-07-29 18:15:01  Mem:           125G         10G        112G        1.1M        2.0G        113G
2023-07-29 18:15:04  Mem:           125G         10G        112G        1.1M        2.0G        113G
2023-07-29 18:15:08  Mem:           125G         10G        112G        1.1M        2.0G        113G
2023-07-29 18:15:11  Mem:           125G         10G        112G        1.1M        2.0G        113G
2023-07-29 18:15:14  Mem:           125G         10G        112G        1.1M        2.0G        113G
2023-07-29 18:15:17  Mem:           125G         10G        112G        1.1M        2.1G        113G
2023-07-29 18:15:20  Mem:           125G         10G        112G        1.1M        2.1G        113G
2023-07-29 18:15:23  Mem:           125G         10G        112G        1.1M        2.1G        113G
2023-07-29 18:15:27  Mem:           125G         10G        112G        1.1M        2.1G        113G
2023-07-29 18:15:30  Mem:           125G         10G        112G        1.1M        2.1G        113G
2023-07-29 18:15:33  Mem:           125G         10G        112G        1.1M        2.1G        113G
2023-07-29 18:15:36  Mem:           125G         10G        112G        1.1M        2.1G        113G
2023-07-29 18:15:39  Mem:           125G         10G        112G        1.1M        2.2G        113G
2023-07-29 18:15:44  Mem:           125G         10G        112G        1.1M        2.2G        113G
2023-07-29 18:15:47  Mem:           125G         10G        112G        1.1M        2.2G        113G
2023-07-29 18:15:50  Mem:           125G         10G        112G        1.1M        2.2G        113G
2023-07-29 18:15:53  Mem:           125G         10G        112G        1.1M        2.2G        113G
2023-07-29 18:15:56  Mem:           125G         10G        112G        1.1M        2.2G        113G
2023-07-29 18:15:59  Mem:           125G         10G        112G        1.1M        2.2G        113G
2023-07-29 18:16:02  Mem:           125G         10G        112G        1.1M        2.3G        113G
2023-07-29 18:16:05  Mem:           125G         10G        112G        1.1M        2.3G        113G
2023-07-29 18:16:08  Mem:           125G         10G        112G        1.1M        2.3G        113G
2023-07-29 18:16:11  Mem:           125G         10G        112G        1.1M        2.3G        113G
2023-07-29 18:16:14  Mem:           125G         10G        112G        1.1M        2.3G        113G
2023-07-29 18:16:19  Mem:           125G         10G        111G        1.1M        2.3G        113G
2023-07-29 18:16:22  Mem:           125G         10G        111G        1.1M        2.3G        113G
2023-07-29 18:16:25  Mem:           125G         10G        111G        1.1M        2.3G        113G
2023-07-29 18:16:28  Mem:           125G         10G        111G        1.1M        2.4G        113G
2023-07-29 18:16:31  Mem:           125G         10G        111G        1.1M        2.4G        113G
2023-07-29 18:16:34  Mem:           125G         10G        111G        1.1M        2.4G        113G
2023-07-29 18:16:37  Mem:           125G         10G        111G        1.1M        2.4G        113G
2023-07-29 18:16:40  Mem:           125G         10G        111G        1.1M        2.4G        113G
2023-07-29 18:16:43  Mem:           125G         10G        111G        1.1M        2.4G        113G
2023-07-29 18:16:48  Mem:           125G         10G        111G        1.1M        2.4G        113G
2023-07-29 18:16:51  Mem:           125G         11G        111G        1.1M        2.5G        113G
2023-07-29 18:16:54  Mem:           125G         11G        111G        1.1M        2.5G        113G
2023-07-29 18:16:57  Mem:           125G         11G        111G        1.1M        2.5G        113G
2023-07-29 18:17:00  Mem:           125G         11G        111G        1.1M        2.5G        113G
2023-07-29 18:17:03  Mem:           125G         11G        111G        1.1M        2.5G        113G
2023-07-29 18:17:06  Mem:           125G         11G        111G        1.1M        2.5G        113G
2023-07-29 18:17:09  Mem:           125G         11G        111G        1.1M        2.5G        113G
2023-07-29 18:17:12  Mem:           125G         11G        111G        1.1M        2.5G        113G
2023-07-29 18:17:15  Mem:           125G         11G        111G        1.1M        2.5G        113G
2023-07-29 18:17:18  Mem:           125G         11G        111G        1.1M        2.6G        113G
2023-07-29 18:17:21  Mem:           125G         11G        111G        1.1M        2.6G        113G
2023-07-29 18:17:24  Mem:           125G         11G        111G        1.1M        2.6G        113G
2023-07-29 18:17:27  Mem:           125G         11G        111G        1.1M        2.6G        113G
2023-07-29 18:17:30  Mem:           125G         11G        111G        1.1M        2.6G        113G
2023-07-29 18:17:33  Mem:           125G         11G        111G        1.1M        2.6G        113G
2023-07-29 18:17:36  Mem:           125G         11G        111G        1.1M        2.6G        113G
2023-07-29 18:17:39  Mem:           125G         11G        111G        1.1M        2.6G        113G
2023-07-29 18:17:42  Mem:           125G         11G        111G        1.1M        2.6G        113G
2023-07-29 18:17:45  Mem:           125G         11G        111G        1.1M        2.6G        112G
2023-07-29 18:17:48  Mem:           125G         11G        111G        1.1M        2.7G        112G
2023-07-29 18:17:51  Mem:           125G         11G        111G        1.1M        2.7G        112G
2023-07-29 18:17:54  Mem:           125G         11G        111G        1.1M        2.7G        112G
2023-07-29 18:17:57  Mem:           125G         11G        111G        1.1M        2.7G        112G
2023-07-29 18:18:00  Mem:           125G         11G        111G        1.1M        2.7G        112G
2023-07-29 18:18:03  Mem:           125G         11G        111G        1.1M        2.7G        112G
2023-07-29 18:18:06  Mem:           125G         11G        111G        1.1M        2.7G        112G
2023-07-29 18:18:09  Mem:           125G         11G        111G        1.1M        2.7G        112G
2023-07-29 18:18:12  Mem:           125G         11G        111G        1.1M        2.7G        112G
2023-07-29 18:18:15  Mem:           125G         11G        111G        1.1M        2.7G        112G
2023-07-29 18:18:18  Mem:           125G         11G        111G        1.1M        2.8G        112G
2023-07-29 18:18:21  Mem:           125G         11G        111G        1.1M        2.8G        112G
2023-07-29 18:18:24  Mem:           125G         11G        110G        1.1M        2.8G        112G
2023-07-29 18:18:27  Mem:           125G         11G        110G        1.1M        2.8G        112G
2023-07-29 18:18:30  Mem:           125G         11G        110G        1.1M        2.8G        112G
2023-07-29 18:18:33  Mem:           125G         11G        110G        1.1M        2.8G        112G
2023-07-29 18:18:36  Mem:           125G         11G        110G        1.1M        2.8G        112G
2023-07-29 18:18:39  Mem:           125G         11G        110G        1.1M        2.8G        112G
2023-07-29 18:18:42  Mem:           125G         11G        110G        1.1M        2.8G        112G
2023-07-29 18:18:45  Mem:           125G         11G        110G        1.1M        2.9G        112G
2023-07-29 18:18:49  Mem:           125G         11G        110G        1.1M        2.9G        112G
2023-07-29 18:18:54  Mem:           125G         11G        110G        1.1M        2.9G        112G
2023-07-29 18:18:57  Mem:           125G         11G        110G        1.1M        2.9G        112G
2023-07-29 18:19:00  Mem:           125G         11G        110G        1.1M        2.9G        112G
2023-07-29 18:19:07  Mem:           125G         11G        110G        1.1M        2.9G        112G
2023-07-29 18:19:10  Mem:           125G         11G        110G        1.1M        2.9G        112G
2023-07-29 18:19:13  Mem:           125G         11G        110G        1.1M        2.9G        112G
2023-07-29 18:19:16  Mem:           125G         11G        110G        1.1M        2.9G        112G
2023-07-29 18:19:19  Mem:           125G         11G        110G        1.1M        3.0G        112G
2023-07-29 18:19:22  Mem:           125G         11G        110G        1.1M        3.0G        112G
2023-07-29 18:19:25  Mem:           125G         11G        110G        1.1M        3.0G        112G
2023-07-29 18:20:13  Mem:           125G         11G        110G        1.1M        3.1G        112G
2023-07-29 18:20:16  Mem:           125G         11G        110G        1.1M        3.1G        112G
2023-07-29 18:20:21  Mem:           125G         11G        110G        1.1M        3.2G        112G
2023-07-29 18:20:24  Mem:           125G         11G        110G        1.1M        3.2G        112G
2023-07-29 18:20:27  Mem:           125G         11G        110G        1.1M        3.2G        112G
2023-07-29 18:20:30  Mem:           125G         11G        110G        1.1M        3.2G        112G
2023-07-29 18:20:33  Mem:           125G         11G        110G        1.1M        3.2G        112G
2023-07-29 18:20:36  Mem:           125G         11G        110G        1.1M        3.2G        112G
2023-07-29 18:20:39  Mem:           125G         11G        110G        1.1M        3.2G        112G
2023-07-29 18:20:42  Mem:           125G         11G        110G        1.1M        3.2G        112G
2023-07-29 18:20:45  Mem:           125G         11G        110G        1.1M        3.2G        112G
2023-07-29 18:20:49  Mem:           125G         11G        109G        1.1M        3.3G        112G
2023-07-29 18:20:52  Mem:           125G         11G        109G        1.1M        3.3G        112G
2023-07-29 18:20:55  Mem:           125G         11G        109G        1.1M        3.3G        112G
2023-07-29 18:20:58  Mem:           125G         11G        109G        1.1M        3.3G        112G
2023-07-29 18:21:01  Mem:           125G         11G        109G        1.1M        3.3G        112G
2023-07-29 18:21:04  Mem:           125G         11G        109G        1.1M        3.3G        112G
2023-07-29 18:21:07  Mem:           125G         11G        109G        1.1M        3.3G        112G
2023-07-29 18:21:10  Mem:           125G         11G        109G        1.1M        3.3G        112G
2023-07-29 18:21:15  Mem:           125G         11G        109G        1.1M        3.3G        112G
2023-07-29 18:21:18  Mem:           125G         12G        109G        1.1M        3.4G        112G
2023-07-29 18:21:21  Mem:           125G         12G        109G        1.1M        3.4G        112G
2023-07-29 18:21:24  Mem:           125G         12G        109G        1.1M        3.4G        112G
2023-07-29 18:21:30  Mem:           125G         12G        109G        1.1M        3.4G        112G
2023-07-29 18:21:33  Mem:           125G         12G        109G        1.1M        3.4G        112G
2023-07-29 18:21:36  Mem:           125G         12G        109G        1.1M        3.4G        112G
2023-07-29 18:21:41  Mem:           125G         12G        109G        1.1M        3.4G        112G
2023-07-29 18:21:44  Mem:           125G         12G        109G        1.1M        3.4G        112G
2023-07-29 18:21:47  Mem:           125G         12G        109G        1.1M        3.5G        112G
2023-07-29 18:21:50  Mem:           125G         12G        109G        1.1M        3.5G        112G
2023-07-29 18:21:53  Mem:           125G         12G        109G        1.1M        3.5G        112G
2023-07-29 18:21:56  Mem:           125G         12G        109G        1.1M        3.5G        112G
2023-07-29 18:21:59  Mem:           125G         12G        109G        1.1M        3.5G        112G
2023-07-29 18:22:02  Mem:           125G         12G        109G        1.1M        3.5G        112G
2023-07-29 18:22:07  Mem:           125G         12G        109G        1.1M        3.5G        112G
2023-07-29 18:22:10  Mem:           125G         12G        109G        1.1M        3.5G        112G
2023-07-29 18:22:13  Mem:           125G         12G        109G        1.1M        3.5G        112G
2023-07-29 18:22:16  Mem:           125G         12G        109G        1.1M        3.5G        112G
2023-07-29 18:22:19  Mem:           125G         12G        109G        1.1M        3.6G        112G
2023-07-29 18:22:22  Mem:           125G         12G        109G        1.1M        3.6G        111G
2023-07-29 18:24:17  Mem:           125G         12G        108G        1.1M        3.9G        111G
2023-07-29 18:24:20  Mem:           125G         12G        108G        1.1M        4.0G        111G
2023-07-29 18:24:24  Mem:           125G         12G        108G        1.1M        4.0G        111G
2023-07-29 18:24:27  Mem:           125G         12G        108G        1.1M        4.0G        111G
2023-07-29 18:24:30  Mem:           125G         12G        108G        1.1M        4.0G        111G
2023-07-29 18:24:33  Mem:           125G         12G        108G        1.1M        4.0G        111G
2023-07-29 18:24:37  Mem:           125G         12G        108G        1.1M        4.0G        111G
2023-07-29 18:24:40  Mem:           125G         12G        108G        1.1M        4.0G        111G
2023-07-29 18:24:43  Mem:           125G         12G        108G        1.1M        4.0G        111G
2023-07-29 18:24:46  Mem:           125G         12G        108G        1.1M        4.0G        111G
2023-07-29 18:24:50  Mem:           125G         12G        108G        1.1M        4.0G        111G
2023-07-29 18:24:53  Mem:           125G         12G        108G        1.1M        4.1G        111G
2023-07-29 18:24:56  Mem:           125G         12G        108G        1.1M        4.1G        111G
2023-07-29 18:24:59  Mem:           125G         12G        108G        1.1M        4.1G        111G
2023-07-29 18:25:02  Mem:           125G         12G        108G        1.1M        4.1G        111G
2023-07-29 18:25:05  Mem:           125G         12G        108G        1.1M        4.1G        111G
2023-07-29 18:25:08  Mem:           125G         12G        108G        1.1M        4.1G        111G
2023-07-29 18:25:13  Mem:           125G         12G        108G        1.1M        4.1G        111G
2023-07-29 18:25:16  Mem:           125G         12G        108G        1.1M        4.1G        111G
2023-07-29 18:25:19  Mem:           125G         12G        108G        1.1M        4.1G        111G
2023-07-29 18:25:22  Mem:           125G         12G        108G        1.1M        4.2G        111G
2023-07-29 18:25:25  Mem:           125G         12G        108G        1.1M        4.2G        111G
2023-07-29 18:25:28  Mem:           125G         12G        108G        1.1M        4.2G        111G
2023-07-29 18:25:31  Mem:           125G         12G        108G        1.1M        4.2G        111G
2023-07-29 18:25:34  Mem:           125G         12G        108G        1.1M        4.2G        111G
2023-07-29 18:25:37  Mem:           125G         12G        108G        1.1M        4.2G        111G
2023-07-29 18:25:40  Mem:           125G         12G        108G        1.1M        4.2G        111G
2023-07-29 18:25:43  Mem:           125G         12G        108G        1.1M        4.2G        111G
2023-07-29 18:25:46  Mem:           125G         12G        108G        1.1M        4.2G        111G
2023-07-29 18:25:49  Mem:           125G         12G        108G        1.1M        4.2G        111G
2023-07-29 18:25:52  Mem:           125G         12G        107G        1.1M        4.2G        111G
2023-07-29 18:25:55  Mem:           125G         12G        107G        1.1M        4.3G        111G
2023-07-29 18:25:58  Mem:           125G         12G        107G        1.1M        4.3G        111G
2023-07-29 18:26:01  Mem:           125G         12G        107G        1.1M        4.3G        111G
2023-07-29 18:26:04  Mem:           125G         12G        107G        1.1M        4.3G        111G
2023-07-29 18:26:07  Mem:           125G         12G        107G        1.1M        4.3G        111G
2023-07-29 18:26:10  Mem:           125G         12G        107G        1.1M        4.3G        111G
2023-07-29 18:26:13  Mem:           125G         12G        107G        1.1M        4.3G        111G
2023-07-29 18:26:16  Mem:           125G         12G        107G        1.1M        4.3G        111G
2023-07-29 18:26:19  Mem:           125G         12G        107G        1.1M        4.3G        111G
2023-07-29 18:26:22  Mem:           125G         13G        107G        1.1M        4.3G        111G
2023-07-29 18:26:25  Mem:           125G         13G        107G        1.1M        4.4G        111G
2023-07-29 18:26:28  Mem:           125G         13G        107G        1.1M        4.4G        111G
2023-07-29 18:26:31  Mem:           125G         13G        107G        1.1M        4.4G        111G
2023-07-29 18:26:34  Mem:           125G         13G        107G        1.1M        4.4G        111G
2023-07-29 18:26:37  Mem:           125G         13G        107G        1.1M        4.4G        111G
2023-07-29 18:26:43  Mem:           125G         13G        107G        1.1M        4.4G        111G
2023-07-29 18:26:46  Mem:           125G         13G        107G        1.1M        4.4G        111G
2023-07-29 18:26:50  Mem:           125G         13G        107G        1.1M        4.4G        111G
2023-07-29 18:26:53  Mem:           125G         13G        107G        1.1M        4.5G        111G
2023-07-29 18:26:56  Mem:           125G         13G        107G        1.1M        4.5G        111G
2023-07-29 18:26:59  Mem:           125G         13G        107G        1.1M        4.5G        111G
2023-07-29 18:27:05  Mem:           125G         13G        107G        1.1M        4.5G        111G
2023-07-29 18:27:08  Mem:           125G         13G        107G        1.1M        4.5G        111G
2023-07-29 18:27:11  Mem:           125G         13G        107G        1.1M        4.5G        111G
2023-07-29 18:27:14  Mem:           125G         13G        107G        1.1M        4.5G        111G
2023-07-29 18:27:19  Mem:           125G         13G        107G        1.1M        4.5G        111G
2023-07-29 18:27:22  Mem:           125G         13G        107G        1.1M        4.5G        111G
2023-07-29 18:27:25  Mem:           125G         13G        107G        1.1M        4.6G        111G
2023-07-29 18:27:28  Mem:           125G         13G        107G        1.1M        4.6G        110G
2023-07-29 18:27:31  Mem:           125G         13G        107G        1.1M        4.6G        110G
2023-07-29 18:27:34  Mem:           125G         13G        107G        1.1M        4.6G        110G
2023-07-29 18:27:38  Mem:           125G         13G        107G        1.1M        4.6G        110G
2023-07-29 18:27:41  Mem:           125G         13G        107G        1.1M        4.6G        110G
2023-07-29 18:27:44  Mem:           125G         13G        107G        1.1M        4.6G        110G
2023-07-29 18:27:48  Mem:           125G         13G        107G        1.1M        4.6G        110G
2023-07-29 18:27:51  Mem:           125G         13G        107G        1.1M        4.6G        110G
2023-07-29 18:27:55  Mem:           125G         13G        107G        1.1M        4.7G        110G
2023-07-29 18:27:58  Mem:           125G         13G        107G        1.1M        4.7G        110G
2023-07-29 18:28:01  Mem:           125G         13G        107G        1.1M        4.7G        110G
2023-07-29 18:28:04  Mem:           125G         13G        107G        1.1M        4.7G        110G
2023-07-29 18:28:08  Mem:           125G         13G        107G        1.1M        4.7G        110G
2023-07-29 18:28:11  Mem:           125G         13G        107G        1.1M        4.7G        110G
2023-07-29 18:28:14  Mem:           125G         13G        107G        1.1M        4.7G        110G
2023-07-29 18:28:17  Mem:           125G         13G        107G        1.1M        4.7G        110G
2023-07-29 18:28:20  Mem:           125G         13G        107G        1.1M        4.7G        110G
2023-07-29 18:28:23  Mem:           125G         13G        107G        1.1M        4.7G        110G
2023-07-29 18:28:26  Mem:           125G         13G        106G        1.1M        4.8G        110G
2023-07-29 18:28:29  Mem:           125G         13G        106G        1.1M        4.8G        110G
2023-07-29 18:28:32  Mem:           125G         13G        106G        1.1M        4.8G        110G
2023-07-29 18:28:35  Mem:           125G         13G        106G        1.1M        4.8G        110G
2023-07-29 18:28:38  Mem:           125G         13G        106G        1.1M        4.8G        110G
2023-07-29 18:28:41  Mem:           125G         13G        106G        1.1M        4.8G        110G
2023-07-29 18:28:44  Mem:           125G         13G        106G        1.1M        4.8G        110G
2023-07-29 18:28:47  Mem:           125G         13G        106G        1.1M        4.8G        110G
2023-07-29 18:28:50  Mem:           125G         13G        106G        1.1M        4.8G        110G
2023-07-29 18:28:53  Mem:           125G         13G        106G        1.1M        4.8G        110G
2023-07-29 18:28:56  Mem:           125G         13G        106G        1.1M        4.9G        110G
2023-07-29 18:28:59  Mem:           125G         13G        106G        1.1M        4.9G        110G
2023-07-29 18:29:03  Mem:           125G         13G        106G        1.1M        4.9G        110G
2023-07-29 18:29:06  Mem:           125G         13G        106G        1.1M        4.9G        110G
2023-07-29 18:29:10  Mem:           125G         13G        106G        1.1M        4.9G        110G
2023-07-29 18:29:13  Mem:           125G         13G        106G        1.1M        4.9G        110G
2023-07-29 18:29:16  Mem:           125G         13G        106G        1.1M        4.9G        110G
2023-07-29 18:29:19  Mem:           125G         13G        106G        1.1M        4.9G        110G
2023-07-29 18:29:23  Mem:           125G         13G        106G        1.1M        4.9G        110G
2023-07-29 18:29:26  Mem:           125G         13G        106G        1.1M        5.0G        110G
2023-07-29 18:29:29  Mem:           125G         13G        106G        1.1M        5.0G        110G
2023-07-29 18:29:32  Mem:           125G         13G        106G        1.1M        5.0G        110G
2023-07-29 18:29:37  Mem:           125G         13G        106G        1.1M        5.0G        110G
2023-07-29 18:29:40  Mem:           125G         13G        106G        1.1M        5.0G        110G
2023-07-29 18:29:43  Mem:           125G         13G        106G        1.1M        5.0G        110G
2023-07-29 18:29:46  Mem:           125G         13G        106G        1.1M        5.0G        110G
2023-07-29 18:29:49  Mem:           125G         13G        106G        1.1M        5.0G        110G
2023-07-29 18:29:55  Mem:           125G         13G        106G        1.1M        5.0G        110G
2023-07-29 18:29:58  Mem:           125G         13G        106G        1.1M        5.1G        110G
2023-07-29 18:30:01  Mem:           125G         13G        106G        1.1M        5.1G        110G
2023-07-29 18:30:05  Mem:           125G         13G        106G        1.1M        5.1G        110G
2023-07-29 18:30:08  Mem:           125G         13G        106G        1.1M        5.1G        110G
2023-07-29 18:30:11  Mem:           125G         13G        106G        1.1M        5.1G        110G
2023-07-29 18:30:14  Mem:           125G         13G        106G        1.1M        5.1G        110G
2023-07-29 18:30:17  Mem:           125G         13G        106G        1.1M        5.1G        110G
2023-07-29 18:30:20  Mem:           125G         13G        106G        1.1M        5.1G        110G
2023-07-29 18:30:24  Mem:           125G         13G        106G        1.1M        5.1G        110G
2023-07-29 18:30:27  Mem:           125G         13G        106G        1.1M        5.1G        110G
2023-07-29 18:30:30  Mem:           125G         13G        106G        1.1M        5.2G        110G
2023-07-29 18:30:33  Mem:           125G         13G        106G        1.1M        5.2G        110G
2023-07-29 18:30:39  Mem:           125G         13G        106G        1.1M        5.2G        110G
2023-07-29 18:30:42  Mem:           125G         13G        106G        1.1M        5.2G        110G
2023-07-29 18:30:45  Mem:           125G         13G        106G        1.1M        5.2G        110G
2023-07-29 18:30:48  Mem:           125G         13G        106G        1.1M        5.2G        110G
2023-07-29 18:30:51  Mem:           125G         13G        106G        1.1M        5.2G        110G
2023-07-29 18:30:57  Mem:           125G         13G        106G        1.1M        5.2G        110G
2023-07-29 18:31:00  Mem:           125G         13G        105G        1.1M        5.3G        110G
2023-07-29 18:31:03  Mem:           125G         13G        105G        1.1M        5.3G        110G
2023-07-29 18:31:06  Mem:           125G         13G        105G        1.1M        5.3G        110G
2023-07-29 18:31:11  Mem:           125G         13G        105G        1.1M        5.3G        110G
2023-07-29 18:31:14  Mem:           125G         13G        105G        1.1M        5.3G        110G
2023-07-29 18:31:17  Mem:           125G         13G        105G        1.1M        5.3G        110G
2023-07-29 18:31:20  Mem:           125G         13G        105G        1.1M        5.3G        110G
2023-07-29 18:31:25  Mem:           125G         13G        105G        1.1M        5.3G        110G
2023-07-29 18:31:28  Mem:           125G         13G        105G        1.1M        5.4G        110G
2023-07-29 18:31:31  Mem:           125G         13G        105G        1.1M        5.4G        110G
2023-07-29 18:31:34  Mem:           125G         14G        105G        1.1M        5.4G        110G
2023-07-29 18:31:38  Mem:           125G         14G        105G        1.1M        5.4G        110G
2023-07-29 18:31:41  Mem:           125G         14G        105G        1.1M        5.4G        110G
2023-07-29 18:31:44  Mem:           125G         14G        105G        1.1M        5.4G        110G
2023-07-29 18:31:47  Mem:           125G         14G        105G        1.1M        5.4G        110G
2023-07-29 18:31:51  Mem:           125G         14G        105G        1.1M        5.4G        110G
2023-07-29 18:31:54  Mem:           125G         14G        105G        1.1M        5.4G        110G
2023-07-29 18:31:57  Mem:           125G         14G        105G        1.1M        5.5G        110G
2023-07-29 18:32:00  Mem:           125G         14G        105G        1.1M        5.5G        110G
2023-07-29 18:32:03  Mem:           125G         14G        105G        1.1M        5.5G        110G
2023-07-29 18:32:06  Mem:           125G         14G        105G        1.1M        5.5G        110G
2023-07-29 18:32:10  Mem:           125G         14G        105G        1.1M        5.5G        110G
2023-07-29 18:32:13  Mem:           125G         14G        105G        1.1M        5.5G        110G
2023-07-29 18:32:16  Mem:           125G         14G        105G        1.1M        5.5G        110G
2023-07-29 18:32:19  Mem:           125G         14G        105G        1.1M        5.5G        110G
2023-07-29 18:32:23  Mem:           125G         14G        105G        1.1M        5.5G        110G
2023-07-29 18:32:26  Mem:           125G         14G        105G        1.1M        5.5G        110G
2023-07-29 18:32:29  Mem:           125G         14G        105G        1.1M        5.6G        110G
2023-07-29 18:32:32  Mem:           125G         14G        105G        1.1M        5.6G        110G
2023-07-29 18:32:35  Mem:           125G         14G        105G        1.1M        5.6G        110G
2023-07-29 18:32:38  Mem:           125G         14G        105G        1.1M        5.6G        110G
2023-07-29 18:32:43  Mem:           125G         14G        105G        1.1M        5.6G        109G
2023-07-29 18:32:46  Mem:           125G         14G        105G        1.1M        5.6G        109G
2023-07-29 18:32:49  Mem:           125G         14G        105G        1.1M        5.6G        109G
2023-07-29 18:32:52  Mem:           125G         14G        105G        1.1M        5.6G        109G
2023-07-29 18:32:57  Mem:           125G         14G        105G        1.1M        5.6G        109G
2023-07-29 18:33:00  Mem:           125G         14G        105G        1.1M        5.7G        109G
2023-07-29 18:33:03  Mem:           125G         14G        105G        1.1M        5.7G        109G
2023-07-29 18:33:06  Mem:           125G         14G        105G        1.1M        5.7G        109G
2023-07-29 18:33:11  Mem:           125G         14G        105G        1.1M        5.7G        109G
2023-07-29 18:33:14  Mem:           125G         14G        105G        1.1M        5.7G        109G
2023-07-29 18:33:17  Mem:           125G         14G        105G        1.1M        5.7G        109G
2023-07-29 18:33:22  Mem:           125G         14G        105G        1.1M        5.7G        109G
2023-07-29 18:33:27  Mem:           125G         14G        105G        1.1M        5.7G        109G
2023-07-29 18:33:30  Mem:           125G         14G        105G        1.1M        5.8G        109G
2023-07-29 18:33:33  Mem:           125G         14G        105G        1.1M        5.8G        109G
2023-07-29 18:33:36  Mem:           125G         14G        104G        1.1M        5.8G        109G
2023-07-29 18:33:39  Mem:           125G         14G        104G        1.1M        5.8G        109G
2023-07-29 18:33:42  Mem:           125G         14G        104G        1.1M        5.8G        109G
2023-07-29 18:33:45  Mem:           125G         14G        104G        1.1M        5.8G        109G
2023-07-29 18:33:48  Mem:           125G         14G        104G        1.1M        5.8G        109G
2023-07-29 18:33:54  Mem:           125G         14G        104G        1.1M        5.8G        109G
2023-07-29 18:33:57  Mem:           125G         14G        104G        1.1M        5.9G        109G
2023-07-29 18:34:00  Mem:           125G         14G        104G        1.1M        5.9G        109G
2023-07-29 18:34:06  Mem:           125G         14G        104G        1.1M        5.9G        109G
2023-07-29 18:34:09  Mem:           125G         14G        104G        1.1M        5.9G        109G
2023-07-29 18:34:12  Mem:           125G         14G        104G        1.1M        5.9G        109G
2023-07-29 18:34:15  Mem:           125G         14G        104G        1.1M        5.9G        109G
2023-07-29 18:34:18  Mem:           125G         14G        104G        1.1M        5.9G        109G
2023-07-29 18:34:22  Mem:           125G         14G        104G        1.1M        5.9G        109G
2023-07-29 18:34:25  Mem:           125G         14G        104G        1.1M        5.9G        109G
2023-07-29 18:34:28  Mem:           125G         14G        104G        1.1M        6.0G        109G
2023-07-29 18:34:31  Mem:           125G         14G        104G        1.1M        6.0G        109G
2023-07-29 18:34:35  Mem:           125G         14G        104G        1.1M        6.0G        109G
2023-07-29 18:34:38  Mem:           125G         14G        104G        1.1M        6.0G        109G
2023-07-29 18:34:41  Mem:           125G         14G        104G        1.1M        6.0G        109G
2023-07-29 18:34:44  Mem:           125G         14G        104G        1.1M        6.0G        109G
2023-07-29 18:34:47  Mem:           125G         14G        104G        1.1M        6.0G        109G
2023-07-29 18:34:50  Mem:           125G         14G        104G        1.1M        6.0G        109G
2023-07-29 18:34:54  Mem:           125G         14G        104G        1.1M        6.0G        109G
2023-07-29 18:34:57  Mem:           125G         14G        104G        1.1M        6.0G        109G
2023-07-29 18:35:01  Mem:           125G         14G        104G        1.1M        6.1G        109G
2023-07-29 18:35:04  Mem:           125G         14G        104G        1.1M        6.1G        109G
2023-07-29 18:35:08  Mem:           125G         14G        104G        1.1M        6.1G        109G
2023-07-29 18:35:12  Mem:           125G         14G        104G        1.1M        6.1G        109G
2023-07-29 18:35:15  Mem:           125G         14G        104G        1.1M        6.1G        109G
2023-07-29 18:35:18  Mem:           125G         14G        104G        1.1M        6.1G        109G
2023-07-29 18:35:21  Mem:           125G         14G        104G        1.1M        6.1G        109G
2023-07-29 18:35:25  Mem:           125G         14G        104G        1.1M        6.1G        109G
2023-07-29 18:35:28  Mem:           125G         14G        104G        1.1M        6.1G        109G
2023-07-29 18:35:31  Mem:           125G         14G        104G        1.1M        6.2G        109G
2023-07-29 18:35:34  Mem:           125G         14G        104G        1.1M        6.2G        109G
2023-07-29 18:35:38  Mem:           125G         14G        104G        1.1M        6.2G        109G
2023-07-29 18:35:41  Mem:           125G         14G        104G        1.1M        6.2G        109G
2023-07-29 18:35:44  Mem:           125G         14G        104G        1.1M        6.2G        109G
2023-07-29 18:35:47  Mem:           125G         14G        104G        1.1M        6.2G        109G
2023-07-29 18:35:50  Mem:           125G         14G        104G        1.1M        6.2G        109G
2023-07-29 18:35:56  Mem:           125G         14G        104G        1.1M        6.2G        109G
2023-07-29 18:35:59  Mem:           125G         14G        104G        1.1M        6.3G        109G
2023-07-29 18:36:02  Mem:           125G         14G        104G        1.1M        6.3G        109G
2023-07-29 18:36:06  Mem:           125G         14G        104G        1.1M        6.3G        109G
2023-07-29 18:36:09  Mem:           125G         14G        103G        1.1M        6.3G        109G
2023-07-29 18:36:12  Mem:           125G         14G        103G        1.1M        6.3G        109G
2023-07-29 18:36:15  Mem:           125G         14G        103G        1.1M        6.3G        109G
2023-07-29 18:36:19  Mem:           125G         14G        103G        1.1M        6.3G        109G
2023-07-29 18:36:22  Mem:           125G         14G        103G        1.1M        6.3G        109G
2023-07-29 18:36:25  Mem:           125G         14G        103G        1.1M        6.3G        109G
2023-07-29 18:36:30  Mem:           125G         14G        103G        1.1M        6.4G        109G
2023-07-29 18:36:33  Mem:           125G         14G        103G        1.1M        6.4G        109G
2023-07-29 18:36:41  Mem:           125G         14G        103G        1.1M        6.4G        109G
2023-07-29 18:36:44  Mem:           125G         14G        103G        1.1M        6.4G        109G
2023-07-29 18:36:47  Mem:           125G         14G        103G        1.1M        6.4G        109G
2023-07-29 18:36:50  Mem:           125G         14G        103G        1.1M        6.4G        109G
2023-07-29 18:36:53  Mem:           125G         15G        103G        1.1M        6.4G        109G
2023-07-29 18:36:56  Mem:           125G         15G        103G        1.1M        6.4G        109G
2023-07-29 18:36:59  Mem:           125G         15G        103G        1.1M        6.4G        109G
2023-07-29 18:37:02  Mem:           125G         15G        103G        1.1M        6.5G        109G
2023-07-29 18:37:05  Mem:           125G         15G        103G        1.1M        6.5G        109G
2023-07-29 18:37:08  Mem:           125G         15G        103G        1.1M        6.5G        109G
2023-07-29 18:37:11  Mem:           125G         15G        103G        1.1M        6.5G        109G
2023-07-29 18:37:15  Mem:           125G         15G        103G        1.1M        6.5G        109G
2023-07-29 18:37:18  Mem:           125G         15G        103G        1.1M        6.5G        109G
2023-07-29 18:37:21  Mem:           125G         15G        103G        1.1M        6.5G        109G
2023-07-29 18:37:24  Mem:           125G         15G        103G        1.1M        6.5G        109G
2023-07-29 18:37:27  Mem:           125G         15G        103G        1.1M        6.5G        109G
2023-07-29 18:37:30  Mem:           125G         15G        103G        1.1M        6.5G        109G
2023-07-29 18:37:33  Mem:           125G         15G        103G        1.1M        6.6G        109G
2023-07-29 18:37:37  Mem:           125G         15G        103G        1.1M        6.6G        109G
2023-07-29 18:37:40  Mem:           125G         15G        103G        1.1M        6.6G        109G
2023-07-29 18:37:43  Mem:           125G         15G        103G        1.1M        6.6G        109G
2023-07-29 18:37:46  Mem:           125G         15G        103G        1.1M        6.6G        109G
2023-07-29 18:37:50  Mem:           125G         15G        103G        1.1M        6.6G        109G
2023-07-29 18:37:53  Mem:           125G         15G        103G        1.1M        6.6G        109G
2023-07-29 18:37:58  Mem:           125G         15G        103G        1.1M        6.6G        108G
2023-07-29 18:38:01  Mem:           125G         15G        103G        1.1M        6.6G        108G
2023-07-29 18:38:04  Mem:           125G         15G        103G        1.1M        6.7G        108G
2023-07-29 18:38:07  Mem:           125G         15G        103G        1.1M        6.7G        108G
2023-07-29 18:38:12  Mem:           125G         15G        103G        1.1M        6.7G        108G
2023-07-29 18:38:15  Mem:           125G         15G        103G        1.1M        6.7G        108G
2023-07-29 18:38:19  Mem:           125G         15G        103G        1.1M        6.7G        108G
2023-07-29 18:38:22  Mem:           125G         15G        103G        1.1M        6.7G        108G
2023-07-29 18:38:26  Mem:           125G         15G        103G        1.1M        6.7G        108G
2023-07-29 18:38:29  Mem:           125G         15G        103G        1.1M        6.7G        108G
2023-07-29 18:38:32  Mem:           125G         15G        103G        1.1M        6.8G        108G
2023-07-29 18:38:35  Mem:           125G         15G        103G        1.1M        6.8G        108G
2023-07-29 18:38:40  Mem:           125G         15G        103G        1.1M        6.8G        108G
2023-07-29 18:38:43  Mem:           125G         15G        103G        1.1M        6.8G        108G
2023-07-29 18:38:46  Mem:           125G         15G        102G        1.1M        6.8G        108G
2023-07-29 18:38:49  Mem:           125G         15G        102G        1.1M        6.8G        108G
2023-07-29 18:38:54  Mem:           125G         15G        102G        1.1M        6.8G        108G
2023-07-29 18:38:58  Mem:           125G         15G        102G        1.1M        6.8G        108G
2023-07-29 18:39:01  Mem:           125G         15G        102G        1.1M        6.8G        108G
2023-07-29 18:39:04  Mem:           125G         15G        102G        1.1M        6.9G        108G
2023-07-29 18:39:07  Mem:           125G         15G        102G        1.1M        6.9G        108G
2023-07-29 18:39:11  Mem:           125G         15G        102G        1.1M        6.9G        108G
2023-07-29 18:39:14  Mem:           125G         15G        102G        1.1M        6.9G        108G
2023-07-29 18:39:17  Mem:           125G         15G        102G        1.1M        6.9G        108G
2023-07-29 18:39:20  Mem:           125G         15G        102G        1.1M        6.9G        108G
2023-07-29 18:39:23  Mem:           125G         15G        102G        1.1M        6.9G        108G
2023-07-29 18:39:26  Mem:           125G         15G        102G        1.1M        6.9G        108G
2023-07-29 18:39:29  Mem:           125G         15G        102G        1.1M        6.9G        108G
2023-07-29 18:39:32  Mem:           125G         15G        102G        1.1M        7.0G        108G
2023-07-29 18:39:36  Mem:           125G         15G        102G        1.1M        7.0G        108G
2023-07-29 18:39:39  Mem:           125G         15G        102G        1.1M        7.0G        108G
2023-07-29 18:39:43  Mem:           125G         15G        102G        1.1M        7.0G        108G
2023-07-29 18:39:46  Mem:           125G         15G        102G        1.1M        7.0G        108G
2023-07-29 18:39:49  Mem:           125G         15G        102G        1.1M        7.0G        108G
2023-07-29 18:39:52  Mem:           125G         15G        102G        1.1M        7.0G        108G
2023-07-29 18:39:58  Mem:           125G         15G        102G        1.1M        7.0G        108G
2023-07-29 18:40:02  Mem:           125G         15G        102G        1.1M        7.1G        108G
2023-07-29 18:40:05  Mem:           125G         15G        102G        1.1M        7.1G        108G
2023-07-29 18:40:08  Mem:           125G         15G        102G        1.1M        7.1G        108G
2023-07-29 18:40:11  Mem:           125G         15G        102G        1.1M        7.1G        108G
2023-07-29 18:40:14  Mem:           125G         15G        102G        1.1M        7.1G        108G
2023-07-29 18:40:19  Mem:           125G         15G        102G        1.1M        7.1G        108G
2023-07-29 18:40:22  Mem:           125G         15G        102G        1.1M        7.1G        108G
2023-07-29 18:40:25  Mem:           125G         15G        102G        1.1M        7.1G        108G
2023-07-29 18:40:28  Mem:           125G         15G        102G        1.1M        7.1G        108G
2023-07-29 18:40:33  Mem:           125G         15G        102G        1.1M        7.2G        108G
2023-07-29 18:40:36  Mem:           125G         15G        102G        1.1M        7.2G        108G
2023-07-29 18:40:42  Mem:           125G         15G        102G        1.1M        7.2G        108G
2023-07-29 18:40:45  Mem:           125G         15G        102G        1.1M        7.2G        108G
2023-07-29 18:40:48  Mem:           125G         15G        102G        1.1M        7.2G        108G
2023-07-29 18:40:53  Mem:           125G         15G        102G        1.1M        7.2G        108G
2023-07-29 18:40:56  Mem:           125G         15G        102G        1.1M        7.2G        108G
2023-07-29 18:41:00  Mem:           125G         15G        102G        1.1M        7.2G        108G
2023-07-29 18:41:03  Mem:           125G         15G        102G        1.1M        7.3G        108G
2023-07-29 18:41:06  Mem:           125G         15G        102G        1.1M        7.3G        108G
2023-07-29 18:41:09  Mem:           125G         15G        102G        1.1M        7.3G        108G
2023-07-29 18:41:14  Mem:           125G         15G        102G        1.1M        7.3G        108G
2023-07-29 18:41:17  Mem:           125G         15G        102G        1.1M        7.3G        108G
2023-07-29 18:41:44  Mem:           125G         15G        101G        1.1M        7.4G        108G
2023-07-29 18:41:47  Mem:           125G         15G        101G        1.1M        7.4G        108G
2023-07-29 18:41:50  Mem:           125G         15G        101G        1.1M        7.4G        108G
2023-07-29 18:41:53  Mem:           125G         15G        101G        1.1M        7.4G        108G
2023-07-29 18:41:56  Mem:           125G         15G        101G        1.1M        7.4G        108G
2023-07-29 18:41:59  Mem:           125G         15G        101G        1.1M        7.4G        108G
2023-07-29 18:42:02  Mem:           125G         15G        101G        1.1M        7.5G        108G
2023-07-29 18:42:05  Mem:           125G         15G        101G        1.1M        7.5G        108G
2023-07-29 18:42:09  Mem:           125G         15G        101G        1.1M        7.5G        108G
2023-07-29 18:42:12  Mem:           125G         16G        101G        1.1M        7.5G        108G
2023-07-29 18:42:15  Mem:           125G         16G        101G        1.1M        7.5G        108G
2023-07-29 18:42:18  Mem:           125G         16G        101G        1.1M        7.5G        108G
2023-07-29 18:42:23  Mem:           125G         16G        101G        1.1M        7.5G        108G
2023-07-29 18:42:28  Mem:           125G         16G        101G        1.1M        7.5G        108G
2023-07-29 18:42:31  Mem:           125G         16G        101G        1.1M        7.5G        108G
2023-07-29 18:42:34  Mem:           125G         16G        101G        1.1M        7.6G        108G
2023-07-29 18:42:37  Mem:           125G         16G        101G        1.1M        7.6G        108G
2023-07-29 18:42:41  Mem:           125G         16G        101G        1.1M        7.6G        108G
2023-07-29 18:42:44  Mem:           125G         16G        101G        1.1M        7.6G        108G
2023-07-29 18:42:47  Mem:           125G         16G        101G        1.1M        7.6G        108G
2023-07-29 18:42:50  Mem:           125G         16G        101G        1.1M        7.6G        108G
2023-07-29 18:42:53  Mem:           125G         16G        101G        1.1M        7.6G        108G
2023-07-29 18:42:56  Mem:           125G         16G        101G        1.1M        7.6G        108G
2023-07-29 18:43:00  Mem:           125G         16G        101G        1.1M        7.6G        108G
2023-07-29 18:43:03  Mem:           125G         16G        101G        1.1M        7.7G        108G
2023-07-29 18:43:06  Mem:           125G         16G        101G        1.1M        7.7G        108G
2023-07-29 18:43:09  Mem:           125G         16G        101G        1.1M        7.7G        108G
2023-07-29 18:43:14  Mem:           125G         16G        101G        1.1M        7.7G        108G
2023-07-29 18:43:18  Mem:           125G         16G        101G        1.1M        7.7G        107G
2023-07-29 18:43:21  Mem:           125G         16G        101G        1.1M        7.7G        107G
2023-07-29 18:43:24  Mem:           125G         16G        101G        1.1M        7.7G        107G
2023-07-29 18:43:27  Mem:           125G         16G        101G        1.1M        7.7G        107G
2023-07-29 18:43:30  Mem:           125G         16G        101G        1.1M        7.7G        107G
2023-07-29 18:43:33  Mem:           125G         16G        101G        1.1M        7.8G        107G
2023-07-29 18:43:37  Mem:           125G         16G        101G        1.1M        7.8G        107G
2023-07-29 18:43:40  Mem:           125G         16G        101G        1.1M        7.8G        107G
2023-07-29 18:43:44  Mem:           125G         16G        101G        1.1M        7.8G        107G
2023-07-29 18:43:47  Mem:           125G         16G        101G        1.1M        7.8G        107G
2023-07-29 18:43:50  Mem:           125G         16G        101G        1.1M        7.8G        107G
2023-07-29 18:43:53  Mem:           125G         16G        101G        1.1M        7.8G        107G
2023-07-29 18:43:56  Mem:           125G         16G        100G        1.1M        7.8G        107G
2023-07-29 18:43:59  Mem:           125G         16G        100G        1.1M        7.8G        107G
2023-07-29 18:44:03  Mem:           125G         16G        100G        1.1M        7.9G        107G
2023-07-29 18:44:06  Mem:           125G         16G        100G        1.1M        7.9G        107G
2023-07-29 18:44:09  Mem:           125G         16G        100G        1.1M        7.9G        107G
2023-07-29 18:44:12  Mem:           125G         16G        100G        1.1M        7.9G        107G
2023-07-29 18:44:16  Mem:           125G         16G        100G        1.1M        7.9G        107G
2023-07-29 18:44:19  Mem:           125G         16G        100G        1.1M        7.9G        107G
2023-07-29 18:44:22  Mem:           125G         16G        100G        1.1M        7.9G        107G
2023-07-29 18:44:25  Mem:           125G         16G        100G        1.1M        7.9G        107G
2023-07-29 18:44:30  Mem:           125G         16G        100G        1.1M        7.9G        107G
2023-07-29 18:44:33  Mem:           125G         16G        100G        1.1M        7.9G        107G
2023-07-29 18:44:36  Mem:           125G         16G        100G        1.1M        8.0G        107G
2023-07-29 18:44:39  Mem:           125G         16G        100G        1.1M        8.0G        107G
2023-07-29 18:44:42  Mem:           125G         16G        100G        1.1M        8.0G        107G
2023-07-29 18:44:45  Mem:           125G         16G        100G        1.1M        8.0G        107G
2023-07-29 18:44:49  Mem:           125G         16G        100G        1.1M        8.0G        107G
2023-07-29 18:44:52  Mem:           125G         16G        100G        1.1M        8.0G        107G
2023-07-29 18:44:55  Mem:           125G         16G        100G        1.1M        8.0G        107G
2023-07-29 18:44:58  Mem:           125G         16G        100G        1.1M        8.0G        107G
2023-07-29 18:45:02  Mem:           125G         16G        100G        1.1M        8.0G        107G
2023-07-29 18:45:07  Mem:           125G         16G        100G        1.1M        8.1G        107G
2023-07-29 18:45:10  Mem:           125G         16G        100G        1.1M        8.1G        107G
2023-07-29 18:45:13  Mem:           125G         16G        100G        1.1M        8.1G        107G
2023-07-29 18:45:16  Mem:           125G         16G        100G        1.1M        8.1G        107G
2023-07-29 18:45:21  Mem:           125G         16G        100G        1.1M        8.1G        107G
2023-07-29 18:45:24  Mem:           125G         16G        100G        1.1M        8.1G        107G
2023-07-29 18:45:27  Mem:           125G         16G        100G        1.1M        8.1G        107G
2023-07-29 18:45:30  Mem:           125G         16G        100G        1.1M        8.1G        107G
2023-07-29 18:45:36  Mem:           125G         16G        100G        1.1M        8.2G        107G
2023-07-29 18:45:39  Mem:           125G         16G        100G        1.1M        8.2G        107G
2023-07-29 18:45:42  Mem:           125G         16G        100G        1.1M        8.2G        107G
2023-07-29 18:45:45  Mem:           125G         16G        100G        1.1M        8.2G        107G
2023-07-29 18:45:48  Mem:           125G         16G        100G        1.1M        8.2G        107G
2023-07-29 18:45:51  Mem:           125G         16G        100G        1.1M        8.2G        107G
2023-07-29 18:45:54  Mem:           125G         16G        100G        1.1M        8.2G        107G
2023-07-29 18:45:57  Mem:           125G         16G        100G        1.1M        8.2G        107G
2023-07-29 18:46:00  Mem:           125G         16G        100G        1.1M        8.2G        107G
2023-07-29 18:46:03  Mem:           125G         16G        100G        1.1M        8.2G        107G
2023-07-29 18:46:06  Mem:           125G         16G        100G        1.1M        8.3G        107G
2023-07-29 18:46:09  Mem:           125G         16G        100G        1.1M        8.3G        107G
2023-07-29 18:46:12  Mem:           125G         16G        100G        1.1M        8.3G        107G
2023-07-29 18:46:15  Mem:           125G         16G        100G        1.1M        8.3G        107G
2023-07-29 18:46:20  Mem:           125G         16G        100G        1.1M        8.3G        107G
2023-07-29 18:46:23  Mem:           125G         16G        100G        1.1M        8.3G        107G
2023-07-29 18:46:26  Mem:           125G         16G        100G        1.1M        8.3G        107G
2023-07-29 18:46:30  Mem:           125G         16G        100G        1.1M        8.3G        107G
2023-07-29 18:46:33  Mem:           125G         16G         99G        1.1M        8.3G        107G
2023-07-29 18:46:36  Mem:           125G         16G         99G        1.1M        8.4G        107G
2023-07-29 18:46:41  Mem:           125G         16G         99G        1.1M        8.4G        107G
2023-07-29 18:46:44  Mem:           125G         16G         99G        1.1M        8.4G        107G
2023-07-29 18:46:47  Mem:           125G         16G         99G        1.1M        8.4G        107G
2023-07-29 18:46:50  Mem:           125G         16G         99G        1.1M        8.4G        107G
2023-07-29 18:46:53  Mem:           125G         16G         99G        1.1M        8.4G        107G
2023-07-29 18:46:56  Mem:           125G         16G         99G        1.1M        8.4G        107G
2023-07-29 18:46:59  Mem:           125G         16G         99G        1.1M        8.4G        107G
2023-07-29 18:47:02  Mem:           125G         16G         99G        1.1M        8.4G        107G
2023-07-29 18:47:05  Mem:           125G         16G         99G        1.1M        8.5G        107G
2023-07-29 18:47:08  Mem:           125G         16G         99G        1.1M        8.5G        107G
2023-07-29 18:47:11  Mem:           125G         16G         99G        1.1M        8.5G        107G
2023-07-29 18:47:14  Mem:           125G         16G         99G        1.1M        8.5G        107G
2023-07-29 18:47:17  Mem:           125G         16G         99G        1.1M        8.5G        107G
2023-07-29 18:47:20  Mem:           125G         16G         99G        1.1M        8.5G        107G
2023-07-29 18:47:24  Mem:           125G         16G         99G        1.1M        8.5G        107G
2023-07-29 18:47:27  Mem:           125G         16G         99G        1.1M        8.5G        107G
2023-07-29 18:47:31  Mem:           125G         16G         99G        1.1M        8.5G        107G
2023-07-29 18:47:34  Mem:           125G         17G         99G        1.1M        8.5G        107G
2023-07-29 18:47:37  Mem:           125G         17G         99G        1.1M        8.6G        107G
2023-07-29 18:47:40  Mem:           125G         17G         99G        1.1M        8.6G        107G
2023-07-29 18:47:45  Mem:           125G         17G         99G        1.1M        8.6G        107G
2023-07-29 18:47:48  Mem:           125G         17G         99G        1.1M        8.6G        107G
2023-07-29 18:47:51  Mem:           125G         17G         99G        1.1M        8.6G        107G
2023-07-29 18:47:54  Mem:           125G         17G         99G        1.1M        8.6G        107G
2023-07-29 18:47:58  Mem:           125G         17G         99G        1.1M        8.6G        107G
2023-07-29 18:48:01  Mem:           125G         17G         99G        1.1M        8.6G        107G
2023-07-29 18:48:04  Mem:           125G         17G         99G        1.1M        8.6G        107G
2023-07-29 18:48:07  Mem:           125G         17G         99G        1.1M        8.7G        107G
2023-07-29 18:48:10  Mem:           125G         17G         99G        1.1M        8.7G        107G
2023-07-29 18:48:13  Mem:           125G         17G         99G        1.1M        8.7G        107G
2023-07-29 18:48:16  Mem:           125G         17G         99G        1.1M        8.7G        107G
2023-07-29 18:48:21  Mem:           125G         17G         99G        1.1M        8.7G        107G
2023-07-29 18:48:25  Mem:           125G         17G         99G        1.1M        8.7G        107G
2023-07-29 18:48:28  Mem:           125G         17G         99G        1.1M        8.7G        107G
2023-07-29 18:48:33  Mem:           125G         17G         99G        1.1M        8.7G        107G
2023-07-29 18:48:36  Mem:           125G         17G         99G        1.1M        8.8G        107G
2023-07-29 18:48:39  Mem:           125G         17G         99G        1.1M        8.8G        106G
2023-07-29 18:48:42  Mem:           125G         17G         99G        1.1M        8.8G        106G
2023-07-29 18:48:45  Mem:           125G         17G         99G        1.1M        8.8G        106G
2023-07-29 18:48:48  Mem:           125G         17G         99G        1.1M        8.8G        106G
2023-07-29 18:48:51  Mem:           125G         17G         99G        1.1M        8.8G        106G
2023-07-29 18:48:55  Mem:           125G         17G         99G        1.1M        8.8G        106G
2023-07-29 18:48:58  Mem:           125G         17G         99G        1.1M        8.8G        106G
2023-07-29 18:49:01  Mem:           125G         17G         99G        1.1M        8.8G        106G
2023-07-29 18:49:04  Mem:           125G         17G         99G        1.1M        8.8G        106G
2023-07-29 18:49:09  Mem:           125G         17G         98G        1.1M        8.9G        106G
2023-07-29 18:49:12  Mem:           125G         17G         98G        1.1M        8.9G        106G
2023-07-29 18:49:15  Mem:           125G         17G         98G        1.1M        8.9G        106G
2023-07-29 18:49:18  Mem:           125G         17G         98G        1.1M        8.9G        106G
2023-07-29 18:49:21  Mem:           125G         17G         98G        1.1M        8.9G        106G
2023-07-29 18:49:24  Mem:           125G         17G         98G        1.1M        8.9G        106G
2023-07-29 18:49:27  Mem:           125G         17G         98G        1.1M        8.9G        106G
2023-07-29 18:49:30  Mem:           125G         17G         98G        1.1M        8.9G        106G
2023-07-29 18:49:33  Mem:           125G         17G         98G        1.1M        9.0G        106G
2023-07-29 18:49:37  Mem:           125G         17G         98G        1.1M        9.0G        106G
2023-07-29 18:49:40  Mem:           125G         17G         98G        1.1M        9.0G        106G
2023-07-29 18:49:43  Mem:           125G         17G         98G        1.1M        9.0G        106G
2023-07-29 18:49:46  Mem:           125G         17G         98G        1.1M        9.0G        106G
2023-07-29 18:49:49  Mem:           125G         17G         98G        1.1M        9.0G        106G
2023-07-29 18:49:53  Mem:           125G         17G         98G        1.1M        9.0G        106G
2023-07-29 18:49:56  Mem:           125G         17G         98G        1.1M        9.0G        106G
2023-07-29 18:49:59  Mem:           125G         17G         98G        1.1M        9.0G        106G
2023-07-29 18:50:02  Mem:           125G         17G         98G        1.1M        9.0G        106G
2023-07-29 18:50:05  Mem:           125G         17G         98G        1.1M        9.1G        106G
2023-07-29 18:50:08  Mem:           125G         17G         98G        1.1M        9.1G        106G
2023-07-29 18:50:12  Mem:           125G         17G         98G        1.1M        9.1G        106G
2023-07-29 18:50:15  Mem:           125G         17G         98G        1.1M        9.1G        106G
2023-07-29 18:50:18  Mem:           125G         17G         98G        1.1M        9.1G        106G
2023-07-29 18:50:21  Mem:           125G         17G         98G        1.1M        9.1G        106G
2023-07-29 18:50:26  Mem:           125G         17G         98G        1.1M        9.1G        106G
2023-07-29 18:50:29  Mem:           125G         17G         98G        1.1M        9.1G        106G
2023-07-29 18:50:32  Mem:           125G         17G         98G        1.1M        9.1G        106G
2023-07-29 18:50:35  Mem:           125G         17G         98G        1.1M        9.2G        106G
2023-07-29 18:50:39  Mem:           125G         17G         98G        1.1M        9.2G        106G
2023-07-29 18:50:42  Mem:           125G         17G         98G        1.1M        9.2G        106G
2023-07-29 18:50:45  Mem:           125G         17G         98G        1.1M        9.2G        106G
2023-07-29 18:50:48  Mem:           125G         17G         98G        1.1M        9.2G        106G
2023-07-29 18:50:52  Mem:           125G         17G         98G        1.1M        9.2G        106G
2023-07-29 18:50:55  Mem:           125G         17G         98G        1.1M        9.2G        106G
2023-07-29 18:51:02  Mem:           125G         17G         98G        1.1M        9.2G        106G
2023-07-29 18:51:06  Mem:           125G         17G         98G        1.1M        9.3G        106G
2023-07-29 18:51:09  Mem:           125G         17G         98G        1.1M        9.3G        106G
2023-07-29 18:51:12  Mem:           125G         17G         98G        1.1M        9.3G        106G
2023-07-29 18:51:15  Mem:           125G         17G         98G        1.1M        9.3G        106G
2023-07-29 18:51:18  Mem:           125G         17G         98G        1.1M        9.3G        106G
2023-07-29 18:51:21  Mem:           125G         17G         98G        1.1M        9.3G        106G
2023-07-29 18:52:10  Mem:           125G         17G         97G        1.1M        9.5G        106G
2023-07-29 18:52:13  Mem:           125G         17G         97G        1.1M        9.5G        106G
2023-07-29 18:52:16  Mem:           125G         17G         97G        1.1M        9.5G        106G
2023-07-29 18:52:19  Mem:           125G         17G         97G        1.1M        9.5G        106G
2023-07-29 18:52:23  Mem:           125G         17G         97G        1.1M        9.5G        106G
2023-07-29 18:52:26  Mem:           125G         17G         97G        1.1M        9.5G        106G
2023-07-29 18:52:31  Mem:           125G         17G         97G        1.1M        9.5G        106G
2023-07-29 18:52:34  Mem:           125G         17G         97G        1.1M        9.6G        106G
2023-07-29 18:52:37  Mem:           125G         17G         97G        1.1M        9.6G        106G
2023-07-29 18:52:40  Mem:           125G         17G         97G        1.1M        9.6G        106G
2023-07-29 18:52:44  Mem:           125G         17G         97G        1.1M        9.6G        106G
2023-07-29 18:52:48  Mem:           125G         17G         97G        1.1M        9.6G        106G
2023-07-29 18:52:51  Mem:           125G         17G         97G        1.1M        9.6G        106G
2023-07-29 18:52:54  Mem:           125G         17G         97G        1.1M        9.6G        106G
2023-07-29 18:52:57  Mem:           125G         17G         97G        1.1M        9.6G        106G
2023-07-29 18:53:00  Mem:           125G         18G         97G        1.1M        9.6G        106G
2023-07-29 18:53:03  Mem:           125G         18G         97G        1.1M        9.7G        106G
2023-07-29 18:53:07  Mem:           125G         18G         97G        1.1M        9.7G        106G
2023-07-29 18:53:10  Mem:           125G         18G         97G        1.1M        9.7G        106G
2023-07-29 18:53:13  Mem:           125G         18G         97G        1.1M        9.7G        106G
2023-07-29 18:53:16  Mem:           125G         18G         97G        1.1M        9.7G        106G
2023-07-29 18:53:20  Mem:           125G         18G         97G        1.1M        9.7G        106G
2023-07-29 18:53:23  Mem:           125G         18G         97G        1.1M        9.7G        106G
2023-07-29 18:53:28  Mem:           125G         18G         97G        1.1M        9.7G        106G
2023-07-29 18:53:31  Mem:           125G         18G         97G        1.1M        9.8G        106G
2023-07-29 18:53:35  Mem:           125G         18G         97G        1.1M        9.8G        106G
2023-07-29 18:53:38  Mem:           125G         18G         97G        1.1M        9.8G        106G
2023-07-29 18:53:41  Mem:           125G         18G         97G        1.1M        9.8G        106G
2023-07-29 18:53:44  Mem:           125G         18G         97G        1.1M        9.8G        106G
2023-07-29 18:53:50  Mem:           125G         18G         97G        1.1M        9.8G        106G
2023-07-29 18:53:53  Mem:           125G         18G         97G        1.1M        9.8G        106G
2023-07-29 18:53:56  Mem:           125G         18G         97G        1.1M        9.8G        106G
2023-07-29 18:53:59  Mem:           125G         18G         97G        1.1M        9.9G        105G
2023-07-29 18:54:02  Mem:           125G         18G         97G        1.1M        9.9G        105G
2023-07-29 18:54:07  Mem:           125G         18G         97G        1.1M        9.9G        105G
2023-07-29 18:54:10  Mem:           125G         18G         97G        1.1M        9.9G        105G
2023-07-29 18:54:13  Mem:           125G         18G         97G        1.1M        9.9G        105G
2023-07-29 18:54:16  Mem:           125G         18G         96G        1.1M        9.9G        105G
2023-07-29 18:54:20  Mem:           125G         18G         96G        1.1M        9.9G        105G
2023-07-29 18:54:23  Mem:           125G         18G         96G        1.1M        9.9G        105G
2023-07-29 18:54:27  Mem:           125G         18G         96G        1.1M        9.9G        105G
2023-07-29 18:54:30  Mem:           125G         18G         96G        1.1M          9G        105G
2023-07-29 18:54:33  Mem:           125G         18G         96G        1.1M          9G        105G
2023-07-29 18:54:36  Mem:           125G         18G         96G        1.1M          9G        105G
2023-07-29 18:54:39  Mem:           125G         18G         96G        1.1M          9G        105G
2023-07-29 18:54:42  Mem:           125G         18G         96G        1.1M          9G        105G
2023-07-29 18:54:45  Mem:           125G         18G         96G        1.1M         10G        105G
2023-07-29 18:54:48  Mem:           125G         18G         96G        1.1M         10G        105G
2023-07-29 18:54:51  Mem:           125G         18G         96G        1.1M         10G        105G
2023-07-29 18:54:54  Mem:           125G         18G         96G        1.1M         10G        105G
2023-07-29 18:55:00  Mem:           125G         18G         96G        1.1M         10G        105G
2023-07-29 18:55:03  Mem:           125G         18G         96G        1.1M         10G        105G
2023-07-29 18:55:06  Mem:           125G         18G         96G        1.1M         10G        105G
2023-07-29 18:55:09  Mem:           125G         18G         96G        1.1M         10G        105G
2023-07-29 18:55:12  Mem:           125G         18G         96G        1.1M         10G        105G
2023-07-29 18:55:15  Mem:           125G         18G         96G        1.1M         10G        105G
2023-07-29 18:55:19  Mem:           125G         18G         96G        1.1M         10G        105G
2023-07-29 18:55:22  Mem:           125G         18G         96G        1.1M         10G        105G
2023-07-29 18:55:25  Mem:           125G         18G         96G        1.1M         10G        105G
2023-07-29 18:55:28  Mem:           125G         18G         96G        1.1M         10G        105G
2023-07-29 18:55:35  Mem:           125G         18G         96G        1.1M         10G        105G
2023-07-29 18:55:38  Mem:           125G         18G         96G        1.1M         10G        105G
2023-07-29 18:55:45  Mem:           125G         18G         96G        1.1M         10G        105G
2023-07-29 18:55:48  Mem:           125G         18G         96G        1.1M         10G        105G
2023-07-29 18:55:52  Mem:           125G         18G         96G        1.1M         10G        105G
2023-07-29 18:55:55  Mem:           125G         18G         96G        1.1M         10G        105G
2023-07-29 18:55:58  Mem:           125G         18G         96G        1.1M         10G        105G
2023-07-29 18:56:01  Mem:           125G         18G         96G        1.1M         10G        105G
2023-07-29 18:56:04  Mem:           125G         18G         96G        1.1M         10G        105G
2023-07-29 18:56:07  Mem:           125G         18G         96G        1.1M         10G        105G
2023-07-29 18:56:10  Mem:           125G         18G         96G        1.1M         10G        105G
2023-07-29 18:56:13  Mem:           125G         18G         96G        1.1M         10G        105G
2023-07-29 18:56:16  Mem:           125G         18G         96G        1.1M         10G        105G
2023-07-29 18:56:19  Mem:           125G         18G         96G        1.1M         10G        105G
2023-07-29 18:56:22  Mem:           125G         18G         96G        1.1M         10G        105G
2023-07-29 18:56:25  Mem:           125G         18G         96G        1.1M         10G        105G
2023-07-29 18:56:28  Mem:           125G         18G         96G        1.1M         10G        105G
2023-07-29 18:56:31  Mem:           125G         18G         96G        1.1M         10G        105G
2023-07-29 18:56:34  Mem:           125G         18G         96G        1.1M         10G        105G
2023-07-29 18:56:37  Mem:           125G         18G         96G        1.1M         10G        105G
2023-07-29 18:56:40  Mem:           125G         18G         96G        1.1M         10G        105G
2023-07-29 18:56:43  Mem:           125G         18G         96G        1.1M         10G        105G
2023-07-29 18:56:46  Mem:           125G         18G         96G        1.1M         10G        105G
2023-07-29 18:56:49  Mem:           125G         18G         96G        1.1M         10G        105G
2023-07-29 18:56:52  Mem:           125G         18G         95G        1.1M         10G        105G
2023-07-29 18:56:55  Mem:           125G         18G         95G        1.1M         10G        105G
2023-07-29 18:56:59  Mem:           125G         18G         95G        1.1M         10G        105G
2023-07-29 18:57:02  Mem:           125G         18G         95G        1.1M         10G        105G
2023-07-29 18:57:05  Mem:           125G         18G         95G        1.1M         10G        105G
2023-07-29 18:57:08  Mem:           125G         18G         95G        1.1M         10G        105G
2023-07-29 18:57:11  Mem:           125G         18G         95G        1.1M         10G        105G
2023-07-29 18:57:16  Mem:           125G         18G         95G        1.1M         10G        105G
2023-07-29 18:57:19  Mem:           125G         18G         95G        1.1M         10G        105G
2023-07-29 18:57:22  Mem:           125G         18G         95G        1.1M         10G        105G
2023-07-29 18:57:25  Mem:           125G         18G         95G        1.1M         10G        105G
2023-07-29 18:57:28  Mem:           125G         18G         95G        1.1M         10G        105G
2023-07-29 18:57:33  Mem:           125G         18G         95G        1.1M         10G        105G
2023-07-29 18:57:36  Mem:           125G         18G         95G        1.1M         10G        105G
2023-07-29 18:57:39  Mem:           125G         18G         95G        1.1M         10G        105G
2023-07-29 18:57:42  Mem:           125G         18G         95G        1.1M         10G        105G
2023-07-29 18:57:45  Mem:           125G         18G         95G        1.1M         10G        105G
2023-07-29 18:57:48  Mem:           125G         18G         95G        1.1M         10G        105G
2023-07-29 18:57:51  Mem:           125G         18G         95G        1.1M         10G        105G
2023-07-29 18:57:54  Mem:           125G         18G         95G        1.1M         10G        105G
2023-07-29 18:57:58  Mem:           125G         18G         95G        1.1M         10G        105G
2023-07-29 18:58:01  Mem:           125G         18G         95G        1.1M         10G        105G
2023-07-29 18:58:04  Mem:           125G         18G         95G        1.1M         10G        105G
2023-07-29 18:58:07  Mem:           125G         18G         95G        1.1M         10G        105G
2023-07-29 18:58:11  Mem:           125G         18G         95G        1.1M         10G        105G
2023-07-29 18:58:14  Mem:           125G         18G         95G        1.1M         10G        105G
2023-07-29 18:58:19  Mem:           125G         18G         95G        1.1M         10G        105G
2023-07-29 18:58:22  Mem:           125G         19G         95G        1.1M         10G        105G
2023-07-29 18:58:25  Mem:           125G         19G         95G        1.1M         10G        105G
2023-07-29 18:58:28  Mem:           125G         19G         95G        1.1M         10G        105G
2023-07-29 18:58:31  Mem:           125G         19G         95G        1.1M         10G        105G
2023-07-29 18:58:34  Mem:           125G         19G         95G        1.1M         10G        105G
2023-07-29 18:58:38  Mem:           125G         19G         95G        1.1M         10G        105G
2023-07-29 18:58:41  Mem:           125G         19G         95G        1.1M         10G        105G
2023-07-29 18:58:45  Mem:           125G         19G         95G        1.1M         10G        105G
2023-07-29 18:58:48  Mem:           125G         19G         95G        1.1M         10G        105G
2023-07-29 18:58:51  Mem:           125G         19G         95G        1.1M         10G        105G
2023-07-29 18:58:54  Mem:           125G         19G         95G        1.1M         10G        105G
2023-07-29 18:58:58  Mem:           125G         19G         95G        1.1M         10G        105G
2023-07-29 18:59:01  Mem:           125G         19G         95G        1.1M         10G        105G
2023-07-29 18:59:04  Mem:           125G         19G         95G        1.1M         10G        105G
2023-07-29 18:59:08  Mem:           125G         19G         95G        1.1M         10G        105G
2023-07-29 18:59:13  Mem:           125G         19G         95G        1.1M         10G        105G
2023-07-29 18:59:17  Mem:           125G         19G         95G        1.1M         10G        105G
2023-07-29 18:59:20  Mem:           125G         19G         95G        1.1M         10G        105G
2023-07-29 18:59:23  Mem:           125G         19G         95G        1.1M         10G        105G
2023-07-29 18:59:26  Mem:           125G         19G         95G        1.1M         10G        104G
2023-07-29 18:59:29  Mem:           125G         19G         94G        1.1M         10G        104G
2023-07-29 18:59:32  Mem:           125G         19G         94G        1.1M         10G        104G
2023-07-29 18:59:35  Mem:           125G         19G         94G        1.1M         10G        104G
2023-07-29 18:59:38  Mem:           125G         19G         94G        1.1M         10G        104G
2023-07-29 18:59:41  Mem:           125G         19G         94G        1.1M         11G        104G
2023-07-29 18:59:44  Mem:           125G         19G         94G        1.1M         11G        104G
2023-07-29 18:59:48  Mem:           125G         19G         94G        1.1M         11G        104G
2023-07-29 18:59:51  Mem:           125G         19G         94G        1.1M         11G        104G
2023-07-29 18:59:54  Mem:           125G         19G         94G        1.1M         11G        104G
2023-07-29 18:59:57  Mem:           125G         19G         94G        1.1M         11G        104G
2023-07-29 19:00:00  Mem:           125G         19G         94G        1.1M         11G        104G
2023-07-29 19:00:06  Mem:           125G         19G         94G        1.1M         11G        104G
2023-07-29 19:00:09  Mem:           125G         19G         94G        1.1M         11G        104G
2023-07-29 19:00:12  Mem:           125G         19G         94G        1.1M         11G        104G
2023-07-29 19:00:15  Mem:           125G         19G         94G        1.1M         11G        104G
2023-07-29 19:00:18  Mem:           125G         19G         94G        1.1M         11G        104G
2023-07-29 19:00:22  Mem:           125G         19G         94G        1.1M         11G        104G
2023-07-29 19:00:25  Mem:           125G         19G         94G        1.1M         11G        104G
2023-07-29 19:00:28  Mem:           125G         19G         94G        1.1M         11G        104G
2023-07-29 19:00:31  Mem:           125G         19G         94G        1.1M         11G        104G
2023-07-29 19:00:36  Mem:           125G         19G         94G        1.1M         11G        104G
2023-07-29 19:00:39  Mem:           125G         19G         94G        1.1M         11G        104G
2023-07-29 19:00:42  Mem:           125G         19G         94G        1.1M         11G        104G
2023-07-29 19:00:45  Mem:           125G         19G         94G        1.1M         11G        104G
2023-07-29 19:00:49  Mem:           125G         19G         94G        1.1M         11G        104G
2023-07-29 19:00:52  Mem:           125G         19G         94G        1.1M         11G        104G
2023-07-29 19:00:55  Mem:           125G         19G         94G        1.1M         11G        104G
2023-07-29 19:00:58  Mem:           125G         19G         94G        1.1M         11G        104G
2023-07-29 19:01:01  Mem:           125G         19G         94G        1.1M         11G        104G
2023-07-29 19:01:04  Mem:           125G         19G         94G        1.1M         11G        104G
2023-07-29 19:01:07  Mem:           125G         19G         94G        1.1M         11G        104G
2023-07-29 19:01:10  Mem:           125G         19G         94G        1.1M         11G        104G
2023-07-29 19:01:15  Mem:           125G         19G         94G        1.1M         11G        104G
2023-07-29 19:01:18  Mem:           125G         19G         94G        1.1M         11G        104G
2023-07-29 19:01:21  Mem:           125G         19G         94G        1.1M         11G        104G
2023-07-29 19:01:24  Mem:           125G         19G         94G        1.1M         11G        104G
2023-07-29 19:01:27  Mem:           125G         19G         94G        1.1M         11G        104G
2023-07-29 19:01:30  Mem:           125G         19G         94G        1.1M         11G        104G
2023-07-29 19:01:34  Mem:           125G         19G         94G        1.1M         11G        104G
2023-07-29 19:01:37  Mem:           125G         19G         94G        1.1M         11G        104G
2023-07-29 19:01:40  Mem:           125G         19G         94G        1.1M         11G        104G
2023-07-29 19:01:43  Mem:           125G         19G         94G        1.1M         11G        104G
2023-07-29 19:01:47  Mem:           125G         19G         94G        1.1M         11G        104G
2023-07-29 19:01:50  Mem:           125G         19G         94G        1.1M         11G        104G
2023-07-29 19:02:57  Mem:           125G         19G         93G        1.1M         11G        104G
2023-07-29 19:03:00  Mem:           125G         19G         93G        1.1M         11G        104G
2023-07-29 19:03:03  Mem:           125G         19G         93G        1.1M         11G        104G
2023-07-29 19:03:08  Mem:           125G         19G         93G        1.1M         11G        104G
2023-07-29 19:03:11  Mem:           125G         19G         93G        1.1M         11G        104G
2023-07-29 19:03:14  Mem:           125G         19G         93G        1.1M         11G        104G
2023-07-29 19:03:17  Mem:           125G         19G         93G        1.1M         11G        104G
2023-07-29 19:03:22  Mem:           125G         19G         93G        1.1M         11G        104G
2023-07-29 19:03:26  Mem:           125G         19G         93G        1.1M         11G        104G
2023-07-29 19:03:29  Mem:           125G         19G         93G        1.1M         11G        104G
2023-07-29 19:03:32  Mem:           125G         19G         93G        1.1M         11G        104G
2023-07-29 19:03:35  Mem:           125G         19G         93G        1.1M         11G        104G
2023-07-29 19:03:38  Mem:           125G         19G         93G        1.1M         11G        104G
2023-07-29 19:03:41  Mem:           125G         19G         93G        1.1M         11G        104G
2023-07-29 19:03:45  Mem:           125G         19G         93G        1.1M         11G        104G
2023-07-29 19:03:48  Mem:           125G         19G         93G        1.1M         11G        104G
2023-07-29 19:03:51  Mem:           125G         20G         93G        1.1M         11G        104G
2023-07-29 19:03:54  Mem:           125G         20G         93G        1.1M         11G        104G
2023-07-29 19:03:58  Mem:           125G         20G         93G        1.1M         11G        104G
2023-07-29 19:04:01  Mem:           125G         20G         93G        1.1M         11G        104G
2023-07-29 19:04:04  Mem:           125G         20G         93G        1.1M         11G        104G
2023-07-29 19:04:07  Mem:           125G         20G         93G        1.1M         11G        104G
2023-07-29 19:04:10  Mem:           125G         20G         93G        1.1M         11G        104G
2023-07-29 19:04:13  Mem:           125G         20G         93G        1.1M         11G        104G
2023-07-29 19:04:16  Mem:           125G         20G         93G        1.1M         11G        104G
2023-07-29 19:04:19  Mem:           125G         20G         93G        1.1M         11G        104G
2023-07-29 19:04:22  Mem:           125G         20G         93G        1.1M         11G        104G
2023-07-29 19:04:25  Mem:           125G         20G         93G        1.1M         11G        104G
2023-07-29 19:04:30  Mem:           125G         20G         93G        1.1M         11G        104G
2023-07-29 19:04:33  Mem:           125G         20G         93G        1.1M         12G        104G
2023-07-29 19:04:36  Mem:           125G         20G         92G        1.1M         12G        104G
2023-07-29 19:04:39  Mem:           125G         20G         92G        1.1M         12G        104G
2023-07-29 19:04:44  Mem:           125G         20G         92G        1.1M         12G        104G
2023-07-29 19:04:49  Mem:           125G         20G         92G        1.1M         12G        104G
2023-07-29 19:04:52  Mem:           125G         20G         92G        1.1M         12G        104G
2023-07-29 19:04:56  Mem:           125G         20G         92G        1.1M         12G        103G
2023-07-29 19:04:59  Mem:           125G         20G         92G        1.1M         12G        103G
2023-07-29 19:05:02  Mem:           125G         20G         92G        1.1M         12G        103G
2023-07-29 19:05:06  Mem:           125G         20G         92G        1.1M         12G        103G
2023-07-29 19:05:09  Mem:           125G         20G         92G        1.1M         12G        103G
2023-07-29 19:05:12  Mem:           125G         20G         92G        1.1M         12G        103G
2023-07-29 19:05:15  Mem:           125G         20G         92G        1.1M         12G        103G
2023-07-29 19:05:18  Mem:           125G         20G         92G        1.1M         12G        103G
2023-07-29 19:05:21  Mem:           125G         20G         92G        1.1M         12G        103G
2023-07-29 19:05:24  Mem:           125G         20G         92G        1.1M         12G        103G
2023-07-29 19:05:27  Mem:           125G         20G         92G        1.1M         12G        103G
2023-07-29 19:05:30  Mem:           125G         20G         92G        1.1M         12G        103G
2023-07-29 19:05:33  Mem:           125G         20G         92G        1.1M         12G        103G
2023-07-29 19:05:36  Mem:           125G         20G         92G        1.1M         12G        103G
2023-07-29 19:05:39  Mem:           125G         20G         92G        1.1M         12G        103G
2023-07-29 19:05:42  Mem:           125G         20G         92G        1.1M         12G        103G
2023-07-29 19:05:45  Mem:           125G         20G         92G        1.1M         12G        103G
2023-07-29 19:05:48  Mem:           125G         20G         92G        1.1M         12G        103G
2023-07-29 19:05:51  Mem:           125G         20G         92G        1.1M         12G        103G
2023-07-29 19:05:57  Mem:           125G         20G         92G        1.1M         12G        103G
2023-07-29 19:06:00  Mem:           125G         20G         92G        1.1M         12G        103G
2023-07-29 19:06:04  Mem:           125G         20G         92G        1.1M         12G        103G
2023-07-29 19:06:07  Mem:           125G         20G         92G        1.1M         12G        103G
2023-07-29 19:06:11  Mem:           125G         20G         92G        1.1M         12G        103G
2023-07-29 19:06:14  Mem:           125G         20G         92G        1.1M         12G        103G
2023-07-29 19:06:17  Mem:           125G         20G         92G        1.1M         12G        103G
2023-07-29 19:06:20  Mem:           125G         20G         92G        1.1M         12G        103G
2023-07-29 19:06:24  Mem:           125G         20G         92G        1.1M         12G        103G
2023-07-29 19:06:27  Mem:           125G         20G         92G        1.1M         12G        103G
2023-07-29 19:06:30  Mem:           125G         20G         92G        1.1M         12G        103G
2023-07-29 19:06:33  Mem:           125G         20G         92G        1.1M         12G        103G
2023-07-29 19:06:36  Mem:           125G         20G         92G        1.1M         12G        103G
2023-07-29 19:06:39  Mem:           125G         20G         92G        1.1M         12G        103G
2023-07-29 19:06:43  Mem:           125G         20G         92G        1.1M         12G        103G
2023-07-29 19:06:46  Mem:           125G         20G         92G        1.1M         12G        103G
2023-07-29 19:06:49  Mem:           125G         20G         92G        1.1M         12G        103G
2023-07-29 19:06:52  Mem:           125G         20G         92G        1.1M         12G        103G
2023-07-29 19:06:55  Mem:           125G         20G         92G        1.1M         12G        103G
2023-07-29 19:06:59  Mem:           125G         20G         92G        1.1M         12G        103G
2023-07-29 19:07:02  Mem:           125G         20G         92G        1.1M         12G        103G
2023-07-29 19:07:05  Mem:           125G         20G         92G        1.1M         12G        103G
2023-07-29 19:07:08  Mem:           125G         20G         92G        1.1M         12G        103G
2023-07-29 19:07:12  Mem:           125G         20G         92G        1.1M         12G        103G
2023-07-29 19:07:15  Mem:           125G         20G         91G        1.1M         12G        103G
2023-07-29 19:07:19  Mem:           125G         20G         91G        1.1M         12G        103G
2023-07-29 19:07:22  Mem:           125G         20G         91G        1.1M         12G        103G
2023-07-29 19:07:27  Mem:           125G         20G         91G        1.1M         12G        103G
2023-07-29 19:07:30  Mem:           125G         20G         91G        1.1M         12G        103G
2023-07-29 19:07:33  Mem:           125G         20G         91G        1.1M         12G        103G
2023-07-29 19:07:36  Mem:           125G         20G         91G        1.1M         12G        103G
2023-07-29 19:07:39  Mem:           125G         20G         91G        1.1M         12G        103G
2023-07-29 19:07:42  Mem:           125G         20G         91G        1.1M         12G        103G
2023-07-29 19:07:47  Mem:           125G         20G         91G        1.1M         12G        103G
2023-07-29 19:07:53  Mem:           125G         20G         91G        1.1M         12G        103G
2023-07-29 19:07:57  Mem:           125G         20G         91G        1.1M         12G        103G
2023-07-29 19:08:00  Mem:           125G         20G         91G        1.1M         12G        103G
2023-07-29 19:08:03  Mem:           125G         20G         91G        1.1M         12G        103G
2023-07-29 19:08:06  Mem:           125G         20G         91G        1.1M         12G        103G
2023-07-29 19:08:09  Mem:           125G         20G         91G        1.1M         12G        103G
2023-07-29 19:08:12  Mem:           125G         20G         91G        1.1M         12G        103G
2023-07-29 19:08:15  Mem:           125G         20G         91G        1.1M         12G        103G
2023-07-29 19:08:18  Mem:           125G         20G         91G        1.1M         12G        103G
2023-07-29 19:08:22  Mem:           125G         20G         91G        1.1M         12G        103G
2023-07-29 19:08:25  Mem:           125G         20G         91G        1.1M         12G        103G
2023-07-29 19:08:28  Mem:           125G         20G         91G        1.1M         12G        103G
2023-07-29 19:08:31  Mem:           125G         20G         91G        1.1M         12G        103G
2023-07-29 19:08:35  Mem:           125G         20G         91G        1.1M         12G        103G
2023-07-29 19:08:38  Mem:           125G         20G         91G        1.1M         12G        103G
2023-07-29 19:08:44  Mem:           125G         20G         91G        1.1M         12G        103G
2023-07-29 19:08:47  Mem:           125G         20G         91G        1.1M         12G        103G
2023-07-29 19:08:50  Mem:           125G         20G         91G        1.1M         12G        103G
2023-07-29 19:08:54  Mem:           125G         20G         91G        1.1M         12G        103G
2023-07-29 19:08:57  Mem:           125G         20G         91G        1.1M         12G        103G
2023-07-29 19:09:00  Mem:           125G         20G         91G        1.1M         12G        103G
2023-07-29 19:09:03  Mem:           125G         20G         91G        1.1M         12G        103G
2023-07-29 19:09:06  Mem:           125G         20G         91G        1.1M         12G        103G
2023-07-29 19:09:09  Mem:           125G         20G         91G        1.1M         12G        103G
2023-07-29 19:09:12  Mem:           125G         20G         91G        1.1M         12G        103G
2023-07-29 19:09:15  Mem:           125G         20G         91G        1.1M         12G        103G
2023-07-29 19:09:18  Mem:           125G         20G         91G        1.1M         12G        103G
2023-07-29 19:09:21  Mem:           125G         20G         91G        1.1M         12G        103G
2023-07-29 19:09:24  Mem:           125G         20G         91G        1.1M         12G        103G
2023-07-29 19:09:27  Mem:           125G         20G         91G        1.1M         12G        103G
2023-07-29 19:09:30  Mem:           125G         20G         91G        1.1M         12G        103G
2023-07-29 19:09:33  Mem:           125G         20G         91G        1.1M         12G        103G
2023-07-29 19:09:36  Mem:           125G         20G         91G        1.1M         12G        103G
2023-07-29 19:09:39  Mem:           125G         20G         91G        1.1M         12G        103G
2023-07-29 19:09:42  Mem:           125G         20G         91G        1.1M         12G        103G
2023-07-29 19:09:46  Mem:           125G         20G         91G        1.1M         12G        103G
2023-07-29 19:09:49  Mem:           125G         20G         91G        1.1M         12G        103G
2023-07-29 19:09:52  Mem:           125G         20G         91G        1.1M         12G        103G
2023-07-29 19:09:55  Mem:           125G         20G         91G        1.1M         12G        103G
2023-07-29 19:09:58  Mem:           125G         20G         91G        1.1M         12G        103G
2023-07-29 19:10:01  Mem:           125G         20G         91G        1.1M         12G        103G
