time               total        used        free      shared  buff/cache   available
2023-07-31 13:55:49  Mem:           125G        9.5G        114G        1.1M        1.2G        114G
2023-07-31 13:55:52  Mem:           125G        9.6G        114G        1.1M        1.2G        114G
2023-07-31 13:55:55  Mem:           125G        9.7G        114G        1.1M        1.2G        114G
2023-07-31 13:55:58  Mem:           125G        9.8G        114G        1.1M        1.2G        114G
2023-07-31 13:56:01  Mem:           125G        9.9G        113G        1.1M        1.3G        114G
2023-07-31 13:56:04  Mem:           125G        9.9G        113G        1.1M        1.3G        114G
2023-07-31 13:56:07  Mem:           125G          9G        113G        1.1M        1.3G        114G
2023-07-31 13:56:10  Mem:           125G          9G        113G        1.1M        1.3G        114G
2023-07-31 13:56:13  Mem:           125G         10G        113G        1.1M        1.4G        114G
2023-07-31 13:56:16  Mem:           125G         10G        113G        1.1M        1.4G        114G
2023-07-31 13:56:19  Mem:           125G         10G        113G        1.1M        1.4G        114G
2023-07-31 13:56:22  Mem:           125G         10G        113G        1.1M        1.4G        114G
2023-07-31 13:56:25  Mem:           125G         10G        113G        1.1M        1.5G        114G
2023-07-31 13:56:28  Mem:           125G         10G        113G        1.1M        1.5G        114G
2023-07-31 13:56:31  Mem:           125G         10G        113G        1.1M        1.5G        114G
2023-07-31 13:56:34  Mem:           125G         10G        113G        1.1M        1.5G        114G
2023-07-31 13:56:37  Mem:           125G         10G        113G        1.1M        1.6G        114G
2023-07-31 13:56:40  Mem:           125G         10G        113G        1.1M        1.6G        114G
2023-07-31 13:56:43  Mem:           125G         10G        113G        1.1M        1.6G        114G
2023-07-31 13:56:46  Mem:           125G         10G        113G        1.1M        1.6G        113G
2023-07-31 13:56:49  Mem:           125G         10G        113G        1.1M        1.7G        113G
2023-07-31 13:56:52  Mem:           125G         10G        113G        1.1M        1.7G        113G
2023-07-31 13:56:55  Mem:           125G         10G        113G        1.1M        1.7G        113G
2023-07-31 13:56:58  Mem:           125G         10G        113G        1.1M        1.8G        113G
2023-07-31 13:57:01  Mem:           125G         10G        113G        1.1M        1.8G        113G
2023-07-31 13:57:04  Mem:           125G         10G        112G        1.1M        1.8G        113G
2023-07-31 13:57:07  Mem:           125G         10G        112G        1.1M        1.8G        113G
2023-07-31 13:57:10  Mem:           125G         10G        112G        1.1M        1.9G        113G
2023-07-31 13:57:13  Mem:           125G         10G        112G        1.1M        1.9G        113G
2023-07-31 13:57:16  Mem:           125G         10G        112G        1.1M        1.9G        113G
2023-07-31 13:57:19  Mem:           125G         10G        112G        1.1M        2.0G        113G
2023-07-31 13:57:22  Mem:           125G         10G        112G        1.1M        2.0G        113G
2023-07-31 13:57:25  Mem:           125G         10G        112G        1.1M        2.0G        113G
2023-07-31 13:57:28  Mem:           125G         10G        112G        1.1M        2.1G        113G
2023-07-31 13:57:31  Mem:           125G         10G        112G        1.1M        2.1G        113G
2023-07-31 13:57:34  Mem:           125G         10G        112G        1.1M        2.1G        113G
2023-07-31 13:57:37  Mem:           125G         10G        112G        1.1M        2.1G        113G
2023-07-31 13:57:40  Mem:           125G         10G        112G        1.1M        2.2G        113G
2023-07-31 13:57:43  Mem:           125G         10G        112G        1.1M        2.2G        113G
2023-07-31 13:57:46  Mem:           125G         10G        112G        1.1M        2.2G        113G
2023-07-31 13:57:49  Mem:           125G         10G        112G        1.1M        2.3G        113G
2023-07-31 13:57:52  Mem:           125G         10G        112G        1.1M        2.3G        113G
2023-07-31 13:57:55  Mem:           125G         10G        111G        1.1M        2.3G        113G
2023-07-31 13:57:58  Mem:           125G         10G        111G        1.1M        2.4G        113G
2023-07-31 13:58:01  Mem:           125G         10G        111G        1.1M        2.4G        113G
2023-07-31 13:58:04  Mem:           125G         10G        111G        1.1M        2.4G        113G
2023-07-31 13:58:07  Mem:           125G         10G        111G        1.1M        2.4G        113G
2023-07-31 13:58:10  Mem:           125G         11G        111G        1.1M        2.5G        113G
2023-07-31 13:58:13  Mem:           125G         11G        111G        1.1M        2.5G        113G
2023-07-31 13:58:16  Mem:           125G         11G        111G        1.1M        2.5G        113G
2023-07-31 13:58:19  Mem:           125G         11G        111G        1.1M        2.5G        113G
2023-07-31 13:58:22  Mem:           125G         11G        111G        1.1M        2.6G        113G
2023-07-31 13:58:25  Mem:           125G         11G        111G        1.1M        2.6G        113G
2023-07-31 13:58:28  Mem:           125G         11G        111G        1.1M        2.6G        113G
2023-07-31 13:58:31  Mem:           125G         11G        111G        1.1M        2.6G        113G
2023-07-31 13:58:34  Mem:           125G         11G        111G        1.1M        2.6G        112G
2023-07-31 13:58:37  Mem:           125G         11G        111G        1.1M        2.7G        112G
2023-07-31 13:58:40  Mem:           125G         11G        111G        1.1M        2.7G        112G
2023-07-31 13:58:43  Mem:           125G         11G        111G        1.1M        2.7G        112G
2023-07-31 13:58:47  Mem:           125G         11G        111G        1.1M        2.7G        112G
2023-07-31 13:58:50  Mem:           125G         11G        111G        1.1M        2.8G        112G
2023-07-31 13:58:53  Mem:           125G         11G        110G        1.1M        2.8G        112G
2023-07-31 13:58:56  Mem:           125G         11G        110G        1.1M        2.8G        112G
2023-07-31 13:59:01  Mem:           125G         11G        110G        1.1M        2.8G        112G
2023-07-31 13:59:04  Mem:           125G         11G        110G        1.1M        2.9G        112G
2023-07-31 13:59:07  Mem:           125G         11G        110G        1.1M        2.9G        112G
2023-07-31 13:59:10  Mem:           125G         11G        110G        1.1M        2.9G        112G
2023-07-31 13:59:13  Mem:           125G         11G        110G        1.1M        2.9G        112G
2023-07-31 13:59:16  Mem:           125G         11G        110G        1.1M        2.9G        112G
2023-07-31 13:59:19  Mem:           125G         11G        110G        1.1M        3.0G        112G
2023-07-31 13:59:22  Mem:           125G         11G        110G        1.1M        3.0G        112G
2023-07-31 13:59:25  Mem:           125G         11G        110G        1.1M        3.0G        112G
2023-07-31 13:59:28  Mem:           125G         11G        110G        1.1M        3.0G        112G
2023-07-31 13:59:31  Mem:           125G         11G        110G        1.1M        3.1G        112G
2023-07-31 13:59:34  Mem:           125G         11G        110G        1.1M        3.1G        112G
2023-07-31 13:59:37  Mem:           125G         11G        110G        1.1M        3.1G        112G
2023-07-31 13:59:40  Mem:           125G         11G        110G        1.1M        3.1G        112G
2023-07-31 13:59:43  Mem:           125G         11G        110G        1.1M        3.2G        112G
2023-07-31 13:59:46  Mem:           125G         11G        110G        1.1M        3.2G        112G
2023-07-31 13:59:49  Mem:           125G         11G        110G        1.1M        3.2G        112G
2023-07-31 13:59:52  Mem:           125G         11G        110G        1.1M        3.2G        112G
2023-07-31 13:59:55  Mem:           125G         11G        110G        1.1M        3.2G        112G
2023-07-31 13:59:58  Mem:           125G         11G        110G        1.1M        3.3G        112G
2023-07-31 14:00:01  Mem:           125G         11G        109G        1.1M        3.3G        112G
2023-07-31 14:00:05  Mem:           125G         11G        109G        1.1M        3.3G        112G
2023-07-31 14:00:08  Mem:           125G         11G        109G        1.1M        3.3G        112G
2023-07-31 14:00:11  Mem:           125G         11G        109G        1.1M        3.3G        112G
2023-07-31 14:00:14  Mem:           125G         11G        109G        1.1M        3.4G        112G
2023-07-31 14:00:17  Mem:           125G         11G        109G        1.1M        3.4G        112G
2023-07-31 14:00:20  Mem:           125G         11G        109G        1.1M        3.4G        112G
2023-07-31 14:00:23  Mem:           125G         12G        109G        1.1M        3.4G        112G
2023-07-31 14:00:26  Mem:           125G         12G        109G        1.1M        3.5G        112G
2023-07-31 14:00:29  Mem:           125G         12G        109G        1.1M        3.5G        112G
2023-07-31 14:00:32  Mem:           125G         12G        109G        1.1M        3.5G        112G
2023-07-31 14:00:35  Mem:           125G         12G        109G        1.1M        3.5G        112G
2023-07-31 14:00:38  Mem:           125G         12G        109G        1.1M        3.6G        112G
2023-07-31 14:00:41  Mem:           125G         12G        109G        1.1M        3.6G        112G
2023-07-31 14:00:44  Mem:           125G         12G        109G        1.1M        3.6G        112G
2023-07-31 14:00:47  Mem:           125G         12G        109G        1.1M        3.6G        112G
2023-07-31 14:00:50  Mem:           125G         12G        109G        1.1M        3.6G        112G
2023-07-31 14:00:53  Mem:           125G         12G        109G        1.1M        3.7G        112G
2023-07-31 14:00:56  Mem:           125G         12G        109G        1.1M        3.7G        112G
2023-07-31 14:00:59  Mem:           125G         12G        109G        1.1M        3.7G        111G
2023-07-31 14:01:02  Mem:           125G         12G        109G        1.1M        3.7G        111G
2023-07-31 14:01:05  Mem:           125G         12G        109G        1.1M        3.8G        111G
2023-07-31 14:01:08  Mem:           125G         12G        109G        1.1M        3.8G        111G
2023-07-31 14:01:11  Mem:           125G         12G        109G        1.1M        3.8G        111G
2023-07-31 14:01:14  Mem:           125G         12G        108G        1.1M        3.8G        111G
2023-07-31 14:01:17  Mem:           125G         12G        108G        1.1M        3.8G        111G
2023-07-31 14:01:20  Mem:           125G         12G        108G        1.1M        3.9G        111G
2023-07-31 14:01:23  Mem:           125G         12G        108G        1.1M        3.9G        111G
2023-07-31 14:01:26  Mem:           125G         12G        108G        1.1M        3.9G        111G
2023-07-31 14:01:29  Mem:           125G         12G        108G        1.1M        3.9G        111G
2023-07-31 14:01:32  Mem:           125G         12G        108G        1.1M        4.0G        111G
2023-07-31 14:01:35  Mem:           125G         12G        108G        1.1M        4.0G        111G
2023-07-31 14:01:38  Mem:           125G         12G        108G        1.1M        4.0G        111G
2023-07-31 14:01:41  Mem:           125G         12G        108G        1.1M        4.0G        111G
2023-07-31 14:01:44  Mem:           125G         12G        108G        1.1M        4.0G        111G
2023-07-31 14:01:47  Mem:           125G         12G        108G        1.1M        4.1G        111G
2023-07-31 14:01:50  Mem:           125G         12G        108G        1.1M        4.1G        111G
2023-07-31 14:01:53  Mem:           125G         12G        108G        1.1M        4.1G        111G
2023-07-31 14:01:56  Mem:           125G         12G        108G        1.1M        4.1G        111G
2023-07-31 14:01:59  Mem:           125G         12G        108G        1.1M        4.2G        111G
2023-07-31 14:02:02  Mem:           125G         12G        108G        1.1M        4.2G        111G
2023-07-31 14:02:05  Mem:           125G         12G        108G        1.1M        4.2G        111G
2023-07-31 14:02:08  Mem:           125G         12G        108G        1.1M        4.2G        111G
2023-07-31 14:02:11  Mem:           125G         12G        108G        1.1M        4.2G        111G
2023-07-31 14:02:14  Mem:           125G         12G        108G        1.1M        4.3G        111G
2023-07-31 14:02:17  Mem:           125G         12G        108G        1.1M        4.3G        111G
2023-07-31 14:02:20  Mem:           125G         12G        108G        1.1M        4.3G        111G
2023-07-31 14:02:23  Mem:           125G         12G        108G        1.1M        4.3G        111G
2023-07-31 14:02:26  Mem:           125G         12G        107G        1.1M        4.4G        111G
2023-07-31 14:02:29  Mem:           125G         12G        107G        1.1M        4.4G        111G
2023-07-31 14:02:32  Mem:           125G         12G        107G        1.1M        4.4G        111G
2023-07-31 14:02:35  Mem:           125G         12G        107G        1.1M        4.4G        111G
2023-07-31 14:02:38  Mem:           125G         12G        107G        1.1M        4.4G        111G
2023-07-31 14:02:41  Mem:           125G         12G        107G        1.1M        4.5G        111G
2023-07-31 14:02:44  Mem:           125G         12G        107G        1.1M        4.5G        111G
2023-07-31 14:02:47  Mem:           125G         12G        107G        1.1M        4.5G        111G
2023-07-31 14:02:50  Mem:           125G         12G        107G        1.1M        4.5G        111G
2023-07-31 14:02:53  Mem:           125G         12G        107G        1.1M        4.6G        111G
2023-07-31 14:02:56  Mem:           125G         12G        107G        1.1M        4.6G        111G
2023-07-31 14:02:59  Mem:           125G         13G        107G        1.1M        4.6G        111G
2023-07-31 14:03:02  Mem:           125G         13G        107G        1.1M        4.6G        111G
2023-07-31 14:03:05  Mem:           125G         13G        107G        1.1M        4.7G        111G
2023-07-31 14:03:08  Mem:           125G         13G        107G        1.1M        4.7G        111G
2023-07-31 14:03:11  Mem:           125G         13G        107G        1.1M        4.7G        111G
2023-07-31 14:03:14  Mem:           125G         13G        107G        1.1M        4.7G        111G
2023-07-31 14:03:17  Mem:           125G         13G        107G        1.1M        4.8G        111G
2023-07-31 14:03:20  Mem:           125G         13G        107G        1.1M        4.8G        111G
2023-07-31 14:03:23  Mem:           125G         13G        107G        1.1M        4.8G        111G
2023-07-31 14:03:26  Mem:           125G         13G        107G        1.1M        4.8G        111G
2023-07-31 14:03:29  Mem:           125G         13G        107G        1.1M        4.8G        111G
2023-07-31 14:03:32  Mem:           125G         13G        107G        1.1M        4.9G        110G
2023-07-31 14:03:35  Mem:           125G         13G        107G        1.1M        4.9G        110G
2023-07-31 14:03:38  Mem:           125G         13G        106G        1.1M        4.9G        110G
2023-07-31 14:03:41  Mem:           125G         13G        106G        1.1M        4.9G        110G
2023-07-31 14:03:44  Mem:           125G         13G        106G        1.1M        5.0G        110G
2023-07-31 14:03:48  Mem:           125G         13G        106G        1.1M        5.0G        110G
2023-07-31 14:03:51  Mem:           125G         13G        106G        1.1M        5.0G        110G
2023-07-31 14:03:54  Mem:           125G         13G        106G        1.1M        5.0G        110G
2023-07-31 14:03:57  Mem:           125G         13G        106G        1.1M        5.1G        110G
2023-07-31 14:04:00  Mem:           125G         13G        106G        1.1M        5.1G        110G
2023-07-31 14:04:03  Mem:           125G         13G        106G        1.1M        5.1G        110G
2023-07-31 14:04:06  Mem:           125G         13G        106G        1.1M        5.1G        110G
2023-07-31 14:04:09  Mem:           125G         13G        106G        1.1M        5.2G        110G
2023-07-31 14:04:12  Mem:           125G         13G        106G        1.1M        5.2G        110G
2023-07-31 14:04:15  Mem:           125G         13G        106G        1.1M        5.2G        110G
2023-07-31 14:04:18  Mem:           125G         13G        106G        1.1M        5.2G        110G
2023-07-31 14:04:21  Mem:           125G         13G        106G        1.1M        5.3G        110G
2023-07-31 14:04:24  Mem:           125G         13G        106G        1.1M        5.3G        110G
2023-07-31 14:04:27  Mem:           125G         13G        106G        1.1M        5.3G        110G
2023-07-31 14:04:30  Mem:           125G         13G        106G        1.1M        5.3G        110G
2023-07-31 14:04:33  Mem:           125G         13G        106G        1.1M        5.3G        110G
2023-07-31 14:04:36  Mem:           125G         13G        106G        1.1M        5.4G        110G
2023-07-31 14:04:39  Mem:           125G         13G        106G        1.1M        5.4G        110G
2023-07-31 14:04:42  Mem:           125G         13G        106G        1.1M        5.4G        110G
2023-07-31 14:04:45  Mem:           125G         13G        106G        1.1M        5.4G        110G
2023-07-31 14:04:48  Mem:           125G         13G        105G        1.1M        5.5G        110G
2023-07-31 14:04:51  Mem:           125G         13G        105G        1.1M        5.5G        110G
2023-07-31 14:04:54  Mem:           125G         13G        105G        1.1M        5.5G        110G
2023-07-31 14:04:57  Mem:           125G         13G        105G        1.1M        5.5G        110G
2023-07-31 14:05:00  Mem:           125G         13G        105G        1.1M        5.6G        110G
2023-07-31 14:05:03  Mem:           125G         13G        105G        1.1M        5.6G        110G
2023-07-31 14:05:06  Mem:           125G         13G        105G        1.1M        5.6G        110G
2023-07-31 14:05:09  Mem:           125G         13G        105G        1.1M        5.6G        110G
2023-07-31 14:05:12  Mem:           125G         13G        105G        1.1M        5.7G        110G
2023-07-31 14:05:15  Mem:           125G         13G        105G        1.1M        5.7G        110G
2023-07-31 14:05:18  Mem:           125G         13G        105G        1.1M        5.7G        110G
2023-07-31 14:05:21  Mem:           125G         13G        105G        1.1M        5.7G        110G
2023-07-31 14:05:24  Mem:           125G         13G        105G        1.1M        5.8G        110G
2023-07-31 14:05:27  Mem:           125G         13G        105G        1.1M        5.8G        110G
2023-07-31 14:05:30  Mem:           125G         13G        105G        1.1M        5.8G        110G
2023-07-31 14:05:33  Mem:           125G         14G        105G        1.1M        5.8G        110G
2023-07-31 14:05:36  Mem:           125G         14G        105G        1.1M        5.8G        110G
2023-07-31 14:05:39  Mem:           125G         14G        105G        1.1M        5.9G        110G
2023-07-31 14:05:42  Mem:           125G         14G        105G        1.1M        5.9G        110G
2023-07-31 14:05:45  Mem:           125G         14G        105G        1.1M        5.9G        110G
2023-07-31 14:05:48  Mem:           125G         14G        105G        1.1M        5.9G        110G
2023-07-31 14:05:51  Mem:           125G         14G        105G        1.1M        6.0G        110G
2023-07-31 14:05:54  Mem:           125G         14G        105G        1.1M        6.0G        110G
2023-07-31 14:05:57  Mem:           125G         14G        104G        1.1M        6.0G        110G
2023-07-31 14:06:00  Mem:           125G         14G        104G        1.1M        6.0G        110G
2023-07-31 14:06:03  Mem:           125G         14G        104G        1.1M        6.1G        110G
2023-07-31 14:06:06  Mem:           125G         14G        104G        1.1M        6.1G        109G
2023-07-31 14:06:09  Mem:           125G         14G        104G        1.1M        6.1G        109G
2023-07-31 14:06:12  Mem:           125G         14G        104G        1.1M        6.1G        109G
2023-07-31 14:06:15  Mem:           125G         14G        104G        1.1M        6.2G        109G
2023-07-31 14:06:18  Mem:           125G         14G        104G        1.1M        6.2G        109G
2023-07-31 14:06:21  Mem:           125G         14G        104G        1.1M        6.2G        109G
2023-07-31 14:06:24  Mem:           125G         14G        104G        1.1M        6.2G        109G
2023-07-31 14:06:27  Mem:           125G         14G        104G        1.1M        6.3G        109G
2023-07-31 14:06:30  Mem:           125G         14G        104G        1.1M        6.3G        109G
2023-07-31 14:06:33  Mem:           125G         14G        104G        1.1M        6.3G        109G
2023-07-31 14:06:36  Mem:           125G         14G        104G        1.1M        6.3G        109G
2023-07-31 14:06:39  Mem:           125G         14G        104G        1.1M        6.4G        109G
2023-07-31 14:06:42  Mem:           125G         14G        104G        1.1M        6.4G        109G
2023-07-31 14:06:45  Mem:           125G         14G        104G        1.1M        6.4G        109G
2023-07-31 14:06:48  Mem:           125G         14G        104G        1.1M        6.4G        109G
2023-07-31 14:06:51  Mem:           125G         14G        104G        1.1M        6.4G        109G
2023-07-31 14:06:54  Mem:           125G         14G        104G        1.1M        6.5G        109G
2023-07-31 14:06:57  Mem:           125G         14G        104G        1.1M        6.5G        109G
2023-07-31 14:07:00  Mem:           125G         14G        104G        1.1M        6.5G        109G
2023-07-31 14:07:03  Mem:           125G         14G        103G        1.1M        6.5G        109G
2023-07-31 14:07:06  Mem:           125G         14G        103G        1.1M        6.6G        109G
2023-07-31 14:07:09  Mem:           125G         14G        103G        1.1M        6.6G        109G
2023-07-31 14:07:12  Mem:           125G         14G        103G        1.1M        6.6G        109G
2023-07-31 14:07:15  Mem:           125G         14G        103G        1.1M        6.6G        109G
2023-07-31 14:07:18  Mem:           125G         14G        103G        1.1M        6.7G        109G
2023-07-31 14:07:21  Mem:           125G         14G        103G        1.1M        6.7G        109G
2023-07-31 14:07:24  Mem:           125G         14G        103G        1.1M        6.7G        109G
2023-07-31 14:07:27  Mem:           125G         14G        103G        1.1M        6.7G        109G
2023-07-31 14:07:30  Mem:           125G         14G        103G        1.1M        6.8G        109G
2023-07-31 14:07:33  Mem:           125G         14G        103G        1.1M        6.8G        109G
2023-07-31 14:07:36  Mem:           125G         14G        103G        1.1M        6.8G        109G
2023-07-31 14:07:39  Mem:           125G         14G        103G        1.1M        6.8G        109G
2023-07-31 14:07:42  Mem:           125G         14G        103G        1.1M        6.9G        109G
2023-07-31 14:07:45  Mem:           125G         14G        103G        1.1M        6.9G        109G
2023-07-31 14:07:48  Mem:           125G         14G        103G        1.1M        6.9G        109G
2023-07-31 14:07:51  Mem:           125G         14G        103G        1.1M        6.9G        109G
2023-07-31 14:07:54  Mem:           125G         14G        103G        1.1M        7.0G        109G
2023-07-31 14:07:57  Mem:           125G         14G        103G        1.1M        7.0G        109G
2023-07-31 14:08:00  Mem:           125G         14G        103G        1.1M        7.0G        109G
2023-07-31 14:08:03  Mem:           125G         14G        103G        1.1M        7.0G        109G
2023-07-31 14:08:06  Mem:           125G         15G        103G        1.1M        7.1G        109G
2023-07-31 14:08:09  Mem:           125G         15G        103G        1.1M        7.1G        109G
2023-07-31 14:08:13  Mem:           125G         15G        102G        1.1M        7.1G        109G
2023-07-31 14:08:16  Mem:           125G         15G        102G        1.1M        7.1G        109G
2023-07-31 14:08:19  Mem:           125G         15G        102G        1.1M        7.2G        109G
2023-07-31 14:08:22  Mem:           125G         15G        102G        1.1M        7.2G        109G
2023-07-31 14:08:25  Mem:           125G         15G        102G        1.1M        7.2G        109G
2023-07-31 14:08:28  Mem:           125G         15G        102G        1.1M        7.2G        109G
2023-07-31 14:08:31  Mem:           125G         15G        102G        1.1M        7.3G        109G
2023-07-31 14:08:34  Mem:           125G         15G        102G        1.1M        7.3G        109G
2023-07-31 14:08:37  Mem:           125G         15G        102G        1.1M        7.3G        109G
2023-07-31 14:08:40  Mem:           125G         15G        102G        1.1M        7.3G        108G
2023-07-31 14:08:43  Mem:           125G         15G        102G        1.1M        7.4G        108G
2023-07-31 14:08:46  Mem:           125G         15G        102G        1.1M        7.4G        108G
2023-07-31 14:08:49  Mem:           125G         15G        102G        1.1M        7.4G        108G
2023-07-31 14:08:52  Mem:           125G         15G        102G        1.1M        7.4G        108G
2023-07-31 14:08:55  Mem:           125G         15G        102G        1.1M        7.5G        108G
2023-07-31 14:08:58  Mem:           125G         15G        102G        1.1M        7.5G        108G
2023-07-31 14:09:01  Mem:           125G         15G        102G        1.1M        7.5G        108G
2023-07-31 14:09:04  Mem:           125G         15G        102G        1.1M        7.5G        108G
2023-07-31 14:09:07  Mem:           125G         15G        102G        1.1M        7.6G        108G
2023-07-31 14:09:10  Mem:           125G         15G        102G        1.1M        7.6G        108G
2023-07-31 14:09:13  Mem:           125G         15G        102G        1.1M        7.6G        108G
2023-07-31 14:09:16  Mem:           125G         15G        102G        1.1M        7.6G        108G
2023-07-31 14:09:19  Mem:           125G         15G        101G        1.1M        7.7G        108G
2023-07-31 14:09:22  Mem:           125G         15G        101G        1.1M        7.7G        108G
2023-07-31 14:09:25  Mem:           125G         15G        101G        1.1M        7.7G        108G
2023-07-31 14:09:28  Mem:           125G         15G        101G        1.1M        7.7G        108G
2023-07-31 14:09:31  Mem:           125G         15G        101G        1.1M        7.8G        108G
2023-07-31 14:09:34  Mem:           125G         15G        101G        1.1M        7.8G        108G
2023-07-31 14:09:37  Mem:           125G         15G        101G        1.1M        7.8G        108G
2023-07-31 14:09:40  Mem:           125G         15G        101G        1.1M        7.8G        108G
2023-07-31 14:09:43  Mem:           125G         15G        101G        1.1M        7.9G        108G
2023-07-31 14:09:46  Mem:           125G         15G        101G        1.1M        7.9G        108G
2023-07-31 14:09:49  Mem:           125G         15G        101G        1.1M        7.9G        108G
2023-07-31 14:09:52  Mem:           125G         15G        101G        1.1M        7.9G        108G
2023-07-31 14:09:55  Mem:           125G         15G        101G        1.1M        8.0G        108G
2023-07-31 14:09:58  Mem:           125G         15G        101G        1.1M        8.0G        108G
2023-07-31 14:10:01  Mem:           125G         15G        101G        1.1M        8.0G        108G
2023-07-31 14:10:04  Mem:           125G         15G        101G        1.1M        8.0G        108G
2023-07-31 14:10:07  Mem:           125G         15G        101G        1.1M        8.1G        108G
2023-07-31 14:10:10  Mem:           125G         15G        101G        1.1M        8.1G        108G
2023-07-31 14:10:13  Mem:           125G         15G        101G        1.1M        8.1G        108G
2023-07-31 14:10:16  Mem:           125G         15G        101G        1.1M        8.1G        108G
2023-07-31 14:10:19  Mem:           125G         15G        101G        1.1M        8.2G        108G
2023-07-31 14:10:22  Mem:           125G         15G        101G        1.1M        8.2G        108G
2023-07-31 14:10:25  Mem:           125G         15G        101G        1.1M        8.2G        108G
2023-07-31 14:10:28  Mem:           125G         15G        100G        1.1M        8.2G        108G
2023-07-31 14:10:31  Mem:           125G         15G        100G        1.1M        8.3G        108G
2023-07-31 14:10:34  Mem:           125G         15G        100G        1.1M        8.3G        108G
2023-07-31 14:10:37  Mem:           125G         16G        100G        1.1M        8.3G        108G
2023-07-31 14:10:40  Mem:           125G         16G        100G        1.1M        8.3G        108G
2023-07-31 14:10:43  Mem:           125G         16G        100G        1.1M        8.4G        108G
2023-07-31 14:10:46  Mem:           125G         16G        100G        1.1M        8.4G        108G
2023-07-31 14:10:49  Mem:           125G         16G        100G        1.1M        8.4G        108G
2023-07-31 14:10:52  Mem:           125G         16G        100G        1.1M        8.4G        108G
2023-07-31 14:10:55  Mem:           125G         16G        100G        1.1M        8.5G        108G
2023-07-31 14:10:58  Mem:           125G         16G        100G        1.1M        8.5G        108G
2023-07-31 14:11:01  Mem:           125G         16G        100G        1.1M        8.5G        108G
2023-07-31 14:11:04  Mem:           125G         16G        100G        1.1M        8.5G        108G
2023-07-31 14:11:07  Mem:           125G         16G        100G        1.1M        8.6G        108G
2023-07-31 14:11:10  Mem:           125G         16G        100G        1.1M        8.6G        107G
2023-07-31 14:11:13  Mem:           125G         16G        100G        1.1M        8.6G        107G
2023-07-31 14:11:16  Mem:           125G         16G        100G        1.1M        8.6G        107G
2023-07-31 14:11:19  Mem:           125G         16G        100G        1.1M        8.7G        107G
2023-07-31 14:11:22  Mem:           125G         16G        100G        1.1M        8.7G        107G
2023-07-31 14:11:25  Mem:           125G         16G        100G        1.1M        8.7G        107G
2023-07-31 14:11:28  Mem:           125G         16G        100G        1.1M        8.7G        107G
2023-07-31 14:11:31  Mem:           125G         16G        100G        1.1M        8.8G        107G
2023-07-31 14:11:34  Mem:           125G         16G         99G        1.1M        8.8G        107G
2023-07-31 14:11:37  Mem:           125G         16G         99G        1.1M        8.8G        107G
2023-07-31 14:11:40  Mem:           125G         16G         99G        1.1M        8.8G        107G
2023-07-31 14:11:43  Mem:           125G         16G         99G        1.1M        8.9G        107G
2023-07-31 14:11:46  Mem:           125G         16G         99G        1.1M        8.9G        107G
2023-07-31 14:11:49  Mem:           125G         16G         99G        1.1M        8.9G        107G
2023-07-31 14:11:52  Mem:           125G         16G         99G        1.1M        8.9G        107G
2023-07-31 14:11:55  Mem:           125G         16G         99G        1.1M        9.0G        107G
2023-07-31 14:11:58  Mem:           125G         16G         99G        1.1M        9.0G        107G
2023-07-31 14:12:01  Mem:           125G         16G         99G        1.1M        9.0G        107G
2023-07-31 14:12:04  Mem:           125G         16G         99G        1.1M        9.0G        107G
2023-07-31 14:12:07  Mem:           125G         16G         99G        1.1M        9.1G        107G
2023-07-31 14:12:10  Mem:           125G         16G         99G        1.1M        9.1G        107G
2023-07-31 14:12:13  Mem:           125G         16G         99G        1.1M        9.1G        107G
2023-07-31 14:12:16  Mem:           125G         16G         99G        1.1M        9.1G        107G
2023-07-31 14:12:19  Mem:           125G         16G         99G        1.1M        9.2G        107G
2023-07-31 14:12:22  Mem:           125G         16G         99G        1.1M        9.2G        107G
2023-07-31 14:12:25  Mem:           125G         16G         99G        1.1M        9.2G        107G
2023-07-31 14:12:28  Mem:           125G         16G         99G        1.1M        9.3G        107G
2023-07-31 14:12:31  Mem:           125G         16G         99G        1.1M        9.3G        107G
2023-07-31 14:12:34  Mem:           125G         16G         99G        1.1M        9.3G        107G
2023-07-31 14:12:37  Mem:           125G         16G         99G        1.1M        9.3G        107G
2023-07-31 14:12:40  Mem:           125G         16G         98G        1.1M        9.4G        107G
2023-07-31 14:12:43  Mem:           125G         16G         98G        1.1M        9.4G        107G
2023-07-31 14:12:46  Mem:           125G         16G         98G        1.1M        9.4G        107G
2023-07-31 14:12:49  Mem:           125G         16G         98G        1.1M        9.4G        107G
2023-07-31 14:12:52  Mem:           125G         16G         98G        1.1M        9.5G        107G
2023-07-31 14:12:55  Mem:           125G         16G         98G        1.1M        9.5G        107G
2023-07-31 14:12:58  Mem:           125G         16G         98G        1.1M        9.5G        107G
2023-07-31 14:13:01  Mem:           125G         16G         98G        1.1M        9.5G        107G
2023-07-31 14:13:04  Mem:           125G         16G         98G        1.1M        9.6G        107G
2023-07-31 14:13:08  Mem:           125G         16G         98G        1.1M        9.6G        107G
2023-07-31 14:13:11  Mem:           125G         17G         98G        1.1M        9.6G        107G
2023-07-31 14:13:14  Mem:           125G         17G         98G        1.1M        9.6G        107G
2023-07-31 14:13:17  Mem:           125G         17G         98G        1.1M        9.7G        107G
2023-07-31 14:13:20  Mem:           125G         17G         98G        1.1M        9.7G        107G
2023-07-31 14:13:23  Mem:           125G         17G         98G        1.1M        9.7G        107G
2023-07-31 14:13:26  Mem:           125G         17G         98G        1.1M        9.7G        107G
2023-07-31 14:13:29  Mem:           125G         17G         98G        1.1M        9.8G        107G
2023-07-31 14:13:32  Mem:           125G         17G         98G        1.1M        9.8G        107G
2023-07-31 14:13:35  Mem:           125G         17G         98G        1.1M        9.8G        107G
2023-07-31 14:13:38  Mem:           125G         17G         98G        1.1M        9.9G        107G
2023-07-31 14:13:41  Mem:           125G         17G         98G        1.1M        9.9G        106G
2023-07-31 14:13:44  Mem:           125G         17G         98G        1.1M        9.9G        106G
2023-07-31 14:13:47  Mem:           125G         17G         97G        1.1M        9.9G        106G
2023-07-31 14:13:50  Mem:           125G         17G         97G        1.1M          9G        106G
2023-07-31 14:13:53  Mem:           125G         17G         97G        1.1M          9G        106G
2023-07-31 14:13:56  Mem:           125G         17G         97G        1.1M         10G        106G
2023-07-31 14:13:59  Mem:           125G         17G         97G        1.1M         10G        106G
2023-07-31 14:14:02  Mem:           125G         17G         97G        1.1M         10G        106G
2023-07-31 14:14:05  Mem:           125G         17G         97G        1.1M         10G        106G
2023-07-31 14:14:08  Mem:           125G         17G         97G        1.1M         10G        106G
2023-07-31 14:14:11  Mem:           125G         17G         97G        1.1M         10G        106G
2023-07-31 14:14:14  Mem:           125G         17G         97G        1.1M         10G        106G
2023-07-31 14:14:17  Mem:           125G         17G         97G        1.1M         10G        106G
2023-07-31 14:14:20  Mem:           125G         17G         97G        1.1M         10G        106G
2023-07-31 14:14:23  Mem:           125G         17G         97G        1.1M         10G        106G
2023-07-31 14:14:26  Mem:           125G         17G         97G        1.1M         10G        106G
2023-07-31 14:14:29  Mem:           125G         17G         97G        1.1M         10G        106G
2023-07-31 14:14:32  Mem:           125G         17G         97G        1.1M         10G        106G
2023-07-31 14:14:35  Mem:           125G         17G         97G        1.1M         10G        106G
2023-07-31 14:14:38  Mem:           125G         17G         97G        1.1M         10G        106G
2023-07-31 14:14:41  Mem:           125G         17G         97G        1.1M         10G        106G
2023-07-31 14:14:44  Mem:           125G         17G         97G        1.1M         10G        106G
2023-07-31 14:14:47  Mem:           125G         17G         97G        1.1M         10G        106G
2023-07-31 14:14:50  Mem:           125G         17G         96G        1.1M         10G        106G
2023-07-31 14:14:53  Mem:           125G         17G         96G        1.1M         10G        106G
2023-07-31 14:14:56  Mem:           125G         17G         96G        1.1M         10G        106G
2023-07-31 14:14:59  Mem:           125G         17G         96G        1.1M         10G        106G
2023-07-31 14:15:02  Mem:           125G         17G         96G        1.1M         10G        106G
2023-07-31 14:15:05  Mem:           125G         17G         96G        1.1M         10G        106G
2023-07-31 14:15:08  Mem:           125G         17G         96G        1.1M         10G        106G
2023-07-31 14:15:11  Mem:           125G         17G         96G        1.1M         10G        106G
2023-07-31 14:15:14  Mem:           125G         17G         96G        1.1M         10G        106G
2023-07-31 14:15:17  Mem:           125G         17G         96G        1.1M         10G        106G
2023-07-31 14:15:20  Mem:           125G         17G         96G        1.1M         10G        106G
2023-07-31 14:15:23  Mem:           125G         17G         96G        1.1M         10G        106G
2023-07-31 14:15:26  Mem:           125G         17G         96G        1.1M         10G        106G
2023-07-31 14:15:29  Mem:           125G         17G         96G        1.1M         10G        106G
2023-07-31 14:15:32  Mem:           125G         17G         96G        1.1M         10G        106G
2023-07-31 14:15:35  Mem:           125G         17G         96G        1.1M         10G        106G
2023-07-31 14:15:38  Mem:           125G         18G         96G        1.1M         10G        106G
2023-07-31 14:15:41  Mem:           125G         18G         96G        1.1M         10G        106G
2023-07-31 14:15:44  Mem:           125G         18G         96G        1.1M         10G        106G
2023-07-31 14:15:47  Mem:           125G         18G         96G        1.1M         10G        106G
2023-07-31 14:15:50  Mem:           125G         18G         96G        1.1M         11G        106G
2023-07-31 14:15:53  Mem:           125G         18G         96G        1.1M         11G        106G
2023-07-31 14:15:56  Mem:           125G         18G         95G        1.1M         11G        106G
2023-07-31 14:15:59  Mem:           125G         18G         95G        1.1M         11G        106G
2023-07-31 14:16:02  Mem:           125G         18G         95G        1.1M         11G        106G
2023-07-31 14:16:05  Mem:           125G         18G         95G        1.1M         11G        106G
2023-07-31 14:16:08  Mem:           125G         18G         95G        1.1M         11G        106G
2023-07-31 14:16:11  Mem:           125G         18G         95G        1.1M         11G        105G
2023-07-31 14:16:14  Mem:           125G         18G         95G        1.1M         11G        105G
2023-07-31 14:16:17  Mem:           125G         18G         95G        1.1M         11G        105G
2023-07-31 14:16:20  Mem:           125G         18G         95G        1.1M         11G        105G
2023-07-31 14:16:23  Mem:           125G         18G         95G        1.1M         11G        105G
2023-07-31 14:16:26  Mem:           125G         18G         95G        1.1M         11G        105G
2023-07-31 14:16:29  Mem:           125G         18G         95G        1.1M         11G        105G
2023-07-31 14:16:32  Mem:           125G         18G         95G        1.1M         11G        105G
2023-07-31 14:16:35  Mem:           125G         18G         95G        1.1M         11G        105G
2023-07-31 14:16:38  Mem:           125G         18G         95G        1.1M         11G        105G
2023-07-31 14:16:41  Mem:           125G         18G         95G        1.1M         11G        105G
2023-07-31 14:16:44  Mem:           125G         18G         95G        1.1M         11G        105G
2023-07-31 14:16:47  Mem:           125G         18G         95G        1.1M         11G        105G
2023-07-31 14:16:51  Mem:           125G         18G         95G        1.1M         11G        105G
2023-07-31 14:16:54  Mem:           125G         18G         95G        1.1M         11G        105G
2023-07-31 14:16:57  Mem:           125G         18G         95G        1.1M         11G        105G
2023-07-31 14:17:00  Mem:           125G         18G         94G        1.1M         11G        105G
2023-07-31 14:17:03  Mem:           125G         18G         94G        1.1M         11G        105G
2023-07-31 14:17:06  Mem:           125G         18G         94G        1.1M         11G        105G
2023-07-31 14:17:09  Mem:           125G         18G         94G        1.1M         11G        105G
2023-07-31 14:17:12  Mem:           125G         18G         94G        1.1M         11G        105G
2023-07-31 14:17:15  Mem:           125G         18G         94G        1.1M         11G        105G
2023-07-31 14:17:18  Mem:           125G         18G         94G        1.1M         11G        105G
2023-07-31 14:17:21  Mem:           125G         18G         94G        1.1M         11G        105G
2023-07-31 14:17:24  Mem:           125G         18G         94G        1.1M         11G        105G
2023-07-31 14:17:27  Mem:           125G         18G         94G        1.1M         11G        105G
2023-07-31 14:17:30  Mem:           125G         18G         94G        1.1M         11G        105G
2023-07-31 14:17:33  Mem:           125G         18G         94G        1.1M         11G        105G
2023-07-31 14:17:36  Mem:           125G         18G         94G        1.1M         11G        105G
2023-07-31 14:17:39  Mem:           125G         18G         94G        1.1M         11G        105G
2023-07-31 14:17:42  Mem:           125G         18G         94G        1.1M         11G        105G
2023-07-31 14:17:45  Mem:           125G         18G         94G        1.1M         12G        105G
2023-07-31 14:17:48  Mem:           125G         18G         94G        1.1M         12G        105G
2023-07-31 14:17:51  Mem:           125G         18G         94G        1.1M         12G        105G
2023-07-31 14:17:54  Mem:           125G         18G         94G        1.1M         12G        105G
2023-07-31 14:17:57  Mem:           125G         18G         94G        1.1M         12G        105G
2023-07-31 14:18:00  Mem:           125G         18G         94G        1.1M         12G        105G
2023-07-31 14:18:03  Mem:           125G         18G         93G        1.1M         12G        105G
2023-07-31 14:18:06  Mem:           125G         18G         93G        1.1M         12G        105G
2023-07-31 14:18:09  Mem:           125G         19G         93G        1.1M         12G        105G
2023-07-31 14:18:12  Mem:           125G         19G         93G        1.1M         12G        105G
2023-07-31 14:18:15  Mem:           125G         19G         93G        1.1M         12G        105G
2023-07-31 14:18:18  Mem:           125G         19G         93G        1.1M         12G        105G
2023-07-31 14:18:21  Mem:           125G         19G         93G        1.1M         12G        105G
2023-07-31 14:18:24  Mem:           125G         19G         93G        1.1M         12G        105G
2023-07-31 14:18:27  Mem:           125G         19G         93G        1.1M         12G        105G
2023-07-31 14:18:30  Mem:           125G         19G         93G        1.1M         12G        105G
2023-07-31 14:18:33  Mem:           125G         19G         93G        1.1M         12G        105G
2023-07-31 14:18:36  Mem:           125G         19G         93G        1.1M         12G        105G
2023-07-31 14:18:39  Mem:           125G         19G         93G        1.1M         12G        104G
2023-07-31 14:18:42  Mem:           125G         19G         93G        1.1M         12G        104G
2023-07-31 14:18:45  Mem:           125G         19G         93G        1.1M         12G        104G
2023-07-31 14:18:48  Mem:           125G         19G         93G        1.1M         12G        104G
2023-07-31 14:18:51  Mem:           125G         19G         93G        1.1M         12G        104G
2023-07-31 14:18:54  Mem:           125G         19G         93G        1.1M         12G        104G
2023-07-31 14:18:57  Mem:           125G         19G         93G        1.1M         12G        104G
2023-07-31 14:19:00  Mem:           125G         19G         93G        1.1M         12G        104G
2023-07-31 14:19:03  Mem:           125G         19G         93G        1.1M         12G        104G
2023-07-31 14:19:06  Mem:           125G         19G         92G        1.1M         12G        104G
2023-07-31 14:19:09  Mem:           125G         19G         92G        1.1M         12G        104G
2023-07-31 14:19:12  Mem:           125G         19G         92G        1.1M         12G        104G
2023-07-31 14:19:15  Mem:           125G         19G         92G        1.1M         12G        104G
2023-07-31 14:19:18  Mem:           125G         19G         92G        1.1M         12G        104G
2023-07-31 14:19:21  Mem:           125G         19G         92G        1.1M         12G        104G
2023-07-31 14:19:24  Mem:           125G         19G         92G        1.1M         12G        104G
2023-07-31 14:19:27  Mem:           125G         19G         92G        1.1M         12G        104G
2023-07-31 14:19:30  Mem:           125G         19G         92G        1.1M         12G        104G
2023-07-31 14:19:33  Mem:           125G         19G         92G        1.1M         13G        104G
2023-07-31 14:19:36  Mem:           125G         19G         92G        1.1M         13G        104G
2023-07-31 14:19:39  Mem:           125G         19G         92G        1.1M         13G        104G
2023-07-31 14:19:42  Mem:           125G         19G         92G        1.1M         13G        104G
2023-07-31 14:19:45  Mem:           125G         19G         92G        1.1M         13G        104G
2023-07-31 14:19:48  Mem:           125G         19G         92G        1.1M         13G        104G
2023-07-31 14:19:51  Mem:           125G         19G         92G        1.1M         13G        104G
2023-07-31 14:19:54  Mem:           125G         19G         92G        1.1M         13G        104G
2023-07-31 14:19:57  Mem:           125G         19G         92G        1.1M         13G        104G
2023-07-31 14:20:00  Mem:           125G         19G         92G        1.1M         13G        104G
2023-07-31 14:20:03  Mem:           125G         19G         92G        1.1M         13G        104G
2023-07-31 14:20:06  Mem:           125G         19G         92G        1.1M         13G        104G
2023-07-31 14:20:09  Mem:           125G         19G         91G        1.1M         13G        104G
2023-07-31 14:20:12  Mem:           125G         19G         91G        1.1M         13G        104G
2023-07-31 14:20:15  Mem:           125G         19G         91G        1.1M         13G        104G
2023-07-31 14:20:18  Mem:           125G         19G         91G        1.1M         13G        104G
2023-07-31 14:20:21  Mem:           125G         19G         91G        1.1M         13G        104G
2023-07-31 14:20:24  Mem:           125G         19G         91G        1.1M         13G        104G
2023-07-31 14:20:27  Mem:           125G         19G         91G        1.1M         13G        104G
2023-07-31 14:20:30  Mem:           125G         19G         91G        1.1M         13G        104G
2023-07-31 14:20:33  Mem:           125G         20G         91G        1.1M         13G        104G
2023-07-31 14:20:36  Mem:           125G         20G         91G        1.1M         13G        104G
2023-07-31 14:20:39  Mem:           125G         20G         91G        1.1M         13G        104G
2023-07-31 14:20:42  Mem:           125G         20G         91G        1.1M         13G        104G
2023-07-31 14:20:45  Mem:           125G         20G         91G        1.1M         13G        104G
2023-07-31 14:20:48  Mem:           125G         20G         91G        1.1M         13G        104G
2023-07-31 14:20:51  Mem:           125G         20G         91G        1.1M         13G        104G
2023-07-31 14:20:54  Mem:           125G         20G         91G        1.1M         13G        104G
2023-07-31 14:20:57  Mem:           125G         20G         91G        1.1M         13G        104G
2023-07-31 14:21:00  Mem:           125G         20G         91G        1.1M         13G        103G
2023-07-31 14:21:03  Mem:           125G         20G         91G        1.1M         13G        103G
2023-07-31 14:21:06  Mem:           125G         20G         91G        1.1M         13G        103G
2023-07-31 14:21:09  Mem:           125G         20G         90G        1.1M         13G        103G
2023-07-31 14:21:12  Mem:           125G         20G         90G        1.1M         13G        103G
2023-07-31 14:21:15  Mem:           125G         20G         90G        1.1M         13G        103G
2023-07-31 14:21:18  Mem:           125G         20G         90G        1.1M         13G        103G
2023-07-31 14:21:21  Mem:           125G         20G         90G        1.1M         14G        103G
2023-07-31 14:21:24  Mem:           125G         20G         90G        1.1M         14G        103G
2023-07-31 14:21:27  Mem:           125G         20G         90G        1.1M         14G        103G
2023-07-31 14:21:30  Mem:           125G         20G         90G        1.1M         14G        103G
2023-07-31 14:21:33  Mem:           125G         20G         90G        1.1M         14G        103G
2023-07-31 14:21:37  Mem:           125G         20G         90G        1.1M         14G        103G
2023-07-31 14:21:40  Mem:           125G         20G         90G        1.1M         14G        103G
2023-07-31 14:21:43  Mem:           125G         20G         90G        1.1M         14G        103G
2023-07-31 14:21:46  Mem:           125G         20G         90G        1.1M         14G        103G
2023-07-31 14:21:49  Mem:           125G         20G         90G        1.1M         14G        103G
2023-07-31 14:21:52  Mem:           125G         20G         90G        1.1M         14G        103G
2023-07-31 14:21:55  Mem:           125G         20G         90G        1.1M         14G        103G
2023-07-31 14:21:58  Mem:           125G         20G         90G        1.1M         14G        103G
2023-07-31 14:22:01  Mem:           125G         20G         90G        1.1M         14G        103G
2023-07-31 14:22:04  Mem:           125G         20G         90G        1.1M         14G        103G
2023-07-31 14:22:07  Mem:           125G         20G         90G        1.1M         14G        103G
2023-07-31 14:22:10  Mem:           125G         20G         89G        1.1M         14G        103G
2023-07-31 14:22:13  Mem:           125G         20G         89G        1.1M         14G        103G
2023-07-31 14:22:16  Mem:           125G         20G         89G        1.1M         14G        103G
2023-07-31 14:22:19  Mem:           125G         20G         89G        1.1M         14G        103G
2023-07-31 14:22:22  Mem:           125G         20G         89G        1.1M         14G        103G
2023-07-31 14:22:25  Mem:           125G         20G         89G        1.1M         14G        103G
2023-07-31 14:22:28  Mem:           125G         20G         89G        1.1M         14G        103G
2023-07-31 14:22:31  Mem:           125G         20G         89G        1.1M         14G        103G
2023-07-31 14:22:34  Mem:           125G         20G         89G        1.1M         14G        103G
2023-07-31 14:22:37  Mem:           125G         20G         89G        1.1M         14G        103G
2023-07-31 14:22:40  Mem:           125G         20G         89G        1.1M         14G        103G
2023-07-31 14:22:43  Mem:           125G         20G         89G        1.1M         14G        103G
2023-07-31 14:22:46  Mem:           125G         20G         89G        1.1M         14G        103G
2023-07-31 14:22:49  Mem:           125G         21G         89G        1.1M         14G        103G
2023-07-31 14:22:52  Mem:           125G         21G         89G        1.1M         14G        103G
2023-07-31 14:22:55  Mem:           125G         21G         89G        1.1M         14G        103G
2023-07-31 14:22:58  Mem:           125G         21G         89G        1.1M         14G        103G
2023-07-31 14:23:01  Mem:           125G         21G         89G        1.1M         14G        103G
2023-07-31 14:23:04  Mem:           125G         21G         89G        1.1M         14G        103G
2023-07-31 14:23:07  Mem:           125G         21G         88G        1.1M         15G        103G
2023-07-31 14:23:10  Mem:           125G         21G         88G        1.1M         15G        103G
2023-07-31 14:23:13  Mem:           125G         21G         88G        1.1M         15G        103G
2023-07-31 14:23:16  Mem:           125G         21G         88G        1.1M         15G        103G
2023-07-31 14:23:19  Mem:           125G         21G         88G        1.1M         15G        102G
2023-07-31 14:23:22  Mem:           125G         21G         88G        1.1M         15G        102G
2023-07-31 14:23:25  Mem:           125G         21G         88G        1.1M         15G        102G
2023-07-31 14:23:28  Mem:           125G         21G         88G        1.1M         15G        102G
2023-07-31 14:23:31  Mem:           125G         21G         88G        1.1M         15G        102G
2023-07-31 14:23:34  Mem:           125G         21G         88G        1.1M         15G        102G
2023-07-31 14:23:37  Mem:           125G         21G         88G        1.1M         15G        102G
2023-07-31 14:23:40  Mem:           125G         21G         88G        1.1M         15G        102G
2023-07-31 14:23:43  Mem:           125G         21G         88G        1.1M         15G        102G
2023-07-31 14:23:46  Mem:           125G         21G         88G        1.1M         15G        102G
2023-07-31 14:23:49  Mem:           125G         21G         88G        1.1M         15G        102G
2023-07-31 14:23:52  Mem:           125G         21G         88G        1.1M         15G        102G
2023-07-31 14:23:55  Mem:           125G         21G         88G        1.1M         15G        102G
2023-07-31 14:23:58  Mem:           125G         21G         88G        1.1M         15G        102G
2023-07-31 14:24:01  Mem:           125G         21G         88G        1.1M         15G        102G
2023-07-31 14:24:04  Mem:           125G         21G         88G        1.1M         15G        102G
2023-07-31 14:24:07  Mem:           125G         21G         87G        1.1M         15G        102G
2023-07-31 14:24:10  Mem:           125G         21G         87G        1.1M         15G        102G
2023-07-31 14:24:13  Mem:           125G         21G         87G        1.1M         15G        102G
2023-07-31 14:24:16  Mem:           125G         21G         87G        1.1M         15G        102G
2023-07-31 14:24:19  Mem:           125G         21G         87G        1.1M         15G        102G
2023-07-31 14:24:22  Mem:           125G         21G         87G        1.1M         15G        102G
2023-07-31 14:24:25  Mem:           125G         21G         87G        1.1M         15G        102G
2023-07-31 14:24:28  Mem:           125G         21G         87G        1.1M         15G        102G
2023-07-31 14:24:31  Mem:           125G         21G         87G        1.1M         15G        102G
2023-07-31 14:24:34  Mem:           125G         21G         87G        1.1M         15G        102G
2023-07-31 14:24:37  Mem:           125G         21G         87G        1.1M         15G        102G
2023-07-31 14:24:40  Mem:           125G         21G         87G        1.1M         15G        102G
2023-07-31 14:24:43  Mem:           125G         21G         87G        1.1M         15G        102G
2023-07-31 14:24:46  Mem:           125G         21G         87G        1.1M         15G        102G
2023-07-31 14:24:49  Mem:           125G         21G         87G        1.1M         16G        102G
2023-07-31 14:24:53  Mem:           125G         21G         87G        1.1M         16G        102G
2023-07-31 14:24:56  Mem:           125G         21G         87G        1.1M         16G        102G
2023-07-31 14:24:59  Mem:           125G         21G         87G        1.1M         16G        102G
2023-07-31 14:25:02  Mem:           125G         22G         87G        1.1M         16G        102G
2023-07-31 14:25:05  Mem:           125G         22G         86G        1.1M         16G        102G
2023-07-31 14:25:08  Mem:           125G         22G         86G        1.1M         16G        102G
2023-07-31 14:25:11  Mem:           125G         22G         86G        1.1M         16G        102G
2023-07-31 14:25:14  Mem:           125G         22G         86G        1.1M         16G        102G
2023-07-31 14:25:17  Mem:           125G         22G         86G        1.1M         16G        102G
2023-07-31 14:25:20  Mem:           125G         22G         86G        1.1M         16G        102G
2023-07-31 14:25:23  Mem:           125G         22G         86G        1.1M         16G        102G
2023-07-31 14:25:26  Mem:           125G         22G         86G        1.1M         16G        102G
2023-07-31 14:25:29  Mem:           125G         22G         86G        1.1M         16G        101G
2023-07-31 14:25:32  Mem:           125G         22G         86G        1.1M         16G        101G
2023-07-31 14:25:35  Mem:           125G         22G         86G        1.1M         16G        101G
2023-07-31 14:25:38  Mem:           125G         22G         86G        1.1M         16G        101G
2023-07-31 14:25:41  Mem:           125G         22G         86G        1.1M         16G        101G
2023-07-31 14:25:44  Mem:           125G         22G         86G        1.1M         16G        101G
2023-07-31 14:25:47  Mem:           125G         22G         86G        1.1M         16G        101G
2023-07-31 14:25:50  Mem:           125G         22G         86G        1.1M         16G        101G
2023-07-31 14:25:53  Mem:           125G         22G         86G        1.1M         16G        101G
2023-07-31 14:25:56  Mem:           125G         22G         86G        1.1M         16G        101G
2023-07-31 14:25:59  Mem:           125G         22G         85G        1.1M         16G        101G
2023-07-31 14:26:02  Mem:           125G         22G         85G        1.1M         16G        101G
2023-07-31 14:26:05  Mem:           125G         22G         85G        1.1M         16G        101G
2023-07-31 14:26:08  Mem:           125G         22G         85G        1.1M         16G        101G
2023-07-31 14:26:11  Mem:           125G         22G         85G        1.1M         16G        101G
2023-07-31 14:26:14  Mem:           125G         22G         85G        1.1M         16G        101G
2023-07-31 14:26:17  Mem:           125G         22G         85G        1.1M         16G        101G
2023-07-31 14:26:20  Mem:           125G         22G         85G        1.1M         16G        101G
2023-07-31 14:26:23  Mem:           125G         22G         85G        1.1M         16G        101G
2023-07-31 14:26:26  Mem:           125G         22G         85G        1.1M         16G        101G
2023-07-31 14:26:29  Mem:           125G         22G         85G        1.1M         17G        101G
2023-07-31 14:26:32  Mem:           125G         22G         85G        1.1M         17G        101G
2023-07-31 14:26:35  Mem:           125G         22G         85G        1.1M         17G        101G
2023-07-31 14:26:38  Mem:           125G         22G         85G        1.1M         17G        101G
2023-07-31 14:26:41  Mem:           125G         22G         85G        1.1M         17G        101G
2023-07-31 14:26:44  Mem:           125G         22G         85G        1.1M         17G        101G
2023-07-31 14:26:47  Mem:           125G         22G         85G        1.1M         17G        101G
2023-07-31 14:26:50  Mem:           125G         22G         85G        1.1M         17G        101G
2023-07-31 14:26:53  Mem:           125G         22G         84G        1.1M         17G        101G
2023-07-31 14:26:56  Mem:           125G         22G         84G        1.1M         17G        101G
2023-07-31 14:26:59  Mem:           125G         22G         84G        1.1M         17G        101G
2023-07-31 14:27:02  Mem:           125G         22G         84G        1.1M         17G        101G
2023-07-31 14:27:05  Mem:           125G         23G         84G        1.1M         17G        101G
2023-07-31 14:27:08  Mem:           125G         23G         84G        1.1M         17G        101G
2023-07-31 14:27:11  Mem:           125G         23G         84G        1.1M         17G        101G
2023-07-31 14:27:14  Mem:           125G         23G         84G        1.1M         17G        101G
2023-07-31 14:27:17  Mem:           125G         23G         84G        1.1M         17G        101G
2023-07-31 14:27:20  Mem:           125G         23G         84G        1.1M         17G        101G
2023-07-31 14:27:23  Mem:           125G         23G         84G        1.1M         17G        101G
2023-07-31 14:27:26  Mem:           125G         23G         84G        1.1M         17G        101G
2023-07-31 14:27:29  Mem:           125G         23G         84G        1.1M         17G        100G
2023-07-31 14:27:32  Mem:           125G         23G         84G        1.1M         17G        100G
2023-07-31 14:27:35  Mem:           125G         23G         84G        1.1M         17G        100G
2023-07-31 14:27:38  Mem:           125G         23G         84G        1.1M         17G        100G
2023-07-31 14:27:41  Mem:           125G         23G         84G        1.1M         17G        100G
2023-07-31 14:27:44  Mem:           125G         23G         83G        1.1M         17G        100G
2023-07-31 14:27:47  Mem:           125G         23G         83G        1.1M         17G        100G
2023-07-31 14:27:50  Mem:           125G         23G         83G        1.1M         17G        100G
2023-07-31 14:27:53  Mem:           125G         23G         83G        1.1M         17G        100G
2023-07-31 14:27:56  Mem:           125G         23G         83G        1.1M         17G        100G
2023-07-31 14:27:59  Mem:           125G         23G         83G        1.1M         17G        100G
2023-07-31 14:28:02  Mem:           125G         23G         83G        1.1M         18G        100G
2023-07-31 14:28:05  Mem:           125G         23G         83G        1.1M         18G        100G
2023-07-31 14:28:08  Mem:           125G         23G         83G        1.1M         18G        100G
2023-07-31 14:28:11  Mem:           125G         23G         83G        1.1M         18G        100G
2023-07-31 14:28:14  Mem:           125G         23G         83G        1.1M         18G        100G
2023-07-31 14:28:17  Mem:           125G         23G         83G        1.1M         18G        100G
2023-07-31 14:28:20  Mem:           125G         23G         83G        1.1M         18G        100G
2023-07-31 14:28:23  Mem:           125G         23G         83G        1.1M         18G        100G
2023-07-31 14:28:26  Mem:           125G         23G         83G        1.1M         18G        100G
2023-07-31 14:28:29  Mem:           125G         23G         83G        1.1M         18G        100G
2023-07-31 14:28:32  Mem:           125G         23G         83G        1.1M         18G        100G
2023-07-31 14:28:35  Mem:           125G         23G         82G        1.1M         18G        100G
2023-07-31 14:28:38  Mem:           125G         23G         82G        1.1M         18G        100G
2023-07-31 14:28:41  Mem:           125G         23G         82G        1.1M         18G        100G
2023-07-31 14:28:45  Mem:           125G         23G         82G        1.1M         18G        100G
2023-07-31 14:28:48  Mem:           125G         23G         82G        1.1M         18G        100G
2023-07-31 14:28:51  Mem:           125G         23G         82G        1.1M         18G        100G
2023-07-31 14:28:54  Mem:           125G         23G         82G        1.1M         18G        100G
2023-07-31 14:28:57  Mem:           125G         23G         82G        1.1M         18G        100G
2023-07-31 14:29:00  Mem:           125G         23G         82G        1.1M         18G        100G
2023-07-31 14:29:03  Mem:           125G         24G         82G        1.1M         18G        100G
2023-07-31 14:29:06  Mem:           125G         24G         82G        1.1M         18G        100G
2023-07-31 14:29:09  Mem:           125G         24G         82G        1.1M         18G        100G
2023-07-31 14:29:12  Mem:           125G         24G         82G        1.1M         18G        100G
2023-07-31 14:29:15  Mem:           125G         24G         82G        1.1M         18G        100G
2023-07-31 14:29:18  Mem:           125G         24G         82G        1.1M         18G        100G
2023-07-31 14:29:21  Mem:           125G         24G         82G        1.1M         18G        100G
2023-07-31 14:29:24  Mem:           125G         24G         82G        1.1M         18G        100G
2023-07-31 14:29:27  Mem:           125G         24G         81G        1.1M         18G         99G
2023-07-31 14:29:30  Mem:           125G         24G         81G        1.1M         18G         99G
2023-07-31 14:29:33  Mem:           125G         24G         81G        1.1M         19G         99G
2023-07-31 14:29:36  Mem:           125G         24G         81G        1.1M         19G         99G
2023-07-31 14:29:39  Mem:           125G         24G         81G        1.1M         19G         99G
2023-07-31 14:29:42  Mem:           125G         24G         81G        1.1M         19G         99G
2023-07-31 14:29:45  Mem:           125G         24G         81G        1.1M         19G         99G
2023-07-31 14:29:48  Mem:           125G         24G         81G        1.1M         19G         99G
2023-07-31 14:29:51  Mem:           125G         24G         81G        1.1M         19G         99G
2023-07-31 14:29:54  Mem:           125G         24G         81G        1.1M         19G         99G
2023-07-31 14:29:57  Mem:           125G         24G         81G        1.1M         19G         99G
2023-07-31 14:30:00  Mem:           125G         24G         81G        1.1M         19G         99G
2023-07-31 14:30:03  Mem:           125G         24G         81G        1.1M         19G         99G
2023-07-31 14:30:06  Mem:           125G         24G         81G        1.1M         19G         99G
2023-07-31 14:30:09  Mem:           125G         24G         81G        1.1M         19G         99G
2023-07-31 14:30:12  Mem:           125G         24G         81G        1.1M         19G         99G
2023-07-31 14:30:15  Mem:           125G         24G         80G        1.1M         19G         99G
2023-07-31 14:30:18  Mem:           125G         24G         80G        1.1M         19G         99G
2023-07-31 14:30:21  Mem:           125G         24G         80G        1.1M         19G         99G
2023-07-31 14:30:24  Mem:           125G         24G         80G        1.1M         19G         99G
2023-07-31 14:30:27  Mem:           125G         24G         80G        1.1M         19G         99G
2023-07-31 14:30:30  Mem:           125G         24G         80G        1.1M         19G         99G
2023-07-31 14:30:33  Mem:           125G         24G         80G        1.1M         19G         99G
2023-07-31 14:30:36  Mem:           125G         24G         80G        1.1M         19G         99G
2023-07-31 14:30:39  Mem:           125G         24G         80G        1.1M         19G         99G
2023-07-31 14:30:42  Mem:           125G         24G         80G        1.1M         19G         99G
2023-07-31 14:30:45  Mem:           125G         24G         80G        1.1M         19G         99G
2023-07-31 14:30:48  Mem:           125G         24G         80G        1.1M         19G         99G
2023-07-31 14:30:51  Mem:           125G         25G         80G        1.1M         19G         99G
2023-07-31 14:30:54  Mem:           125G         25G         80G        1.1M         19G         99G
2023-07-31 14:30:57  Mem:           125G         25G         80G        1.1M         19G         99G
2023-07-31 14:31:00  Mem:           125G         25G         80G        1.1M         20G         99G
2023-07-31 14:31:03  Mem:           125G         25G         79G        1.1M         20G         99G
2023-07-31 14:31:06  Mem:           125G         25G         79G        1.1M         20G         99G
2023-07-31 14:31:09  Mem:           125G         25G         79G        1.1M         20G         99G
2023-07-31 14:31:12  Mem:           125G         25G         79G        1.1M         20G         98G
2023-07-31 14:31:15  Mem:           125G         25G         79G        1.1M         20G         98G
2023-07-31 14:31:18  Mem:           125G         25G         79G        1.1M         20G         98G
2023-07-31 14:31:21  Mem:           125G         25G         79G        1.1M         20G         98G
2023-07-31 14:31:24  Mem:           125G         25G         79G        1.1M         20G         98G
2023-07-31 14:31:27  Mem:           125G         25G         79G        1.1M         20G         98G
2023-07-31 14:31:30  Mem:           125G         25G         79G        1.1M         20G         98G
2023-07-31 14:31:33  Mem:           125G         25G         79G        1.1M         20G         98G
2023-07-31 14:31:36  Mem:           125G         25G         79G        1.1M         20G         98G
2023-07-31 14:31:39  Mem:           125G         25G         79G        1.1M         20G         98G
2023-07-31 14:31:42  Mem:           125G         25G         79G        1.1M         20G         98G
2023-07-31 14:31:45  Mem:           125G         25G         79G        1.1M         20G         98G
2023-07-31 14:31:48  Mem:           125G         25G         78G        1.1M         20G         98G
2023-07-31 14:31:51  Mem:           125G         25G         78G        1.1M         20G         98G
2023-07-31 14:31:54  Mem:           125G         25G         78G        1.1M         20G         98G
2023-07-31 14:31:57  Mem:           125G         25G         78G        1.1M         20G         98G
2023-07-31 14:32:00  Mem:           125G         25G         78G        1.1M         20G         98G
2023-07-31 14:32:03  Mem:           125G         25G         78G        1.1M         20G         98G
2023-07-31 14:32:06  Mem:           125G         25G         78G        1.1M         20G         98G
2023-07-31 14:32:09  Mem:           125G         25G         78G        1.1M         20G         98G
2023-07-31 14:32:12  Mem:           125G         25G         78G        1.1M         20G         98G
2023-07-31 14:32:15  Mem:           125G         25G         78G        1.1M         20G         98G
2023-07-31 14:32:18  Mem:           125G         25G         78G        1.1M         20G         98G
2023-07-31 14:32:21  Mem:           125G         25G         78G        1.1M         20G         98G
2023-07-31 14:32:24  Mem:           125G         25G         78G        1.1M         21G         98G
2023-07-31 14:32:27  Mem:           125G         25G         78G        1.1M         21G         98G
2023-07-31 14:32:30  Mem:           125G         26G         78G        1.1M         21G         98G
2023-07-31 14:32:33  Mem:           125G         26G         77G        1.1M         21G         98G
2023-07-31 14:32:36  Mem:           125G         26G         77G        1.1M         21G         98G
2023-07-31 14:32:39  Mem:           125G         26G         77G        1.1M         21G         98G
2023-07-31 14:32:42  Mem:           125G         26G         77G        1.1M         21G         98G
2023-07-31 14:32:45  Mem:           125G         26G         77G        1.1M         21G         98G
2023-07-31 14:32:48  Mem:           125G         26G         77G        1.1M         21G         97G
2023-07-31 14:32:51  Mem:           125G         26G         77G        1.1M         21G         97G
2023-07-31 14:32:54  Mem:           125G         26G         77G        1.1M         21G         97G
2023-07-31 14:32:57  Mem:           125G         26G         77G        1.1M         21G         97G
2023-07-31 14:33:00  Mem:           125G         26G         77G        1.1M         21G         97G
2023-07-31 14:33:03  Mem:           125G         26G         77G        1.1M         21G         97G
2023-07-31 14:33:06  Mem:           125G         26G         77G        1.1M         21G         97G
2023-07-31 14:33:09  Mem:           125G         26G         77G        1.1M         21G         97G
2023-07-31 14:33:12  Mem:           125G         26G         77G        1.1M         21G         97G
2023-07-31 14:33:15  Mem:           125G         26G         76G        1.1M         21G         97G
2023-07-31 14:33:18  Mem:           125G         26G         76G        1.1M         21G         97G
2023-07-31 14:33:21  Mem:           125G         26G         76G        1.1M         21G         97G
2023-07-31 14:33:24  Mem:           125G         26G         76G        1.1M         21G         97G
2023-07-31 14:33:27  Mem:           125G         26G         76G        1.1M         21G         97G
2023-07-31 14:33:30  Mem:           125G         26G         76G        1.1M         21G         97G
2023-07-31 14:33:33  Mem:           125G         26G         76G        1.1M         21G         97G
2023-07-31 14:33:36  Mem:           125G         26G         76G        1.1M         21G         97G
2023-07-31 14:33:39  Mem:           125G         26G         76G        1.1M         21G         97G
2023-07-31 14:33:43  Mem:           125G         26G         76G        1.1M         21G         97G
2023-07-31 14:33:46  Mem:           125G         26G         76G        1.1M         22G         97G
2023-07-31 14:33:49  Mem:           125G         26G         76G        1.1M         22G         97G
2023-07-31 14:33:52  Mem:           125G         26G         76G        1.1M         22G         97G
2023-07-31 14:33:55  Mem:           125G         26G         76G        1.1M         22G         97G
2023-07-31 14:33:58  Mem:           125G         26G         76G        1.1M         22G         97G
2023-07-31 14:34:01  Mem:           125G         26G         75G        1.1M         22G         97G
2023-07-31 14:34:04  Mem:           125G         27G         75G        1.1M         22G         97G
2023-07-31 14:34:07  Mem:           125G         27G         75G        1.1M         22G         97G
2023-07-31 14:34:10  Mem:           125G         27G         75G        1.1M         22G         97G
2023-07-31 14:34:13  Mem:           125G         27G         75G        1.1M         22G         97G
2023-07-31 14:34:16  Mem:           125G         27G         75G        1.1M         22G         97G
2023-07-31 14:34:19  Mem:           125G         27G         75G        1.1M         22G         96G
2023-07-31 14:34:22  Mem:           125G         27G         75G        1.1M         22G         96G
2023-07-31 14:34:25  Mem:           125G         27G         75G        1.1M         22G         96G
2023-07-31 14:34:28  Mem:           125G         27G         75G        1.1M         22G         96G
2023-07-31 14:34:31  Mem:           125G         27G         75G        1.1M         22G         96G
2023-07-31 14:34:34  Mem:           125G         27G         75G        1.1M         22G         96G
2023-07-31 14:34:37  Mem:           125G         27G         75G        1.1M         22G         96G
2023-07-31 14:34:40  Mem:           125G         27G         74G        1.1M         22G         96G
2023-07-31 14:34:43  Mem:           125G         27G         74G        1.1M         22G         96G
2023-07-31 14:34:46  Mem:           125G         27G         74G        1.1M         22G         96G
2023-07-31 14:34:49  Mem:           125G         27G         74G        1.1M         22G         96G
2023-07-31 14:34:52  Mem:           125G         27G         74G        1.1M         22G         96G
2023-07-31 14:34:55  Mem:           125G         27G         74G        1.1M         22G         96G
2023-07-31 14:34:58  Mem:           125G         27G         74G        1.1M         22G         96G
2023-07-31 14:35:01  Mem:           125G         27G         74G        1.1M         22G         96G
2023-07-31 14:35:04  Mem:           125G         27G         74G        1.1M         23G         96G
2023-07-31 14:35:07  Mem:           125G         27G         74G        1.1M         23G         96G
2023-07-31 14:35:10  Mem:           125G         27G         74G        1.1M         23G         96G
2023-07-31 14:35:13  Mem:           125G         27G         74G        1.1M         23G         96G
2023-07-31 14:35:16  Mem:           125G         27G         74G        1.1M         23G         96G
2023-07-31 14:35:19  Mem:           125G         27G         74G        1.1M         23G         96G
2023-07-31 14:35:22  Mem:           125G         27G         73G        1.1M         23G         96G
2023-07-31 14:35:25  Mem:           125G         27G         73G        1.1M         23G         96G
2023-07-31 14:35:28  Mem:           125G         28G         73G        1.1M         23G         96G
2023-07-31 14:35:31  Mem:           125G         28G         73G        1.1M         23G         96G
2023-07-31 14:35:34  Mem:           125G         28G         73G        1.1M         23G         96G
2023-07-31 14:35:37  Mem:           125G         28G         73G        1.1M         23G         96G
2023-07-31 14:35:40  Mem:           125G         28G         73G        1.1M         23G         96G
2023-07-31 14:35:43  Mem:           125G         28G         73G        1.1M         23G         95G
2023-07-31 14:35:46  Mem:           125G         28G         73G        1.1M         23G         95G
2023-07-31 14:35:49  Mem:           125G         28G         73G        1.1M         23G         95G
2023-07-31 14:35:52  Mem:           125G         28G         73G        1.1M         23G         95G
2023-07-31 14:35:55  Mem:           125G         28G         73G        1.1M         23G         95G
2023-07-31 14:35:58  Mem:           125G         28G         73G        1.1M         23G         95G
2023-07-31 14:36:01  Mem:           125G         28G         72G        1.1M         23G         95G
2023-07-31 14:36:04  Mem:           125G         28G         72G        1.1M         23G         95G
2023-07-31 14:36:07  Mem:           125G         28G         72G        1.1M         23G         95G
2023-07-31 14:36:10  Mem:           125G         28G         72G        1.1M         23G         95G
2023-07-31 14:36:13  Mem:           125G         28G         72G        1.1M         23G         95G
2023-07-31 14:36:16  Mem:           125G         28G         72G        1.1M         23G         95G
2023-07-31 14:36:19  Mem:           125G         28G         72G        1.1M         24G         95G
2023-07-31 14:36:22  Mem:           125G         28G         72G        1.1M         24G         95G
2023-07-31 14:36:25  Mem:           125G         28G         72G        1.1M         24G         95G
2023-07-31 14:36:28  Mem:           125G         28G         72G        1.1M         24G         95G
2023-07-31 14:36:31  Mem:           125G         28G         72G        1.1M         24G         95G
2023-07-31 14:36:34  Mem:           125G         28G         72G        1.1M         24G         95G
2023-07-31 14:36:37  Mem:           125G         28G         71G        1.1M         24G         95G
2023-07-31 14:36:40  Mem:           125G         28G         71G        1.1M         24G         95G
2023-07-31 14:36:43  Mem:           125G         28G         71G        1.1M         24G         95G
2023-07-31 14:36:46  Mem:           125G         29G         71G        1.1M         24G         95G
2023-07-31 14:36:49  Mem:           125G         29G         71G        1.1M         24G         95G
2023-07-31 14:36:52  Mem:           125G         29G         71G        1.1M         24G         95G
2023-07-31 14:36:55  Mem:           125G         29G         71G        1.1M         24G         95G
2023-07-31 14:36:58  Mem:           125G         29G         71G        1.1M         24G         95G
2023-07-31 14:37:01  Mem:           125G         29G         71G        1.1M         24G         94G
2023-07-31 14:37:04  Mem:           125G         29G         71G        1.1M         24G         94G
2023-07-31 14:37:07  Mem:           125G         29G         71G        1.1M         24G         94G
2023-07-31 14:37:10  Mem:           125G         29G         71G        1.1M         24G         94G
2023-07-31 14:37:13  Mem:           125G         29G         71G        1.1M         24G         94G
2023-07-31 14:37:16  Mem:           125G         29G         70G        1.1M         24G         94G
2023-07-31 14:37:19  Mem:           125G         29G         70G        1.1M         24G         94G
2023-07-31 14:37:22  Mem:           125G         29G         70G        1.1M         24G         94G
2023-07-31 14:37:25  Mem:           125G         29G         70G        1.1M         24G         94G
2023-07-31 14:37:28  Mem:           125G         29G         70G        1.1M         24G         94G
2023-07-31 14:37:31  Mem:           125G         29G         70G        1.1M         24G         94G
2023-07-31 14:37:34  Mem:           125G         29G         70G        1.1M         25G         94G
2023-07-31 14:37:37  Mem:           125G         29G         70G        1.1M         25G         94G
2023-07-31 14:37:40  Mem:           125G         29G         70G        1.1M         25G         94G
2023-07-31 14:37:43  Mem:           125G         29G         70G        1.1M         25G         94G
2023-07-31 14:37:46  Mem:           125G         29G         70G        1.1M         25G         94G
2023-07-31 14:37:49  Mem:           125G         29G         70G        1.1M         25G         94G
2023-07-31 14:37:52  Mem:           125G         29G         69G        1.1M         25G         94G
2023-07-31 14:37:55  Mem:           125G         29G         69G        1.1M         25G         94G
2023-07-31 14:37:58  Mem:           125G         29G         69G        1.1M         25G         94G
2023-07-31 14:38:01  Mem:           125G         30G         69G        1.1M         25G         94G
2023-07-31 14:38:04  Mem:           125G         30G         69G        1.1M         25G         94G
2023-07-31 14:38:08  Mem:           125G         30G         69G        1.1M         25G         94G
2023-07-31 14:38:11  Mem:           125G         30G         69G        1.1M         25G         94G
2023-07-31 14:38:14  Mem:           125G         30G         69G        1.1M         25G         94G
2023-07-31 14:38:17  Mem:           125G         30G         69G        1.1M         25G         93G
2023-07-31 14:38:20  Mem:           125G         30G         69G        1.1M         25G         93G
2023-07-31 14:38:23  Mem:           125G         30G         69G        1.1M         25G         93G
2023-07-31 14:38:26  Mem:           125G         30G         69G        1.1M         25G         93G
2023-07-31 14:38:29  Mem:           125G         30G         68G        1.1M         25G         93G
2023-07-31 14:38:32  Mem:           125G         30G         68G        1.1M         25G         93G
2023-07-31 14:38:35  Mem:           125G         30G         68G        1.1M         25G         93G
2023-07-31 14:38:38  Mem:           125G         30G         68G        1.1M         25G         93G
2023-07-31 14:38:41  Mem:           125G         30G         68G        1.1M         25G         93G
2023-07-31 14:38:44  Mem:           125G         30G         68G        1.1M         25G         93G
2023-07-31 14:38:47  Mem:           125G         30G         68G        1.1M         26G         93G
2023-07-31 14:38:50  Mem:           125G         30G         68G        1.1M         26G         93G
2023-07-31 14:38:53  Mem:           125G         30G         68G        1.1M         26G         93G
2023-07-31 14:38:56  Mem:           125G         30G         68G        1.1M         26G         93G
2023-07-31 14:38:59  Mem:           125G         30G         68G        1.1M         26G         93G
2023-07-31 14:39:02  Mem:           125G         30G         68G        1.1M         26G         93G
2023-07-31 14:39:05  Mem:           125G         30G         67G        1.1M         26G         93G
2023-07-31 14:39:08  Mem:           125G         30G         67G        1.1M         26G         93G
2023-07-31 14:39:11  Mem:           125G         31G         67G        1.1M         26G         93G
2023-07-31 14:39:14  Mem:           125G         31G         67G        1.1M         26G         93G
2023-07-31 14:39:17  Mem:           125G         31G         67G        1.1M         26G         93G
2023-07-31 14:39:20  Mem:           125G         31G         67G        1.1M         26G         93G
2023-07-31 14:39:23  Mem:           125G         31G         67G        1.1M         26G         93G
2023-07-31 14:39:26  Mem:           125G         31G         67G        1.1M         26G         92G
2023-07-31 14:39:29  Mem:           125G         31G         67G        1.1M         26G         92G
2023-07-31 14:39:32  Mem:           125G         31G         67G        1.1M         26G         92G
2023-07-31 14:39:35  Mem:           125G         31G         67G        1.1M         26G         92G
2023-07-31 14:39:38  Mem:           125G         31G         66G        1.1M         26G         92G
2023-07-31 14:39:41  Mem:           125G         31G         66G        1.1M         26G         92G
2023-07-31 14:39:44  Mem:           125G         31G         66G        1.1M         26G         92G
2023-07-31 14:39:47  Mem:           125G         31G         66G        1.1M         26G         92G
2023-07-31 14:39:50  Mem:           125G         31G         66G        1.1M         26G         92G
2023-07-31 14:39:53  Mem:           125G         31G         66G        1.1M         26G         92G
2023-07-31 14:39:56  Mem:           125G         31G         66G        1.1M         26G         92G
2023-07-31 14:39:59  Mem:           125G         31G         66G        1.1M         27G         92G
2023-07-31 14:40:02  Mem:           125G         31G         66G        1.1M         27G         92G
2023-07-31 14:40:05  Mem:           125G         31G         66G        1.1M         27G         92G
2023-07-31 14:40:08  Mem:           125G         31G         66G        1.1M         27G         92G
2023-07-31 14:40:11  Mem:           125G         31G         66G        1.1M         27G         92G
2023-07-31 14:40:14  Mem:           125G         31G         65G        1.1M         27G         92G
2023-07-31 14:40:17  Mem:           125G         32G         65G        1.1M         27G         92G
2023-07-31 14:40:20  Mem:           125G         32G         65G        1.1M         27G         92G
2023-07-31 14:40:23  Mem:           125G         32G         65G        1.1M         27G         92G
2023-07-31 14:40:26  Mem:           125G         32G         65G        1.1M         27G         92G
2023-07-31 14:40:29  Mem:           125G         32G         65G        1.1M         27G         91G
2023-07-31 14:40:32  Mem:           125G         32G         65G        1.1M         27G         91G
2023-07-31 14:40:35  Mem:           125G         32G         65G        1.1M         27G         91G
2023-07-31 14:40:38  Mem:           125G         32G         65G        1.1M         27G         91G
2023-07-31 14:40:41  Mem:           125G         32G         65G        1.1M         27G         91G
2023-07-31 14:40:44  Mem:           125G         32G         65G        1.1M         27G         91G
2023-07-31 14:40:47  Mem:           125G         32G         64G        1.1M         27G         91G
2023-07-31 14:40:50  Mem:           125G         32G         64G        1.1M         27G         91G
2023-07-31 14:40:53  Mem:           125G         32G         64G        1.1M         27G         91G
2023-07-31 14:40:56  Mem:           125G         32G         64G        1.1M         27G         91G
2023-07-31 14:40:59  Mem:           125G         32G         64G        1.1M         27G         91G
2023-07-31 14:41:02  Mem:           125G         32G         64G        1.1M         27G         91G
2023-07-31 14:41:05  Mem:           125G         32G         64G        1.1M         27G         91G
2023-07-31 14:41:08  Mem:           125G         32G         64G        1.1M         27G         91G
2023-07-31 14:41:11  Mem:           125G         32G         64G        1.1M         28G         91G
2023-07-31 14:41:14  Mem:           125G         32G         64G        1.1M         28G         91G
2023-07-31 14:41:17  Mem:           125G         32G         64G        1.1M         28G         91G
2023-07-31 14:41:20  Mem:           125G         33G         63G        1.1M         28G         91G
2023-07-31 14:41:23  Mem:           125G         33G         63G        1.1M         28G         91G
2023-07-31 14:41:26  Mem:           125G         33G         63G        1.1M         28G         91G
2023-07-31 14:41:29  Mem:           125G         33G         63G        1.1M         28G         91G
2023-07-31 14:41:32  Mem:           125G         33G         63G        1.1M         28G         90G
2023-07-31 14:41:35  Mem:           125G         33G         63G        1.1M         28G         90G
2023-07-31 14:41:38  Mem:           125G         33G         63G        1.1M         28G         90G
2023-07-31 14:41:41  Mem:           125G         33G         63G        1.1M         28G         90G
2023-07-31 14:41:44  Mem:           125G         33G         63G        1.1M         28G         90G
2023-07-31 14:41:47  Mem:           125G         33G         63G        1.1M         28G         90G
2023-07-31 14:41:50  Mem:           125G         33G         63G        1.1M         28G         90G
2023-07-31 14:41:53  Mem:           125G         33G         62G        1.1M         28G         90G
2023-07-31 14:41:56  Mem:           125G         33G         62G        1.1M         28G         90G
2023-07-31 14:41:59  Mem:           125G         33G         62G        1.1M         28G         90G
2023-07-31 14:42:02  Mem:           125G         33G         62G        1.1M         28G         90G
2023-07-31 14:42:05  Mem:           125G         33G         62G        1.1M         28G         90G
2023-07-31 14:42:08  Mem:           125G         33G         62G        1.1M         28G         90G
2023-07-31 14:42:11  Mem:           125G         33G         62G        1.1M         28G         90G
2023-07-31 14:42:14  Mem:           125G         33G         62G        1.1M         28G         90G
2023-07-31 14:42:17  Mem:           125G         33G         62G        1.1M         28G         90G
2023-07-31 14:42:20  Mem:           125G         34G         62G        1.1M         29G         90G
2023-07-31 14:42:23  Mem:           125G         34G         62G        1.1M         29G         90G
2023-07-31 14:42:26  Mem:           125G         34G         61G        1.1M         29G         90G
2023-07-31 14:42:29  Mem:           125G         34G         61G        1.1M         29G         90G
2023-07-31 14:42:32  Mem:           125G         34G         61G        1.1M         29G         89G
2023-07-31 14:42:35  Mem:           125G         34G         61G        1.1M         29G         89G
2023-07-31 14:42:38  Mem:           125G         34G         61G        1.1M         29G         89G
2023-07-31 14:42:41  Mem:           125G         34G         61G        1.1M         29G         89G
2023-07-31 14:42:44  Mem:           125G         34G         61G        1.1M         29G         89G
2023-07-31 14:42:47  Mem:           125G         34G         61G        1.1M         29G         89G
2023-07-31 14:42:50  Mem:           125G         34G         61G        1.1M         29G         89G
2023-07-31 14:42:54  Mem:           125G         34G         61G        1.1M         29G         89G
2023-07-31 14:42:57  Mem:           125G         34G         61G        1.1M         29G         89G
2023-07-31 14:43:00  Mem:           125G         34G         60G        1.1M         29G         89G
2023-07-31 14:43:03  Mem:           125G         34G         60G        1.1M         29G         89G
2023-07-31 14:43:06  Mem:           125G         34G         60G        1.1M         29G         89G
2023-07-31 14:43:09  Mem:           125G         34G         60G        1.1M         29G         89G
2023-07-31 14:43:12  Mem:           125G         34G         60G        1.1M         29G         89G
2023-07-31 14:43:15  Mem:           125G         34G         60G        1.1M         29G         89G
2023-07-31 14:43:18  Mem:           125G         35G         60G        1.1M         29G         89G
2023-07-31 14:43:21  Mem:           125G         35G         60G        1.1M         29G         89G
2023-07-31 14:43:24  Mem:           125G         35G         60G        1.1M         29G         89G
2023-07-31 14:43:27  Mem:           125G         35G         60G        1.1M         29G         89G
2023-07-31 14:43:30  Mem:           125G         35G         59G        1.1M         29G         88G
2023-07-31 14:43:33  Mem:           125G         35G         59G        1.1M         29G         88G
2023-07-31 14:43:36  Mem:           125G         35G         59G        1.1M         30G         88G
2023-07-31 14:43:39  Mem:           125G         35G         59G        1.1M         30G         88G
2023-07-31 14:43:42  Mem:           125G         35G         59G        1.1M         30G         88G
2023-07-31 14:43:45  Mem:           125G         35G         59G        1.1M         30G         88G
2023-07-31 14:43:48  Mem:           125G         35G         59G        1.1M         30G         88G
2023-07-31 14:43:51  Mem:           125G         35G         59G        1.1M         30G         88G
2023-07-31 14:43:54  Mem:           125G         35G         59G        1.1M         30G         88G
2023-07-31 14:43:57  Mem:           125G         35G         59G        1.1M         30G         88G
2023-07-31 14:44:00  Mem:           125G         35G         59G        1.1M         30G         88G
2023-07-31 14:44:03  Mem:           125G         35G         58G        1.1M         30G         88G
2023-07-31 14:44:06  Mem:           125G         35G         58G        1.1M         30G         88G
2023-07-31 14:44:09  Mem:           125G         35G         58G        1.1M         30G         88G
2023-07-31 14:44:12  Mem:           125G         35G         58G        1.1M         30G         88G
2023-07-31 14:44:15  Mem:           125G         36G         58G        1.1M         30G         88G
2023-07-31 14:44:18  Mem:           125G         36G         58G        1.1M         30G         88G
2023-07-31 14:44:21  Mem:           125G         36G         58G        1.1M         30G         88G
2023-07-31 14:44:24  Mem:           125G         36G         58G        1.1M         30G         88G
2023-07-31 14:44:27  Mem:           125G         36G         58G        1.1M         30G         87G
2023-07-31 14:44:30  Mem:           125G         36G         58G        1.1M         30G         87G
2023-07-31 14:44:33  Mem:           125G         36G         58G        1.1M         30G         87G
2023-07-31 14:44:36  Mem:           125G         36G         57G        1.1M         30G         87G
2023-07-31 14:44:39  Mem:           125G         36G         57G        1.1M         30G         87G
2023-07-31 14:44:42  Mem:           125G         36G         57G        1.1M         30G         87G
2023-07-31 14:44:45  Mem:           125G         36G         57G        1.1M         30G         87G
2023-07-31 14:44:48  Mem:           125G         36G         57G        1.1M         31G         87G
2023-07-31 14:44:51  Mem:           125G         36G         57G        1.1M         31G         87G
2023-07-31 14:44:54  Mem:           125G         36G         57G        1.1M         31G         87G
2023-07-31 14:44:57  Mem:           125G         36G         57G        1.1M         31G         87G
2023-07-31 14:45:00  Mem:           125G         36G         57G        1.1M         31G         87G
2023-07-31 14:45:03  Mem:           125G         36G         57G        1.1M         31G         87G
2023-07-31 14:45:06  Mem:           125G         36G         56G        1.1M         31G         87G
2023-07-31 14:45:09  Mem:           125G         36G         56G        1.1M         31G         87G
2023-07-31 14:45:12  Mem:           125G         37G         56G        1.1M         31G         87G
2023-07-31 14:45:15  Mem:           125G         37G         56G        1.1M         31G         87G
2023-07-31 14:45:18  Mem:           125G         37G         56G        1.1M         31G         87G
2023-07-31 14:45:21  Mem:           125G         37G         56G        1.1M         31G         86G
2023-07-31 14:45:24  Mem:           125G         37G         56G        1.1M         31G         86G
2023-07-31 14:45:27  Mem:           125G         37G         56G        1.1M         31G         86G
