time               total        used        free      shared  buff/cache   available
2023-07-30 13:37:28  Mem:           125G        9.3G        115G        1.1M        731M        114G
2023-07-30 13:37:31  Mem:           125G        9.4G        114G        1.1M        896M        114G
2023-07-30 13:37:34  Mem:           125G        9.4G        114G        1.1M        959M        114G
2023-07-30 13:37:37  Mem:           125G        9.5G        114G        1.1M        1.0G        114G
2023-07-30 13:37:40  Mem:           125G        9.6G        114G        1.1M        1.1G        114G
2023-07-30 13:37:43  Mem:           125G        9.7G        114G        1.1M        1.1G        114G
2023-07-30 13:37:46  Mem:           125G        9.8G        114G        1.1M        1.2G        114G
2023-07-30 13:37:49  Mem:           125G        9.8G        114G        1.1M        1.3G        114G
2023-07-30 13:37:52  Mem:           125G        9.9G        113G        1.1M        1.4G        114G
2023-07-30 13:37:55  Mem:           125G        9.9G        113G        1.1M        1.4G        114G
2023-07-30 13:37:58  Mem:           125G         10G        113G        1.1M        1.5G        114G
2023-07-30 13:38:01  Mem:           125G         10G        113G        1.1M        1.6G        114G
2023-07-30 13:38:04  Mem:           125G         10G        113G        1.1M        1.6G        114G
2023-07-30 13:38:07  Mem:           125G         10G        113G        1.1M        1.7G        114G
2023-07-30 13:38:10  Mem:           125G         10G        113G        1.1M        1.8G        113G
2023-07-30 13:38:13  Mem:           125G         10G        113G        1.1M        1.8G        113G
2023-07-30 13:38:16  Mem:           125G         10G        112G        1.1M        1.9G        113G
2023-07-30 13:38:19  Mem:           125G         10G        112G        1.1M        1.9G        113G
2023-07-30 13:38:22  Mem:           125G         10G        112G        1.1M        2.0G        113G
2023-07-30 13:38:25  Mem:           125G         10G        112G        1.1M        2.1G        113G
2023-07-30 13:38:28  Mem:           125G         10G        112G        1.1M        2.1G        113G
2023-07-30 13:38:31  Mem:           125G         10G        112G        1.1M        2.2G        113G
2023-07-30 13:38:34  Mem:           125G         10G        112G        1.1M        2.2G        113G
2023-07-30 13:38:37  Mem:           125G         10G        112G        1.1M        2.2G        113G
2023-07-30 13:38:40  Mem:           125G         10G        112G        1.1M        2.3G        113G
2023-07-30 13:38:43  Mem:           125G         10G        112G        1.1M        2.3G        113G
2023-07-30 13:38:46  Mem:           125G         10G        111G        1.1M        2.4G        113G
2023-07-30 13:38:49  Mem:           125G         10G        111G        1.1M        2.4G        113G
2023-07-30 13:38:52  Mem:           125G         10G        111G        1.1M        2.5G        113G
2023-07-30 13:38:55  Mem:           125G         10G        111G        1.1M        2.6G        113G
2023-07-30 13:38:58  Mem:           125G         11G        111G        1.1M        2.7G        113G
2023-07-30 13:39:01  Mem:           125G         11G        111G        1.1M        2.7G        113G
2023-07-30 13:39:04  Mem:           125G         11G        111G        1.1M        2.8G        113G
2023-07-30 13:39:07  Mem:           125G         11G        110G        1.1M        2.9G        112G
2023-07-30 13:39:10  Mem:           125G         11G        110G        1.1M        3.0G        112G
2023-07-30 13:39:13  Mem:           125G         11G        110G        1.1M        3.0G        112G
2023-07-30 13:39:16  Mem:           125G         11G        110G        1.1M        3.1G        112G
2023-07-30 13:39:19  Mem:           125G         11G        110G        1.1M        3.1G        112G
2023-07-30 13:39:22  Mem:           125G         11G        110G        1.1M        3.2G        112G
2023-07-30 13:39:25  Mem:           125G         11G        110G        1.1M        3.3G        112G
2023-07-30 13:39:28  Mem:           125G         11G        110G        1.1M        3.3G        112G
2023-07-30 13:39:31  Mem:           125G         11G        110G        1.1M        3.4G        112G
2023-07-30 13:39:34  Mem:           125G         11G        109G        1.1M        3.4G        112G
2023-07-30 13:39:37  Mem:           125G         11G        109G        1.1M        3.5G        112G
2023-07-30 13:39:40  Mem:           125G         11G        109G        1.1M        3.6G        112G
2023-07-30 13:39:43  Mem:           125G         11G        109G        1.1M        3.6G        112G
2023-07-30 13:39:46  Mem:           125G         12G        109G        1.1M        3.7G        112G
2023-07-30 13:39:49  Mem:           125G         12G        109G        1.1M        3.8G        112G
2023-07-30 13:39:52  Mem:           125G         12G        109G        1.1M        3.8G        112G
2023-07-30 13:39:55  Mem:           125G         12G        109G        1.1M        3.9G        112G
2023-07-30 13:39:58  Mem:           125G         12G        108G        1.1M        4.0G        111G
2023-07-30 13:40:01  Mem:           125G         12G        108G        1.1M        4.0G        111G
2023-07-30 13:40:04  Mem:           125G         12G        108G        1.1M        4.1G        111G
2023-07-30 13:40:07  Mem:           125G         12G        108G        1.1M        4.2G        111G
2023-07-30 13:40:10  Mem:           125G         12G        108G        1.1M        4.2G        111G
2023-07-30 13:40:13  Mem:           125G         12G        108G        1.1M        4.3G        111G
2023-07-30 13:40:16  Mem:           125G         12G        108G        1.1M        4.4G        111G
2023-07-30 13:40:19  Mem:           125G         12G        108G        1.1M        4.4G        111G
2023-07-30 13:40:22  Mem:           125G         12G        107G        1.1M        4.5G        111G
2023-07-30 13:40:25  Mem:           125G         12G        107G        1.1M        4.6G        111G
2023-07-30 13:40:28  Mem:           125G         12G        107G        1.1M        4.6G        111G
2023-07-30 13:40:31  Mem:           125G         12G        107G        1.1M        4.7G        111G
2023-07-30 13:40:34  Mem:           125G         13G        107G        1.1M        4.8G        111G
2023-07-30 13:40:37  Mem:           125G         13G        107G        1.1M        4.8G        111G
2023-07-30 13:40:40  Mem:           125G         13G        107G        1.1M        4.9G        111G
2023-07-30 13:40:43  Mem:           125G         13G        106G        1.1M        5.0G        110G
2023-07-30 13:40:46  Mem:           125G         13G        106G        1.1M        5.0G        110G
2023-07-30 13:40:49  Mem:           125G         13G        106G        1.1M        5.0G        110G
2023-07-30 13:40:52  Mem:           125G         13G        106G        1.1M        5.1G        110G
2023-07-30 13:40:55  Mem:           125G         13G        106G        1.1M        5.2G        110G
2023-07-30 13:40:58  Mem:           125G         13G        106G        1.1M        5.3G        110G
2023-07-30 13:41:01  Mem:           125G         13G        106G        1.1M        5.3G        110G
2023-07-30 13:41:04  Mem:           125G         13G        106G        1.1M        5.4G        110G
2023-07-30 13:41:07  Mem:           125G         13G        106G        1.1M        5.5G        110G
2023-07-30 13:41:10  Mem:           125G         13G        105G        1.1M        5.5G        110G
2023-07-30 13:41:13  Mem:           125G         13G        105G        1.1M        5.6G        110G
2023-07-30 13:41:16  Mem:           125G         13G        105G        1.1M        5.6G        110G
2023-07-30 13:41:19  Mem:           125G         13G        105G        1.1M        5.7G        110G
2023-07-30 13:41:22  Mem:           125G         13G        105G        1.1M        5.7G        110G
2023-07-30 13:41:25  Mem:           125G         13G        105G        1.1M        5.8G        110G
2023-07-30 13:41:28  Mem:           125G         14G        105G        1.1M        5.9G        110G
2023-07-30 13:41:31  Mem:           125G         14G        105G        1.1M        5.9G        110G
2023-07-30 13:41:34  Mem:           125G         14G        104G        1.1M        6.0G        110G
2023-07-30 13:41:37  Mem:           125G         14G        104G        1.1M        6.1G        109G
2023-07-30 13:41:40  Mem:           125G         14G        104G        1.1M        6.1G        109G
2023-07-30 13:41:43  Mem:           125G         14G        104G        1.1M        6.2G        109G
2023-07-30 13:41:46  Mem:           125G         14G        104G        1.1M        6.3G        109G
2023-07-30 13:41:49  Mem:           125G         14G        104G        1.1M        6.3G        109G
2023-07-30 13:41:52  Mem:           125G         14G        104G        1.1M        6.4G        109G
2023-07-30 13:41:55  Mem:           125G         14G        104G        1.1M        6.5G        109G
2023-07-30 13:41:58  Mem:           125G         14G        103G        1.1M        6.5G        109G
2023-07-30 13:42:01  Mem:           125G         14G        103G        1.1M        6.6G        109G
2023-07-30 13:42:04  Mem:           125G         14G        103G        1.1M        6.7G        109G
2023-07-30 13:42:07  Mem:           125G         14G        103G        1.1M        6.7G        109G
2023-07-30 13:42:10  Mem:           125G         14G        103G        1.1M        6.8G        109G
2023-07-30 13:42:13  Mem:           125G         14G        103G        1.1M        6.9G        109G
2023-07-30 13:42:16  Mem:           125G         14G        103G        1.1M        6.9G        109G
2023-07-30 13:42:19  Mem:           125G         15G        103G        1.1M        7.0G        109G
2023-07-30 13:42:22  Mem:           125G         15G        103G        1.1M        7.0G        109G
2023-07-30 13:42:25  Mem:           125G         15G        102G        1.1M        7.1G        108G
2023-07-30 13:42:28  Mem:           125G         15G        102G        1.1M        7.2G        108G
2023-07-30 13:42:31  Mem:           125G         15G        102G        1.1M        7.2G        108G
2023-07-30 13:42:34  Mem:           125G         15G        102G        1.1M        7.3G        108G
2023-07-30 13:42:37  Mem:           125G         15G        102G        1.1M        7.4G        108G
2023-07-30 13:42:40  Mem:           125G         15G        102G        1.1M        7.5G        108G
2023-07-30 13:42:43  Mem:           125G         15G        102G        1.1M        7.5G        108G
2023-07-30 13:42:46  Mem:           125G         15G        101G        1.1M        7.6G        108G
2023-07-30 13:42:49  Mem:           125G         15G        101G        1.1M        7.6G        108G
2023-07-30 13:42:52  Mem:           125G         15G        101G        1.1M        7.7G        108G
2023-07-30 13:42:55  Mem:           125G         15G        101G        1.1M        7.7G        108G
2023-07-30 13:42:58  Mem:           125G         15G        101G        1.1M        7.8G        108G
2023-07-30 13:43:01  Mem:           125G         15G        101G        1.1M        7.8G        108G
2023-07-30 13:43:04  Mem:           125G         15G        101G        1.1M        7.9G        108G
2023-07-30 13:43:07  Mem:           125G         15G        101G        1.1M        8.0G        108G
2023-07-30 13:43:10  Mem:           125G         16G        101G        1.1M        8.0G        108G
2023-07-30 13:43:13  Mem:           125G         16G        100G        1.1M        8.1G        108G
2023-07-30 13:43:16  Mem:           125G         16G        100G        1.1M        8.2G        107G
2023-07-30 13:43:19  Mem:           125G         16G        100G        1.1M        8.2G        107G
2023-07-30 13:43:23  Mem:           125G         16G        100G        1.1M        8.3G        107G
2023-07-30 13:43:26  Mem:           125G         16G        100G        1.1M        8.4G        107G
2023-07-30 13:43:29  Mem:           125G         16G        100G        1.1M        8.4G        107G
2023-07-30 13:43:32  Mem:           125G         16G        100G        1.1M        8.5G        107G
2023-07-30 13:43:35  Mem:           125G         16G        100G        1.1M        8.5G        107G
2023-07-30 13:43:38  Mem:           125G         16G        100G        1.1M        8.6G        107G
2023-07-30 13:43:41  Mem:           125G         16G         99G        1.1M        8.6G        107G
2023-07-30 13:43:44  Mem:           125G         16G         99G        1.1M        8.7G        107G
2023-07-30 13:43:47  Mem:           125G         16G         99G        1.1M        8.8G        107G
2023-07-30 13:43:50  Mem:           125G         16G         99G        1.1M        8.8G        107G
2023-07-30 13:43:53  Mem:           125G         16G         99G        1.1M        8.9G        107G
2023-07-30 13:43:56  Mem:           125G         16G         99G        1.1M        8.9G        107G
2023-07-30 13:43:59  Mem:           125G         16G         99G        1.1M        9.0G        107G
2023-07-30 13:44:02  Mem:           125G         17G         99G        1.1M        9.1G        107G
2023-07-30 13:44:05  Mem:           125G         17G         98G        1.1M        9.1G        107G
2023-07-30 13:44:08  Mem:           125G         17G         98G        1.1M        9.2G        106G
2023-07-30 13:44:11  Mem:           125G         17G         98G        1.1M        9.3G        106G
2023-07-30 13:44:14  Mem:           125G         17G         98G        1.1M        9.3G        106G
2023-07-30 13:44:17  Mem:           125G         17G         98G        1.1M        9.4G        106G
2023-07-30 13:44:20  Mem:           125G         17G         98G        1.1M        9.5G        106G
2023-07-30 13:44:23  Mem:           125G         17G         98G        1.1M        9.5G        106G
2023-07-30 13:44:26  Mem:           125G         17G         98G        1.1M        9.6G        106G
2023-07-30 13:44:29  Mem:           125G         17G         97G        1.1M        9.6G        106G
2023-07-30 13:44:32  Mem:           125G         17G         97G        1.1M        9.7G        106G
2023-07-30 13:44:35  Mem:           125G         17G         97G        1.1M        9.8G        106G
2023-07-30 13:44:38  Mem:           125G         17G         97G        1.1M        9.8G        106G
2023-07-30 13:44:41  Mem:           125G         17G         97G        1.1M        9.9G        106G
2023-07-30 13:44:44  Mem:           125G         17G         97G        1.1M        9.9G        106G
2023-07-30 13:44:47  Mem:           125G         17G         97G        1.1M          9G        106G
2023-07-30 13:44:50  Mem:           125G         17G         97G        1.1M         10G        106G
2023-07-30 13:44:53  Mem:           125G         17G         97G        1.1M         10G        106G
2023-07-30 13:44:56  Mem:           125G         18G         96G        1.1M         10G        106G
2023-07-30 13:44:59  Mem:           125G         18G         96G        1.1M         10G        106G
2023-07-30 13:45:02  Mem:           125G         18G         96G        1.1M         10G        105G
2023-07-30 13:45:05  Mem:           125G         18G         96G        1.1M         10G        105G
2023-07-30 13:45:08  Mem:           125G         18G         96G        1.1M         10G        105G
2023-07-30 13:45:11  Mem:           125G         18G         96G        1.1M         10G        105G
2023-07-30 13:45:14  Mem:           125G         18G         96G        1.1M         10G        105G
2023-07-30 13:45:17  Mem:           125G         18G         96G        1.1M         10G        105G
2023-07-30 13:45:20  Mem:           125G         18G         95G        1.1M         10G        105G
2023-07-30 13:45:23  Mem:           125G         18G         95G        1.1M         10G        105G
2023-07-30 13:45:26  Mem:           125G         18G         95G        1.1M         10G        105G
2023-07-30 13:45:29  Mem:           125G         18G         95G        1.1M         10G        105G
2023-07-30 13:45:32  Mem:           125G         18G         95G        1.1M         10G        105G
2023-07-30 13:45:35  Mem:           125G         18G         95G        1.1M         10G        105G
2023-07-30 13:45:38  Mem:           125G         18G         95G        1.1M         11G        105G
2023-07-30 13:45:41  Mem:           125G         18G         95G        1.1M         11G        105G
2023-07-30 13:45:44  Mem:           125G         18G         94G        1.1M         11G        105G
2023-07-30 13:45:47  Mem:           125G         19G         94G        1.1M         11G        105G
2023-07-30 13:45:50  Mem:           125G         19G         94G        1.1M         11G        104G
2023-07-30 13:45:53  Mem:           125G         19G         94G        1.1M         11G        104G
2023-07-30 13:45:56  Mem:           125G         19G         94G        1.1M         11G        104G
2023-07-30 13:45:59  Mem:           125G         19G         94G        1.1M         11G        104G
2023-07-30 13:46:02  Mem:           125G         19G         94G        1.1M         11G        104G
2023-07-30 13:46:05  Mem:           125G         19G         94G        1.1M         11G        104G
2023-07-30 13:46:08  Mem:           125G         19G         94G        1.1M         11G        104G
2023-07-30 13:46:11  Mem:           125G         19G         93G        1.1M         11G        104G
2023-07-30 13:46:14  Mem:           125G         19G         93G        1.1M         11G        104G
2023-07-30 13:46:17  Mem:           125G         19G         93G        1.1M         11G        104G
2023-07-30 13:46:20  Mem:           125G         19G         93G        1.1M         11G        104G
2023-07-30 13:46:23  Mem:           125G         19G         93G        1.1M         11G        104G
2023-07-30 13:46:26  Mem:           125G         19G         93G        1.1M         11G        104G
2023-07-30 13:46:29  Mem:           125G         19G         93G        1.1M         12G        104G
2023-07-30 13:46:32  Mem:           125G         19G         93G        1.1M         12G        104G
2023-07-30 13:46:35  Mem:           125G         19G         93G        1.1M         12G        104G
2023-07-30 13:46:38  Mem:           125G         19G         92G        1.1M         12G        104G
2023-07-30 13:46:41  Mem:           125G         20G         92G        1.1M         12G        104G
2023-07-30 13:46:44  Mem:           125G         20G         92G        1.1M         12G        103G
2023-07-30 13:46:47  Mem:           125G         20G         92G        1.1M         12G        103G
2023-07-30 13:46:50  Mem:           125G         20G         92G        1.1M         12G        103G
2023-07-30 13:46:53  Mem:           125G         20G         92G        1.1M         12G        103G
2023-07-30 13:46:56  Mem:           125G         20G         92G        1.1M         12G        103G
2023-07-30 13:46:59  Mem:           125G         20G         92G        1.1M         12G        103G
2023-07-30 13:47:02  Mem:           125G         20G         91G        1.1M         12G        103G
2023-07-30 13:47:05  Mem:           125G         20G         91G        1.1M         12G        103G
2023-07-30 13:47:08  Mem:           125G         20G         91G        1.1M         12G        103G
2023-07-30 13:47:11  Mem:           125G         20G         91G        1.1M         12G        103G
2023-07-30 13:47:14  Mem:           125G         20G         91G        1.1M         13G        103G
2023-07-30 13:47:17  Mem:           125G         20G         91G        1.1M         13G        103G
2023-07-30 13:47:20  Mem:           125G         20G         91G        1.1M         13G        103G
2023-07-30 13:47:23  Mem:           125G         20G         91G        1.1M         13G        103G
2023-07-30 13:47:26  Mem:           125G         20G         90G        1.1M         13G        103G
2023-07-30 13:47:29  Mem:           125G         20G         90G        1.1M         13G        103G
2023-07-30 13:47:32  Mem:           125G         21G         90G        1.1M         13G        103G
2023-07-30 13:47:35  Mem:           125G         21G         90G        1.1M         13G        103G
2023-07-30 13:47:38  Mem:           125G         21G         90G        1.1M         13G        102G
2023-07-30 13:47:41  Mem:           125G         21G         90G        1.1M         13G        102G
2023-07-30 13:47:44  Mem:           125G         21G         90G        1.1M         13G        102G
2023-07-30 13:47:47  Mem:           125G         21G         90G        1.1M         13G        102G
2023-07-30 13:47:50  Mem:           125G         21G         90G        1.1M         13G        102G
2023-07-30 13:47:53  Mem:           125G         21G         89G        1.1M         13G        102G
2023-07-30 13:47:56  Mem:           125G         21G         89G        1.1M         13G        102G
2023-07-30 13:47:59  Mem:           125G         21G         89G        1.1M         13G        102G
2023-07-30 13:48:02  Mem:           125G         21G         89G        1.1M         13G        102G
2023-07-30 13:48:05  Mem:           125G         21G         89G        1.1M         14G        102G
2023-07-30 13:48:08  Mem:           125G         21G         89G        1.1M         14G        102G
2023-07-30 13:48:11  Mem:           125G         21G         89G        1.1M         14G        102G
2023-07-30 13:48:14  Mem:           125G         21G         89G        1.1M         14G        102G
2023-07-30 13:48:17  Mem:           125G         21G         89G        1.1M         14G        102G
2023-07-30 13:48:20  Mem:           125G         21G         88G        1.1M         14G        102G
2023-07-30 13:48:23  Mem:           125G         21G         88G        1.1M         14G        102G
2023-07-30 13:48:26  Mem:           125G         22G         88G        1.1M         14G        102G
2023-07-30 13:48:29  Mem:           125G         22G         88G        1.1M         14G        101G
2023-07-30 13:48:32  Mem:           125G         22G         88G        1.1M         14G        101G
2023-07-30 13:48:35  Mem:           125G         22G         88G        1.1M         14G        101G
2023-07-30 13:48:38  Mem:           125G         22G         88G        1.1M         14G        101G
2023-07-30 13:48:41  Mem:           125G         22G         88G        1.1M         14G        101G
2023-07-30 13:48:44  Mem:           125G         22G         87G        1.1M         14G        101G
2023-07-30 13:48:47  Mem:           125G         22G         87G        1.1M         14G        101G
2023-07-30 13:48:50  Mem:           125G         22G         87G        1.1M         14G        101G
2023-07-30 13:48:53  Mem:           125G         22G         87G        1.1M         15G        101G
2023-07-30 13:48:56  Mem:           125G         22G         87G        1.1M         15G        101G
2023-07-30 13:48:59  Mem:           125G         22G         87G        1.1M         15G        101G
2023-07-30 13:49:02  Mem:           125G         22G         87G        1.1M         15G        101G
2023-07-30 13:49:05  Mem:           125G         22G         87G        1.1M         15G        101G
2023-07-30 13:49:08  Mem:           125G         22G         87G        1.1M         15G        101G
2023-07-30 13:49:11  Mem:           125G         22G         86G        1.1M         15G        101G
2023-07-30 13:49:14  Mem:           125G         22G         86G        1.1M         15G        101G
2023-07-30 13:49:17  Mem:           125G         22G         86G        1.1M         15G        101G
2023-07-30 13:49:20  Mem:           125G         22G         86G        1.1M         15G        101G
2023-07-30 13:49:23  Mem:           125G         23G         86G        1.1M         15G        100G
2023-07-30 13:49:26  Mem:           125G         23G         86G        1.1M         15G        100G
2023-07-30 13:49:29  Mem:           125G         23G         86G        1.1M         15G        100G
2023-07-30 13:49:32  Mem:           125G         23G         86G        1.1M         15G        100G
2023-07-30 13:49:35  Mem:           125G         23G         85G        1.1M         15G        100G
2023-07-30 13:49:38  Mem:           125G         23G         85G        1.1M         15G        100G
2023-07-30 13:49:41  Mem:           125G         23G         85G        1.1M         16G        100G
2023-07-30 13:49:44  Mem:           125G         23G         85G        1.1M         16G        100G
2023-07-30 13:49:47  Mem:           125G         23G         85G        1.1M         16G        100G
2023-07-30 13:49:50  Mem:           125G         23G         85G        1.1M         16G        100G
2023-07-30 13:49:53  Mem:           125G         23G         85G        1.1M         16G        100G
2023-07-30 13:49:56  Mem:           125G         23G         85G        1.1M         16G        100G
2023-07-30 13:49:59  Mem:           125G         23G         84G        1.1M         16G        100G
2023-07-30 13:50:02  Mem:           125G         23G         84G        1.1M         16G        100G
2023-07-30 13:50:06  Mem:           125G         23G         84G        1.1M         16G        100G
2023-07-30 13:50:09  Mem:           125G         23G         84G        1.1M         16G        100G
2023-07-30 13:50:12  Mem:           125G         24G         84G        1.1M         16G         99G
2023-07-30 13:50:15  Mem:           125G         24G         84G        1.1M         16G         99G
2023-07-30 13:50:18  Mem:           125G         24G         84G        1.1M         16G         99G
2023-07-30 13:50:21  Mem:           125G         24G         84G        1.1M         16G         99G
2023-07-30 13:50:24  Mem:           125G         24G         84G        1.1M         16G         99G
2023-07-30 13:50:27  Mem:           125G         24G         83G        1.1M         16G         99G
2023-07-30 13:50:30  Mem:           125G         24G         83G        1.1M         16G         99G
2023-07-30 13:50:33  Mem:           125G         24G         83G        1.1M         17G         99G
2023-07-30 13:50:36  Mem:           125G         24G         83G        1.1M         17G         99G
2023-07-30 13:50:39  Mem:           125G         24G         83G        1.1M         17G         99G
2023-07-30 13:50:42  Mem:           125G         24G         83G        1.1M         17G         99G
2023-07-30 13:50:45  Mem:           125G         24G         83G        1.1M         17G         99G
2023-07-30 13:50:48  Mem:           125G         24G         83G        1.1M         17G         99G
2023-07-30 13:50:51  Mem:           125G         24G         83G        1.1M         17G         99G
2023-07-30 13:50:54  Mem:           125G         24G         82G        1.1M         17G         99G
2023-07-30 13:50:57  Mem:           125G         24G         82G        1.1M         17G         99G
2023-07-30 13:51:00  Mem:           125G         24G         82G        1.1M         17G         99G
2023-07-30 13:51:03  Mem:           125G         24G         82G        1.1M         17G         99G
2023-07-30 13:51:06  Mem:           125G         24G         82G        1.1M         17G         99G
2023-07-30 13:51:09  Mem:           125G         25G         82G        1.1M         17G         99G
2023-07-30 13:51:12  Mem:           125G         25G         82G        1.1M         17G         98G
2023-07-30 13:51:15  Mem:           125G         25G         82G        1.1M         17G         98G
2023-07-30 13:51:18  Mem:           125G         25G         82G        1.1M         17G         98G
2023-07-30 13:51:21  Mem:           125G         25G         81G        1.1M         17G         98G
2023-07-30 13:51:24  Mem:           125G         25G         81G        1.1M         17G         98G
2023-07-30 13:51:27  Mem:           125G         25G         81G        1.1M         18G         98G
2023-07-30 13:51:30  Mem:           125G         25G         81G        1.1M         18G         98G
2023-07-30 13:51:33  Mem:           125G         25G         81G        1.1M         18G         98G
2023-07-30 13:51:36  Mem:           125G         25G         81G        1.1M         18G         98G
2023-07-30 13:51:39  Mem:           125G         25G         81G        1.1M         18G         98G
2023-07-30 13:51:42  Mem:           125G         25G         81G        1.1M         18G         98G
2023-07-30 13:51:45  Mem:           125G         25G         81G        1.1M         18G         98G
2023-07-30 13:51:48  Mem:           125G         25G         81G        1.1M         18G         98G
2023-07-30 13:51:51  Mem:           125G         25G         80G        1.1M         18G         98G
2023-07-30 13:51:54  Mem:           125G         25G         80G        1.1M         18G         98G
2023-07-30 13:51:57  Mem:           125G         25G         80G        1.1M         18G         98G
2023-07-30 13:52:00  Mem:           125G         25G         80G        1.1M         18G         98G
2023-07-30 13:52:03  Mem:           125G         26G         80G        1.1M         18G         98G
2023-07-30 13:52:06  Mem:           125G         26G         80G        1.1M         18G         97G
2023-07-30 13:52:09  Mem:           125G         26G         80G        1.1M         18G         97G
2023-07-30 13:52:12  Mem:           125G         26G         80G        1.1M         18G         97G
2023-07-30 13:52:15  Mem:           125G         26G         80G        1.1M         18G         97G
2023-07-30 13:52:18  Mem:           125G         26G         79G        1.1M         18G         97G
2023-07-30 13:52:21  Mem:           125G         26G         79G        1.1M         19G         97G
2023-07-30 13:52:24  Mem:           125G         26G         79G        1.1M         19G         97G
2023-07-30 13:52:27  Mem:           125G         26G         79G        1.1M         19G         97G
2023-07-30 13:52:30  Mem:           125G         26G         79G        1.1M         19G         97G
2023-07-30 13:52:33  Mem:           125G         26G         79G        1.1M         19G         97G
2023-07-30 13:52:36  Mem:           125G         26G         79G        1.1M         19G         97G
2023-07-30 13:52:39  Mem:           125G         26G         79G        1.1M         19G         97G
2023-07-30 13:52:42  Mem:           125G         26G         79G        1.1M         19G         97G
2023-07-30 13:52:45  Mem:           125G         26G         78G        1.1M         19G         97G
2023-07-30 13:52:48  Mem:           125G         26G         78G        1.1M         19G         97G
2023-07-30 13:52:51  Mem:           125G         26G         78G        1.1M         19G         97G
2023-07-30 13:52:54  Mem:           125G         26G         78G        1.1M         19G         97G
2023-07-30 13:52:57  Mem:           125G         26G         78G        1.1M         19G         97G
2023-07-30 13:53:00  Mem:           125G         26G         78G        1.1M         19G         97G
2023-07-30 13:53:03  Mem:           125G         27G         78G        1.1M         19G         96G
2023-07-30 13:53:06  Mem:           125G         27G         78G        1.1M         19G         96G
2023-07-30 13:53:09  Mem:           125G         27G         77G        1.1M         19G         96G
2023-07-30 13:53:12  Mem:           125G         27G         77G        1.1M         20G         96G
2023-07-30 13:53:15  Mem:           125G         27G         77G        1.1M         20G         96G
2023-07-30 13:53:18  Mem:           125G         27G         77G        1.1M         20G         96G
2023-07-30 13:53:21  Mem:           125G         27G         77G        1.1M         20G         96G
2023-07-30 13:53:24  Mem:           125G         27G         77G        1.1M         20G         96G
2023-07-30 13:53:27  Mem:           125G         27G         77G        1.1M         20G         96G
2023-07-30 13:53:30  Mem:           125G         27G         77G        1.1M         20G         96G
2023-07-30 13:53:33  Mem:           125G         27G         77G        1.1M         20G         96G
2023-07-30 13:53:36  Mem:           125G         27G         76G        1.1M         20G         96G
2023-07-30 13:53:39  Mem:           125G         27G         76G        1.1M         20G         96G
2023-07-30 13:53:42  Mem:           125G         27G         76G        1.1M         20G         96G
2023-07-30 13:53:45  Mem:           125G         27G         76G        1.1M         20G         96G
2023-07-30 13:53:48  Mem:           125G         27G         76G        1.1M         20G         96G
2023-07-30 13:53:51  Mem:           125G         27G         76G        1.1M         20G         96G
2023-07-30 13:53:54  Mem:           125G         28G         76G        1.1M         20G         96G
2023-07-30 13:53:57  Mem:           125G         28G         76G        1.1M         20G         95G
2023-07-30 13:54:00  Mem:           125G         28G         76G        1.1M         20G         95G
2023-07-30 13:54:03  Mem:           125G         28G         75G        1.1M         21G         95G
2023-07-30 13:54:06  Mem:           125G         28G         75G        1.1M         21G         95G
2023-07-30 13:54:09  Mem:           125G         28G         75G        1.1M         21G         95G
2023-07-30 13:54:12  Mem:           125G         28G         75G        1.1M         21G         95G
2023-07-30 13:54:15  Mem:           125G         28G         75G        1.1M         21G         95G
2023-07-30 13:54:18  Mem:           125G         28G         75G        1.1M         21G         95G
2023-07-30 13:54:21  Mem:           125G         28G         75G        1.1M         21G         95G
2023-07-30 13:54:24  Mem:           125G         28G         75G        1.1M         21G         95G
2023-07-30 13:54:27  Mem:           125G         28G         75G        1.1M         21G         95G
2023-07-30 13:54:30  Mem:           125G         28G         75G        1.1M         21G         95G
2023-07-30 13:54:33  Mem:           125G         28G         74G        1.1M         21G         95G
2023-07-30 13:54:36  Mem:           125G         28G         74G        1.1M         21G         95G
2023-07-30 13:54:39  Mem:           125G         28G         74G        1.1M         21G         95G
2023-07-30 13:54:42  Mem:           125G         28G         74G        1.1M         21G         95G
2023-07-30 13:54:45  Mem:           125G         28G         74G        1.1M         21G         95G
2023-07-30 13:54:48  Mem:           125G         28G         74G        1.1M         21G         95G
2023-07-30 13:54:51  Mem:           125G         29G         74G        1.1M         21G         94G
2023-07-30 13:54:54  Mem:           125G         29G         74G        1.1M         21G         94G
2023-07-30 13:54:57  Mem:           125G         29G         74G        1.1M         22G         94G
2023-07-30 13:55:00  Mem:           125G         29G         73G        1.1M         22G         94G
2023-07-30 13:55:03  Mem:           125G         29G         73G        1.1M         22G         94G
2023-07-30 13:55:06  Mem:           125G         29G         73G        1.1M         22G         94G
2023-07-30 13:55:09  Mem:           125G         29G         73G        1.1M         22G         94G
2023-07-30 13:55:12  Mem:           125G         29G         73G        1.1M         22G         94G
2023-07-30 13:55:15  Mem:           125G         29G         73G        1.1M         22G         94G
2023-07-30 13:55:18  Mem:           125G         29G         73G        1.1M         22G         94G
2023-07-30 13:55:21  Mem:           125G         29G         73G        1.1M         22G         94G
2023-07-30 13:55:24  Mem:           125G         29G         73G        1.1M         22G         94G
2023-07-30 13:55:27  Mem:           125G         29G         72G        1.1M         22G         94G
2023-07-30 13:55:30  Mem:           125G         29G         72G        1.1M         22G         94G
2023-07-30 13:55:33  Mem:           125G         29G         72G        1.1M         22G         94G
2023-07-30 13:55:36  Mem:           125G         29G         72G        1.1M         22G         94G
2023-07-30 13:55:39  Mem:           125G         29G         72G        1.1M         22G         94G
2023-07-30 13:55:42  Mem:           125G         29G         72G        1.1M         22G         94G
2023-07-30 13:55:45  Mem:           125G         29G         72G        1.1M         22G         94G
2023-07-30 13:55:48  Mem:           125G         30G         72G        1.1M         22G         93G
2023-07-30 13:55:51  Mem:           125G         30G         72G        1.1M         23G         93G
2023-07-30 13:55:54  Mem:           125G         30G         71G        1.1M         23G         93G
2023-07-30 13:55:57  Mem:           125G         30G         71G        1.1M         23G         93G
2023-07-30 13:56:00  Mem:           125G         30G         71G        1.1M         23G         93G
2023-07-30 13:56:03  Mem:           125G         30G         71G        1.1M         23G         93G
2023-07-30 13:56:06  Mem:           125G         30G         71G        1.1M         23G         93G
2023-07-30 13:56:09  Mem:           125G         30G         71G        1.1M         23G         93G
2023-07-30 13:56:12  Mem:           125G         30G         71G        1.1M         23G         93G
2023-07-30 13:56:15  Mem:           125G         30G         71G        1.1M         23G         93G
2023-07-30 13:56:18  Mem:           125G         30G         71G        1.1M         23G         93G
2023-07-30 13:56:21  Mem:           125G         30G         70G        1.1M         23G         93G
2023-07-30 13:56:24  Mem:           125G         30G         70G        1.1M         23G         93G
2023-07-30 13:56:27  Mem:           125G         30G         70G        1.1M         23G         93G
2023-07-30 13:56:30  Mem:           125G         30G         70G        1.1M         23G         93G
2023-07-30 13:56:33  Mem:           125G         30G         70G        1.1M         23G         93G
2023-07-30 13:56:36  Mem:           125G         30G         70G        1.1M         23G         93G
2023-07-30 13:56:39  Mem:           125G         30G         70G        1.1M         23G         93G
2023-07-30 13:56:42  Mem:           125G         31G         70G        1.1M         24G         93G
2023-07-30 13:56:45  Mem:           125G         31G         69G        1.1M         24G         92G
2023-07-30 13:56:49  Mem:           125G         31G         69G        1.1M         24G         92G
2023-07-30 13:56:52  Mem:           125G         31G         69G        1.1M         24G         92G
2023-07-30 13:56:55  Mem:           125G         31G         69G        1.1M         24G         92G
2023-07-30 13:56:58  Mem:           125G         31G         69G        1.1M         24G         92G
2023-07-30 13:57:01  Mem:           125G         31G         69G        1.1M         24G         92G
2023-07-30 13:57:04  Mem:           125G         31G         69G        1.1M         24G         92G
2023-07-30 13:57:07  Mem:           125G         31G         69G        1.1M         24G         92G
2023-07-30 13:57:10  Mem:           125G         31G         69G        1.1M         24G         92G
2023-07-30 13:57:13  Mem:           125G         31G         69G        1.1M         24G         92G
2023-07-30 13:57:16  Mem:           125G         31G         68G        1.1M         24G         92G
2023-07-30 13:57:19  Mem:           125G         31G         68G        1.1M         24G         92G
2023-07-30 13:57:22  Mem:           125G         31G         68G        1.1M         24G         92G
2023-07-30 13:57:25  Mem:           125G         31G         68G        1.1M         24G         92G
2023-07-30 13:57:28  Mem:           125G         31G         68G        1.1M         24G         92G
2023-07-30 13:57:31  Mem:           125G         31G         68G        1.1M         24G         92G
2023-07-30 13:57:34  Mem:           125G         31G         68G        1.1M         25G         92G
2023-07-30 13:57:37  Mem:           125G         32G         68G        1.1M         25G         92G
2023-07-30 13:57:40  Mem:           125G         32G         67G        1.1M         25G         91G
2023-07-30 13:57:43  Mem:           125G         32G         67G        1.1M         25G         91G
2023-07-30 13:57:46  Mem:           125G         32G         67G        1.1M         25G         91G
2023-07-30 13:57:49  Mem:           125G         32G         67G        1.1M         25G         91G
2023-07-30 13:57:52  Mem:           125G         32G         67G        1.1M         25G         91G
2023-07-30 13:57:55  Mem:           125G         32G         67G        1.1M         25G         91G
2023-07-30 13:57:58  Mem:           125G         32G         67G        1.1M         25G         91G
2023-07-30 13:58:01  Mem:           125G         32G         67G        1.1M         25G         91G
2023-07-30 13:58:04  Mem:           125G         32G         67G        1.1M         25G         91G
2023-07-30 13:58:07  Mem:           125G         32G         67G        1.1M         25G         91G
2023-07-30 13:58:10  Mem:           125G         32G         66G        1.1M         25G         91G
2023-07-30 13:58:13  Mem:           125G         32G         66G        1.1M         25G         91G
2023-07-30 13:58:16  Mem:           125G         32G         66G        1.1M         25G         91G
2023-07-30 13:58:19  Mem:           125G         32G         66G        1.1M         25G         91G
2023-07-30 13:58:22  Mem:           125G         32G         66G        1.1M         25G         91G
2023-07-30 13:58:25  Mem:           125G         32G         66G        1.1M         25G         91G
2023-07-30 13:58:28  Mem:           125G         32G         66G        1.1M         26G         91G
2023-07-30 13:58:31  Mem:           125G         32G         66G        1.1M         26G         91G
2023-07-30 13:58:34  Mem:           125G         33G         65G        1.1M         26G         91G
2023-07-30 13:58:37  Mem:           125G         33G         65G        1.1M         26G         90G
2023-07-30 13:58:40  Mem:           125G         33G         65G        1.1M         26G         90G
2023-07-30 13:58:43  Mem:           125G         33G         65G        1.1M         26G         90G
2023-07-30 13:58:46  Mem:           125G         33G         65G        1.1M         26G         90G
2023-07-30 13:58:49  Mem:           125G         33G         65G        1.1M         26G         90G
2023-07-30 13:58:52  Mem:           125G         33G         65G        1.1M         26G         90G
2023-07-30 13:58:55  Mem:           125G         33G         65G        1.1M         26G         90G
2023-07-30 13:58:58  Mem:           125G         33G         65G        1.1M         26G         90G
2023-07-30 13:59:01  Mem:           125G         33G         64G        1.1M         26G         90G
2023-07-30 13:59:04  Mem:           125G         33G         64G        1.1M         26G         90G
2023-07-30 13:59:07  Mem:           125G         33G         64G        1.1M         26G         90G
2023-07-30 13:59:10  Mem:           125G         33G         64G        1.1M         26G         90G
2023-07-30 13:59:13  Mem:           125G         33G         64G        1.1M         26G         90G
2023-07-30 13:59:16  Mem:           125G         33G         64G        1.1M         26G         90G
2023-07-30 13:59:19  Mem:           125G         33G         64G        1.1M         27G         90G
2023-07-30 13:59:22  Mem:           125G         33G         64G        1.1M         27G         90G
2023-07-30 13:59:25  Mem:           125G         33G         64G        1.1M         27G         90G
2023-07-30 13:59:28  Mem:           125G         34G         63G        1.1M         27G         90G
2023-07-30 13:59:31  Mem:           125G         34G         63G        1.1M         27G         89G
2023-07-30 13:59:34  Mem:           125G         34G         63G        1.1M         27G         89G
2023-07-30 13:59:37  Mem:           125G         34G         63G        1.1M         27G         89G
2023-07-30 13:59:40  Mem:           125G         34G         63G        1.1M         27G         89G
2023-07-30 13:59:43  Mem:           125G         34G         63G        1.1M         27G         89G
2023-07-30 13:59:46  Mem:           125G         34G         63G        1.1M         27G         89G
2023-07-30 13:59:49  Mem:           125G         34G         63G        1.1M         27G         89G
2023-07-30 13:59:52  Mem:           125G         34G         63G        1.1M         27G         89G
2023-07-30 13:59:55  Mem:           125G         34G         62G        1.1M         27G         89G
2023-07-30 13:59:58  Mem:           125G         34G         62G        1.1M         27G         89G
2023-07-30 14:00:01  Mem:           125G         34G         62G        1.1M         27G         89G
2023-07-30 14:00:04  Mem:           125G         34G         62G        1.1M         27G         89G
2023-07-30 14:00:07  Mem:           125G         34G         62G        1.1M         27G         89G
2023-07-30 14:00:10  Mem:           125G         34G         62G        1.1M         28G         89G
2023-07-30 14:00:13  Mem:           125G         34G         62G        1.1M         28G         89G
2023-07-30 14:00:16  Mem:           125G         34G         62G        1.1M         28G         89G
2023-07-30 14:00:19  Mem:           125G         34G         62G        1.1M         28G         89G
2023-07-30 14:00:22  Mem:           125G         34G         61G        1.1M         28G         89G
2023-07-30 14:00:25  Mem:           125G         35G         61G        1.1M         28G         89G
2023-07-30 14:00:28  Mem:           125G         35G         61G        1.1M         28G         88G
2023-07-30 14:00:31  Mem:           125G         35G         61G        1.1M         28G         88G
2023-07-30 14:00:34  Mem:           125G         35G         61G        1.1M         28G         88G
2023-07-30 14:00:37  Mem:           125G         35G         61G        1.1M         28G         88G
2023-07-30 14:00:40  Mem:           125G         35G         61G        1.1M         28G         88G
2023-07-30 14:00:43  Mem:           125G         35G         61G        1.1M         28G         88G
2023-07-30 14:00:46  Mem:           125G         35G         60G        1.1M         28G         88G
2023-07-30 14:00:49  Mem:           125G         35G         60G        1.1M         28G         88G
2023-07-30 14:00:52  Mem:           125G         35G         60G        1.1M         28G         88G
2023-07-30 14:00:55  Mem:           125G         35G         60G        1.1M         28G         88G
2023-07-30 14:00:58  Mem:           125G         35G         60G        1.1M         29G         88G
2023-07-30 14:01:01  Mem:           125G         35G         60G        1.1M         29G         88G
2023-07-30 14:01:04  Mem:           125G         35G         60G        1.1M         29G         88G
2023-07-30 14:01:07  Mem:           125G         35G         60G        1.1M         29G         88G
2023-07-30 14:01:10  Mem:           125G         35G         59G        1.1M         29G         88G
2023-07-30 14:01:13  Mem:           125G         35G         59G        1.1M         29G         88G
2023-07-30 14:01:16  Mem:           125G         36G         59G        1.1M         29G         88G
2023-07-30 14:01:19  Mem:           125G         36G         59G        1.1M         29G         87G
2023-07-30 14:01:22  Mem:           125G         36G         59G        1.1M         29G         87G
2023-07-30 14:01:25  Mem:           125G         36G         59G        1.1M         29G         87G
2023-07-30 14:01:28  Mem:           125G         36G         59G        1.1M         29G         87G
2023-07-30 14:01:31  Mem:           125G         36G         59G        1.1M         29G         87G
2023-07-30 14:01:34  Mem:           125G         36G         59G        1.1M         29G         87G
2023-07-30 14:01:37  Mem:           125G         36G         58G        1.1M         29G         87G
2023-07-30 14:01:40  Mem:           125G         36G         58G        1.1M         29G         87G
2023-07-30 14:01:43  Mem:           125G         36G         58G        1.1M         29G         87G
2023-07-30 14:01:46  Mem:           125G         36G         58G        1.1M         29G         87G
2023-07-30 14:01:49  Mem:           125G         36G         58G        1.1M         29G         87G
2023-07-30 14:01:52  Mem:           125G         36G         58G        1.1M         30G         87G
2023-07-30 14:01:55  Mem:           125G         36G         58G        1.1M         30G         87G
2023-07-30 14:01:58  Mem:           125G         36G         58G        1.1M         30G         87G
2023-07-30 14:02:01  Mem:           125G         36G         58G        1.1M         30G         87G
2023-07-30 14:02:04  Mem:           125G         36G         57G        1.1M         30G         87G
2023-07-30 14:02:07  Mem:           125G         36G         57G        1.1M         30G         87G
2023-07-30 14:02:10  Mem:           125G         36G         57G        1.1M         30G         87G
2023-07-30 14:02:13  Mem:           125G         37G         57G        1.1M         30G         86G
2023-07-30 14:02:16  Mem:           125G         37G         57G        1.1M         30G         86G
2023-07-30 14:02:19  Mem:           125G         37G         57G        1.1M         30G         86G
2023-07-30 14:02:22  Mem:           125G         37G         57G        1.1M         30G         86G
2023-07-30 14:02:25  Mem:           125G         37G         57G        1.1M         30G         86G
2023-07-30 14:02:28  Mem:           125G         37G         57G        1.1M         30G         86G
2023-07-30 14:02:31  Mem:           125G         37G         57G        1.1M         30G         86G
2023-07-30 14:02:34  Mem:           125G         37G         56G        1.1M         30G         86G
2023-07-30 14:02:37  Mem:           125G         37G         56G        1.1M         30G         86G
2023-07-30 14:02:40  Mem:           125G         37G         56G        1.1M         30G         86G
2023-07-30 14:02:43  Mem:           125G         37G         56G        1.1M         30G         86G
2023-07-30 14:02:46  Mem:           125G         37G         56G        1.1M         31G         86G
2023-07-30 14:02:49  Mem:           125G         37G         56G        1.1M         31G         86G
2023-07-30 14:02:52  Mem:           125G         37G         56G        1.1M         31G         86G
2023-07-30 14:02:55  Mem:           125G         37G         56G        1.1M         31G         86G
2023-07-30 14:02:58  Mem:           125G         37G         55G        1.1M         31G         86G
2023-07-30 14:03:01  Mem:           125G         37G         55G        1.1M         31G         86G
2023-07-30 14:03:04  Mem:           125G         38G         55G        1.1M         31G         86G
2023-07-30 14:03:07  Mem:           125G         38G         55G        1.1M         31G         85G
2023-07-30 14:03:10  Mem:           125G         38G         55G        1.1M         31G         85G
2023-07-30 14:03:13  Mem:           125G         38G         55G        1.1M         31G         85G
2023-07-30 14:03:16  Mem:           125G         38G         55G        1.1M         31G         85G
2023-07-30 14:03:19  Mem:           125G         38G         55G        1.1M         31G         85G
2023-07-30 14:03:22  Mem:           125G         38G         55G        1.1M         31G         85G
2023-07-30 14:03:26  Mem:           125G         38G         54G        1.1M         31G         85G
2023-07-30 14:03:29  Mem:           125G         38G         54G        1.1M         31G         85G
2023-07-30 14:03:32  Mem:           125G         38G         54G        1.1M         31G         85G
2023-07-30 14:03:35  Mem:           125G         38G         54G        1.1M         32G         85G
2023-07-30 14:03:38  Mem:           125G         38G         54G        1.1M         32G         85G
2023-07-30 14:03:41  Mem:           125G         38G         54G        1.1M         32G         85G
2023-07-30 14:03:44  Mem:           125G         38G         54G        1.1M         32G         85G
2023-07-30 14:03:47  Mem:           125G         38G         54G        1.1M         32G         85G
2023-07-30 14:03:50  Mem:           125G         38G         53G        1.1M         32G         85G
2023-07-30 14:03:53  Mem:           125G         38G         53G        1.1M         32G         85G
2023-07-30 14:03:56  Mem:           125G         38G         53G        1.1M         32G         85G
2023-07-30 14:03:59  Mem:           125G         38G         53G        1.1M         32G         85G
2023-07-30 14:04:02  Mem:           125G         39G         53G        1.1M         32G         85G
2023-07-30 14:04:05  Mem:           125G         39G         53G        1.1M         32G         84G
2023-07-30 14:04:08  Mem:           125G         39G         53G        1.1M         32G         84G
2023-07-30 14:04:11  Mem:           125G         39G         53G        1.1M         32G         84G
2023-07-30 14:04:14  Mem:           125G         39G         53G        1.1M         32G         84G
2023-07-30 14:04:17  Mem:           125G         39G         53G        1.1M         32G         84G
2023-07-30 14:04:20  Mem:           125G         39G         53G        1.1M         32G         84G
2023-07-30 14:04:23  Mem:           125G         39G         52G        1.1M         32G         84G
2023-07-30 14:04:26  Mem:           125G         39G         52G        1.1M         32G         84G
2023-07-30 14:04:29  Mem:           125G         39G         52G        1.1M         32G         84G
2023-07-30 14:04:32  Mem:           125G         39G         52G        1.1M         33G         84G
2023-07-30 14:04:35  Mem:           125G         39G         52G        1.1M         33G         84G
2023-07-30 14:04:38  Mem:           125G         39G         52G        1.1M         33G         84G
2023-07-30 14:04:41  Mem:           125G         39G         52G        1.1M         33G         84G
2023-07-30 14:04:44  Mem:           125G         39G         52G        1.1M         33G         84G
2023-07-30 14:04:47  Mem:           125G         39G         52G        1.1M         33G         84G
2023-07-30 14:04:50  Mem:           125G         39G         51G        1.1M         33G         84G
2023-07-30 14:04:53  Mem:           125G         39G         51G        1.1M         33G         84G
2023-07-30 14:04:56  Mem:           125G         39G         51G        1.1M         33G         84G
2023-07-30 14:04:59  Mem:           125G         40G         51G        1.1M         33G         84G
2023-07-30 14:05:02  Mem:           125G         40G         51G        1.1M         33G         84G
2023-07-30 14:05:05  Mem:           125G         40G         51G        1.1M         33G         83G
2023-07-30 14:05:08  Mem:           125G         40G         51G        1.1M         33G         83G
2023-07-30 14:05:11  Mem:           125G         40G         51G        1.1M         33G         83G
2023-07-30 14:05:14  Mem:           125G         40G         51G        1.1M         33G         83G
2023-07-30 14:05:17  Mem:           125G         40G         50G        1.1M         33G         83G
2023-07-30 14:05:20  Mem:           125G         40G         50G        1.1M         33G         83G
2023-07-30 14:05:23  Mem:           125G         40G         50G        1.1M         33G         83G
2023-07-30 14:05:26  Mem:           125G         40G         50G        1.1M         33G         83G
2023-07-30 14:05:29  Mem:           125G         40G         50G        1.1M         34G         83G
2023-07-30 14:05:32  Mem:           125G         40G         50G        1.1M         34G         83G
2023-07-30 14:05:35  Mem:           125G         40G         50G        1.1M         34G         83G
2023-07-30 14:05:38  Mem:           125G         40G         50G        1.1M         34G         83G
2023-07-30 14:05:41  Mem:           125G         40G         50G        1.1M         34G         83G
2023-07-30 14:05:44  Mem:           125G         40G         50G        1.1M         34G         83G
2023-07-30 14:05:47  Mem:           125G         40G         50G        1.1M         34G         83G
2023-07-30 14:05:50  Mem:           125G         40G         50G        1.1M         34G         83G
2023-07-30 14:05:53  Mem:           125G         40G         49G        1.1M         34G         83G
2023-07-30 14:05:56  Mem:           125G         40G         49G        1.1M         34G         83G
2023-07-30 14:05:59  Mem:           125G         40G         49G        1.1M         34G         83G
2023-07-30 14:06:02  Mem:           125G         41G         49G        1.1M         34G         83G
2023-07-30 14:06:05  Mem:           125G         41G         49G        1.1M         34G         82G
2023-07-30 14:06:08  Mem:           125G         41G         49G        1.1M         34G         82G
2023-07-30 14:06:11  Mem:           125G         41G         49G        1.1M         34G         82G
2023-07-30 14:06:14  Mem:           125G         41G         49G        1.1M         34G         82G
2023-07-30 14:06:17  Mem:           125G         41G         48G        1.1M         34G         82G
2023-07-30 14:06:20  Mem:           125G         41G         48G        1.1M         34G         82G
2023-07-30 14:06:23  Mem:           125G         41G         48G        1.1M         34G         82G
2023-07-30 14:06:26  Mem:           125G         41G         48G        1.1M         35G         82G
2023-07-30 14:06:29  Mem:           125G         41G         48G        1.1M         35G         82G
2023-07-30 14:06:32  Mem:           125G         41G         48G        1.1M         35G         82G
2023-07-30 14:06:35  Mem:           125G         41G         48G        1.1M         35G         82G
2023-07-30 14:06:38  Mem:           125G         41G         48G        1.1M         35G         82G
2023-07-30 14:06:41  Mem:           125G         41G         48G        1.1M         35G         82G
2023-07-30 14:06:44  Mem:           125G         41G         48G        1.1M         35G         82G
2023-07-30 14:06:47  Mem:           125G         41G         47G        1.1M         35G         82G
2023-07-30 14:06:50  Mem:           125G         41G         47G        1.1M         35G         82G
2023-07-30 14:06:53  Mem:           125G         41G         47G        1.1M         35G         82G
2023-07-30 14:06:56  Mem:           125G         41G         47G        1.1M         35G         82G
2023-07-30 14:06:59  Mem:           125G         41G         47G        1.1M         35G         82G
2023-07-30 14:07:02  Mem:           125G         42G         47G        1.1M         35G         81G
2023-07-30 14:07:05  Mem:           125G         42G         47G        1.1M         35G         81G
2023-07-30 14:07:08  Mem:           125G         42G         47G        1.1M         35G         81G
2023-07-30 14:07:11  Mem:           125G         42G         47G        1.1M         35G         81G
2023-07-30 14:07:14  Mem:           125G         42G         46G        1.1M         35G         81G
2023-07-30 14:07:17  Mem:           125G         42G         46G        1.1M         35G         81G
2023-07-30 14:07:20  Mem:           125G         42G         46G        1.1M         36G         81G
2023-07-30 14:07:23  Mem:           125G         42G         46G        1.1M         36G         81G
2023-07-30 14:07:26  Mem:           125G         42G         46G        1.1M         36G         81G
2023-07-30 14:07:29  Mem:           125G         42G         46G        1.1M         36G         81G
2023-07-30 14:07:32  Mem:           125G         42G         46G        1.1M         36G         81G
2023-07-30 14:07:35  Mem:           125G         42G         46G        1.1M         36G         81G
2023-07-30 14:07:38  Mem:           125G         42G         46G        1.1M         36G         81G
2023-07-30 14:07:41  Mem:           125G         42G         45G        1.1M         36G         81G
2023-07-30 14:07:44  Mem:           125G         42G         45G        1.1M         36G         81G
2023-07-30 14:07:47  Mem:           125G         42G         45G        1.1M         36G         81G
2023-07-30 14:07:50  Mem:           125G         42G         45G        1.1M         36G         81G
2023-07-30 14:07:53  Mem:           125G         42G         45G        1.1M         36G         81G
2023-07-30 14:07:56  Mem:           125G         43G         45G        1.1M         36G         80G
2023-07-30 14:07:59  Mem:           125G         43G         45G        1.1M         36G         80G
2023-07-30 14:08:02  Mem:           125G         43G         45G        1.1M         36G         80G
2023-07-30 14:08:05  Mem:           125G         43G         45G        1.1M         36G         80G
2023-07-30 14:08:08  Mem:           125G         43G         44G        1.1M         36G         80G
2023-07-30 14:08:11  Mem:           125G         43G         44G        1.1M         36G         80G
2023-07-30 14:08:14  Mem:           125G         43G         44G        1.1M         37G         80G
2023-07-30 14:08:17  Mem:           125G         43G         44G        1.1M         37G         80G
2023-07-30 14:08:20  Mem:           125G         43G         44G        1.1M         37G         80G
2023-07-30 14:08:23  Mem:           125G         43G         44G        1.1M         37G         80G
2023-07-30 14:08:26  Mem:           125G         43G         44G        1.1M         37G         80G
2023-07-30 14:08:29  Mem:           125G         43G         44G        1.1M         37G         80G
2023-07-30 14:08:32  Mem:           125G         43G         44G        1.1M         37G         80G
2023-07-30 14:08:35  Mem:           125G         43G         43G        1.1M         37G         80G
2023-07-30 14:08:38  Mem:           125G         43G         43G        1.1M         37G         80G
2023-07-30 14:08:41  Mem:           125G         43G         43G        1.1M         37G         80G
2023-07-30 14:08:44  Mem:           125G         43G         43G        1.1M         37G         80G
2023-07-30 14:08:47  Mem:           125G         43G         43G        1.1M         37G         80G
2023-07-30 14:08:50  Mem:           125G         43G         43G        1.1M         37G         80G
2023-07-30 14:08:53  Mem:           125G         44G         43G        1.1M         37G         79G
2023-07-30 14:08:56  Mem:           125G         44G         43G        1.1M         37G         79G
2023-07-30 14:08:59  Mem:           125G         44G         43G        1.1M         37G         79G
2023-07-30 14:09:02  Mem:           125G         44G         42G        1.1M         38G         79G
2023-07-30 14:09:05  Mem:           125G         44G         42G        1.1M         38G         79G
2023-07-30 14:09:08  Mem:           125G         44G         42G        1.1M         38G         79G
2023-07-30 14:09:11  Mem:           125G         44G         42G        1.1M         38G         79G
2023-07-30 14:09:14  Mem:           125G         44G         42G        1.1M         38G         79G
2023-07-30 14:09:17  Mem:           125G         44G         42G        1.1M         38G         79G
2023-07-30 14:09:20  Mem:           125G         44G         42G        1.1M         38G         79G
2023-07-30 14:09:23  Mem:           125G         44G         42G        1.1M         38G         79G
2023-07-30 14:09:26  Mem:           125G         44G         42G        1.1M         38G         79G
2023-07-30 14:09:29  Mem:           125G         44G         41G        1.1M         38G         79G
2023-07-30 14:09:32  Mem:           125G         44G         41G        1.1M         38G         79G
2023-07-30 14:09:35  Mem:           125G         44G         41G        1.1M         38G         79G
2023-07-30 14:09:39  Mem:           125G         44G         41G        1.1M         38G         79G
2023-07-30 14:09:42  Mem:           125G         44G         41G        1.1M         38G         79G
2023-07-30 14:09:45  Mem:           125G         44G         41G        1.1M         38G         79G
2023-07-30 14:09:48  Mem:           125G         45G         41G        1.1M         38G         78G
2023-07-30 14:09:51  Mem:           125G         45G         41G        1.1M         38G         78G
2023-07-30 14:09:54  Mem:           125G         45G         41G        1.1M         38G         78G
2023-07-30 14:09:57  Mem:           125G         45G         40G        1.1M         39G         78G
2023-07-30 14:10:00  Mem:           125G         45G         40G        1.1M         39G         78G
2023-07-30 14:10:03  Mem:           125G         45G         40G        1.1M         39G         78G
2023-07-30 14:10:06  Mem:           125G         45G         40G        1.1M         39G         78G
2023-07-30 14:10:09  Mem:           125G         45G         40G        1.1M         39G         78G
2023-07-30 14:10:12  Mem:           125G         45G         40G        1.1M         39G         78G
2023-07-30 14:10:15  Mem:           125G         45G         40G        1.1M         39G         78G
2023-07-30 14:10:18  Mem:           125G         45G         40G        1.1M         39G         78G
2023-07-30 14:10:21  Mem:           125G         45G         40G        1.1M         39G         78G
2023-07-30 14:10:24  Mem:           125G         45G         39G        1.1M         39G         78G
2023-07-30 14:10:27  Mem:           125G         45G         39G        1.1M         39G         78G
2023-07-30 14:10:30  Mem:           125G         45G         39G        1.1M         39G         78G
2023-07-30 14:10:33  Mem:           125G         45G         39G        1.1M         39G         78G
2023-07-30 14:10:36  Mem:           125G         45G         39G        1.1M         39G         78G
2023-07-30 14:10:39  Mem:           125G         45G         39G        1.1M         39G         78G
2023-07-30 14:10:42  Mem:           125G         46G         39G        1.1M         39G         78G
2023-07-30 14:10:45  Mem:           125G         46G         39G        1.1M         39G         77G
2023-07-30 14:10:48  Mem:           125G         46G         39G        1.1M         39G         77G
2023-07-30 14:10:51  Mem:           125G         46G         38G        1.1M         40G         77G
2023-07-30 14:10:54  Mem:           125G         46G         38G        1.1M         40G         77G
2023-07-30 14:10:57  Mem:           125G         46G         38G        1.1M         40G         77G
2023-07-30 14:11:00  Mem:           125G         46G         38G        1.1M         40G         77G
2023-07-30 14:11:03  Mem:           125G         46G         38G        1.1M         40G         77G
2023-07-30 14:11:06  Mem:           125G         46G         38G        1.1M         40G         77G
2023-07-30 14:11:09  Mem:           125G         46G         38G        1.1M         40G         77G
2023-07-30 14:11:12  Mem:           125G         46G         38G        1.1M         40G         77G
2023-07-30 14:11:15  Mem:           125G         46G         38G        1.1M         40G         77G
2023-07-30 14:11:18  Mem:           125G         46G         37G        1.1M         40G         77G
2023-07-30 14:11:21  Mem:           125G         46G         37G        1.1M         40G         77G
2023-07-30 14:11:24  Mem:           125G         46G         37G        1.1M         40G         77G
2023-07-30 14:11:27  Mem:           125G         46G         37G        1.1M         40G         77G
2023-07-30 14:11:30  Mem:           125G         46G         37G        1.1M         40G         77G
2023-07-30 14:11:33  Mem:           125G         46G         37G        1.1M         40G         77G
2023-07-30 14:11:36  Mem:           125G         47G         37G        1.1M         40G         77G
2023-07-30 14:11:39  Mem:           125G         47G         37G        1.1M         40G         76G
2023-07-30 14:11:42  Mem:           125G         47G         36G        1.1M         41G         76G
2023-07-30 14:11:45  Mem:           125G         47G         36G        1.1M         41G         76G
2023-07-30 14:11:48  Mem:           125G         47G         36G        1.1M         41G         76G
2023-07-30 14:11:51  Mem:           125G         47G         36G        1.1M         41G         76G
2023-07-30 14:11:54  Mem:           125G         47G         36G        1.1M         41G         76G
2023-07-30 14:11:57  Mem:           125G         47G         36G        1.1M         41G         76G
2023-07-30 14:12:00  Mem:           125G         47G         36G        1.1M         41G         76G
2023-07-30 14:12:03  Mem:           125G         47G         36G        1.1M         41G         76G
2023-07-30 14:12:06  Mem:           125G         47G         36G        1.1M         41G         76G
2023-07-30 14:12:09  Mem:           125G         47G         36G        1.1M         41G         76G
2023-07-30 14:12:12  Mem:           125G         47G         36G        1.1M         41G         76G
2023-07-30 14:12:15  Mem:           125G         47G         35G        1.1M         41G         76G
2023-07-30 14:12:18  Mem:           125G         47G         35G        1.1M         41G         76G
2023-07-30 14:12:21  Mem:           125G         47G         35G        1.1M         41G         76G
2023-07-30 14:12:24  Mem:           125G         47G         35G        1.1M         41G         76G
2023-07-30 14:12:27  Mem:           125G         47G         35G        1.1M         41G         76G
2023-07-30 14:12:30  Mem:           125G         47G         35G        1.1M         41G         76G
2023-07-30 14:12:33  Mem:           125G         47G         35G        1.1M         41G         76G
2023-07-30 14:12:36  Mem:           125G         48G         35G        1.1M         41G         75G
2023-07-30 14:12:39  Mem:           125G         48G         35G        1.1M         42G         75G
2023-07-30 14:12:42  Mem:           125G         48G         34G        1.1M         42G         75G
2023-07-30 14:12:45  Mem:           125G         48G         34G        1.1M         42G         75G
2023-07-30 14:12:48  Mem:           125G         48G         34G        1.1M         42G         75G
2023-07-30 14:12:51  Mem:           125G         48G         34G        1.1M         42G         75G
2023-07-30 14:12:54  Mem:           125G         48G         34G        1.1M         42G         75G
2023-07-30 14:12:57  Mem:           125G         48G         34G        1.1M         42G         75G
2023-07-30 14:13:00  Mem:           125G         48G         34G        1.1M         42G         75G
2023-07-30 14:13:03  Mem:           125G         48G         34G        1.1M         42G         75G
2023-07-30 14:13:06  Mem:           125G         48G         34G        1.1M         42G         75G
2023-07-30 14:13:09  Mem:           125G         48G         33G        1.1M         42G         75G
2023-07-30 14:13:12  Mem:           125G         48G         33G        1.1M         42G         75G
2023-07-30 14:13:15  Mem:           125G         48G         33G        1.1M         42G         75G
2023-07-30 14:13:18  Mem:           125G         48G         33G        1.1M         42G         75G
2023-07-30 14:13:21  Mem:           125G         48G         33G        1.1M         42G         75G
2023-07-30 14:13:24  Mem:           125G         48G         33G        1.1M         42G         75G
2023-07-30 14:13:27  Mem:           125G         48G         33G        1.1M         42G         75G
2023-07-30 14:13:30  Mem:           125G         48G         33G        1.1M         42G         75G
2023-07-30 14:13:33  Mem:           125G         49G         33G        1.1M         43G         74G
2023-07-30 14:13:36  Mem:           125G         49G         32G        1.1M         43G         74G
2023-07-30 14:13:39  Mem:           125G         49G         32G        1.1M         43G         74G
2023-07-30 14:13:42  Mem:           125G         49G         32G        1.1M         43G         74G
2023-07-30 14:13:45  Mem:           125G         49G         32G        1.1M         43G         74G
2023-07-30 14:13:48  Mem:           125G         49G         32G        1.1M         43G         74G
2023-07-30 14:13:51  Mem:           125G         49G         32G        1.1M         43G         74G
2023-07-30 14:13:54  Mem:           125G         49G         32G        1.1M         43G         74G
2023-07-30 14:13:57  Mem:           125G         49G         32G        1.1M         43G         74G
2023-07-30 14:14:00  Mem:           125G         49G         32G        1.1M         43G         74G
2023-07-30 14:14:03  Mem:           125G         49G         31G        1.1M         43G         74G
2023-07-30 14:14:06  Mem:           125G         49G         31G        1.1M         43G         74G
2023-07-30 14:14:09  Mem:           125G         49G         31G        1.1M         43G         74G
2023-07-30 14:14:12  Mem:           125G         49G         31G        1.1M         43G         74G
2023-07-30 14:14:15  Mem:           125G         49G         31G        1.1M         43G         74G
2023-07-30 14:14:18  Mem:           125G         49G         31G        1.1M         43G         74G
2023-07-30 14:14:21  Mem:           125G         49G         31G        1.1M         43G         74G
2023-07-30 14:14:24  Mem:           125G         49G         31G        1.1M         43G         74G
2023-07-30 14:14:27  Mem:           125G         49G         31G        1.1M         43G         74G
2023-07-30 14:14:30  Mem:           125G         49G         31G        1.1M         43G         74G
2023-07-30 14:14:33  Mem:           125G         50G         31G        1.1M         44G         73G
2023-07-30 14:14:36  Mem:           125G         50G         30G        1.1M         44G         73G
2023-07-30 14:14:39  Mem:           125G         50G         30G        1.1M         44G         73G
2023-07-30 14:14:42  Mem:           125G         50G         30G        1.1M         44G         73G
2023-07-30 14:14:45  Mem:           125G         50G         30G        1.1M         44G         73G
2023-07-30 14:14:48  Mem:           125G         50G         30G        1.1M         44G         73G
2023-07-30 14:14:51  Mem:           125G         50G         30G        1.1M         44G         73G
2023-07-30 14:14:54  Mem:           125G         50G         30G        1.1M         44G         73G
2023-07-30 14:14:57  Mem:           125G         50G         30G        1.1M         44G         73G
2023-07-30 14:15:00  Mem:           125G         50G         30G        1.1M         44G         73G
2023-07-30 14:15:03  Mem:           125G         50G         29G        1.1M         44G         73G
2023-07-30 14:15:06  Mem:           125G         50G         29G        1.1M         44G         73G
2023-07-30 14:15:09  Mem:           125G         50G         29G        1.1M         44G         73G
2023-07-30 14:15:12  Mem:           125G         50G         29G        1.1M         44G         73G
2023-07-30 14:15:15  Mem:           125G         50G         29G        1.1M         44G         73G
2023-07-30 14:15:18  Mem:           125G         50G         29G        1.1M         44G         73G
2023-07-30 14:15:21  Mem:           125G         50G         29G        1.1M         44G         73G
2023-07-30 14:15:24  Mem:           125G         50G         29G        1.1M         44G         73G
2023-07-30 14:15:27  Mem:           125G         50G         29G        1.1M         45G         73G
2023-07-30 14:15:30  Mem:           125G         51G         29G        1.1M         45G         73G
2023-07-30 14:15:33  Mem:           125G         51G         28G        1.1M         45G         72G
2023-07-30 14:15:36  Mem:           125G         51G         28G        1.1M         45G         72G
2023-07-30 14:15:39  Mem:           125G         51G         28G        1.1M         45G         72G
2023-07-30 14:15:42  Mem:           125G         51G         28G        1.1M         45G         72G
2023-07-30 14:15:45  Mem:           125G         51G         28G        1.1M         45G         72G
2023-07-30 14:15:48  Mem:           125G         51G         28G        1.1M         45G         72G
2023-07-30 14:15:51  Mem:           125G         51G         28G        1.1M         45G         72G
2023-07-30 14:15:54  Mem:           125G         51G         28G        1.1M         45G         72G
2023-07-30 14:15:57  Mem:           125G         51G         28G        1.1M         45G         72G
2023-07-30 14:16:00  Mem:           125G         51G         27G        1.1M         45G         72G
2023-07-30 14:16:03  Mem:           125G         51G         27G        1.1M         45G         72G
2023-07-30 14:16:06  Mem:           125G         51G         27G        1.1M         45G         72G
2023-07-30 14:16:09  Mem:           125G         51G         27G        1.1M         45G         72G
2023-07-30 14:16:12  Mem:           125G         51G         27G        1.1M         45G         72G
2023-07-30 14:16:15  Mem:           125G         51G         27G        1.1M         45G         72G
2023-07-30 14:16:19  Mem:           125G         51G         27G        1.1M         45G         72G
2023-07-30 14:16:22  Mem:           125G         51G         27G        1.1M         46G         72G
2023-07-30 14:16:25  Mem:           125G         52G         27G        1.1M         46G         72G
2023-07-30 14:16:28  Mem:           125G         52G         26G        1.1M         46G         71G
2023-07-30 14:16:31  Mem:           125G         52G         26G        1.1M         46G         71G
2023-07-30 14:16:34  Mem:           125G         52G         26G        1.1M         46G         71G
2023-07-30 14:16:37  Mem:           125G         52G         26G        1.1M         46G         71G
2023-07-30 14:16:40  Mem:           125G         52G         26G        1.1M         46G         71G
2023-07-30 14:16:43  Mem:           125G         52G         26G        1.1M         46G         71G
2023-07-30 14:16:46  Mem:           125G         52G         26G        1.1M         46G         71G
2023-07-30 14:16:49  Mem:           125G         52G         26G        1.1M         46G         71G
2023-07-30 14:16:52  Mem:           125G         52G         26G        1.1M         46G         71G
2023-07-30 14:16:55  Mem:           125G         52G         26G        1.1M         46G         71G
2023-07-30 14:16:58  Mem:           125G         52G         25G        1.1M         46G         71G
2023-07-30 14:17:01  Mem:           125G         52G         25G        1.1M         46G         71G
2023-07-30 14:17:04  Mem:           125G         52G         25G        1.1M         46G         71G
2023-07-30 14:17:07  Mem:           125G         52G         25G        1.1M         46G         71G
2023-07-30 14:17:10  Mem:           125G         52G         25G        1.1M         46G         71G
2023-07-30 14:17:13  Mem:           125G         52G         25G        1.1M         46G         71G
2023-07-30 14:17:16  Mem:           125G         52G         25G        1.1M         46G         71G
2023-07-30 14:17:19  Mem:           125G         52G         25G        1.1M         46G         71G
2023-07-30 14:17:22  Mem:           125G         52G         25G        1.1M         47G         71G
2023-07-30 14:17:25  Mem:           125G         52G         25G        1.1M         47G         71G
2023-07-30 14:17:28  Mem:           125G         52G         25G        1.1M         47G         71G
2023-07-30 14:17:31  Mem:           125G         53G         24G        1.1M         47G         71G
2023-07-30 14:17:34  Mem:           125G         53G         24G        1.1M         47G         70G
2023-07-30 14:17:37  Mem:           125G         53G         24G        1.1M         47G         70G
2023-07-30 14:17:40  Mem:           125G         53G         24G        1.1M         47G         70G
2023-07-30 14:17:43  Mem:           125G         53G         24G        1.1M         47G         70G
2023-07-30 14:17:46  Mem:           125G         53G         24G        1.1M         47G         70G
2023-07-30 14:17:49  Mem:           125G         53G         24G        1.1M         47G         70G
2023-07-30 14:17:52  Mem:           125G         53G         24G        1.1M         47G         70G
2023-07-30 14:17:55  Mem:           125G         53G         24G        1.1M         47G         70G
2023-07-30 14:17:58  Mem:           125G         53G         23G        1.1M         47G         70G
2023-07-30 14:18:01  Mem:           125G         53G         23G        1.1M         47G         70G
2023-07-30 14:18:04  Mem:           125G         53G         23G        1.1M         47G         70G
2023-07-30 14:18:07  Mem:           125G         53G         23G        1.1M         47G         70G
2023-07-30 14:18:10  Mem:           125G         53G         23G        1.1M         47G         70G
2023-07-30 14:18:13  Mem:           125G         53G         23G        1.1M         47G         70G
2023-07-30 14:18:16  Mem:           125G         53G         23G        1.1M         47G         70G
2023-07-30 14:18:19  Mem:           125G         53G         23G        1.1M         48G         70G
2023-07-30 14:18:22  Mem:           125G         53G         23G        1.1M         48G         70G
2023-07-30 14:18:25  Mem:           125G         53G         23G        1.1M         48G         70G
2023-07-30 14:18:28  Mem:           125G         54G         22G        1.1M         48G         70G
2023-07-30 14:18:31  Mem:           125G         54G         22G        1.1M         48G         69G
2023-07-30 14:18:34  Mem:           125G         54G         22G        1.1M         48G         69G
2023-07-30 14:18:37  Mem:           125G         54G         22G        1.1M         48G         69G
2023-07-30 14:18:40  Mem:           125G         54G         22G        1.1M         48G         69G
2023-07-30 14:18:43  Mem:           125G         54G         22G        1.1M         48G         69G
2023-07-30 14:18:46  Mem:           125G         54G         22G        1.1M         48G         69G
2023-07-30 14:18:49  Mem:           125G         54G         22G        1.1M         48G         69G
2023-07-30 14:18:52  Mem:           125G         54G         21G        1.1M         48G         69G
2023-07-30 14:18:55  Mem:           125G         54G         21G        1.1M         48G         69G
2023-07-30 14:18:58  Mem:           125G         54G         21G        1.1M         48G         69G
2023-07-30 14:19:01  Mem:           125G         54G         21G        1.1M         48G         69G
2023-07-30 14:19:04  Mem:           125G         54G         21G        1.1M         48G         69G
2023-07-30 14:19:07  Mem:           125G         54G         21G        1.1M         48G         69G
2023-07-30 14:19:10  Mem:           125G         54G         21G        1.1M         49G         69G
2023-07-30 14:19:13  Mem:           125G         54G         21G        1.1M         49G         69G
2023-07-30 14:19:16  Mem:           125G         54G         21G        1.1M         49G         69G
2023-07-30 14:19:19  Mem:           125G         54G         20G        1.1M         49G         69G
2023-07-30 14:19:22  Mem:           125G         55G         20G        1.1M         49G         69G
2023-07-30 14:19:25  Mem:           125G         55G         20G        1.1M         49G         68G
2023-07-30 14:19:28  Mem:           125G         55G         20G        1.1M         49G         68G
2023-07-30 14:19:31  Mem:           125G         55G         20G        1.1M         49G         68G
2023-07-30 14:19:34  Mem:           125G         55G         20G        1.1M         49G         68G
2023-07-30 14:19:37  Mem:           125G         55G         20G        1.1M         49G         68G
2023-07-30 14:19:40  Mem:           125G         55G         20G        1.1M         49G         68G
2023-07-30 14:19:43  Mem:           125G         55G         20G        1.1M         49G         68G
2023-07-30 14:19:46  Mem:           125G         55G         19G        1.1M         49G         68G
2023-07-30 14:19:49  Mem:           125G         55G         19G        1.1M         49G         68G
2023-07-30 14:19:52  Mem:           125G         55G         19G        1.1M         49G         68G
2023-07-30 14:19:55  Mem:           125G         55G         19G        1.1M         49G         68G
2023-07-30 14:19:58  Mem:           125G         55G         19G        1.1M         49G         68G
2023-07-30 14:20:01  Mem:           125G         55G         19G        1.1M         49G         68G
2023-07-30 14:20:04  Mem:           125G         55G         19G        1.1M         50G         68G
2023-07-30 14:20:07  Mem:           125G         55G         19G        1.1M         50G         68G
2023-07-30 14:20:10  Mem:           125G         55G         19G        1.1M         50G         68G
2023-07-30 14:20:13  Mem:           125G         55G         19G        1.1M         50G         68G
2023-07-30 14:20:16  Mem:           125G         55G         18G        1.1M         50G         68G
2023-07-30 14:20:19  Mem:           125G         56G         18G        1.1M         50G         67G
2023-07-30 14:20:22  Mem:           125G         56G         18G        1.1M         50G         67G
2023-07-30 14:20:25  Mem:           125G         56G         18G        1.1M         50G         67G
2023-07-30 14:20:28  Mem:           125G         56G         18G        1.1M         50G         67G
2023-07-30 14:20:31  Mem:           125G         56G         18G        1.1M         50G         67G
2023-07-30 14:20:34  Mem:           125G         56G         18G        1.1M         50G         67G
2023-07-30 14:20:37  Mem:           125G         56G         18G        1.1M         50G         67G
2023-07-30 14:20:40  Mem:           125G         56G         18G        1.1M         50G         67G
2023-07-30 14:20:43  Mem:           125G         56G         17G        1.1M         50G         67G
2023-07-30 14:20:46  Mem:           125G         56G         17G        1.1M         50G         67G
2023-07-30 14:20:49  Mem:           125G         56G         17G        1.1M         50G         67G
2023-07-30 14:20:52  Mem:           125G         56G         17G        1.1M         50G         67G
2023-07-30 14:20:55  Mem:           125G         56G         17G        1.1M         50G         67G
2023-07-30 14:20:58  Mem:           125G         56G         17G        1.1M         51G         67G
2023-07-30 14:21:01  Mem:           125G         56G         17G        1.1M         51G         67G
2023-07-30 14:21:04  Mem:           125G         56G         17G        1.1M         51G         67G
2023-07-30 14:21:07  Mem:           125G         56G         17G        1.1M         51G         67G
2023-07-30 14:21:10  Mem:           125G         56G         17G        1.1M         51G         67G
2023-07-30 14:21:13  Mem:           125G         56G         16G        1.1M         51G         67G
2023-07-30 14:21:16  Mem:           125G         56G         16G        1.1M         51G         67G
2023-07-30 14:21:19  Mem:           125G         57G         16G        1.1M         51G         66G
2023-07-30 14:21:22  Mem:           125G         57G         16G        1.1M         51G         66G
2023-07-30 14:21:25  Mem:           125G         57G         16G        1.1M         51G         66G
2023-07-30 14:21:28  Mem:           125G         57G         16G        1.1M         51G         66G
2023-07-30 14:21:31  Mem:           125G         57G         16G        1.1M         51G         66G
2023-07-30 14:21:34  Mem:           125G         57G         16G        1.1M         51G         66G
2023-07-30 14:21:37  Mem:           125G         57G         16G        1.1M         51G         66G
2023-07-30 14:21:40  Mem:           125G         57G         15G        1.1M         51G         66G
2023-07-30 14:21:43  Mem:           125G         57G         15G        1.1M         51G         66G
2023-07-30 14:21:46  Mem:           125G         57G         15G        1.1M         51G         66G
2023-07-30 14:21:49  Mem:           125G         57G         15G        1.1M         51G         66G
2023-07-30 14:21:52  Mem:           125G         57G         15G        1.1M         52G         66G
2023-07-30 14:21:55  Mem:           125G         57G         15G        1.1M         52G         66G
2023-07-30 14:21:58  Mem:           125G         57G         15G        1.1M         52G         66G
2023-07-30 14:22:01  Mem:           125G         57G         15G        1.1M         52G         66G
2023-07-30 14:22:04  Mem:           125G         57G         15G        1.1M         52G         66G
2023-07-30 14:22:07  Mem:           125G         57G         14G        1.1M         52G         66G
2023-07-30 14:22:10  Mem:           125G         57G         14G        1.1M         52G         66G
2023-07-30 14:22:13  Mem:           125G         58G         14G        1.1M         52G         66G
2023-07-30 14:22:16  Mem:           125G         58G         14G        1.1M         52G         65G
2023-07-30 14:22:19  Mem:           125G         58G         14G        1.1M         52G         65G
2023-07-30 14:22:22  Mem:           125G         58G         14G        1.1M         52G         65G
2023-07-30 14:22:25  Mem:           125G         58G         14G        1.1M         52G         65G
2023-07-30 14:22:28  Mem:           125G         58G         14G        1.1M         52G         65G
2023-07-30 14:22:31  Mem:           125G         58G         14G        1.1M         52G         65G
2023-07-30 14:22:34  Mem:           125G         58G         13G        1.1M         52G         65G
2023-07-30 14:22:37  Mem:           125G         58G         13G        1.1M         52G         65G
2023-07-30 14:22:40  Mem:           125G         58G         13G        1.1M         52G         65G
2023-07-30 14:22:43  Mem:           125G         58G         13G        1.1M         52G         65G
2023-07-30 14:22:47  Mem:           125G         58G         13G        1.1M         53G         65G
2023-07-30 14:22:50  Mem:           125G         58G         13G        1.1M         53G         65G
2023-07-30 14:22:53  Mem:           125G         58G         13G        1.1M         53G         65G
2023-07-30 14:22:56  Mem:           125G         58G         13G        1.1M         53G         65G
2023-07-30 14:22:59  Mem:           125G         58G         13G        1.1M         53G         65G
2023-07-30 14:23:02  Mem:           125G         58G         12G        1.1M         53G         65G
2023-07-30 14:23:05  Mem:           125G         58G         12G        1.1M         53G         65G
2023-07-30 14:23:08  Mem:           125G         59G         12G        1.1M         53G         65G
2023-07-30 14:23:11  Mem:           125G         59G         12G        1.1M         53G         64G
2023-07-30 14:23:14  Mem:           125G         59G         12G        1.1M         53G         64G
2023-07-30 14:23:17  Mem:           125G         59G         12G        1.1M         53G         64G
2023-07-30 14:23:20  Mem:           125G         59G         12G        1.1M         53G         64G
2023-07-30 14:23:23  Mem:           125G         59G         12G        1.1M         53G         64G
2023-07-30 14:23:26  Mem:           125G         59G         12G        1.1M         53G         64G
2023-07-30 14:23:29  Mem:           125G         59G         11G        1.1M         53G         64G
2023-07-30 14:23:32  Mem:           125G         59G         11G        1.1M         53G         64G
2023-07-30 14:23:35  Mem:           125G         59G         11G        1.1M         53G         64G
2023-07-30 14:23:38  Mem:           125G         59G         11G        1.1M         53G         64G
2023-07-30 14:23:41  Mem:           125G         59G         11G        1.1M         54G         64G
2023-07-30 14:23:44  Mem:           125G         59G         11G        1.1M         54G         64G
2023-07-30 14:23:47  Mem:           125G         59G         11G        1.1M         54G         64G
2023-07-30 14:23:50  Mem:           125G         59G         11G        1.1M         54G         64G
2023-07-30 14:23:53  Mem:           125G         59G         11G        1.1M         54G         64G
2023-07-30 14:23:56  Mem:           125G         59G         11G        1.1M         54G         64G
2023-07-30 14:23:59  Mem:           125G         59G         11G        1.1M         54G         64G
2023-07-30 14:24:02  Mem:           125G         59G         10G        1.1M         54G         64G
2023-07-30 14:24:05  Mem:           125G         59G         10G        1.1M         54G         64G
2023-07-30 14:24:08  Mem:           125G         59G         10G        1.1M         54G         64G
2023-07-30 14:24:11  Mem:           125G         60G         10G        1.1M         54G         63G
2023-07-30 14:24:14  Mem:           125G         60G         10G        1.1M         54G         63G
2023-07-30 14:24:17  Mem:           125G         60G         10G        1.1M         54G         63G
2023-07-30 14:24:20  Mem:           125G         60G         10G        1.1M         54G         63G
2023-07-30 14:24:23  Mem:           125G         60G         10G        1.1M         54G         63G
2023-07-30 14:24:26  Mem:           125G         60G         10G        1.1M         54G         63G
2023-07-30 14:24:29  Mem:           125G         60G        9.9G        1.1M         54G         63G
2023-07-30 14:24:32  Mem:           125G         60G        9.9G        1.1M         54G         63G
2023-07-30 14:24:35  Mem:           125G         60G        9.7G        1.1M         54G         63G
2023-07-30 14:24:38  Mem:           125G         60G        9.7G        1.1M         54G         63G
2023-07-30 14:24:41  Mem:           125G         60G        9.5G        1.1M         55G         63G
2023-07-30 14:24:44  Mem:           125G         60G        9.4G        1.1M         55G         63G
2023-07-30 14:24:47  Mem:           125G         60G        9.3G        1.1M         55G         63G
2023-07-30 14:24:50  Mem:           125G         60G        9.2G        1.1M         55G         63G
2023-07-30 14:24:53  Mem:           125G         60G        9.1G        1.1M         55G         63G
2023-07-30 14:24:56  Mem:           125G         60G        9.0G        1.1M         55G         63G
2023-07-30 14:24:59  Mem:           125G         60G        8.9G        1.1M         55G         63G
2023-07-30 14:25:02  Mem:           125G         60G        8.7G        1.1M         55G         63G
2023-07-30 14:25:05  Mem:           125G         61G        8.6G        1.1M         55G         63G
2023-07-30 14:25:08  Mem:           125G         61G        8.5G        1.1M         55G         62G
2023-07-30 14:25:11  Mem:           125G         61G        8.4G        1.1M         55G         62G
2023-07-30 14:25:14  Mem:           125G         61G        8.3G        1.1M         55G         62G
2023-07-30 14:25:17  Mem:           125G         61G        8.2G        1.1M         55G         62G
2023-07-30 14:25:20  Mem:           125G         61G        8.1G        1.1M         55G         62G
2023-07-30 14:25:23  Mem:           125G         61G        7.9G        1.1M         55G         62G
2023-07-30 14:25:26  Mem:           125G         61G        7.9G        1.1M         55G         62G
2023-07-30 14:25:29  Mem:           125G         61G        7.8G        1.1M         55G         62G
2023-07-30 14:25:32  Mem:           125G         61G        7.6G        1.1M         56G         62G
2023-07-30 14:25:35  Mem:           125G         61G        7.5G        1.1M         56G         62G
2023-07-30 14:25:38  Mem:           125G         61G        7.4G        1.1M         56G         62G
2023-07-30 14:25:41  Mem:           125G         61G        7.4G        1.1M         56G         62G
2023-07-30 14:25:44  Mem:           125G         61G        7.2G        1.1M         56G         62G
2023-07-30 14:25:47  Mem:           125G         61G        7.1G        1.1M         56G         62G
2023-07-30 14:25:50  Mem:           125G         61G        7.0G        1.1M         56G         62G
2023-07-30 14:25:53  Mem:           125G         61G        6.9G        1.1M         56G         62G
2023-07-30 14:25:56  Mem:           125G         61G        6.8G        1.1M         56G         62G
2023-07-30 14:25:59  Mem:           125G         61G        6.7G        1.1M         56G         62G
2023-07-30 14:26:02  Mem:           125G         62G        6.6G        1.1M         56G         62G
2023-07-30 14:26:05  Mem:           125G         62G        6.5G        1.1M         56G         61G
2023-07-30 14:26:08  Mem:           125G         62G        6.4G        1.1M         56G         61G
2023-07-30 14:26:11  Mem:           125G         62G        6.3G        1.1M         56G         61G
2023-07-30 14:26:14  Mem:           125G         62G        6.2G        1.1M         56G         61G
2023-07-30 14:26:17  Mem:           125G         62G        6.1G        1.1M         56G         61G
2023-07-30 14:26:20  Mem:           125G         62G        6.0G        1.1M         56G         61G
2023-07-30 14:26:23  Mem:           125G         62G        5.9G        1.1M         56G         61G
2023-07-30 14:26:26  Mem:           125G         62G        5.8G        1.1M         56G         61G
2023-07-30 14:26:29  Mem:           125G         62G        5.7G        1.1M         56G         61G
2023-07-30 14:26:32  Mem:           125G         62G        5.6G        1.1M         57G         61G
2023-07-30 14:26:35  Mem:           125G         62G        5.6G        1.1M         57G         61G
2023-07-30 14:26:38  Mem:           125G         62G        5.5G        1.1M         57G         61G
2023-07-30 14:26:41  Mem:           125G         62G        5.4G        1.1M         57G         61G
2023-07-30 14:26:44  Mem:           125G         62G        5.2G        1.1M         57G         61G
2023-07-30 14:26:47  Mem:           125G         62G        5.1G        1.1M         57G         61G
2023-07-30 14:26:50  Mem:           125G         62G        5.0G        1.1M         57G         61G
2023-07-30 14:26:53  Mem:           125G         62G        4.9G        1.1M         57G         61G
2023-07-30 14:26:56  Mem:           125G         62G        4.8G        1.1M         57G         61G
2023-07-30 14:26:59  Mem:           125G         62G        4.8G        1.1M         57G         61G
