time               total        used        free      shared  buff/cache   available
2023-08-01 00:21:57  Mem:           125G         14G        101G        1.1M        9.5G        109G
2023-08-01 00:22:00  Mem:           125G         14G        101G        1.1M        9.5G        109G
2023-08-01 00:22:03  Mem:           125G         14G        100G        1.1M        9.5G        109G
2023-08-01 00:22:06  Mem:           125G         14G        100G        1.1M        9.5G        109G
2023-08-01 00:22:09  Mem:           125G         15G        100G        1.1M        9.5G        109G
2023-08-01 00:22:12  Mem:           125G         15G        100G        1.1M        9.5G        109G
2023-08-01 00:22:15  Mem:           125G         15G        100G        1.1M        9.5G        108G
2023-08-01 00:22:18  Mem:           125G         15G        100G        1.1M        9.5G        108G
2023-08-01 00:22:21  Mem:           125G         15G        100G        1.1M        9.5G        108G
2023-08-01 00:22:24  Mem:           125G         15G        100G        1.1M        9.5G        108G
2023-08-01 00:22:27  Mem:           125G         15G         99G        1.1M        9.6G        108G
2023-08-01 00:22:30  Mem:           125G         15G         99G        1.1M        9.6G        108G
2023-08-01 00:22:33  Mem:           125G         15G         99G        1.1M        9.6G        108G
2023-08-01 00:22:36  Mem:           125G         15G         99G        1.1M        9.7G        108G
2023-08-01 00:22:39  Mem:           125G         15G         99G        1.1M        9.7G        108G
2023-08-01 00:22:42  Mem:           125G         15G         99G        1.1M        9.7G        108G
2023-08-01 00:22:45  Mem:           125G         15G         99G        1.1M        9.8G        108G
2023-08-01 00:22:48  Mem:           125G         15G         99G        1.1M        9.8G        108G
2023-08-01 00:22:51  Mem:           125G         15G         99G        1.1M        9.8G        108G
2023-08-01 00:22:54  Mem:           125G         15G         99G        1.1M        9.9G        108G
2023-08-01 00:22:57  Mem:           125G         15G         99G        1.1M        9.9G        108G
2023-08-01 00:23:00  Mem:           125G         15G         99G        1.1M        9.9G        108G
2023-08-01 00:23:03  Mem:           125G         16G         99G        1.1M          9G        108G
2023-08-01 00:23:06  Mem:           125G         16G         99G        1.1M          9G        108G
2023-08-01 00:23:09  Mem:           125G         16G         99G        1.1M         10G        108G
2023-08-01 00:23:12  Mem:           125G         16G         98G        1.1M         10G        108G
2023-08-01 00:23:15  Mem:           125G         16G         98G        1.1M         10G        108G
2023-08-01 00:23:18  Mem:           125G         16G         98G        1.1M         10G        108G
2023-08-01 00:23:21  Mem:           125G         16G         98G        1.1M         10G        107G
2023-08-01 00:23:24  Mem:           125G         16G         98G        1.1M         10G        107G
2023-08-01 00:23:27  Mem:           125G         16G         98G        1.1M         10G        107G
2023-08-01 00:23:30  Mem:           125G         16G         98G        1.1M         10G        107G
2023-08-01 00:23:33  Mem:           125G         16G         98G        1.1M         10G        107G
2023-08-01 00:23:36  Mem:           125G         16G         98G        1.1M         10G        107G
2023-08-01 00:23:39  Mem:           125G         16G         98G        1.1M         10G        107G
2023-08-01 00:23:42  Mem:           125G         16G         98G        1.1M         10G        107G
2023-08-01 00:23:45  Mem:           125G         16G         98G        1.1M         10G        107G
2023-08-01 00:23:48  Mem:           125G         16G         98G        1.1M         10G        107G
2023-08-01 00:23:51  Mem:           125G         16G         98G        1.1M         10G        107G
2023-08-01 00:23:54  Mem:           125G         16G         97G        1.1M         10G        107G
2023-08-01 00:23:57  Mem:           125G         16G         97G        1.1M         10G        107G
2023-08-01 00:24:00  Mem:           125G         16G         97G        1.1M         10G        107G
2023-08-01 00:24:03  Mem:           125G         16G         97G        1.1M         10G        107G
2023-08-01 00:24:06  Mem:           125G         16G         97G        1.1M         10G        107G
2023-08-01 00:24:09  Mem:           125G         16G         97G        1.1M         10G        107G
2023-08-01 00:24:12  Mem:           125G         16G         97G        1.1M         10G        107G
2023-08-01 00:24:15  Mem:           125G         16G         97G        1.1M         10G        107G
2023-08-01 00:24:18  Mem:           125G         16G         97G        1.1M         10G        107G
2023-08-01 00:24:21  Mem:           125G         16G         97G        1.1M         10G        107G
2023-08-01 00:24:24  Mem:           125G         16G         97G        1.1M         10G        107G
2023-08-01 00:24:27  Mem:           125G         16G         97G        1.1M         10G        107G
2023-08-01 00:24:30  Mem:           125G         17G         97G        1.1M         10G        107G
2023-08-01 00:24:33  Mem:           125G         17G         97G        1.1M         10G        107G
2023-08-01 00:24:36  Mem:           125G         17G         97G        1.1M         10G        107G
2023-08-01 00:24:39  Mem:           125G         17G         97G        1.1M         10G        107G
2023-08-01 00:24:42  Mem:           125G         17G         97G        1.1M         10G        107G
2023-08-01 00:24:45  Mem:           125G         17G         97G        1.1M         10G        107G
2023-08-01 00:24:48  Mem:           125G         17G         96G        1.1M         10G        107G
2023-08-01 00:24:51  Mem:           125G         17G         96G        1.1M         11G        107G
2023-08-01 00:24:54  Mem:           125G         17G         96G        1.1M         11G        106G
2023-08-01 00:24:57  Mem:           125G         17G         96G        1.1M         11G        106G
2023-08-01 00:25:00  Mem:           125G         17G         96G        1.1M         11G        106G
2023-08-01 00:25:03  Mem:           125G         17G         96G        1.1M         11G        106G
2023-08-01 00:25:06  Mem:           125G         17G         96G        1.1M         11G        106G
2023-08-01 00:25:09  Mem:           125G         17G         96G        1.1M         11G        106G
2023-08-01 00:25:12  Mem:           125G         17G         96G        1.1M         11G        106G
2023-08-01 00:25:15  Mem:           125G         17G         96G        1.1M         11G        106G
2023-08-01 00:25:18  Mem:           125G         17G         96G        1.1M         11G        106G
2023-08-01 00:25:21  Mem:           125G         17G         96G        1.1M         11G        106G
2023-08-01 00:25:24  Mem:           125G         17G         96G        1.1M         11G        106G
2023-08-01 00:25:27  Mem:           125G         17G         96G        1.1M         11G        106G
2023-08-01 00:25:30  Mem:           125G         17G         96G        1.1M         11G        106G
2023-08-01 00:25:33  Mem:           125G         17G         96G        1.1M         11G        106G
2023-08-01 00:25:36  Mem:           125G         17G         96G        1.1M         11G        106G
2023-08-01 00:25:39  Mem:           125G         17G         96G        1.1M         11G        106G
2023-08-01 00:25:42  Mem:           125G         17G         96G        1.1M         11G        106G
2023-08-01 00:25:45  Mem:           125G         17G         95G        1.1M         11G        106G
2023-08-01 00:25:48  Mem:           125G         17G         95G        1.1M         11G        106G
2023-08-01 00:25:51  Mem:           125G         17G         95G        1.1M         11G        106G
2023-08-01 00:25:54  Mem:           125G         17G         95G        1.1M         11G        106G
2023-08-01 00:25:57  Mem:           125G         17G         95G        1.1M         11G        106G
2023-08-01 00:26:00  Mem:           125G         17G         95G        1.1M         11G        106G
2023-08-01 00:26:03  Mem:           125G         17G         95G        1.1M         11G        106G
2023-08-01 00:26:06  Mem:           125G         17G         95G        1.1M         11G        106G
2023-08-01 00:26:10  Mem:           125G         17G         95G        1.1M         11G        106G
2023-08-01 00:26:13  Mem:           125G         17G         95G        1.1M         11G        106G
2023-08-01 00:26:16  Mem:           125G         17G         95G        1.1M         11G        106G
2023-08-01 00:26:19  Mem:           125G         17G         95G        1.1M         11G        106G
2023-08-01 00:26:22  Mem:           125G         17G         95G        1.1M         11G        106G
2023-08-01 00:26:25  Mem:           125G         18G         95G        1.1M         11G        106G
2023-08-01 00:26:28  Mem:           125G         18G         95G        1.1M         11G        106G
2023-08-01 00:26:31  Mem:           125G         18G         95G        1.1M         11G        106G
2023-08-01 00:26:34  Mem:           125G         18G         95G        1.1M         11G        106G
2023-08-01 00:26:37  Mem:           125G         18G         95G        1.1M         11G        106G
2023-08-01 00:26:40  Mem:           125G         18G         95G        1.1M         11G        106G
2023-08-01 00:26:43  Mem:           125G         18G         94G        1.1M         12G        106G
2023-08-01 00:26:46  Mem:           125G         18G         94G        1.1M         12G        106G
2023-08-01 00:26:49  Mem:           125G         18G         94G        1.1M         12G        105G
2023-08-01 00:26:52  Mem:           125G         18G         94G        1.1M         12G        105G
2023-08-01 00:26:55  Mem:           125G         18G         94G        1.1M         12G        105G
2023-08-01 00:26:58  Mem:           125G         18G         94G        1.1M         12G        105G
2023-08-01 00:27:01  Mem:           125G         18G         94G        1.1M         12G        105G
2023-08-01 00:27:04  Mem:           125G         18G         94G        1.1M         12G        105G
2023-08-01 00:27:07  Mem:           125G         18G         94G        1.1M         12G        105G
2023-08-01 00:27:10  Mem:           125G         18G         94G        1.1M         12G        105G
2023-08-01 00:27:13  Mem:           125G         18G         94G        1.1M         12G        105G
2023-08-01 00:27:16  Mem:           125G         18G         94G        1.1M         12G        105G
2023-08-01 00:27:19  Mem:           125G         18G         94G        1.1M         12G        105G
2023-08-01 00:27:22  Mem:           125G         18G         94G        1.1M         12G        105G
2023-08-01 00:27:25  Mem:           125G         18G         94G        1.1M         12G        105G
2023-08-01 00:27:28  Mem:           125G         18G         94G        1.1M         12G        105G
2023-08-01 00:27:31  Mem:           125G         18G         94G        1.1M         12G        105G
2023-08-01 00:27:34  Mem:           125G         18G         94G        1.1M         12G        105G
2023-08-01 00:27:37  Mem:           125G         18G         94G        1.1M         12G        105G
2023-08-01 00:27:40  Mem:           125G         18G         93G        1.1M         12G        105G
2023-08-01 00:27:43  Mem:           125G         18G         93G        1.1M         12G        105G
2023-08-01 00:27:46  Mem:           125G         18G         93G        1.1M         12G        105G
2023-08-01 00:27:49  Mem:           125G         18G         93G        1.1M         12G        105G
2023-08-01 00:27:52  Mem:           125G         18G         93G        1.1M         12G        105G
2023-08-01 00:27:55  Mem:           125G         18G         93G        1.1M         12G        105G
2023-08-01 00:27:58  Mem:           125G         18G         93G        1.1M         12G        105G
2023-08-01 00:28:01  Mem:           125G         18G         93G        1.1M         12G        105G
2023-08-01 00:28:04  Mem:           125G         18G         93G        1.1M         12G        105G
2023-08-01 00:28:07  Mem:           125G         18G         93G        1.1M         12G        105G
2023-08-01 00:28:10  Mem:           125G         18G         93G        1.1M         12G        105G
2023-08-01 00:28:13  Mem:           125G         18G         93G        1.1M         12G        105G
2023-08-01 00:28:16  Mem:           125G         18G         93G        1.1M         12G        105G
2023-08-01 00:28:19  Mem:           125G         18G         93G        1.1M         12G        105G
2023-08-01 00:28:22  Mem:           125G         18G         93G        1.1M         12G        105G
2023-08-01 00:28:25  Mem:           125G         19G         93G        1.1M         12G        105G
2023-08-01 00:28:28  Mem:           125G         19G         93G        1.1M         12G        105G
2023-08-01 00:28:31  Mem:           125G         19G         93G        1.1M         13G        105G
2023-08-01 00:28:34  Mem:           125G         19G         92G        1.1M         13G        105G
2023-08-01 00:28:37  Mem:           125G         19G         92G        1.1M         13G        105G
2023-08-01 00:28:40  Mem:           125G         19G         92G        1.1M         13G        105G
2023-08-01 00:28:43  Mem:           125G         19G         92G        1.1M         13G        105G
2023-08-01 00:28:46  Mem:           125G         19G         92G        1.1M         13G        105G
2023-08-01 00:28:49  Mem:           125G         19G         92G        1.1M         13G        104G
2023-08-01 00:28:52  Mem:           125G         19G         92G        1.1M         13G        104G
2023-08-01 00:28:55  Mem:           125G         19G         92G        1.1M         13G        104G
2023-08-01 00:28:58  Mem:           125G         19G         92G        1.1M         13G        104G
2023-08-01 00:29:01  Mem:           125G         19G         92G        1.1M         13G        104G
2023-08-01 00:29:04  Mem:           125G         19G         92G        1.1M         13G        104G
2023-08-01 00:29:07  Mem:           125G         19G         92G        1.1M         13G        104G
2023-08-01 00:29:10  Mem:           125G         19G         92G        1.1M         13G        104G
2023-08-01 00:29:13  Mem:           125G         19G         92G        1.1M         13G        104G
2023-08-01 00:29:16  Mem:           125G         19G         92G        1.1M         13G        104G
2023-08-01 00:29:19  Mem:           125G         19G         92G        1.1M         13G        104G
2023-08-01 00:29:22  Mem:           125G         19G         92G        1.1M         13G        104G
2023-08-01 00:29:25  Mem:           125G         19G         92G        1.1M         13G        104G
2023-08-01 00:29:28  Mem:           125G         19G         92G        1.1M         13G        104G
2023-08-01 00:29:31  Mem:           125G         19G         92G        1.1M         13G        104G
2023-08-01 00:29:34  Mem:           125G         19G         91G        1.1M         13G        104G
2023-08-01 00:29:37  Mem:           125G         19G         91G        1.1M         13G        104G
2023-08-01 00:29:40  Mem:           125G         19G         91G        1.1M         13G        104G
2023-08-01 00:29:43  Mem:           125G         19G         91G        1.1M         13G        104G
2023-08-01 00:29:46  Mem:           125G         19G         91G        1.1M         13G        104G
2023-08-01 00:29:49  Mem:           125G         19G         91G        1.1M         13G        104G
2023-08-01 00:29:52  Mem:           125G         19G         91G        1.1M         13G        104G
2023-08-01 00:29:55  Mem:           125G         19G         91G        1.1M         13G        104G
2023-08-01 00:29:58  Mem:           125G         19G         91G        1.1M         13G        104G
2023-08-01 00:30:01  Mem:           125G         19G         91G        1.1M         13G        104G
2023-08-01 00:30:04  Mem:           125G         19G         91G        1.1M         13G        104G
2023-08-01 00:30:07  Mem:           125G         19G         91G        1.1M         13G        104G
2023-08-01 00:30:10  Mem:           125G         19G         91G        1.1M         13G        104G
2023-08-01 00:30:13  Mem:           125G         19G         91G        1.1M         13G        104G
2023-08-01 00:30:16  Mem:           125G         19G         91G        1.1M         13G        104G
2023-08-01 00:30:19  Mem:           125G         19G         91G        1.1M         14G        104G
2023-08-01 00:30:22  Mem:           125G         19G         91G        1.1M         14G        104G
2023-08-01 00:30:25  Mem:           125G         20G         91G        1.1M         14G        104G
2023-08-01 00:30:28  Mem:           125G         20G         91G        1.1M         14G        104G
2023-08-01 00:30:31  Mem:           125G         20G         90G        1.1M         14G        104G
2023-08-01 00:30:34  Mem:           125G         20G         90G        1.1M         14G        104G
2023-08-01 00:30:37  Mem:           125G         20G         90G        1.1M         14G        104G
2023-08-01 00:30:40  Mem:           125G         20G         90G        1.1M         14G        104G
2023-08-01 00:30:43  Mem:           125G         20G         90G        1.1M         14G        104G
2023-08-01 00:30:46  Mem:           125G         20G         90G        1.1M         14G        104G
2023-08-01 00:30:49  Mem:           125G         20G         90G        1.1M         14G        103G
2023-08-01 00:30:52  Mem:           125G         20G         90G        1.1M         14G        103G
2023-08-01 00:30:55  Mem:           125G         20G         90G        1.1M         14G        103G
2023-08-01 00:30:58  Mem:           125G         20G         90G        1.1M         14G        103G
2023-08-01 00:31:01  Mem:           125G         20G         90G        1.1M         14G        103G
2023-08-01 00:31:04  Mem:           125G         20G         90G        1.1M         14G        103G
2023-08-01 00:31:08  Mem:           125G         20G         90G        1.1M         14G        103G
2023-08-01 00:31:11  Mem:           125G         20G         90G        1.1M         14G        103G
2023-08-01 00:31:14  Mem:           125G         20G         90G        1.1M         14G        103G
2023-08-01 00:31:17  Mem:           125G         20G         90G        1.1M         14G        103G
2023-08-01 00:31:20  Mem:           125G         20G         90G        1.1M         14G        103G
2023-08-01 00:31:23  Mem:           125G         20G         90G        1.1M         14G        103G
2023-08-01 00:31:26  Mem:           125G         20G         90G        1.1M         14G        103G
2023-08-01 00:31:29  Mem:           125G         20G         89G        1.1M         14G        103G
2023-08-01 00:31:32  Mem:           125G         20G         89G        1.1M         14G        103G
2023-08-01 00:31:35  Mem:           125G         20G         89G        1.1M         14G        103G
2023-08-01 00:31:38  Mem:           125G         20G         89G        1.1M         14G        103G
2023-08-01 00:31:41  Mem:           125G         20G         89G        1.1M         14G        103G
2023-08-01 00:31:44  Mem:           125G         20G         89G        1.1M         14G        103G
2023-08-01 00:31:47  Mem:           125G         20G         89G        1.1M         14G        103G
2023-08-01 00:31:50  Mem:           125G         20G         89G        1.1M         14G        103G
2023-08-01 00:31:53  Mem:           125G         20G         89G        1.1M         14G        103G
2023-08-01 00:31:56  Mem:           125G         20G         89G        1.1M         14G        103G
2023-08-01 00:31:59  Mem:           125G         20G         89G        1.1M         14G        103G
2023-08-01 00:32:02  Mem:           125G         20G         89G        1.1M         14G        103G
2023-08-01 00:32:05  Mem:           125G         20G         89G        1.1M         15G        103G
2023-08-01 00:32:08  Mem:           125G         20G         89G        1.1M         15G        103G
2023-08-01 00:32:11  Mem:           125G         20G         89G        1.1M         15G        103G
2023-08-01 00:32:14  Mem:           125G         20G         89G        1.1M         15G        103G
2023-08-01 00:32:17  Mem:           125G         20G         89G        1.1M         15G        103G
2023-08-01 00:32:20  Mem:           125G         20G         89G        1.1M         15G        103G
2023-08-01 00:32:23  Mem:           125G         20G         88G        1.1M         15G        103G
2023-08-01 00:32:26  Mem:           125G         21G         88G        1.1M         15G        103G
2023-08-01 00:32:29  Mem:           125G         21G         88G        1.1M         15G        103G
2023-08-01 00:32:32  Mem:           125G         21G         88G        1.1M         15G        103G
2023-08-01 00:32:35  Mem:           125G         21G         88G        1.1M         15G        103G
2023-08-01 00:32:38  Mem:           125G         21G         88G        1.1M         15G        103G
2023-08-01 00:32:41  Mem:           125G         21G         88G        1.1M         15G        103G
2023-08-01 00:32:44  Mem:           125G         21G         88G        1.1M         15G        103G
2023-08-01 00:32:47  Mem:           125G         21G         88G        1.1M         15G        103G
2023-08-01 00:32:50  Mem:           125G         21G         88G        1.1M         15G        103G
2023-08-01 00:32:53  Mem:           125G         21G         88G        1.1M         15G        102G
2023-08-01 00:32:56  Mem:           125G         21G         88G        1.1M         15G        102G
2023-08-01 00:32:59  Mem:           125G         21G         88G        1.1M         15G        102G
2023-08-01 00:33:02  Mem:           125G         21G         88G        1.1M         15G        102G
2023-08-01 00:33:05  Mem:           125G         21G         88G        1.1M         15G        102G
2023-08-01 00:33:08  Mem:           125G         21G         88G        1.1M         15G        102G
2023-08-01 00:33:11  Mem:           125G         21G         88G        1.1M         15G        102G
2023-08-01 00:33:14  Mem:           125G         21G         88G        1.1M         15G        102G
2023-08-01 00:33:17  Mem:           125G         21G         88G        1.1M         15G        102G
2023-08-01 00:33:20  Mem:           125G         21G         87G        1.1M         15G        102G
2023-08-01 00:33:23  Mem:           125G         21G         87G        1.1M         15G        102G
2023-08-01 00:33:26  Mem:           125G         21G         87G        1.1M         15G        102G
2023-08-01 00:33:29  Mem:           125G         21G         87G        1.1M         15G        102G
2023-08-01 00:33:32  Mem:           125G         21G         87G        1.1M         15G        102G
2023-08-01 00:33:35  Mem:           125G         21G         87G        1.1M         15G        102G
2023-08-01 00:33:38  Mem:           125G         21G         87G        1.1M         15G        102G
2023-08-01 00:33:41  Mem:           125G         21G         87G        1.1M         15G        102G
2023-08-01 00:33:44  Mem:           125G         21G         87G        1.1M         15G        102G
2023-08-01 00:33:47  Mem:           125G         21G         87G        1.1M         15G        102G
2023-08-01 00:33:50  Mem:           125G         21G         87G        1.1M         16G        102G
2023-08-01 00:33:53  Mem:           125G         21G         87G        1.1M         16G        102G
2023-08-01 00:33:56  Mem:           125G         21G         87G        1.1M         16G        102G
2023-08-01 00:33:59  Mem:           125G         21G         87G        1.1M         16G        102G
2023-08-01 00:34:02  Mem:           125G         21G         87G        1.1M         16G        102G
2023-08-01 00:34:05  Mem:           125G         21G         87G        1.1M         16G        102G
2023-08-01 00:34:08  Mem:           125G         21G         87G        1.1M         16G        102G
2023-08-01 00:34:11  Mem:           125G         21G         87G        1.1M         16G        102G
2023-08-01 00:34:14  Mem:           125G         21G         86G        1.1M         16G        102G
2023-08-01 00:34:17  Mem:           125G         21G         86G        1.1M         16G        102G
2023-08-01 00:34:20  Mem:           125G         21G         86G        1.1M         16G        102G
2023-08-01 00:34:23  Mem:           125G         21G         86G        1.1M         16G        102G
2023-08-01 00:34:26  Mem:           125G         22G         86G        1.1M         16G        102G
2023-08-01 00:34:29  Mem:           125G         22G         86G        1.1M         16G        102G
2023-08-01 00:34:32  Mem:           125G         22G         86G        1.1M         16G        102G
2023-08-01 00:34:35  Mem:           125G         22G         86G        1.1M         16G        102G
2023-08-01 00:34:38  Mem:           125G         22G         86G        1.1M         16G        102G
2023-08-01 00:34:41  Mem:           125G         22G         86G        1.1M         16G        102G
2023-08-01 00:34:44  Mem:           125G         22G         86G        1.1M         16G        102G
2023-08-01 00:34:47  Mem:           125G         22G         86G        1.1M         16G        102G
2023-08-01 00:34:50  Mem:           125G         22G         86G        1.1M         16G        101G
2023-08-01 00:34:53  Mem:           125G         22G         86G        1.1M         16G        101G
2023-08-01 00:34:56  Mem:           125G         22G         86G        1.1M         16G        101G
2023-08-01 00:34:59  Mem:           125G         22G         86G        1.1M         16G        101G
2023-08-01 00:35:02  Mem:           125G         22G         86G        1.1M         16G        101G
2023-08-01 00:35:05  Mem:           125G         22G         86G        1.1M         16G        101G
2023-08-01 00:35:08  Mem:           125G         22G         86G        1.1M         16G        101G
2023-08-01 00:35:11  Mem:           125G         22G         85G        1.1M         16G        101G
2023-08-01 00:35:14  Mem:           125G         22G         85G        1.1M         16G        101G
2023-08-01 00:35:17  Mem:           125G         22G         85G        1.1M         16G        101G
2023-08-01 00:35:20  Mem:           125G         22G         85G        1.1M         16G        101G
2023-08-01 00:35:23  Mem:           125G         22G         85G        1.1M         16G        101G
2023-08-01 00:35:27  Mem:           125G         22G         85G        1.1M         16G        101G
2023-08-01 00:35:30  Mem:           125G         22G         85G        1.1M         16G        101G
2023-08-01 00:35:33  Mem:           125G         22G         85G        1.1M         17G        101G
2023-08-01 00:35:36  Mem:           125G         22G         85G        1.1M         17G        101G
2023-08-01 00:35:39  Mem:           125G         22G         85G        1.1M         17G        101G
2023-08-01 00:35:42  Mem:           125G         22G         85G        1.1M         17G        101G
2023-08-01 00:35:45  Mem:           125G         22G         85G        1.1M         17G        101G
2023-08-01 00:35:48  Mem:           125G         22G         85G        1.1M         17G        101G
2023-08-01 00:35:51  Mem:           125G         22G         85G        1.1M         17G        101G
2023-08-01 00:35:54  Mem:           125G         22G         85G        1.1M         17G        101G
2023-08-01 00:35:57  Mem:           125G         22G         85G        1.1M         17G        101G
2023-08-01 00:36:00  Mem:           125G         22G         85G        1.1M         17G        101G
2023-08-01 00:36:03  Mem:           125G         22G         84G        1.1M         17G        101G
2023-08-01 00:36:06  Mem:           125G         22G         84G        1.1M         17G        101G
2023-08-01 00:36:09  Mem:           125G         22G         84G        1.1M         17G        101G
2023-08-01 00:36:12  Mem:           125G         22G         84G        1.1M         17G        101G
2023-08-01 00:36:15  Mem:           125G         22G         84G        1.1M         17G        101G
2023-08-01 00:36:18  Mem:           125G         22G         84G        1.1M         17G        101G
2023-08-01 00:36:21  Mem:           125G         22G         84G        1.1M         17G        101G
2023-08-01 00:36:24  Mem:           125G         23G         84G        1.1M         17G        101G
2023-08-01 00:36:27  Mem:           125G         23G         84G        1.1M         17G        101G
2023-08-01 00:36:30  Mem:           125G         23G         84G        1.1M         17G        101G
2023-08-01 00:36:33  Mem:           125G         23G         84G        1.1M         17G        101G
2023-08-01 00:36:36  Mem:           125G         23G         84G        1.1M         17G        101G
2023-08-01 00:36:39  Mem:           125G         23G         84G        1.1M         17G        101G
2023-08-01 00:36:42  Mem:           125G         23G         84G        1.1M         17G        101G
2023-08-01 00:36:45  Mem:           125G         23G         84G        1.1M         17G        101G
2023-08-01 00:36:48  Mem:           125G         23G         84G        1.1M         17G        100G
2023-08-01 00:36:51  Mem:           125G         23G         84G        1.1M         17G        100G
2023-08-01 00:36:54  Mem:           125G         23G         84G        1.1M         17G        100G
2023-08-01 00:36:57  Mem:           125G         23G         83G        1.1M         17G        100G
2023-08-01 00:37:00  Mem:           125G         23G         83G        1.1M         17G        100G
2023-08-01 00:37:03  Mem:           125G         23G         83G        1.1M         17G        100G
2023-08-01 00:37:06  Mem:           125G         23G         83G        1.1M         17G        100G
2023-08-01 00:37:09  Mem:           125G         23G         83G        1.1M         17G        100G
2023-08-01 00:37:12  Mem:           125G         23G         83G        1.1M         18G        100G
2023-08-01 00:37:15  Mem:           125G         23G         83G        1.1M         18G        100G
2023-08-01 00:37:18  Mem:           125G         23G         83G        1.1M         18G        100G
2023-08-01 00:37:21  Mem:           125G         23G         83G        1.1M         18G        100G
2023-08-01 00:37:24  Mem:           125G         23G         83G        1.1M         18G        100G
2023-08-01 00:37:27  Mem:           125G         23G         83G        1.1M         18G        100G
2023-08-01 00:37:30  Mem:           125G         23G         83G        1.1M         18G        100G
2023-08-01 00:37:33  Mem:           125G         23G         83G        1.1M         18G        100G
2023-08-01 00:37:36  Mem:           125G         23G         83G        1.1M         18G        100G
2023-08-01 00:37:39  Mem:           125G         23G         83G        1.1M         18G        100G
2023-08-01 00:37:42  Mem:           125G         23G         83G        1.1M         18G        100G
2023-08-01 00:37:45  Mem:           125G         23G         83G        1.1M         18G        100G
2023-08-01 00:37:48  Mem:           125G         23G         82G        1.1M         18G        100G
2023-08-01 00:37:51  Mem:           125G         23G         82G        1.1M         18G        100G
2023-08-01 00:37:54  Mem:           125G         23G         82G        1.1M         18G        100G
2023-08-01 00:37:57  Mem:           125G         23G         82G        1.1M         18G        100G
2023-08-01 00:38:00  Mem:           125G         23G         82G        1.1M         18G        100G
2023-08-01 00:38:03  Mem:           125G         23G         82G        1.1M         18G        100G
2023-08-01 00:38:06  Mem:           125G         23G         82G        1.1M         18G        100G
2023-08-01 00:38:09  Mem:           125G         23G         82G        1.1M         18G        100G
2023-08-01 00:38:12  Mem:           125G         23G         82G        1.1M         18G        100G
2023-08-01 00:38:15  Mem:           125G         24G         82G        1.1M         18G        100G
2023-08-01 00:38:18  Mem:           125G         24G         82G        1.1M         18G        100G
2023-08-01 00:38:21  Mem:           125G         24G         82G        1.1M         18G        100G
2023-08-01 00:38:24  Mem:           125G         24G         82G        1.1M         18G        100G
2023-08-01 00:38:27  Mem:           125G         24G         82G        1.1M         18G        100G
2023-08-01 00:38:30  Mem:           125G         24G         82G        1.1M         18G        100G
2023-08-01 00:38:33  Mem:           125G         24G         82G        1.1M         18G        100G
2023-08-01 00:38:36  Mem:           125G         24G         82G        1.1M         18G        100G
2023-08-01 00:38:39  Mem:           125G         24G         81G        1.1M         18G         99G
2023-08-01 00:38:42  Mem:           125G         24G         81G        1.1M         18G         99G
2023-08-01 00:38:45  Mem:           125G         24G         81G        1.1M         18G         99G
2023-08-01 00:38:48  Mem:           125G         24G         81G        1.1M         19G         99G
2023-08-01 00:38:51  Mem:           125G         24G         81G        1.1M         19G         99G
2023-08-01 00:38:54  Mem:           125G         24G         81G        1.1M         19G         99G
2023-08-01 00:38:58  Mem:           125G         24G         81G        1.1M         19G         99G
2023-08-01 00:39:01  Mem:           125G         24G         81G        1.1M         19G         99G
2023-08-01 00:39:04  Mem:           125G         24G         81G        1.1M         19G         99G
2023-08-01 00:39:07  Mem:           125G         24G         81G        1.1M         19G         99G
2023-08-01 00:39:10  Mem:           125G         24G         81G        1.1M         19G         99G
2023-08-01 00:39:13  Mem:           125G         24G         81G        1.1M         19G         99G
2023-08-01 00:39:16  Mem:           125G         24G         81G        1.1M         19G         99G
2023-08-01 00:39:19  Mem:           125G         24G         81G        1.1M         19G         99G
2023-08-01 00:39:22  Mem:           125G         24G         81G        1.1M         19G         99G
2023-08-01 00:39:25  Mem:           125G         24G         81G        1.1M         19G         99G
2023-08-01 00:39:28  Mem:           125G         24G         81G        1.1M         19G         99G
2023-08-01 00:39:31  Mem:           125G         24G         80G        1.1M         19G         99G
2023-08-01 00:39:34  Mem:           125G         24G         80G        1.1M         19G         99G
2023-08-01 00:39:37  Mem:           125G         24G         80G        1.1M         19G         99G
2023-08-01 00:39:40  Mem:           125G         24G         80G        1.1M         19G         99G
2023-08-01 00:39:43  Mem:           125G         24G         80G        1.1M         19G         99G
2023-08-01 00:39:46  Mem:           125G         24G         80G        1.1M         19G         99G
2023-08-01 00:39:49  Mem:           125G         24G         80G        1.1M         19G         99G
2023-08-01 00:39:52  Mem:           125G         24G         80G        1.1M         19G         99G
2023-08-01 00:39:55  Mem:           125G         24G         80G        1.1M         19G         99G
2023-08-01 00:39:58  Mem:           125G         24G         80G        1.1M         19G         99G
2023-08-01 00:40:01  Mem:           125G         24G         80G        1.1M         19G         99G
2023-08-01 00:40:04  Mem:           125G         25G         80G        1.1M         19G         99G
2023-08-01 00:40:07  Mem:           125G         25G         80G        1.1M         19G         99G
2023-08-01 00:40:10  Mem:           125G         25G         80G        1.1M         19G         99G
2023-08-01 00:40:13  Mem:           125G         25G         80G        1.1M         19G         99G
2023-08-01 00:40:16  Mem:           125G         25G         80G        1.1M         19G         99G
2023-08-01 00:40:19  Mem:           125G         25G         79G        1.1M         20G         99G
2023-08-01 00:40:22  Mem:           125G         25G         79G        1.1M         20G         99G
2023-08-01 00:40:25  Mem:           125G         25G         79G        1.1M         20G         99G
2023-08-01 00:40:28  Mem:           125G         25G         79G        1.1M         20G         98G
2023-08-01 00:40:31  Mem:           125G         25G         79G        1.1M         20G         98G
2023-08-01 00:40:34  Mem:           125G         25G         79G        1.1M         20G         98G
2023-08-01 00:40:37  Mem:           125G         25G         79G        1.1M         20G         98G
2023-08-01 00:40:40  Mem:           125G         25G         79G        1.1M         20G         98G
2023-08-01 00:40:43  Mem:           125G         25G         79G        1.1M         20G         98G
2023-08-01 00:40:46  Mem:           125G         25G         79G        1.1M         20G         98G
2023-08-01 00:40:49  Mem:           125G         25G         79G        1.1M         20G         98G
2023-08-01 00:40:52  Mem:           125G         25G         79G        1.1M         20G         98G
2023-08-01 00:40:55  Mem:           125G         25G         79G        1.1M         20G         98G
2023-08-01 00:40:58  Mem:           125G         25G         79G        1.1M         20G         98G
2023-08-01 00:41:01  Mem:           125G         25G         79G        1.1M         20G         98G
2023-08-01 00:41:04  Mem:           125G         25G         79G        1.1M         20G         98G
2023-08-01 00:41:07  Mem:           125G         25G         78G        1.1M         20G         98G
2023-08-01 00:41:10  Mem:           125G         25G         78G        1.1M         20G         98G
2023-08-01 00:41:13  Mem:           125G         25G         78G        1.1M         20G         98G
2023-08-01 00:41:16  Mem:           125G         25G         78G        1.1M         20G         98G
2023-08-01 00:41:19  Mem:           125G         25G         78G        1.1M         20G         98G
2023-08-01 00:41:22  Mem:           125G         25G         78G        1.1M         20G         98G
2023-08-01 00:41:25  Mem:           125G         25G         78G        1.1M         20G         98G
2023-08-01 00:41:28  Mem:           125G         25G         78G        1.1M         20G         98G
2023-08-01 00:41:31  Mem:           125G         25G         78G        1.1M         20G         98G
2023-08-01 00:41:34  Mem:           125G         25G         78G        1.1M         20G         98G
2023-08-01 00:41:37  Mem:           125G         25G         78G        1.1M         20G         98G
2023-08-01 00:41:40  Mem:           125G         25G         78G        1.1M         20G         98G
2023-08-01 00:41:43  Mem:           125G         25G         78G        1.1M         20G         98G
2023-08-01 00:41:46  Mem:           125G         26G         78G        1.1M         21G         98G
2023-08-01 00:41:49  Mem:           125G         26G         78G        1.1M         21G         98G
2023-08-01 00:41:52  Mem:           125G         26G         77G        1.1M         21G         98G
2023-08-01 00:41:55  Mem:           125G         26G         77G        1.1M         21G         98G
2023-08-01 00:41:58  Mem:           125G         26G         77G        1.1M         21G         98G
2023-08-01 00:42:01  Mem:           125G         26G         77G        1.1M         21G         98G
2023-08-01 00:42:04  Mem:           125G         26G         77G        1.1M         21G         97G
2023-08-01 00:42:07  Mem:           125G         26G         77G        1.1M         21G         97G
2023-08-01 00:42:10  Mem:           125G         26G         77G        1.1M         21G         97G
2023-08-01 00:42:13  Mem:           125G         26G         77G        1.1M         21G         97G
2023-08-01 00:42:16  Mem:           125G         26G         77G        1.1M         21G         97G
2023-08-01 00:42:19  Mem:           125G         26G         77G        1.1M         21G         97G
2023-08-01 00:42:22  Mem:           125G         26G         77G        1.1M         21G         97G
2023-08-01 00:42:25  Mem:           125G         26G         77G        1.1M         21G         97G
2023-08-01 00:42:28  Mem:           125G         26G         77G        1.1M         21G         97G
2023-08-01 00:42:31  Mem:           125G         26G         77G        1.1M         21G         97G
2023-08-01 00:42:34  Mem:           125G         26G         77G        1.1M         21G         97G
2023-08-01 00:42:37  Mem:           125G         26G         76G        1.1M         21G         97G
2023-08-01 00:42:40  Mem:           125G         26G         76G        1.1M         21G         97G
2023-08-01 00:42:43  Mem:           125G         26G         76G        1.1M         21G         97G
2023-08-01 00:42:46  Mem:           125G         26G         76G        1.1M         21G         97G
2023-08-01 00:42:49  Mem:           125G         26G         76G        1.1M         21G         97G
2023-08-01 00:42:52  Mem:           125G         26G         76G        1.1M         21G         97G
2023-08-01 00:42:55  Mem:           125G         26G         76G        1.1M         21G         97G
2023-08-01 00:42:58  Mem:           125G         26G         76G        1.1M         21G         97G
2023-08-01 00:43:01  Mem:           125G         26G         76G        1.1M         21G         97G
2023-08-01 00:43:04  Mem:           125G         26G         76G        1.1M         21G         97G
2023-08-01 00:43:07  Mem:           125G         26G         76G        1.1M         21G         97G
2023-08-01 00:43:10  Mem:           125G         26G         76G        1.1M         22G         97G
2023-08-01 00:43:13  Mem:           125G         26G         76G        1.1M         22G         97G
2023-08-01 00:43:16  Mem:           125G         26G         76G        1.1M         22G         97G
2023-08-01 00:43:19  Mem:           125G         27G         76G        1.1M         22G         97G
2023-08-01 00:43:22  Mem:           125G         27G         75G        1.1M         22G         97G
2023-08-01 00:43:25  Mem:           125G         27G         75G        1.1M         22G         97G
2023-08-01 00:43:28  Mem:           125G         27G         75G        1.1M         22G         97G
2023-08-01 00:43:31  Mem:           125G         27G         75G        1.1M         22G         97G
2023-08-01 00:43:34  Mem:           125G         27G         75G        1.1M         22G         97G
2023-08-01 00:43:37  Mem:           125G         27G         75G        1.1M         22G         96G
2023-08-01 00:43:40  Mem:           125G         27G         75G        1.1M         22G         96G
2023-08-01 00:43:43  Mem:           125G         27G         75G        1.1M         22G         96G
2023-08-01 00:43:46  Mem:           125G         27G         75G        1.1M         22G         96G
2023-08-01 00:43:49  Mem:           125G         27G         75G        1.1M         22G         96G
2023-08-01 00:43:52  Mem:           125G         27G         75G        1.1M         22G         96G
2023-08-01 00:43:55  Mem:           125G         27G         75G        1.1M         22G         96G
2023-08-01 00:43:58  Mem:           125G         27G         75G        1.1M         22G         96G
2023-08-01 00:44:01  Mem:           125G         27G         75G        1.1M         22G         96G
2023-08-01 00:44:04  Mem:           125G         27G         74G        1.1M         22G         96G
2023-08-01 00:44:08  Mem:           125G         27G         74G        1.1M         22G         96G
2023-08-01 00:44:11  Mem:           125G         27G         74G        1.1M         22G         96G
2023-08-01 00:44:14  Mem:           125G         27G         74G        1.1M         22G         96G
2023-08-01 00:44:17  Mem:           125G         27G         74G        1.1M         22G         96G
2023-08-01 00:44:20  Mem:           125G         27G         74G        1.1M         22G         96G
2023-08-01 00:44:23  Mem:           125G         27G         74G        1.1M         22G         96G
2023-08-01 00:44:26  Mem:           125G         27G         74G        1.1M         22G         96G
2023-08-01 00:44:29  Mem:           125G         27G         74G        1.1M         22G         96G
2023-08-01 00:44:32  Mem:           125G         27G         74G        1.1M         23G         96G
2023-08-01 00:44:35  Mem:           125G         27G         74G        1.1M         23G         96G
2023-08-01 00:44:38  Mem:           125G         27G         74G        1.1M         23G         96G
2023-08-01 00:44:41  Mem:           125G         27G         74G        1.1M         23G         96G
2023-08-01 00:44:44  Mem:           125G         27G         73G        1.1M         23G         96G
2023-08-01 00:44:47  Mem:           125G         28G         73G        1.1M         23G         96G
2023-08-01 00:44:50  Mem:           125G         28G         73G        1.1M         23G         96G
2023-08-01 00:44:53  Mem:           125G         28G         73G        1.1M         23G         96G
2023-08-01 00:44:56  Mem:           125G         28G         73G        1.1M         23G         96G
2023-08-01 00:44:59  Mem:           125G         28G         73G        1.1M         23G         96G
2023-08-01 00:45:02  Mem:           125G         28G         73G        1.1M         23G         96G
2023-08-01 00:45:05  Mem:           125G         28G         73G        1.1M         23G         95G
2023-08-01 00:45:08  Mem:           125G         28G         73G        1.1M         23G         95G
2023-08-01 00:45:11  Mem:           125G         28G         73G        1.1M         23G         95G
2023-08-01 00:45:14  Mem:           125G         28G         73G        1.1M         23G         95G
2023-08-01 00:45:17  Mem:           125G         28G         73G        1.1M         23G         95G
2023-08-01 00:45:20  Mem:           125G         28G         73G        1.1M         23G         95G
2023-08-01 00:45:23  Mem:           125G         28G         73G        1.1M         23G         95G
2023-08-01 00:45:26  Mem:           125G         28G         72G        1.1M         23G         95G
2023-08-01 00:45:29  Mem:           125G         28G         72G        1.1M         23G         95G
2023-08-01 00:45:32  Mem:           125G         28G         72G        1.1M         23G         95G
2023-08-01 00:45:35  Mem:           125G         28G         72G        1.1M         23G         95G
2023-08-01 00:45:38  Mem:           125G         28G         72G        1.1M         23G         95G
2023-08-01 00:45:41  Mem:           125G         28G         72G        1.1M         23G         95G
2023-08-01 00:45:44  Mem:           125G         28G         72G        1.1M         23G         95G
2023-08-01 00:45:47  Mem:           125G         28G         72G        1.1M         24G         95G
2023-08-01 00:45:50  Mem:           125G         28G         72G        1.1M         24G         95G
2023-08-01 00:45:53  Mem:           125G         28G         72G        1.1M         24G         95G
2023-08-01 00:45:56  Mem:           125G         28G         72G        1.1M         24G         95G
2023-08-01 00:45:59  Mem:           125G         28G         72G        1.1M         24G         95G
2023-08-01 00:46:02  Mem:           125G         28G         71G        1.1M         24G         95G
2023-08-01 00:46:05  Mem:           125G         28G         71G        1.1M         24G         95G
2023-08-01 00:46:08  Mem:           125G         29G         71G        1.1M         24G         95G
2023-08-01 00:46:11  Mem:           125G         29G         71G        1.1M         24G         95G
2023-08-01 00:46:14  Mem:           125G         29G         71G        1.1M         24G         95G
2023-08-01 00:46:17  Mem:           125G         29G         71G        1.1M         24G         95G
2023-08-01 00:46:20  Mem:           125G         29G         71G        1.1M         24G         95G
2023-08-01 00:46:23  Mem:           125G         29G         71G        1.1M         24G         94G
2023-08-01 00:46:26  Mem:           125G         29G         71G        1.1M         24G         94G
2023-08-01 00:46:29  Mem:           125G         29G         71G        1.1M         24G         94G
2023-08-01 00:46:32  Mem:           125G         29G         71G        1.1M         24G         94G
2023-08-01 00:46:35  Mem:           125G         29G         71G        1.1M         24G         94G
2023-08-01 00:46:38  Mem:           125G         29G         71G        1.1M         24G         94G
2023-08-01 00:46:41  Mem:           125G         29G         70G        1.1M         24G         94G
2023-08-01 00:46:44  Mem:           125G         29G         70G        1.1M         24G         94G
2023-08-01 00:46:47  Mem:           125G         29G         70G        1.1M         24G         94G
2023-08-01 00:46:50  Mem:           125G         29G         70G        1.1M         24G         94G
2023-08-01 00:46:53  Mem:           125G         29G         70G        1.1M         24G         94G
2023-08-01 00:46:56  Mem:           125G         29G         70G        1.1M         24G         94G
2023-08-01 00:46:59  Mem:           125G         29G         70G        1.1M         24G         94G
2023-08-01 00:47:02  Mem:           125G         29G         70G        1.1M         25G         94G
2023-08-01 00:47:05  Mem:           125G         29G         70G        1.1M         25G         94G
2023-08-01 00:47:08  Mem:           125G         29G         70G        1.1M         25G         94G
2023-08-01 00:47:11  Mem:           125G         29G         70G        1.1M         25G         94G
2023-08-01 00:47:14  Mem:           125G         29G         70G        1.1M         25G         94G
2023-08-01 00:47:17  Mem:           125G         29G         69G        1.1M         25G         94G
2023-08-01 00:47:20  Mem:           125G         30G         69G        1.1M         25G         94G
2023-08-01 00:47:23  Mem:           125G         30G         69G        1.1M         25G         94G
2023-08-01 00:47:26  Mem:           125G         30G         69G        1.1M         25G         94G
2023-08-01 00:47:29  Mem:           125G         30G         69G        1.1M         25G         94G
2023-08-01 00:47:32  Mem:           125G         30G         69G        1.1M         25G         94G
2023-08-01 00:47:35  Mem:           125G         30G         69G        1.1M         25G         93G
2023-08-01 00:47:38  Mem:           125G         30G         69G        1.1M         25G         93G
2023-08-01 00:47:41  Mem:           125G         30G         69G        1.1M         25G         93G
2023-08-01 00:47:44  Mem:           125G         30G         69G        1.1M         25G         93G
2023-08-01 00:47:47  Mem:           125G         30G         69G        1.1M         25G         93G
2023-08-01 00:47:50  Mem:           125G         30G         68G        1.1M         25G         93G
2023-08-01 00:47:53  Mem:           125G         30G         68G        1.1M         25G         93G
2023-08-01 00:47:56  Mem:           125G         30G         68G        1.1M         25G         93G
2023-08-01 00:47:59  Mem:           125G         30G         68G        1.1M         25G         93G
2023-08-01 00:48:02  Mem:           125G         30G         68G        1.1M         25G         93G
2023-08-01 00:48:05  Mem:           125G         30G         68G        1.1M         25G         93G
2023-08-01 00:48:08  Mem:           125G         30G         68G        1.1M         25G         93G
2023-08-01 00:48:11  Mem:           125G         30G         68G        1.1M         26G         93G
2023-08-01 00:48:14  Mem:           125G         30G         68G        1.1M         26G         93G
2023-08-01 00:48:17  Mem:           125G         30G         68G        1.1M         26G         93G
2023-08-01 00:48:20  Mem:           125G         30G         68G        1.1M         26G         93G
2023-08-01 00:48:23  Mem:           125G         30G         68G        1.1M         26G         93G
2023-08-01 00:48:26  Mem:           125G         30G         67G        1.1M         26G         93G
2023-08-01 00:48:29  Mem:           125G         31G         67G        1.1M         26G         93G
2023-08-01 00:48:32  Mem:           125G         31G         67G        1.1M         26G         93G
2023-08-01 00:48:35  Mem:           125G         31G         67G        1.1M         26G         93G
2023-08-01 00:48:38  Mem:           125G         31G         67G        1.1M         26G         93G
2023-08-01 00:48:42  Mem:           125G         31G         67G        1.1M         26G         92G
2023-08-01 00:48:45  Mem:           125G         31G         67G        1.1M         26G         92G
2023-08-01 00:48:48  Mem:           125G         31G         67G        1.1M         26G         92G
2023-08-01 00:48:51  Mem:           125G         31G         67G        1.1M         26G         92G
2023-08-01 00:48:54  Mem:           125G         31G         67G        1.1M         26G         92G
2023-08-01 00:48:57  Mem:           125G         31G         67G        1.1M         26G         92G
2023-08-01 00:49:00  Mem:           125G         31G         66G        1.1M         26G         92G
2023-08-01 00:49:03  Mem:           125G         31G         66G        1.1M         26G         92G
2023-08-01 00:49:06  Mem:           125G         31G         66G        1.1M         26G         92G
2023-08-01 00:49:09  Mem:           125G         31G         66G        1.1M         26G         92G
2023-08-01 00:49:12  Mem:           125G         31G         66G        1.1M         26G         92G
2023-08-01 00:49:15  Mem:           125G         31G         66G        1.1M         26G         92G
2023-08-01 00:49:18  Mem:           125G         31G         66G        1.1M         26G         92G
2023-08-01 00:49:21  Mem:           125G         31G         66G        1.1M         26G         92G
2023-08-01 00:49:24  Mem:           125G         31G         66G        1.1M         27G         92G
2023-08-01 00:49:27  Mem:           125G         31G         66G        1.1M         27G         92G
2023-08-01 00:49:30  Mem:           125G         31G         66G        1.1M         27G         92G
2023-08-01 00:49:33  Mem:           125G         32G         65G        1.1M         27G         92G
2023-08-01 00:49:36  Mem:           125G         32G         65G        1.1M         27G         92G
2023-08-01 00:49:39  Mem:           125G         32G         65G        1.1M         27G         92G
2023-08-01 00:49:42  Mem:           125G         32G         65G        1.1M         27G         92G
2023-08-01 00:49:45  Mem:           125G         32G         65G        1.1M         27G         91G
2023-08-01 00:49:48  Mem:           125G         32G         65G        1.1M         27G         91G
2023-08-01 00:49:51  Mem:           125G         32G         65G        1.1M         27G         91G
2023-08-01 00:49:54  Mem:           125G         32G         65G        1.1M         27G         91G
2023-08-01 00:49:57  Mem:           125G         32G         65G        1.1M         27G         91G
2023-08-01 00:50:00  Mem:           125G         32G         65G        1.1M         27G         91G
2023-08-01 00:50:03  Mem:           125G         32G         65G        1.1M         27G         91G
2023-08-01 00:50:06  Mem:           125G         32G         64G        1.1M         27G         91G
2023-08-01 00:50:09  Mem:           125G         32G         64G        1.1M         27G         91G
2023-08-01 00:50:12  Mem:           125G         32G         64G        1.1M         27G         91G
2023-08-01 00:50:15  Mem:           125G         32G         64G        1.1M         27G         91G
2023-08-01 00:50:18  Mem:           125G         32G         64G        1.1M         27G         91G
2023-08-01 00:50:21  Mem:           125G         32G         64G        1.1M         27G         91G
2023-08-01 00:50:24  Mem:           125G         32G         64G        1.1M         27G         91G
2023-08-01 00:50:27  Mem:           125G         32G         64G        1.1M         27G         91G
2023-08-01 00:50:30  Mem:           125G         32G         64G        1.1M         27G         91G
2023-08-01 00:50:33  Mem:           125G         33G         64G        1.1M         28G         91G
2023-08-01 00:50:36  Mem:           125G         33G         64G        1.1M         28G         91G
2023-08-01 00:50:39  Mem:           125G         33G         63G        1.1M         28G         91G
2023-08-01 00:50:42  Mem:           125G         33G         63G        1.1M         28G         91G
2023-08-01 00:50:45  Mem:           125G         33G         63G        1.1M         28G         91G
2023-08-01 00:50:48  Mem:           125G         33G         63G        1.1M         28G         90G
2023-08-01 00:50:51  Mem:           125G         33G         63G        1.1M         28G         90G
2023-08-01 00:50:54  Mem:           125G         33G         63G        1.1M         28G         90G
2023-08-01 00:50:57  Mem:           125G         33G         63G        1.1M         28G         90G
2023-08-01 00:51:00  Mem:           125G         33G         63G        1.1M         28G         90G
2023-08-01 00:51:03  Mem:           125G         33G         63G        1.1M         28G         90G
2023-08-01 00:51:06  Mem:           125G         33G         63G        1.1M         28G         90G
2023-08-01 00:51:09  Mem:           125G         33G         63G        1.1M         28G         90G
2023-08-01 00:51:12  Mem:           125G         33G         62G        1.1M         28G         90G
2023-08-01 00:51:15  Mem:           125G         33G         62G        1.1M         28G         90G
2023-08-01 00:51:18  Mem:           125G         33G         62G        1.1M         28G         90G
2023-08-01 00:51:21  Mem:           125G         33G         62G        1.1M         28G         90G
2023-08-01 00:51:24  Mem:           125G         33G         62G        1.1M         28G         90G
2023-08-01 00:51:27  Mem:           125G         33G         62G        1.1M         28G         90G
2023-08-01 00:51:30  Mem:           125G         33G         62G        1.1M         28G         90G
2023-08-01 00:51:33  Mem:           125G         33G         62G        1.1M         28G         90G
2023-08-01 00:51:36  Mem:           125G         34G         62G        1.1M         28G         90G
2023-08-01 00:51:39  Mem:           125G         34G         62G        1.1M         28G         90G
2023-08-01 00:51:42  Mem:           125G         34G         61G        1.1M         29G         90G
2023-08-01 00:51:45  Mem:           125G         34G         61G        1.1M         29G         89G
2023-08-01 00:51:48  Mem:           125G         34G         61G        1.1M         29G         89G
2023-08-01 00:51:51  Mem:           125G         34G         61G        1.1M         29G         89G
2023-08-01 00:51:54  Mem:           125G         34G         61G        1.1M         29G         89G
2023-08-01 00:51:57  Mem:           125G         34G         61G        1.1M         29G         89G
2023-08-01 00:52:00  Mem:           125G         34G         61G        1.1M         29G         89G
2023-08-01 00:52:03  Mem:           125G         34G         61G        1.1M         29G         89G
2023-08-01 00:52:06  Mem:           125G         34G         61G        1.1M         29G         89G
2023-08-01 00:52:09  Mem:           125G         34G         61G        1.1M         29G         89G
2023-08-01 00:52:12  Mem:           125G         34G         60G        1.1M         29G         89G
2023-08-01 00:52:15  Mem:           125G         34G         60G        1.1M         29G         89G
2023-08-01 00:52:18  Mem:           125G         34G         60G        1.1M         29G         89G
2023-08-01 00:52:21  Mem:           125G         34G         60G        1.1M         29G         89G
2023-08-01 00:52:24  Mem:           125G         34G         60G        1.1M         29G         89G
2023-08-01 00:52:27  Mem:           125G         34G         60G        1.1M         29G         89G
2023-08-01 00:52:30  Mem:           125G         35G         60G        1.1M         29G         89G
2023-08-01 00:52:33  Mem:           125G         35G         60G        1.1M         29G         89G
2023-08-01 00:52:36  Mem:           125G         35G         60G        1.1M         29G         89G
2023-08-01 00:52:39  Mem:           125G         35G         60G        1.1M         29G         88G
2023-08-01 00:52:42  Mem:           125G         35G         59G        1.1M         29G         88G
2023-08-01 00:52:45  Mem:           125G         35G         59G        1.1M         29G         88G
2023-08-01 00:52:48  Mem:           125G         35G         59G        1.1M         30G         88G
2023-08-01 00:52:51  Mem:           125G         35G         59G        1.1M         30G         88G
2023-08-01 00:52:54  Mem:           125G         35G         59G        1.1M         30G         88G
2023-08-01 00:52:57  Mem:           125G         35G         59G        1.1M         30G         88G
2023-08-01 00:53:00  Mem:           125G         35G         59G        1.1M         30G         88G
2023-08-01 00:53:03  Mem:           125G         35G         59G        1.1M         30G         88G
2023-08-01 00:53:06  Mem:           125G         35G         59G        1.1M         30G         88G
2023-08-01 00:53:09  Mem:           125G         35G         59G        1.1M         30G         88G
2023-08-01 00:53:12  Mem:           125G         35G         58G        1.1M         30G         88G
2023-08-01 00:53:15  Mem:           125G         35G         58G        1.1M         30G         88G
2023-08-01 00:53:18  Mem:           125G         35G         58G        1.1M         30G         88G
2023-08-01 00:53:21  Mem:           125G         35G         58G        1.1M         30G         88G
2023-08-01 00:53:24  Mem:           125G         36G         58G        1.1M         30G         88G
2023-08-01 00:53:27  Mem:           125G         36G         58G        1.1M         30G         88G
2023-08-01 00:53:30  Mem:           125G         36G         58G        1.1M         30G         88G
2023-08-01 00:53:33  Mem:           125G         36G         58G        1.1M         30G         87G
2023-08-01 00:53:36  Mem:           125G         36G         58G        1.1M         30G         87G
2023-08-01 00:53:39  Mem:           125G         36G         58G        1.1M         30G         87G
2023-08-01 00:53:42  Mem:           125G         36G         57G        1.1M         30G         87G
2023-08-01 00:53:45  Mem:           125G         36G         57G        1.1M         30G         87G
2023-08-01 00:53:48  Mem:           125G         36G         57G        1.1M         30G         87G
2023-08-01 00:53:51  Mem:           125G         36G         57G        1.1M         30G         87G
2023-08-01 00:53:55  Mem:           125G         36G         57G        1.1M         30G         87G
2023-08-01 00:53:58  Mem:           125G         36G         57G        1.1M         30G         87G
2023-08-01 00:54:01  Mem:           125G         36G         57G        1.1M         31G         87G
2023-08-01 00:54:04  Mem:           125G         36G         57G        1.1M         31G         87G
2023-08-01 00:54:07  Mem:           125G         36G         57G        1.1M         31G         87G
2023-08-01 00:54:10  Mem:           125G         36G         57G        1.1M         31G         87G
2023-08-01 00:54:13  Mem:           125G         36G         56G        1.1M         31G         87G
2023-08-01 00:54:16  Mem:           125G         37G         56G        1.1M         31G         87G
2023-08-01 00:54:19  Mem:           125G         37G         56G        1.1M         31G         87G
2023-08-01 00:54:22  Mem:           125G         37G         56G        1.1M         31G         87G
2023-08-01 00:54:25  Mem:           125G         37G         56G        1.1M         31G         87G
2023-08-01 00:54:28  Mem:           125G         37G         56G        1.1M         31G         86G
2023-08-01 00:54:31  Mem:           125G         37G         56G        1.1M         31G         86G
2023-08-01 00:54:34  Mem:           125G         37G         56G        1.1M         31G         86G
2023-08-01 00:54:37  Mem:           125G         37G         56G        1.1M         31G         86G
2023-08-01 00:54:40  Mem:           125G         37G         56G        1.1M         31G         86G
2023-08-01 00:54:43  Mem:           125G         37G         56G        1.1M         31G         86G
2023-08-01 00:54:46  Mem:           125G         37G         55G        1.1M         31G         86G
2023-08-01 00:54:49  Mem:           125G         37G         55G        1.1M         31G         86G
2023-08-01 00:54:52  Mem:           125G         37G         55G        1.1M         31G         86G
2023-08-01 00:54:55  Mem:           125G         37G         55G        1.1M         31G         86G
2023-08-01 00:54:58  Mem:           125G         37G         55G        1.1M         31G         86G
2023-08-01 00:55:01  Mem:           125G         37G         55G        1.1M         31G         86G
2023-08-01 00:55:04  Mem:           125G         37G         55G        1.1M         31G         86G
2023-08-01 00:55:07  Mem:           125G         37G         55G        1.1M         31G         86G
2023-08-01 00:55:10  Mem:           125G         38G         55G        1.1M         31G         86G
2023-08-01 00:55:13  Mem:           125G         38G         55G        1.1M         32G         86G
2023-08-01 00:55:16  Mem:           125G         38G         54G        1.1M         32G         86G
2023-08-01 00:55:19  Mem:           125G         38G         54G        1.1M         32G         86G
2023-08-01 00:55:22  Mem:           125G         38G         54G        1.1M         32G         85G
2023-08-01 00:55:25  Mem:           125G         38G         54G        1.1M         32G         85G
2023-08-01 00:55:28  Mem:           125G         38G         54G        1.1M         32G         85G
2023-08-01 00:55:31  Mem:           125G         38G         54G        1.1M         32G         85G
2023-08-01 00:55:34  Mem:           125G         38G         54G        1.1M         32G         85G
2023-08-01 00:55:37  Mem:           125G         38G         54G        1.1M         32G         85G
2023-08-01 00:55:40  Mem:           125G         38G         54G        1.1M         32G         85G
2023-08-01 00:55:43  Mem:           125G         38G         54G        1.1M         32G         85G
2023-08-01 00:55:46  Mem:           125G         38G         53G        1.1M         32G         85G
2023-08-01 00:55:49  Mem:           125G         38G         53G        1.1M         32G         85G
2023-08-01 00:55:52  Mem:           125G         38G         53G        1.1M         32G         85G
2023-08-01 00:55:55  Mem:           125G         38G         53G        1.1M         32G         85G
2023-08-01 00:55:58  Mem:           125G         38G         53G        1.1M         32G         85G
2023-08-01 00:56:01  Mem:           125G         38G         53G        1.1M         32G         85G
2023-08-01 00:56:04  Mem:           125G         39G         53G        1.1M         32G         85G
2023-08-01 00:56:07  Mem:           125G         39G         53G        1.1M         32G         85G
2023-08-01 00:56:10  Mem:           125G         39G         53G        1.1M         32G         85G
2023-08-01 00:56:13  Mem:           125G         39G         53G        1.1M         32G         84G
2023-08-01 00:56:16  Mem:           125G         39G         52G        1.1M         32G         84G
2023-08-01 00:56:19  Mem:           125G         39G         52G        1.1M         32G         84G
2023-08-01 00:56:22  Mem:           125G         39G         52G        1.1M         33G         84G
2023-08-01 00:56:25  Mem:           125G         39G         52G        1.1M         33G         84G
2023-08-01 00:56:28  Mem:           125G         39G         52G        1.1M         33G         84G
2023-08-01 00:56:31  Mem:           125G         39G         52G        1.1M         33G         84G
2023-08-01 00:56:34  Mem:           125G         39G         52G        1.1M         33G         84G
2023-08-01 00:56:37  Mem:           125G         39G         52G        1.1M         33G         84G
2023-08-01 00:56:40  Mem:           125G         39G         52G        1.1M         33G         84G
2023-08-01 00:56:43  Mem:           125G         39G         52G        1.1M         33G         84G
2023-08-01 00:56:46  Mem:           125G         39G         51G        1.1M         33G         84G
2023-08-01 00:56:49  Mem:           125G         39G         51G        1.1M         33G         84G
2023-08-01 00:56:52  Mem:           125G         39G         51G        1.1M         33G         84G
2023-08-01 00:56:55  Mem:           125G         40G         51G        1.1M         33G         84G
2023-08-01 00:56:58  Mem:           125G         40G         51G        1.1M         33G         84G
2023-08-01 00:57:01  Mem:           125G         40G         51G        1.1M         33G         84G
2023-08-01 00:57:04  Mem:           125G         40G         51G        1.1M         33G         83G
2023-08-01 00:57:07  Mem:           125G         40G         51G        1.1M         33G         83G
2023-08-01 00:57:10  Mem:           125G         40G         51G        1.1M         33G         83G
2023-08-01 00:57:13  Mem:           125G         40G         51G        1.1M         33G         83G
2023-08-01 00:57:16  Mem:           125G         40G         50G        1.1M         33G         83G
2023-08-01 00:57:19  Mem:           125G         40G         50G        1.1M         33G         83G
2023-08-01 00:57:22  Mem:           125G         40G         50G        1.1M         33G         83G
2023-08-01 00:57:25  Mem:           125G         40G         50G        1.1M         33G         83G
2023-08-01 00:57:28  Mem:           125G         40G         50G        1.1M         33G         83G
2023-08-01 00:57:31  Mem:           125G         40G         50G        1.1M         33G         83G
2023-08-01 00:57:34  Mem:           125G         40G         50G        1.1M         33G         83G
2023-08-01 00:57:37  Mem:           125G         40G         50G        1.1M         34G         83G
2023-08-01 00:57:40  Mem:           125G         40G         50G        1.1M         34G         83G
2023-08-01 00:57:43  Mem:           125G         40G         50G        1.1M         34G         83G
2023-08-01 00:57:46  Mem:           125G         41G         49G        1.1M         34G         83G
2023-08-01 00:57:49  Mem:           125G         41G         49G        1.1M         34G         83G
2023-08-01 00:57:52  Mem:           125G         41G         49G        1.1M         34G         83G
2023-08-01 00:57:55  Mem:           125G         41G         49G        1.1M         34G         82G
2023-08-01 00:57:58  Mem:           125G         41G         49G        1.1M         34G         82G
2023-08-01 00:58:01  Mem:           125G         41G         49G        1.1M         34G         82G
2023-08-01 00:58:04  Mem:           125G         41G         49G        1.1M         34G         82G
2023-08-01 00:58:07  Mem:           125G         41G         49G        1.1M         34G         82G
2023-08-01 00:58:10  Mem:           125G         41G         49G        1.1M         34G         82G
2023-08-01 00:58:13  Mem:           125G         41G         49G        1.1M         34G         82G
2023-08-01 00:58:16  Mem:           125G         41G         48G        1.1M         34G         82G
2023-08-01 00:58:19  Mem:           125G         41G         48G        1.1M         34G         82G
2023-08-01 00:58:22  Mem:           125G         41G         48G        1.1M         34G         82G
2023-08-01 00:58:25  Mem:           125G         41G         48G        1.1M         34G         82G
2023-08-01 00:58:28  Mem:           125G         41G         48G        1.1M         34G         82G
2023-08-01 00:58:31  Mem:           125G         41G         48G        1.1M         34G         82G
2023-08-01 00:58:34  Mem:           125G         41G         48G        1.1M         34G         82G
2023-08-01 00:58:37  Mem:           125G         42G         48G        1.1M         34G         82G
2023-08-01 00:58:40  Mem:           125G         42G         48G        1.1M         34G         82G
2023-08-01 00:58:43  Mem:           125G         42G         48G        1.1M         34G         82G
2023-08-01 00:58:46  Mem:           125G         42G         47G        1.1M         34G         81G
2023-08-01 00:58:49  Mem:           125G         42G         47G        1.1M         34G         81G
2023-08-01 00:58:52  Mem:           125G         42G         47G        1.1M         35G         81G
2023-08-01 00:58:55  Mem:           125G         42G         47G        1.1M         35G         81G
2023-08-01 00:58:58  Mem:           125G         42G         47G        1.1M         35G         81G
2023-08-01 00:59:01  Mem:           125G         42G         47G        1.1M         35G         81G
2023-08-01 00:59:04  Mem:           125G         42G         47G        1.1M         35G         81G
2023-08-01 00:59:07  Mem:           125G         42G         47G        1.1M         35G         81G
2023-08-01 00:59:10  Mem:           125G         42G         47G        1.1M         35G         81G
2023-08-01 00:59:13  Mem:           125G         42G         47G        1.1M         35G         81G
2023-08-01 00:59:16  Mem:           125G         42G         47G        1.1M         35G         81G
2023-08-01 00:59:19  Mem:           125G         42G         46G        1.1M         35G         81G
2023-08-01 00:59:23  Mem:           125G         42G         46G        1.1M         35G         81G
2023-08-01 00:59:26  Mem:           125G         42G         46G        1.1M         35G         81G
2023-08-01 00:59:29  Mem:           125G         43G         46G        1.1M         35G         81G
2023-08-01 00:59:32  Mem:           125G         43G         46G        1.1M         35G         81G
2023-08-01 00:59:35  Mem:           125G         43G         46G        1.1M         35G         81G
2023-08-01 00:59:38  Mem:           125G         43G         46G        1.1M         35G         81G
2023-08-01 00:59:41  Mem:           125G         43G         46G        1.1M         35G         80G
2023-08-01 00:59:44  Mem:           125G         43G         46G        1.1M         35G         80G
2023-08-01 00:59:47  Mem:           125G         43G         46G        1.1M         35G         80G
2023-08-01 00:59:50  Mem:           125G         43G         45G        1.1M         35G         80G
2023-08-01 00:59:53  Mem:           125G         43G         45G        1.1M         35G         80G
2023-08-01 00:59:56  Mem:           125G         43G         45G        1.1M         35G         80G
2023-08-01 00:59:59  Mem:           125G         43G         45G        1.1M         35G         80G
2023-08-01 01:00:02  Mem:           125G         43G         45G        1.1M         35G         80G
2023-08-01 01:00:05  Mem:           125G         43G         45G        1.1M         35G         80G
2023-08-01 01:00:08  Mem:           125G         43G         45G        1.1M         36G         80G
2023-08-01 01:00:11  Mem:           125G         43G         45G        1.1M         36G         80G
2023-08-01 01:00:14  Mem:           125G         43G         45G        1.1M         36G         80G
2023-08-01 01:00:17  Mem:           125G         43G         45G        1.1M         36G         80G
2023-08-01 01:00:20  Mem:           125G         43G         44G        1.1M         36G         80G
2023-08-01 01:00:23  Mem:           125G         44G         44G        1.1M         36G         80G
2023-08-01 01:00:26  Mem:           125G         44G         44G        1.1M         36G         80G
2023-08-01 01:00:29  Mem:           125G         44G         44G        1.1M         36G         80G
2023-08-01 01:00:32  Mem:           125G         44G         44G        1.1M         36G         79G
2023-08-01 01:00:35  Mem:           125G         44G         44G        1.1M         36G         79G
2023-08-01 01:00:38  Mem:           125G         44G         44G        1.1M         36G         79G
2023-08-01 01:00:41  Mem:           125G         44G         44G        1.1M         36G         79G
2023-08-01 01:00:44  Mem:           125G         44G         44G        1.1M         36G         79G
2023-08-01 01:00:47  Mem:           125G         44G         44G        1.1M         36G         79G
2023-08-01 01:00:50  Mem:           125G         44G         44G        1.1M         36G         79G
2023-08-01 01:00:53  Mem:           125G         44G         43G        1.1M         36G         79G
2023-08-01 01:00:56  Mem:           125G         44G         43G        1.1M         36G         79G
2023-08-01 01:00:59  Mem:           125G         44G         43G        1.1M         36G         79G
2023-08-01 01:01:02  Mem:           125G         44G         43G        1.1M         36G         79G
2023-08-01 01:01:05  Mem:           125G         44G         43G        1.1M         36G         79G
2023-08-01 01:01:08  Mem:           125G         44G         43G        1.1M         36G         79G
2023-08-01 01:01:12  Mem:           125G         44G         43G        1.1M         36G         79G
2023-08-01 01:01:15  Mem:           125G         44G         43G        1.1M         36G         79G
2023-08-01 01:01:18  Mem:           125G         45G         43G        1.1M         36G         79G
2023-08-01 01:01:21  Mem:           125G         45G         43G        1.1M         36G         79G
2023-08-01 01:01:24  Mem:           125G         45G         42G        1.1M         37G         79G
2023-08-01 01:01:27  Mem:           125G         45G         42G        1.1M         37G         78G
2023-08-01 01:01:30  Mem:           125G         45G         42G        1.1M         37G         78G
2023-08-01 01:01:33  Mem:           125G         45G         42G        1.1M         37G         78G
2023-08-01 01:01:36  Mem:           125G         45G         42G        1.1M         37G         78G
2023-08-01 01:01:39  Mem:           125G         45G         42G        1.1M         37G         78G
2023-08-01 01:01:42  Mem:           125G         45G         42G        1.1M         37G         78G
2023-08-01 01:01:45  Mem:           125G         45G         42G        1.1M         37G         78G
2023-08-01 01:01:48  Mem:           125G         45G         42G        1.1M         37G         78G
2023-08-01 01:01:51  Mem:           125G         45G         42G        1.1M         37G         78G
2023-08-01 01:01:54  Mem:           125G         45G         41G        1.1M         37G         78G
2023-08-01 01:01:57  Mem:           125G         45G         41G        1.1M         37G         78G
2023-08-01 01:02:00  Mem:           125G         45G         41G        1.1M         37G         78G
2023-08-01 01:02:03  Mem:           125G         45G         41G        1.1M         37G         78G
2023-08-01 01:02:06  Mem:           125G         45G         41G        1.1M         37G         78G
2023-08-01 01:02:09  Mem:           125G         46G         41G        1.1M         37G         78G
2023-08-01 01:02:12  Mem:           125G         46G         41G        1.1M         37G         78G
2023-08-01 01:02:15  Mem:           125G         46G         41G        1.1M         37G         78G
2023-08-01 01:02:18  Mem:           125G         46G         41G        1.1M         37G         78G
2023-08-01 01:02:21  Mem:           125G         46G         41G        1.1M         37G         77G
2023-08-01 01:02:24  Mem:           125G         46G         41G        1.1M         37G         77G
2023-08-01 01:02:27  Mem:           125G         46G         40G        1.1M         37G         77G
2023-08-01 01:02:30  Mem:           125G         46G         40G        1.1M         37G         77G
2023-08-01 01:02:33  Mem:           125G         46G         40G        1.1M         37G         77G
2023-08-01 01:02:36  Mem:           125G         46G         40G        1.1M         37G         77G
2023-08-01 01:02:39  Mem:           125G         46G         40G        1.1M         38G         77G
2023-08-01 01:02:42  Mem:           125G         46G         40G        1.1M         38G         77G
2023-08-01 01:02:45  Mem:           125G         46G         40G        1.1M         38G         77G
2023-08-01 01:02:48  Mem:           125G         46G         40G        1.1M         38G         77G
2023-08-01 01:02:51  Mem:           125G         46G         40G        1.1M         38G         77G
2023-08-01 01:02:54  Mem:           125G         46G         40G        1.1M         38G         77G
2023-08-01 01:02:57  Mem:           125G         46G         40G        1.1M         38G         77G
2023-08-01 01:03:00  Mem:           125G         46G         39G        1.1M         38G         77G
2023-08-01 01:03:03  Mem:           125G         47G         39G        1.1M         38G         77G
2023-08-01 01:03:06  Mem:           125G         47G         39G        1.1M         38G         77G
2023-08-01 01:03:09  Mem:           125G         47G         39G        1.1M         38G         77G
2023-08-01 01:03:12  Mem:           125G         47G         39G        1.1M         38G         77G
2023-08-01 01:03:15  Mem:           125G         47G         39G        1.1M         38G         76G
2023-08-01 01:03:18  Mem:           125G         47G         39G        1.1M         38G         76G
2023-08-01 01:03:21  Mem:           125G         47G         39G        1.1M         38G         76G
2023-08-01 01:03:24  Mem:           125G         47G         39G        1.1M         38G         76G
2023-08-01 01:03:27  Mem:           125G         47G         39G        1.1M         38G         76G
2023-08-01 01:03:30  Mem:           125G         47G         39G        1.1M         38G         76G
2023-08-01 01:03:33  Mem:           125G         47G         38G        1.1M         38G         76G
2023-08-01 01:03:36  Mem:           125G         47G         38G        1.1M         38G         76G
2023-08-01 01:03:39  Mem:           125G         47G         38G        1.1M         38G         76G
2023-08-01 01:03:42  Mem:           125G         47G         38G        1.1M         38G         76G
2023-08-01 01:03:45  Mem:           125G         47G         38G        1.1M         38G         76G
2023-08-01 01:03:48  Mem:           125G         47G         38G        1.1M         38G         76G
2023-08-01 01:03:51  Mem:           125G         47G         38G        1.1M         38G         76G
2023-08-01 01:03:54  Mem:           125G         47G         38G        1.1M         38G         76G
2023-08-01 01:03:57  Mem:           125G         47G         38G        1.1M         38G         76G
2023-08-01 01:04:00  Mem:           125G         47G         38G        1.1M         39G         76G
2023-08-01 01:04:03  Mem:           125G         48G         38G        1.1M         39G         76G
2023-08-01 01:04:06  Mem:           125G         48G         37G        1.1M         39G         76G
2023-08-01 01:04:09  Mem:           125G         48G         37G        1.1M         39G         76G
2023-08-01 01:04:12  Mem:           125G         48G         37G        1.1M         39G         75G
2023-08-01 01:04:15  Mem:           125G         48G         37G        1.1M         39G         75G
2023-08-01 01:04:18  Mem:           125G         48G         37G        1.1M         39G         75G
2023-08-01 01:04:21  Mem:           125G         48G         37G        1.1M         39G         75G
2023-08-01 01:04:24  Mem:           125G         48G         37G        1.1M         39G         75G
2023-08-01 01:04:28  Mem:           125G         48G         37G        1.1M         39G         75G
2023-08-01 01:04:31  Mem:           125G         48G         37G        1.1M         39G         75G
2023-08-01 01:04:34  Mem:           125G         48G         37G        1.1M         39G         75G
2023-08-01 01:04:37  Mem:           125G         48G         37G        1.1M         39G         75G
2023-08-01 01:04:40  Mem:           125G         48G         36G        1.1M         39G         75G
2023-08-01 01:04:43  Mem:           125G         48G         36G        1.1M         39G         75G
2023-08-01 01:04:46  Mem:           125G         48G         36G        1.1M         39G         75G
2023-08-01 01:04:49  Mem:           125G         48G         36G        1.1M         39G         75G
2023-08-01 01:04:52  Mem:           125G         48G         36G        1.1M         39G         75G
2023-08-01 01:04:55  Mem:           125G         48G         36G        1.1M         39G         75G
2023-08-01 01:04:58  Mem:           125G         49G         36G        1.1M         39G         75G
2023-08-01 01:05:01  Mem:           125G         49G         36G        1.1M         39G         75G
2023-08-01 01:05:04  Mem:           125G         49G         36G        1.1M         39G         75G
2023-08-01 01:05:07  Mem:           125G         49G         36G        1.1M         39G         74G
2023-08-01 01:05:10  Mem:           125G         49G         35G        1.1M         39G         74G
2023-08-01 01:05:13  Mem:           125G         49G         35G        1.1M         39G         74G
2023-08-01 01:05:16  Mem:           125G         49G         35G        1.1M         39G         74G
2023-08-01 01:05:19  Mem:           125G         49G         35G        1.1M         40G         74G
2023-08-01 01:05:22  Mem:           125G         49G         35G        1.1M         40G         74G
2023-08-01 01:05:25  Mem:           125G         49G         35G        1.1M         40G         74G
2023-08-01 01:05:28  Mem:           125G         49G         35G        1.1M         40G         74G
2023-08-01 01:05:31  Mem:           125G         49G         35G        1.1M         40G         74G
2023-08-01 01:05:34  Mem:           125G         49G         35G        1.1M         40G         74G
2023-08-01 01:05:37  Mem:           125G         49G         35G        1.1M         40G         74G
2023-08-01 01:05:40  Mem:           125G         49G         35G        1.1M         40G         74G
2023-08-01 01:05:43  Mem:           125G         49G         35G        1.1M         40G         74G
2023-08-01 01:05:46  Mem:           125G         49G         34G        1.1M         40G         74G
2023-08-01 01:05:49  Mem:           125G         49G         34G        1.1M         40G         74G
2023-08-01 01:05:52  Mem:           125G         49G         34G        1.1M         40G         74G
2023-08-01 01:05:55  Mem:           125G         50G         34G        1.1M         40G         74G
2023-08-01 01:05:58  Mem:           125G         50G         34G        1.1M         40G         74G
2023-08-01 01:06:01  Mem:           125G         50G         34G        1.1M         40G         74G
2023-08-01 01:06:04  Mem:           125G         50G         34G        1.1M         40G         74G
2023-08-01 01:06:07  Mem:           125G         50G         34G        1.1M         40G         73G
2023-08-01 01:06:10  Mem:           125G         50G         34G        1.1M         40G         73G
2023-08-01 01:06:13  Mem:           125G         50G         34G        1.1M         40G         73G
2023-08-01 01:06:16  Mem:           125G         50G         34G        1.1M         40G         73G
2023-08-01 01:06:19  Mem:           125G         50G         33G        1.1M         40G         73G
2023-08-01 01:06:22  Mem:           125G         50G         33G        1.1M         40G         73G
2023-08-01 01:06:25  Mem:           125G         50G         33G        1.1M         40G         73G
2023-08-01 01:06:28  Mem:           125G         50G         33G        1.1M         40G         73G
2023-08-01 01:06:31  Mem:           125G         50G         33G        1.1M         40G         73G
2023-08-01 01:06:34  Mem:           125G         50G         33G        1.1M         40G         73G
2023-08-01 01:06:37  Mem:           125G         50G         33G        1.1M         41G         73G
2023-08-01 01:06:40  Mem:           125G         50G         33G        1.1M         41G         73G
2023-08-01 01:06:43  Mem:           125G         50G         33G        1.1M         41G         73G
2023-08-01 01:06:46  Mem:           125G         50G         33G        1.1M         41G         73G
2023-08-01 01:06:49  Mem:           125G         50G         33G        1.1M         41G         73G
2023-08-01 01:06:52  Mem:           125G         50G         33G        1.1M         41G         73G
2023-08-01 01:06:55  Mem:           125G         50G         32G        1.1M         41G         73G
2023-08-01 01:06:58  Mem:           125G         51G         32G        1.1M         41G         73G
2023-08-01 01:07:01  Mem:           125G         51G         32G        1.1M         41G         73G
2023-08-01 01:07:04  Mem:           125G         51G         32G        1.1M         41G         73G
2023-08-01 01:07:07  Mem:           125G         51G         32G        1.1M         41G         73G
2023-08-01 01:07:10  Mem:           125G         51G         32G        1.1M         41G         72G
2023-08-01 01:07:13  Mem:           125G         51G         32G        1.1M         41G         72G
2023-08-01 01:07:16  Mem:           125G         51G         32G        1.1M         41G         72G
2023-08-01 01:07:19  Mem:           125G         51G         32G        1.1M         41G         72G
2023-08-01 01:07:22  Mem:           125G         51G         32G        1.1M         41G         72G
2023-08-01 01:07:25  Mem:           125G         51G         32G        1.1M         41G         72G
2023-08-01 01:07:28  Mem:           125G         51G         31G        1.1M         41G         72G
2023-08-01 01:07:31  Mem:           125G         51G         31G        1.1M         41G         72G
2023-08-01 01:07:34  Mem:           125G         51G         31G        1.1M         41G         72G
2023-08-01 01:07:37  Mem:           125G         51G         31G        1.1M         41G         72G
2023-08-01 01:07:40  Mem:           125G         51G         31G        1.1M         41G         72G
2023-08-01 01:07:43  Mem:           125G         51G         31G        1.1M         41G         72G
2023-08-01 01:07:46  Mem:           125G         51G         31G        1.1M         41G         72G
2023-08-01 01:07:49  Mem:           125G         51G         31G        1.1M         41G         72G
2023-08-01 01:07:52  Mem:           125G         51G         31G        1.1M         41G         72G
2023-08-01 01:07:55  Mem:           125G         51G         31G        1.1M         41G         72G
2023-08-01 01:07:58  Mem:           125G         52G         31G        1.1M         42G         72G
2023-08-01 01:08:01  Mem:           125G         52G         31G        1.1M         42G         72G
2023-08-01 01:08:04  Mem:           125G         52G         30G        1.1M         42G         72G
2023-08-01 01:08:07  Mem:           125G         52G         30G        1.1M         42G         72G
2023-08-01 01:08:10  Mem:           125G         52G         30G        1.1M         42G         71G
2023-08-01 01:08:13  Mem:           125G         52G         30G        1.1M         42G         71G
2023-08-01 01:08:16  Mem:           125G         52G         30G        1.1M         42G         71G
2023-08-01 01:08:19  Mem:           125G         52G         30G        1.1M         42G         71G
2023-08-01 01:08:22  Mem:           125G         52G         30G        1.1M         42G         71G
2023-08-01 01:08:25  Mem:           125G         52G         30G        1.1M         42G         71G
2023-08-01 01:08:28  Mem:           125G         52G         30G        1.1M         42G         71G
2023-08-01 01:08:31  Mem:           125G         52G         30G        1.1M         42G         71G
2023-08-01 01:08:34  Mem:           125G         52G         30G        1.1M         42G         71G
2023-08-01 01:08:37  Mem:           125G         52G         30G        1.1M         42G         71G
2023-08-01 01:08:40  Mem:           125G         52G         29G        1.1M         42G         71G
2023-08-01 01:08:43  Mem:           125G         52G         29G        1.1M         42G         71G
2023-08-01 01:08:46  Mem:           125G         52G         29G        1.1M         42G         71G
2023-08-01 01:08:49  Mem:           125G         52G         29G        1.1M         42G         71G
2023-08-01 01:08:52  Mem:           125G         52G         29G        1.1M         42G         71G
2023-08-01 01:08:55  Mem:           125G         52G         29G        1.1M         42G         71G
2023-08-01 01:08:58  Mem:           125G         52G         29G        1.1M         42G         71G
2023-08-01 01:09:01  Mem:           125G         53G         29G        1.1M         42G         71G
2023-08-01 01:09:04  Mem:           125G         53G         29G        1.1M         42G         71G
2023-08-01 01:09:07  Mem:           125G         53G         29G        1.1M         42G         71G
2023-08-01 01:09:10  Mem:           125G         53G         29G        1.1M         42G         71G
2023-08-01 01:09:13  Mem:           125G         53G         29G        1.1M         42G         71G
2023-08-01 01:09:16  Mem:           125G         53G         28G        1.1M         42G         70G
2023-08-01 01:09:19  Mem:           125G         53G         28G        1.1M         42G         70G
2023-08-01 01:09:22  Mem:           125G         53G         28G        1.1M         43G         70G
2023-08-01 01:09:25  Mem:           125G         53G         28G        1.1M         43G         70G
2023-08-01 01:09:28  Mem:           125G         53G         28G        1.1M         43G         70G
2023-08-01 01:09:31  Mem:           125G         53G         28G        1.1M         43G         70G
2023-08-01 01:09:34  Mem:           125G         53G         28G        1.1M         43G         70G
2023-08-01 01:09:37  Mem:           125G         53G         28G        1.1M         43G         70G
2023-08-01 01:09:40  Mem:           125G         53G         28G        1.1M         43G         70G
2023-08-01 01:09:43  Mem:           125G         53G         28G        1.1M         43G         70G
2023-08-01 01:09:46  Mem:           125G         53G         28G        1.1M         43G         70G
2023-08-01 01:09:49  Mem:           125G         53G         28G        1.1M         43G         70G
2023-08-01 01:09:52  Mem:           125G         53G         28G        1.1M         43G         70G
2023-08-01 01:09:55  Mem:           125G         53G         27G        1.1M         43G         70G
2023-08-01 01:09:58  Mem:           125G         53G         27G        1.1M         43G         70G
2023-08-01 01:10:01  Mem:           125G         53G         27G        1.1M         43G         70G
2023-08-01 01:10:04  Mem:           125G         53G         27G        1.1M         43G         70G
2023-08-01 01:10:07  Mem:           125G         53G         27G        1.1M         43G         70G
2023-08-01 01:10:10  Mem:           125G         53G         27G        1.1M         43G         70G
2023-08-01 01:10:13  Mem:           125G         54G         27G        1.1M         43G         70G
2023-08-01 01:10:16  Mem:           125G         54G         27G        1.1M         43G         70G
2023-08-01 01:10:19  Mem:           125G         54G         27G        1.1M         43G         70G
2023-08-01 01:10:22  Mem:           125G         54G         27G        1.1M         43G         70G
2023-08-01 01:10:25  Mem:           125G         54G         27G        1.1M         43G         70G
2023-08-01 01:10:28  Mem:           125G         54G         27G        1.1M         43G         69G
2023-08-01 01:10:31  Mem:           125G         54G         27G        1.1M         43G         69G
2023-08-01 01:10:34  Mem:           125G         54G         27G        1.1M         43G         69G
2023-08-01 01:10:37  Mem:           125G         54G         26G        1.1M         43G         69G
2023-08-01 01:10:40  Mem:           125G         54G         26G        1.1M         43G         69G
2023-08-01 01:10:43  Mem:           125G         54G         26G        1.1M         43G         69G
2023-08-01 01:10:46  Mem:           125G         54G         26G        1.1M         43G         69G
2023-08-01 01:10:49  Mem:           125G         54G         26G        1.1M         43G         69G
2023-08-01 01:10:52  Mem:           125G         54G         26G        1.1M         43G         69G
2023-08-01 01:10:55  Mem:           125G         54G         26G        1.1M         44G         69G
2023-08-01 01:10:58  Mem:           125G         54G         26G        1.1M         44G         69G
2023-08-01 01:11:01  Mem:           125G         54G         26G        1.1M         44G         69G
2023-08-01 01:11:04  Mem:           125G         54G         26G        1.1M         44G         69G
2023-08-01 01:11:07  Mem:           125G         54G         26G        1.1M         44G         69G
2023-08-01 01:11:10  Mem:           125G         54G         26G        1.1M         44G         69G
2023-08-01 01:11:13  Mem:           125G         54G         26G        1.1M         44G         69G
2023-08-01 01:11:16  Mem:           125G         54G         26G        1.1M         44G         69G
2023-08-01 01:11:19  Mem:           125G         54G         26G        1.1M         44G         69G
2023-08-01 01:11:22  Mem:           125G         54G         25G        1.1M         44G         69G
2023-08-01 01:11:25  Mem:           125G         54G         25G        1.1M         44G         69G
2023-08-01 01:11:28  Mem:           125G         54G         25G        1.1M         44G         69G
2023-08-01 01:11:31  Mem:           125G         55G         25G        1.1M         44G         69G
