time               total        used        free      shared  buff/cache   available
2023-07-31 21:05:02  Mem:           125G         22G         78G        1.1M         24G        101G
2023-07-31 21:05:05  Mem:           125G         23G         77G        1.1M         24G        101G
2023-07-31 21:05:08  Mem:           125G         23G         77G        1.1M         24G        100G
2023-07-31 21:05:11  Mem:           125G         23G         77G        1.1M         24G        100G
2023-07-31 21:05:14  Mem:           125G         23G         77G        1.1M         24G        100G
2023-07-31 21:05:17  Mem:           125G         23G         77G        1.1M         24G        100G
2023-07-31 21:05:20  Mem:           125G         24G         76G        1.1M         24G        100G
2023-07-31 21:05:23  Mem:           125G         24G         76G        1.1M         24G         99G
2023-07-31 21:05:26  Mem:           125G         24G         76G        1.1M         24G         99G
2023-07-31 21:05:29  Mem:           125G         24G         75G        1.1M         24G         99G
2023-07-31 21:05:32  Mem:           125G         24G         75G        1.1M         24G         99G
2023-07-31 21:05:35  Mem:           125G         25G         75G        1.1M         24G         99G
2023-07-31 21:05:38  Mem:           125G         25G         75G        1.1M         24G         99G
2023-07-31 21:05:41  Mem:           125G         25G         75G        1.1M         24G         98G
2023-07-31 21:05:44  Mem:           125G         25G         74G        1.1M         24G         98G
2023-07-31 21:05:47  Mem:           125G         25G         74G        1.1M         24G         98G
2023-07-31 21:05:50  Mem:           125G         25G         74G        1.1M         25G         98G
2023-07-31 21:05:53  Mem:           125G         25G         74G        1.1M         25G         98G
2023-07-31 21:05:56  Mem:           125G         25G         74G        1.1M         25G         98G
2023-07-31 21:05:59  Mem:           125G         25G         73G        1.1M         25G         98G
2023-07-31 21:06:02  Mem:           125G         26G         73G        1.1M         25G         98G
2023-07-31 21:06:05  Mem:           125G         26G         73G        1.1M         25G         98G
2023-07-31 21:06:08  Mem:           125G         26G         73G        1.1M         25G         97G
2023-07-31 21:06:11  Mem:           125G         26G         73G        1.1M         25G         97G
2023-07-31 21:06:14  Mem:           125G         26G         72G        1.1M         25G         97G
2023-07-31 21:06:17  Mem:           125G         26G         72G        1.1M         25G         97G
2023-07-31 21:06:20  Mem:           125G         26G         72G        1.1M         25G         97G
2023-07-31 21:06:23  Mem:           125G         26G         72G        1.1M         26G         97G
2023-07-31 21:06:26  Mem:           125G         26G         72G        1.1M         26G         97G
2023-07-31 21:06:29  Mem:           125G         27G         71G        1.1M         26G         97G
2023-07-31 21:06:32  Mem:           125G         27G         71G        1.1M         26G         96G
2023-07-31 21:06:35  Mem:           125G         27G         71G        1.1M         26G         96G
2023-07-31 21:06:38  Mem:           125G         27G         71G        1.1M         26G         96G
2023-07-31 21:06:41  Mem:           125G         27G         71G        1.1M         26G         96G
2023-07-31 21:06:44  Mem:           125G         27G         70G        1.1M         26G         96G
2023-07-31 21:06:47  Mem:           125G         27G         70G        1.1M         26G         96G
2023-07-31 21:06:50  Mem:           125G         27G         70G        1.1M         26G         96G
2023-07-31 21:06:53  Mem:           125G         28G         70G        1.1M         26G         96G
2023-07-31 21:06:56  Mem:           125G         28G         70G        1.1M         26G         96G
2023-07-31 21:06:59  Mem:           125G         28G         69G        1.1M         27G         95G
2023-07-31 21:07:02  Mem:           125G         28G         69G        1.1M         27G         95G
2023-07-31 21:07:05  Mem:           125G         28G         69G        1.1M         27G         95G
2023-07-31 21:07:08  Mem:           125G         28G         69G        1.1M         27G         95G
2023-07-31 21:07:11  Mem:           125G         28G         69G        1.1M         27G         95G
2023-07-31 21:07:14  Mem:           125G         28G         68G        1.1M         27G         95G
2023-07-31 21:07:17  Mem:           125G         28G         68G        1.1M         27G         95G
2023-07-31 21:07:20  Mem:           125G         29G         68G        1.1M         27G         95G
2023-07-31 21:07:23  Mem:           125G         29G         68G        1.1M         27G         95G
2023-07-31 21:07:26  Mem:           125G         29G         68G        1.1M         27G         94G
2023-07-31 21:07:29  Mem:           125G         29G         67G        1.1M         27G         94G
2023-07-31 21:07:32  Mem:           125G         29G         67G        1.1M         27G         94G
2023-07-31 21:07:36  Mem:           125G         29G         67G        1.1M         27G         94G
2023-07-31 21:07:39  Mem:           125G         29G         67G        1.1M         28G         94G
2023-07-31 21:07:42  Mem:           125G         29G         67G        1.1M         28G         94G
2023-07-31 21:07:45  Mem:           125G         29G         66G        1.1M         28G         94G
2023-07-31 21:07:48  Mem:           125G         30G         66G        1.1M         28G         94G
2023-07-31 21:07:51  Mem:           125G         30G         66G        1.1M         28G         93G
2023-07-31 21:07:54  Mem:           125G         30G         66G        1.1M         28G         93G
2023-07-31 21:07:57  Mem:           125G         30G         66G        1.1M         28G         93G
2023-07-31 21:08:00  Mem:           125G         30G         65G        1.1M         28G         93G
2023-07-31 21:08:03  Mem:           125G         30G         65G        1.1M         28G         93G
2023-07-31 21:08:06  Mem:           125G         30G         65G        1.1M         28G         93G
2023-07-31 21:08:09  Mem:           125G         30G         65G        1.1M         28G         93G
2023-07-31 21:08:12  Mem:           125G         31G         65G        1.1M         28G         93G
2023-07-31 21:08:15  Mem:           125G         31G         65G        1.1M         28G         93G
2023-07-31 21:08:18  Mem:           125G         31G         64G        1.1M         29G         92G
2023-07-31 21:08:21  Mem:           125G         31G         64G        1.1M         29G         92G
2023-07-31 21:08:24  Mem:           125G         31G         64G        1.1M         29G         92G
2023-07-31 21:08:27  Mem:           125G         31G         64G        1.1M         29G         92G
2023-07-31 21:08:30  Mem:           125G         31G         64G        1.1M         29G         92G
2023-07-31 21:08:33  Mem:           125G         31G         63G        1.1M         29G         92G
2023-07-31 21:08:36  Mem:           125G         32G         63G        1.1M         29G         92G
2023-07-31 21:08:39  Mem:           125G         32G         63G        1.1M         29G         92G
2023-07-31 21:08:42  Mem:           125G         32G         63G        1.1M         29G         91G
2023-07-31 21:08:45  Mem:           125G         32G         63G        1.1M         29G         91G
2023-07-31 21:08:48  Mem:           125G         32G         62G        1.1M         29G         91G
2023-07-31 21:08:51  Mem:           125G         32G         62G        1.1M         29G         91G
2023-07-31 21:08:54  Mem:           125G         32G         62G        1.1M         29G         91G
2023-07-31 21:08:57  Mem:           125G         32G         62G        1.1M         30G         91G
2023-07-31 21:09:00  Mem:           125G         32G         62G        1.1M         30G         91G
2023-07-31 21:09:03  Mem:           125G         33G         61G        1.1M         30G         91G
2023-07-31 21:09:06  Mem:           125G         33G         61G        1.1M         30G         91G
2023-07-31 21:09:09  Mem:           125G         33G         61G        1.1M         30G         90G
2023-07-31 21:09:12  Mem:           125G         33G         61G        1.1M         30G         90G
2023-07-31 21:09:15  Mem:           125G         33G         61G        1.1M         30G         90G
2023-07-31 21:09:18  Mem:           125G         33G         60G        1.1M         30G         90G
2023-07-31 21:09:21  Mem:           125G         33G         60G        1.1M         30G         90G
2023-07-31 21:09:24  Mem:           125G         33G         60G        1.1M         30G         90G
2023-07-31 21:09:27  Mem:           125G         34G         60G        1.1M         30G         90G
2023-07-31 21:09:30  Mem:           125G         34G         60G        1.1M         30G         90G
2023-07-31 21:09:33  Mem:           125G         34G         59G        1.1M         30G         89G
2023-07-31 21:09:36  Mem:           125G         34G         59G        1.1M         30G         89G
2023-07-31 21:09:39  Mem:           125G         34G         59G        1.1M         31G         89G
2023-07-31 21:09:42  Mem:           125G         34G         59G        1.1M         31G         89G
2023-07-31 21:09:45  Mem:           125G         34G         59G        1.1M         31G         89G
2023-07-31 21:09:48  Mem:           125G         34G         59G        1.1M         31G         89G
2023-07-31 21:09:51  Mem:           125G         34G         58G        1.1M         31G         89G
2023-07-31 21:09:54  Mem:           125G         35G         58G        1.1M         31G         89G
2023-07-31 21:09:57  Mem:           125G         35G         58G        1.1M         31G         89G
2023-07-31 21:10:00  Mem:           125G         35G         58G        1.1M         31G         88G
2023-07-31 21:10:03  Mem:           125G         35G         58G        1.1M         31G         88G
2023-07-31 21:10:06  Mem:           125G         35G         57G        1.1M         31G         88G
2023-07-31 21:10:09  Mem:           125G         35G         57G        1.1M         31G         88G
2023-07-31 21:10:12  Mem:           125G         35G         57G        1.1M         31G         88G
2023-07-31 21:10:15  Mem:           125G         35G         57G        1.1M         31G         88G
2023-07-31 21:10:18  Mem:           125G         36G         57G        1.1M         31G         88G
2023-07-31 21:10:21  Mem:           125G         36G         56G        1.1M         32G         88G
2023-07-31 21:10:24  Mem:           125G         36G         56G        1.1M         32G         87G
2023-07-31 21:10:27  Mem:           125G         36G         56G        1.1M         32G         87G
2023-07-31 21:10:30  Mem:           125G         36G         56G        1.1M         32G         87G
2023-07-31 21:10:33  Mem:           125G         36G         56G        1.1M         32G         87G
2023-07-31 21:10:36  Mem:           125G         36G         56G        1.1M         32G         87G
2023-07-31 21:10:39  Mem:           125G         36G         55G        1.1M         32G         87G
2023-07-31 21:10:42  Mem:           125G         36G         55G        1.1M         32G         87G
2023-07-31 21:10:45  Mem:           125G         37G         55G        1.1M         32G         87G
2023-07-31 21:10:48  Mem:           125G         37G         55G        1.1M         32G         87G
2023-07-31 21:10:51  Mem:           125G         37G         55G        1.1M         32G         86G
2023-07-31 21:10:54  Mem:           125G         37G         55G        1.1M         32G         86G
2023-07-31 21:10:57  Mem:           125G         37G         54G        1.1M         32G         86G
2023-07-31 21:11:00  Mem:           125G         37G         54G        1.1M         32G         86G
2023-07-31 21:11:03  Mem:           125G         37G         54G        1.1M         32G         86G
2023-07-31 21:11:06  Mem:           125G         37G         54G        1.1M         32G         86G
2023-07-31 21:11:09  Mem:           125G         37G         54G        1.1M         33G         86G
2023-07-31 21:11:12  Mem:           125G         38G         54G        1.1M         33G         86G
2023-07-31 21:11:15  Mem:           125G         38G         53G        1.1M         33G         86G
2023-07-31 21:11:18  Mem:           125G         38G         53G        1.1M         33G         85G
2023-07-31 21:11:21  Mem:           125G         38G         53G        1.1M         33G         85G
2023-07-31 21:11:24  Mem:           125G         38G         53G        1.1M         33G         85G
2023-07-31 21:11:27  Mem:           125G         38G         53G        1.1M         33G         85G
2023-07-31 21:11:30  Mem:           125G         38G         52G        1.1M         33G         85G
2023-07-31 21:11:33  Mem:           125G         38G         52G        1.1M         33G         85G
2023-07-31 21:11:36  Mem:           125G         38G         52G        1.1M         33G         85G
2023-07-31 21:11:39  Mem:           125G         38G         52G        1.1M         33G         85G
2023-07-31 21:11:42  Mem:           125G         39G         52G        1.1M         33G         85G
2023-07-31 21:11:45  Mem:           125G         39G         52G        1.1M         33G         85G
2023-07-31 21:11:48  Mem:           125G         39G         52G        1.1M         33G         84G
2023-07-31 21:11:51  Mem:           125G         39G         51G        1.1M         33G         84G
2023-07-31 21:11:54  Mem:           125G         39G         51G        1.1M         33G         84G
2023-07-31 21:11:57  Mem:           125G         39G         51G        1.1M         34G         84G
2023-07-31 21:12:00  Mem:           125G         39G         51G        1.1M         34G         84G
2023-07-31 21:12:03  Mem:           125G         39G         51G        1.1M         34G         84G
2023-07-31 21:12:06  Mem:           125G         39G         51G        1.1M         34G         84G
2023-07-31 21:12:09  Mem:           125G         40G         50G        1.1M         34G         84G
2023-07-31 21:12:12  Mem:           125G         40G         50G        1.1M         34G         84G
2023-07-31 21:12:15  Mem:           125G         40G         50G        1.1M         34G         83G
2023-07-31 21:12:18  Mem:           125G         40G         50G        1.1M         34G         83G
2023-07-31 21:12:21  Mem:           125G         40G         50G        1.1M         34G         83G
2023-07-31 21:12:24  Mem:           125G         40G         50G        1.1M         34G         83G
2023-07-31 21:12:27  Mem:           125G         40G         49G        1.1M         34G         83G
2023-07-31 21:12:30  Mem:           125G         40G         49G        1.1M         34G         83G
2023-07-31 21:12:33  Mem:           125G         40G         49G        1.1M         34G         83G
2023-07-31 21:12:36  Mem:           125G         40G         49G        1.1M         34G         83G
2023-07-31 21:12:39  Mem:           125G         41G         49G        1.1M         34G         83G
2023-07-31 21:12:42  Mem:           125G         41G         49G        1.1M         34G         83G
2023-07-31 21:12:45  Mem:           125G         41G         48G        1.1M         34G         82G
2023-07-31 21:12:48  Mem:           125G         41G         48G        1.1M         35G         82G
2023-07-31 21:12:51  Mem:           125G         41G         48G        1.1M         35G         82G
2023-07-31 21:12:54  Mem:           125G         41G         48G        1.1M         35G         82G
2023-07-31 21:12:57  Mem:           125G         41G         48G        1.1M         35G         82G
2023-07-31 21:13:00  Mem:           125G         41G         48G        1.1M         35G         82G
2023-07-31 21:13:03  Mem:           125G         41G         48G        1.1M         35G         82G
2023-07-31 21:13:06  Mem:           125G         41G         47G        1.1M         35G         82G
2023-07-31 21:13:09  Mem:           125G         41G         47G        1.1M         35G         82G
2023-07-31 21:13:13  Mem:           125G         42G         47G        1.1M         35G         82G
2023-07-31 21:13:16  Mem:           125G         42G         47G        1.1M         35G         82G
2023-07-31 21:13:19  Mem:           125G         42G         47G        1.1M         35G         81G
2023-07-31 21:13:22  Mem:           125G         42G         47G        1.1M         35G         81G
2023-07-31 21:13:25  Mem:           125G         42G         46G        1.1M         35G         81G
2023-07-31 21:13:28  Mem:           125G         42G         46G        1.1M         35G         81G
2023-07-31 21:13:31  Mem:           125G         42G         46G        1.1M         35G         81G
2023-07-31 21:13:34  Mem:           125G         42G         46G        1.1M         35G         81G
2023-07-31 21:13:37  Mem:           125G         42G         46G        1.1M         35G         81G
2023-07-31 21:13:40  Mem:           125G         42G         46G        1.1M         36G         81G
2023-07-31 21:13:43  Mem:           125G         42G         46G        1.1M         36G         81G
2023-07-31 21:13:46  Mem:           125G         43G         45G        1.1M         36G         81G
2023-07-31 21:13:49  Mem:           125G         43G         45G        1.1M         36G         81G
2023-07-31 21:13:52  Mem:           125G         43G         45G        1.1M         36G         80G
2023-07-31 21:13:55  Mem:           125G         43G         45G        1.1M         36G         80G
2023-07-31 21:13:58  Mem:           125G         43G         45G        1.1M         36G         80G
2023-07-31 21:14:01  Mem:           125G         43G         45G        1.1M         36G         80G
2023-07-31 21:14:04  Mem:           125G         43G         45G        1.1M         36G         80G
2023-07-31 21:14:07  Mem:           125G         43G         44G        1.1M         36G         80G
2023-07-31 21:14:10  Mem:           125G         43G         44G        1.1M         36G         80G
2023-07-31 21:14:13  Mem:           125G         43G         44G        1.1M         36G         80G
2023-07-31 21:14:16  Mem:           125G         43G         44G        1.1M         36G         80G
2023-07-31 21:14:19  Mem:           125G         44G         44G        1.1M         36G         80G
2023-07-31 21:14:22  Mem:           125G         44G         44G        1.1M         36G         80G
2023-07-31 21:14:25  Mem:           125G         44G         44G        1.1M         36G         79G
2023-07-31 21:14:28  Mem:           125G         44G         43G        1.1M         36G         79G
2023-07-31 21:14:31  Mem:           125G         44G         43G        1.1M         36G         79G
2023-07-31 21:14:34  Mem:           125G         44G         43G        1.1M         36G         79G
2023-07-31 21:14:37  Mem:           125G         44G         43G        1.1M         37G         79G
2023-07-31 21:14:40  Mem:           125G         44G         43G        1.1M         37G         79G
2023-07-31 21:14:43  Mem:           125G         44G         43G        1.1M         37G         79G
2023-07-31 21:14:46  Mem:           125G         44G         43G        1.1M         37G         79G
2023-07-31 21:14:49  Mem:           125G         44G         42G        1.1M         37G         79G
2023-07-31 21:14:52  Mem:           125G         44G         42G        1.1M         37G         79G
2023-07-31 21:14:55  Mem:           125G         45G         42G        1.1M         37G         79G
2023-07-31 21:14:58  Mem:           125G         45G         42G        1.1M         37G         79G
2023-07-31 21:15:01  Mem:           125G         45G         42G        1.1M         37G         78G
2023-07-31 21:15:04  Mem:           125G         45G         42G        1.1M         37G         78G
2023-07-31 21:15:07  Mem:           125G         45G         42G        1.1M         37G         78G
2023-07-31 21:15:10  Mem:           125G         45G         42G        1.1M         37G         78G
2023-07-31 21:15:13  Mem:           125G         45G         41G        1.1M         37G         78G
2023-07-31 21:15:16  Mem:           125G         45G         41G        1.1M         37G         78G
2023-07-31 21:15:19  Mem:           125G         45G         41G        1.1M         37G         78G
2023-07-31 21:15:22  Mem:           125G         45G         41G        1.1M         37G         78G
2023-07-31 21:15:25  Mem:           125G         45G         41G        1.1M         37G         78G
2023-07-31 21:15:28  Mem:           125G         45G         41G        1.1M         37G         78G
2023-07-31 21:15:31  Mem:           125G         46G         41G        1.1M         37G         78G
2023-07-31 21:15:34  Mem:           125G         46G         40G        1.1M         38G         78G
2023-07-31 21:15:37  Mem:           125G         46G         40G        1.1M         38G         77G
2023-07-31 21:15:40  Mem:           125G         46G         40G        1.1M         38G         77G
2023-07-31 21:15:43  Mem:           125G         46G         40G        1.1M         38G         77G
2023-07-31 21:15:46  Mem:           125G         46G         40G        1.1M         38G         77G
2023-07-31 21:15:49  Mem:           125G         46G         40G        1.1M         38G         77G
2023-07-31 21:15:52  Mem:           125G         46G         40G        1.1M         38G         77G
2023-07-31 21:15:55  Mem:           125G         46G         40G        1.1M         38G         77G
2023-07-31 21:15:58  Mem:           125G         46G         39G        1.1M         38G         77G
2023-07-31 21:16:01  Mem:           125G         46G         39G        1.1M         38G         77G
2023-07-31 21:16:04  Mem:           125G         46G         39G        1.1M         38G         77G
2023-07-31 21:16:07  Mem:           125G         46G         39G        1.1M         38G         77G
2023-07-31 21:16:10  Mem:           125G         47G         39G        1.1M         38G         77G
2023-07-31 21:16:13  Mem:           125G         47G         39G        1.1M         38G         77G
2023-07-31 21:16:16  Mem:           125G         47G         39G        1.1M         38G         76G
2023-07-31 21:16:19  Mem:           125G         47G         39G        1.1M         38G         76G
2023-07-31 21:16:22  Mem:           125G         47G         38G        1.1M         38G         76G
2023-07-31 21:16:25  Mem:           125G         47G         38G        1.1M         38G         76G
2023-07-31 21:16:28  Mem:           125G         47G         38G        1.1M         38G         76G
2023-07-31 21:16:31  Mem:           125G         47G         38G        1.1M         38G         76G
2023-07-31 21:16:34  Mem:           125G         47G         38G        1.1M         39G         76G
2023-07-31 21:16:37  Mem:           125G         47G         38G        1.1M         39G         76G
2023-07-31 21:16:40  Mem:           125G         47G         38G        1.1M         39G         76G
2023-07-31 21:16:43  Mem:           125G         47G         38G        1.1M         39G         76G
2023-07-31 21:16:46  Mem:           125G         47G         37G        1.1M         39G         76G
2023-07-31 21:16:49  Mem:           125G         48G         37G        1.1M         39G         76G
2023-07-31 21:16:52  Mem:           125G         48G         37G        1.1M         39G         76G
2023-07-31 21:16:55  Mem:           125G         48G         37G        1.1M         39G         76G
2023-07-31 21:16:58  Mem:           125G         48G         37G        1.1M         39G         75G
2023-07-31 21:17:01  Mem:           125G         48G         37G        1.1M         39G         75G
2023-07-31 21:17:04  Mem:           125G         48G         37G        1.1M         39G         75G
2023-07-31 21:17:07  Mem:           125G         48G         37G        1.1M         39G         75G
2023-07-31 21:17:10  Mem:           125G         48G         37G        1.1M         39G         75G
2023-07-31 21:17:13  Mem:           125G         48G         36G        1.1M         39G         75G
2023-07-31 21:17:16  Mem:           125G         48G         36G        1.1M         39G         75G
2023-07-31 21:17:19  Mem:           125G         48G         36G        1.1M         39G         75G
2023-07-31 21:17:22  Mem:           125G         48G         36G        1.1M         39G         75G
2023-07-31 21:17:25  Mem:           125G         48G         36G        1.1M         39G         75G
2023-07-31 21:17:28  Mem:           125G         48G         36G        1.1M         39G         75G
2023-07-31 21:17:31  Mem:           125G         48G         36G        1.1M         39G         75G
2023-07-31 21:17:34  Mem:           125G         49G         36G        1.1M         39G         75G
2023-07-31 21:17:37  Mem:           125G         49G         36G        1.1M         40G         75G
2023-07-31 21:17:40  Mem:           125G         49G         35G        1.1M         40G         75G
2023-07-31 21:17:43  Mem:           125G         49G         35G        1.1M         40G         74G
2023-07-31 21:17:46  Mem:           125G         49G         35G        1.1M         40G         74G
2023-07-31 21:17:49  Mem:           125G         49G         35G        1.1M         40G         74G
2023-07-31 21:17:52  Mem:           125G         49G         35G        1.1M         40G         74G
2023-07-31 21:17:55  Mem:           125G         49G         35G        1.1M         40G         74G
2023-07-31 21:17:58  Mem:           125G         49G         35G        1.1M         40G         74G
2023-07-31 21:18:01  Mem:           125G         49G         35G        1.1M         40G         74G
2023-07-31 21:18:04  Mem:           125G         49G         35G        1.1M         40G         74G
2023-07-31 21:18:07  Mem:           125G         49G         34G        1.1M         40G         74G
2023-07-31 21:18:10  Mem:           125G         49G         34G        1.1M         40G         74G
2023-07-31 21:18:13  Mem:           125G         49G         34G        1.1M         40G         74G
2023-07-31 21:18:16  Mem:           125G         49G         34G        1.1M         40G         74G
2023-07-31 21:18:19  Mem:           125G         49G         34G        1.1M         40G         74G
2023-07-31 21:18:22  Mem:           125G         50G         34G        1.1M         40G         74G
2023-07-31 21:18:25  Mem:           125G         50G         34G        1.1M         40G         74G
2023-07-31 21:18:28  Mem:           125G         50G         34G        1.1M         40G         74G
2023-07-31 21:18:31  Mem:           125G         50G         34G        1.1M         40G         74G
2023-07-31 21:18:34  Mem:           125G         50G         34G        1.1M         40G         73G
2023-07-31 21:18:37  Mem:           125G         50G         33G        1.1M         40G         73G
2023-07-31 21:18:40  Mem:           125G         50G         33G        1.1M         40G         73G
2023-07-31 21:18:43  Mem:           125G         50G         33G        1.1M         40G         73G
2023-07-31 21:18:46  Mem:           125G         50G         33G        1.1M         40G         73G
2023-07-31 21:18:49  Mem:           125G         50G         33G        1.1M         41G         73G
2023-07-31 21:18:52  Mem:           125G         50G         33G        1.1M         41G         73G
2023-07-31 21:18:55  Mem:           125G         50G         33G        1.1M         41G         73G
2023-07-31 21:18:58  Mem:           125G         50G         33G        1.1M         41G         73G
2023-07-31 21:19:01  Mem:           125G         50G         33G        1.1M         41G         73G
2023-07-31 21:19:04  Mem:           125G         50G         33G        1.1M         41G         73G
2023-07-31 21:19:07  Mem:           125G         50G         33G        1.1M         41G         73G
2023-07-31 21:19:10  Mem:           125G         50G         32G        1.1M         41G         73G
2023-07-31 21:19:13  Mem:           125G         50G         32G        1.1M         41G         73G
2023-07-31 21:19:16  Mem:           125G         51G         32G        1.1M         41G         73G
2023-07-31 21:19:19  Mem:           125G         51G         32G        1.1M         41G         73G
2023-07-31 21:19:22  Mem:           125G         51G         32G        1.1M         41G         73G
2023-07-31 21:19:25  Mem:           125G         51G         32G        1.1M         41G         73G
2023-07-31 21:19:28  Mem:           125G         51G         32G        1.1M         41G         72G
2023-07-31 21:19:31  Mem:           125G         51G         32G        1.1M         41G         72G
2023-07-31 21:19:34  Mem:           125G         51G         32G        1.1M         41G         72G
2023-07-31 21:19:37  Mem:           125G         51G         32G        1.1M         41G         72G
2023-07-31 21:19:40  Mem:           125G         51G         32G        1.1M         41G         72G
2023-07-31 21:19:43  Mem:           125G         51G         31G        1.1M         41G         72G
2023-07-31 21:19:46  Mem:           125G         51G         31G        1.1M         41G         72G
2023-07-31 21:19:49  Mem:           125G         51G         31G        1.1M         41G         72G
2023-07-31 21:19:52  Mem:           125G         51G         31G        1.1M         41G         72G
2023-07-31 21:19:55  Mem:           125G         51G         31G        1.1M         41G         72G
2023-07-31 21:19:58  Mem:           125G         51G         31G        1.1M         41G         72G
2023-07-31 21:20:01  Mem:           125G         51G         31G        1.1M         41G         72G
2023-07-31 21:20:04  Mem:           125G         51G         31G        1.1M         42G         72G
2023-07-31 21:20:08  Mem:           125G         51G         31G        1.1M         42G         72G
2023-07-31 21:20:11  Mem:           125G         51G         31G        1.1M         42G         72G
2023-07-31 21:20:14  Mem:           125G         51G         31G        1.1M         42G         72G
2023-07-31 21:20:17  Mem:           125G         52G         30G        1.1M         42G         72G
2023-07-31 21:20:20  Mem:           125G         52G         30G        1.1M         42G         72G
2023-07-31 21:20:23  Mem:           125G         52G         30G        1.1M         42G         72G
2023-07-31 21:20:26  Mem:           125G         52G         30G        1.1M         42G         71G
2023-07-31 21:20:29  Mem:           125G         52G         30G        1.1M         42G         71G
2023-07-31 21:20:32  Mem:           125G         52G         30G        1.1M         42G         71G
2023-07-31 21:20:35  Mem:           125G         52G         30G        1.1M         42G         71G
2023-07-31 21:20:38  Mem:           125G         52G         30G        1.1M         42G         71G
2023-07-31 21:20:41  Mem:           125G         52G         30G        1.1M         42G         71G
2023-07-31 21:20:44  Mem:           125G         52G         30G        1.1M         42G         71G
2023-07-31 21:20:47  Mem:           125G         52G         30G        1.1M         42G         71G
2023-07-31 21:20:50  Mem:           125G         52G         30G        1.1M         42G         71G
2023-07-31 21:20:53  Mem:           125G         52G         29G        1.1M         42G         71G
2023-07-31 21:20:56  Mem:           125G         52G         29G        1.1M         42G         71G
2023-07-31 21:20:59  Mem:           125G         52G         29G        1.1M         42G         71G
2023-07-31 21:21:02  Mem:           125G         52G         29G        1.1M         42G         71G
2023-07-31 21:21:05  Mem:           125G         52G         29G        1.1M         42G         71G
2023-07-31 21:21:08  Mem:           125G         52G         29G        1.1M         42G         71G
2023-07-31 21:21:11  Mem:           125G         52G         29G        1.1M         42G         71G
2023-07-31 21:21:14  Mem:           125G         52G         29G        1.1M         42G         71G
2023-07-31 21:21:17  Mem:           125G         53G         29G        1.1M         42G         71G
2023-07-31 21:21:20  Mem:           125G         53G         29G        1.1M         42G         71G
2023-07-31 21:21:23  Mem:           125G         53G         29G        1.1M         42G         71G
2023-07-31 21:21:26  Mem:           125G         53G         29G        1.1M         42G         71G
2023-07-31 21:21:29  Mem:           125G         53G         28G        1.1M         43G         71G
2023-07-31 21:21:32  Mem:           125G         53G         28G        1.1M         43G         70G
2023-07-31 21:21:35  Mem:           125G         53G         28G        1.1M         43G         70G
2023-07-31 21:21:38  Mem:           125G         53G         28G        1.1M         43G         70G
2023-07-31 21:21:41  Mem:           125G         53G         28G        1.1M         43G         70G
2023-07-31 21:21:44  Mem:           125G         53G         28G        1.1M         43G         70G
2023-07-31 21:21:47  Mem:           125G         53G         28G        1.1M         43G         70G
2023-07-31 21:21:50  Mem:           125G         53G         28G        1.1M         43G         70G
2023-07-31 21:21:53  Mem:           125G         53G         28G        1.1M         43G         70G
2023-07-31 21:21:56  Mem:           125G         53G         28G        1.1M         43G         70G
2023-07-31 21:21:59  Mem:           125G         53G         28G        1.1M         43G         70G
2023-07-31 21:22:02  Mem:           125G         53G         28G        1.1M         43G         70G
2023-07-31 21:22:05  Mem:           125G         53G         28G        1.1M         43G         70G
2023-07-31 21:22:08  Mem:           125G         53G         27G        1.1M         43G         70G
2023-07-31 21:22:11  Mem:           125G         53G         27G        1.1M         43G         70G
2023-07-31 21:22:14  Mem:           125G         53G         27G        1.1M         43G         70G
2023-07-31 21:22:17  Mem:           125G         53G         27G        1.1M         43G         70G
2023-07-31 21:22:20  Mem:           125G         53G         27G        1.1M         43G         70G
2023-07-31 21:22:23  Mem:           125G         53G         27G        1.1M         43G         70G
2023-07-31 21:22:26  Mem:           125G         53G         27G        1.1M         43G         70G
2023-07-31 21:22:29  Mem:           125G         54G         27G        1.1M         43G         70G
2023-07-31 21:22:32  Mem:           125G         54G         27G        1.1M         43G         70G
2023-07-31 21:22:35  Mem:           125G         54G         27G        1.1M         43G         70G
2023-07-31 21:22:38  Mem:           125G         54G         27G        1.1M         43G         70G
2023-07-31 21:22:41  Mem:           125G         54G         27G        1.1M         43G         69G
2023-07-31 21:22:44  Mem:           125G         54G         27G        1.1M         43G         69G
2023-07-31 21:22:47  Mem:           125G         54G         26G        1.1M         43G         69G
2023-07-31 21:22:50  Mem:           125G         54G         26G        1.1M         43G         69G
2023-07-31 21:22:53  Mem:           125G         54G         26G        1.1M         43G         69G
2023-07-31 21:22:56  Mem:           125G         54G         26G        1.1M         43G         69G
2023-07-31 21:22:59  Mem:           125G         54G         26G        1.1M         44G         69G
2023-07-31 21:23:02  Mem:           125G         54G         26G        1.1M         44G         69G
2023-07-31 21:23:05  Mem:           125G         54G         26G        1.1M         44G         69G
2023-07-31 21:23:08  Mem:           125G         54G         26G        1.1M         44G         69G
2023-07-31 21:23:11  Mem:           125G         54G         26G        1.1M         44G         69G
2023-07-31 21:23:14  Mem:           125G         54G         26G        1.1M         44G         69G
2023-07-31 21:23:17  Mem:           125G         54G         26G        1.1M         44G         69G
2023-07-31 21:23:20  Mem:           125G         54G         26G        1.1M         44G         69G
2023-07-31 21:23:23  Mem:           125G         54G         26G        1.1M         44G         69G
2023-07-31 21:23:26  Mem:           125G         54G         26G        1.1M         44G         69G
2023-07-31 21:23:29  Mem:           125G         54G         26G        1.1M         44G         69G
2023-07-31 21:23:32  Mem:           125G         54G         25G        1.1M         44G         69G
2023-07-31 21:23:35  Mem:           125G         54G         25G        1.1M         44G         69G
2023-07-31 21:23:38  Mem:           125G         54G         25G        1.1M         44G         69G
2023-07-31 21:23:41  Mem:           125G         54G         25G        1.1M         44G         69G
2023-07-31 21:23:44  Mem:           125G         54G         25G        1.1M         44G         69G
2023-07-31 21:23:47  Mem:           125G         55G         25G        1.1M         44G         69G
2023-07-31 21:23:50  Mem:           125G         55G         25G        1.1M         44G         69G
2023-07-31 21:23:53  Mem:           125G         55G         25G        1.1M         44G         69G
2023-07-31 21:23:56  Mem:           125G         55G         25G        1.1M         44G         69G
2023-07-31 21:23:59  Mem:           125G         55G         25G        1.1M         44G         69G
2023-07-31 21:24:02  Mem:           125G         55G         25G        1.1M         44G         68G
2023-07-31 21:24:05  Mem:           125G         55G         25G        1.1M         44G         68G
2023-07-31 21:24:08  Mem:           125G         55G         25G        1.1M         44G         68G
2023-07-31 21:24:11  Mem:           125G         55G         25G        1.1M         44G         68G
2023-07-31 21:24:14  Mem:           125G         55G         25G        1.1M         44G         68G
2023-07-31 21:24:17  Mem:           125G         55G         24G        1.1M         44G         68G
2023-07-31 21:24:20  Mem:           125G         55G         24G        1.1M         44G         68G
2023-07-31 21:24:23  Mem:           125G         55G         24G        1.1M         44G         68G
2023-07-31 21:24:26  Mem:           125G         55G         24G        1.1M         44G         68G
2023-07-31 21:24:29  Mem:           125G         55G         24G        1.1M         44G         68G
2023-07-31 21:24:32  Mem:           125G         55G         24G        1.1M         44G         68G
2023-07-31 21:24:35  Mem:           125G         55G         24G        1.1M         44G         68G
2023-07-31 21:24:38  Mem:           125G         55G         24G        1.1M         44G         68G
2023-07-31 21:24:41  Mem:           125G         55G         24G        1.1M         44G         68G
2023-07-31 21:24:44  Mem:           125G         55G         24G        1.1M         45G         68G
2023-07-31 21:24:47  Mem:           125G         55G         24G        1.1M         45G         68G
2023-07-31 21:24:50  Mem:           125G         55G         24G        1.1M         45G         68G
2023-07-31 21:24:53  Mem:           125G         55G         24G        1.1M         45G         68G
2023-07-31 21:24:56  Mem:           125G         55G         24G        1.1M         45G         68G
2023-07-31 21:24:59  Mem:           125G         55G         24G        1.1M         45G         68G
2023-07-31 21:25:02  Mem:           125G         55G         24G        1.1M         45G         68G
2023-07-31 21:25:05  Mem:           125G         55G         24G        1.1M         45G         68G
2023-07-31 21:25:08  Mem:           125G         55G         23G        1.1M         45G         68G
2023-07-31 21:25:11  Mem:           125G         56G         23G        1.1M         45G         68G
2023-07-31 21:25:14  Mem:           125G         56G         23G        1.1M         45G         68G
2023-07-31 21:25:17  Mem:           125G         56G         23G        1.1M         45G         68G
2023-07-31 21:25:20  Mem:           125G         56G         23G        1.1M         45G         68G
2023-07-31 21:25:23  Mem:           125G         56G         23G        1.1M         45G         68G
2023-07-31 21:25:26  Mem:           125G         56G         23G        1.1M         45G         68G
2023-07-31 21:25:29  Mem:           125G         56G         23G        1.1M         45G         67G
2023-07-31 21:25:32  Mem:           125G         56G         23G        1.1M         45G         67G
2023-07-31 21:25:35  Mem:           125G         56G         23G        1.1M         45G         67G
2023-07-31 21:25:38  Mem:           125G         56G         23G        1.1M         45G         67G
2023-07-31 21:25:41  Mem:           125G         56G         23G        1.1M         45G         67G
2023-07-31 21:25:44  Mem:           125G         56G         23G        1.1M         45G         67G
2023-07-31 21:25:47  Mem:           125G         56G         23G        1.1M         45G         67G
2023-07-31 21:25:50  Mem:           125G         56G         23G        1.1M         45G         67G
2023-07-31 21:25:53  Mem:           125G         56G         23G        1.1M         45G         67G
2023-07-31 21:25:56  Mem:           125G         56G         23G        1.1M         45G         67G
2023-07-31 21:25:59  Mem:           125G         56G         22G        1.1M         45G         67G
2023-07-31 21:26:02  Mem:           125G         56G         22G        1.1M         45G         67G
2023-07-31 21:26:05  Mem:           125G         56G         22G        1.1M         45G         67G
2023-07-31 21:26:08  Mem:           125G         56G         22G        1.1M         45G         67G
2023-07-31 21:26:11  Mem:           125G         56G         22G        1.1M         45G         67G
2023-07-31 21:26:14  Mem:           125G         56G         22G        1.1M         45G         67G
2023-07-31 21:26:17  Mem:           125G         56G         22G        1.1M         45G         67G
2023-07-31 21:26:20  Mem:           125G         56G         22G        1.1M         45G         67G
2023-07-31 21:26:23  Mem:           125G         56G         22G        1.1M         45G         67G
2023-07-31 21:26:26  Mem:           125G         56G         22G        1.1M         45G         67G
2023-07-31 21:26:29  Mem:           125G         56G         22G        1.1M         45G         67G
2023-07-31 21:26:32  Mem:           125G         56G         22G        1.1M         45G         67G
2023-07-31 21:26:35  Mem:           125G         56G         22G        1.1M         45G         67G
2023-07-31 21:26:38  Mem:           125G         56G         22G        1.1M         45G         67G
2023-07-31 21:26:41  Mem:           125G         56G         22G        1.1M         45G         67G
2023-07-31 21:26:44  Mem:           125G         56G         22G        1.1M         45G         67G
2023-07-31 21:26:47  Mem:           125G         56G         22G        1.1M         46G         67G
2023-07-31 21:26:50  Mem:           125G         57G         22G        1.1M         46G         67G
2023-07-31 21:26:53  Mem:           125G         57G         22G        1.1M         46G         67G
2023-07-31 21:26:56  Mem:           125G         57G         22G        1.1M         46G         67G
2023-07-31 21:26:59  Mem:           125G         57G         21G        1.1M         46G         67G
2023-07-31 21:27:02  Mem:           125G         57G         21G        1.1M         46G         67G
2023-07-31 21:27:05  Mem:           125G         57G         21G        1.1M         46G         67G
2023-07-31 21:27:08  Mem:           125G         57G         21G        1.1M         46G         67G
2023-07-31 21:27:12  Mem:           125G         57G         21G        1.1M         46G         66G
2023-07-31 21:27:15  Mem:           125G         57G         21G        1.1M         46G         66G
2023-07-31 21:27:18  Mem:           125G         57G         21G        1.1M         46G         66G
2023-07-31 21:27:21  Mem:           125G         57G         21G        1.1M         46G         66G
2023-07-31 21:27:24  Mem:           125G         57G         21G        1.1M         46G         66G
2023-07-31 21:27:27  Mem:           125G         57G         21G        1.1M         46G         66G
2023-07-31 21:27:30  Mem:           125G         57G         21G        1.1M         46G         66G
2023-07-31 21:27:33  Mem:           125G         57G         21G        1.1M         46G         66G
2023-07-31 21:27:36  Mem:           125G         57G         21G        1.1M         46G         66G
2023-07-31 21:27:39  Mem:           125G         57G         21G        1.1M         46G         66G
2023-07-31 21:27:42  Mem:           125G         57G         21G        1.1M         46G         66G
2023-07-31 21:27:45  Mem:           125G         57G         21G        1.1M         46G         66G
2023-07-31 21:27:48  Mem:           125G         57G         21G        1.1M         46G         66G
2023-07-31 21:27:51  Mem:           125G         57G         21G        1.1M         46G         66G
2023-07-31 21:27:54  Mem:           125G         57G         21G        1.1M         46G         66G
2023-07-31 21:27:57  Mem:           125G         57G         21G        1.1M         46G         66G
2023-07-31 21:28:00  Mem:           125G         57G         20G        1.1M         46G         66G
2023-07-31 21:28:03  Mem:           125G         57G         20G        1.1M         46G         66G
2023-07-31 21:28:06  Mem:           125G         57G         20G        1.1M         46G         66G
2023-07-31 21:28:09  Mem:           125G         57G         20G        1.1M         46G         66G
2023-07-31 21:28:12  Mem:           125G         57G         20G        1.1M         46G         66G
2023-07-31 21:28:15  Mem:           125G         57G         20G        1.1M         46G         66G
2023-07-31 21:28:18  Mem:           125G         57G         20G        1.1M         46G         66G
2023-07-31 21:28:21  Mem:           125G         57G         20G        1.1M         46G         66G
2023-07-31 21:28:24  Mem:           125G         57G         20G        1.1M         46G         66G
2023-07-31 21:28:27  Mem:           125G         57G         20G        1.1M         46G         66G
2023-07-31 21:28:30  Mem:           125G         57G         20G        1.1M         46G         66G
2023-07-31 21:28:33  Mem:           125G         57G         20G        1.1M         46G         66G
2023-07-31 21:28:36  Mem:           125G         57G         20G        1.1M         46G         66G
2023-07-31 21:28:39  Mem:           125G         57G         20G        1.1M         46G         66G
2023-07-31 21:28:42  Mem:           125G         57G         20G        1.1M         46G         66G
2023-07-31 21:28:45  Mem:           125G         58G         20G        1.1M         46G         66G
2023-07-31 21:28:48  Mem:           125G         58G         20G        1.1M         46G         66G
2023-07-31 21:28:51  Mem:           125G         58G         20G        1.1M         46G         66G
2023-07-31 21:28:54  Mem:           125G         58G         20G        1.1M         46G         66G
2023-07-31 21:28:57  Mem:           125G         58G         20G        1.1M         46G         66G
2023-07-31 21:29:00  Mem:           125G         58G         20G        1.1M         46G         66G
2023-07-31 21:29:03  Mem:           125G         58G         20G        1.1M         46G         66G
2023-07-31 21:29:06  Mem:           125G         58G         19G        1.1M         46G         65G
2023-07-31 21:29:09  Mem:           125G         58G         19G        1.1M         47G         65G
2023-07-31 21:29:12  Mem:           125G         58G         19G        1.1M         47G         65G
2023-07-31 21:29:15  Mem:           125G         58G         19G        1.1M         47G         65G
2023-07-31 21:29:18  Mem:           125G         58G         19G        1.1M         47G         65G
2023-07-31 21:29:21  Mem:           125G         58G         19G        1.1M         47G         65G
2023-07-31 21:29:24  Mem:           125G         58G         19G        1.1M         47G         65G
2023-07-31 21:29:27  Mem:           125G         58G         19G        1.1M         47G         65G
2023-07-31 21:29:30  Mem:           125G         58G         19G        1.1M         47G         65G
2023-07-31 21:29:33  Mem:           125G         58G         19G        1.1M         47G         65G
2023-07-31 21:29:36  Mem:           125G         58G         19G        1.1M         47G         65G
2023-07-31 21:29:39  Mem:           125G         58G         19G        1.1M         47G         65G
2023-07-31 21:29:42  Mem:           125G         58G         19G        1.1M         47G         65G
2023-07-31 21:29:45  Mem:           125G         58G         19G        1.1M         47G         65G
2023-07-31 21:29:48  Mem:           125G         58G         19G        1.1M         47G         65G
2023-07-31 21:29:51  Mem:           125G         58G         19G        1.1M         47G         65G
2023-07-31 21:29:54  Mem:           125G         58G         19G        1.1M         47G         65G
2023-07-31 21:29:57  Mem:           125G         58G         19G        1.1M         47G         65G
2023-07-31 21:30:00  Mem:           125G         58G         19G        1.1M         47G         65G
2023-07-31 21:30:03  Mem:           125G         58G         19G        1.1M         47G         65G
2023-07-31 21:30:06  Mem:           125G         58G         19G        1.1M         47G         65G
2023-07-31 21:30:09  Mem:           125G         58G         19G        1.1M         47G         65G
2023-07-31 21:30:12  Mem:           125G         58G         19G        1.1M         47G         65G
2023-07-31 21:30:15  Mem:           125G         58G         19G        1.1M         47G         65G
2023-07-31 21:30:18  Mem:           125G         58G         18G        1.1M         47G         65G
2023-07-31 21:30:21  Mem:           125G         58G         18G        1.1M         47G         65G
2023-07-31 21:30:24  Mem:           125G         58G         18G        1.1M         47G         65G
2023-07-31 21:30:27  Mem:           125G         58G         18G        1.1M         47G         65G
2023-07-31 21:30:30  Mem:           125G         58G         18G        1.1M         47G         65G
2023-07-31 21:30:33  Mem:           125G         58G         18G        1.1M         47G         65G
2023-07-31 21:30:36  Mem:           125G         58G         18G        1.1M         47G         65G
2023-07-31 21:30:39  Mem:           125G         58G         18G        1.1M         47G         65G
2023-07-31 21:30:42  Mem:           125G         58G         18G        1.1M         47G         65G
2023-07-31 21:30:45  Mem:           125G         58G         18G        1.1M         47G         65G
2023-07-31 21:30:48  Mem:           125G         58G         18G        1.1M         47G         65G
2023-07-31 21:30:51  Mem:           125G         58G         18G        1.1M         47G         65G
2023-07-31 21:30:54  Mem:           125G         58G         18G        1.1M         47G         65G
2023-07-31 21:30:57  Mem:           125G         59G         18G        1.1M         47G         65G
2023-07-31 21:31:00  Mem:           125G         59G         18G        1.1M         47G         65G
2023-07-31 21:31:03  Mem:           125G         59G         18G        1.1M         47G         65G
2023-07-31 21:31:06  Mem:           125G         59G         18G        1.1M         47G         65G
2023-07-31 21:31:09  Mem:           125G         59G         18G        1.1M         47G         65G
2023-07-31 21:31:12  Mem:           125G         59G         18G        1.1M         47G         65G
2023-07-31 21:31:15  Mem:           125G         59G         18G        1.1M         47G         65G
2023-07-31 21:31:18  Mem:           125G         59G         18G        1.1M         47G         65G
2023-07-31 21:31:21  Mem:           125G         59G         18G        1.1M         47G         65G
2023-07-31 21:31:24  Mem:           125G         59G         18G        1.1M         47G         64G
2023-07-31 21:31:27  Mem:           125G         59G         18G        1.1M         47G         64G
2023-07-31 21:31:30  Mem:           125G         59G         18G        1.1M         47G         64G
2023-07-31 21:31:33  Mem:           125G         59G         18G        1.1M         47G         64G
2023-07-31 21:31:36  Mem:           125G         59G         17G        1.1M         47G         64G
2023-07-31 21:31:39  Mem:           125G         59G         17G        1.1M         47G         64G
2023-07-31 21:31:42  Mem:           125G         59G         17G        1.1M         47G         64G
2023-07-31 21:31:45  Mem:           125G         59G         17G        1.1M         47G         64G
2023-07-31 21:31:48  Mem:           125G         59G         17G        1.1M         47G         64G
2023-07-31 21:31:51  Mem:           125G         59G         17G        1.1M         47G         64G
2023-07-31 21:31:54  Mem:           125G         59G         17G        1.1M         47G         64G
2023-07-31 21:31:57  Mem:           125G         59G         17G        1.1M         47G         64G
2023-07-31 21:32:00  Mem:           125G         59G         17G        1.1M         48G         64G
2023-07-31 21:32:03  Mem:           125G         59G         17G        1.1M         48G         64G
2023-07-31 21:32:06  Mem:           125G         59G         17G        1.1M         48G         64G
2023-07-31 21:32:09  Mem:           125G         59G         17G        1.1M         48G         64G
2023-07-31 21:32:12  Mem:           125G         59G         17G        1.1M         48G         64G
2023-07-31 21:32:15  Mem:           125G         59G         17G        1.1M         48G         64G
2023-07-31 21:32:18  Mem:           125G         59G         17G        1.1M         48G         64G
2023-07-31 21:32:21  Mem:           125G         59G         17G        1.1M         48G         64G
2023-07-31 21:32:24  Mem:           125G         59G         17G        1.1M         48G         64G
2023-07-31 21:32:27  Mem:           125G         59G         17G        1.1M         48G         64G
2023-07-31 21:32:30  Mem:           125G         59G         17G        1.1M         48G         64G
2023-07-31 21:32:33  Mem:           125G         59G         17G        1.1M         48G         64G
2023-07-31 21:32:36  Mem:           125G         59G         17G        1.1M         48G         64G
2023-07-31 21:32:39  Mem:           125G         59G         17G        1.1M         48G         64G
2023-07-31 21:32:42  Mem:           125G         59G         17G        1.1M         48G         64G
2023-07-31 21:32:45  Mem:           125G         59G         17G        1.1M         48G         64G
2023-07-31 21:32:48  Mem:           125G         59G         17G        1.1M         48G         64G
2023-07-31 21:32:51  Mem:           125G         59G         17G        1.1M         48G         64G
2023-07-31 21:32:54  Mem:           125G         59G         17G        1.1M         48G         64G
2023-07-31 21:32:57  Mem:           125G         59G         17G        1.1M         48G         64G
2023-07-31 21:33:00  Mem:           125G         59G         16G        1.1M         48G         64G
2023-07-31 21:33:03  Mem:           125G         59G         16G        1.1M         48G         64G
2023-07-31 21:33:06  Mem:           125G         59G         16G        1.1M         48G         64G
2023-07-31 21:33:09  Mem:           125G         59G         16G        1.1M         48G         64G
2023-07-31 21:33:12  Mem:           125G         59G         16G        1.1M         48G         64G
2023-07-31 21:33:15  Mem:           125G         59G         16G        1.1M         48G         64G
2023-07-31 21:33:18  Mem:           125G         59G         16G        1.1M         48G         64G
2023-07-31 21:33:21  Mem:           125G         59G         16G        1.1M         48G         64G
2023-07-31 21:33:24  Mem:           125G         59G         16G        1.1M         48G         64G
2023-07-31 21:33:27  Mem:           125G         59G         16G        1.1M         48G         64G
2023-07-31 21:33:30  Mem:           125G         60G         16G        1.1M         48G         64G
2023-07-31 21:33:33  Mem:           125G         60G         16G        1.1M         48G         64G
2023-07-31 21:33:36  Mem:           125G         60G         16G        1.1M         48G         64G
2023-07-31 21:33:39  Mem:           125G         60G         16G        1.1M         48G         64G
2023-07-31 21:33:42  Mem:           125G         60G         16G        1.1M         48G         64G
2023-07-31 21:33:45  Mem:           125G         60G         16G        1.1M         48G         64G
2023-07-31 21:33:49  Mem:           125G         60G         16G        1.1M         48G         64G
2023-07-31 21:33:52  Mem:           125G         60G         16G        1.1M         48G         64G
2023-07-31 21:33:55  Mem:           125G         60G         16G        1.1M         48G         64G
2023-07-31 21:33:58  Mem:           125G         60G         16G        1.1M         48G         64G
2023-07-31 21:34:01  Mem:           125G         60G         16G        1.1M         48G         64G
2023-07-31 21:34:04  Mem:           125G         60G         16G        1.1M         48G         63G
2023-07-31 21:34:07  Mem:           125G         60G         16G        1.1M         48G         63G
2023-07-31 21:34:10  Mem:           125G         60G         16G        1.1M         48G         63G
2023-07-31 21:34:13  Mem:           125G         60G         16G        1.1M         48G         63G
2023-07-31 21:34:16  Mem:           125G         60G         16G        1.1M         48G         63G
2023-07-31 21:34:19  Mem:           125G         60G         16G        1.1M         48G         63G
2023-07-31 21:34:22  Mem:           125G         60G         16G        1.1M         48G         63G
2023-07-31 21:34:25  Mem:           125G         60G         16G        1.1M         48G         63G
2023-07-31 21:34:28  Mem:           125G         60G         16G        1.1M         48G         63G
2023-07-31 21:34:31  Mem:           125G         60G         16G        1.1M         48G         63G
2023-07-31 21:34:34  Mem:           125G         60G         16G        1.1M         48G         63G
2023-07-31 21:34:37  Mem:           125G         60G         15G        1.1M         48G         63G
2023-07-31 21:34:40  Mem:           125G         60G         15G        1.1M         48G         63G
2023-07-31 21:34:43  Mem:           125G         60G         15G        1.1M         48G         63G
2023-07-31 21:34:46  Mem:           125G         60G         15G        1.1M         48G         63G
2023-07-31 21:34:49  Mem:           125G         60G         15G        1.1M         48G         63G
2023-07-31 21:34:52  Mem:           125G         60G         15G        1.1M         48G         63G
2023-07-31 21:34:55  Mem:           125G         60G         15G        1.1M         48G         63G
2023-07-31 21:34:58  Mem:           125G         60G         15G        1.1M         48G         63G
2023-07-31 21:35:01  Mem:           125G         60G         15G        1.1M         48G         63G
2023-07-31 21:35:04  Mem:           125G         60G         15G        1.1M         48G         63G
2023-07-31 21:35:07  Mem:           125G         60G         15G        1.1M         48G         63G
2023-07-31 21:35:10  Mem:           125G         60G         15G        1.1M         48G         63G
2023-07-31 21:35:13  Mem:           125G         60G         15G        1.1M         48G         63G
2023-07-31 21:35:16  Mem:           125G         60G         15G        1.1M         48G         63G
2023-07-31 21:35:19  Mem:           125G         60G         15G        1.1M         48G         63G
2023-07-31 21:35:22  Mem:           125G         60G         15G        1.1M         48G         63G
2023-07-31 21:35:25  Mem:           125G         60G         15G        1.1M         48G         63G
2023-07-31 21:35:28  Mem:           125G         60G         15G        1.1M         49G         63G
2023-07-31 21:35:31  Mem:           125G         60G         15G        1.1M         49G         63G
2023-07-31 21:35:34  Mem:           125G         60G         15G        1.1M         49G         63G
2023-07-31 21:35:37  Mem:           125G         60G         15G        1.1M         49G         63G
2023-07-31 21:35:40  Mem:           125G         60G         15G        1.1M         49G         63G
2023-07-31 21:35:43  Mem:           125G         60G         15G        1.1M         49G         63G
2023-07-31 21:35:46  Mem:           125G         60G         15G        1.1M         49G         63G
2023-07-31 21:35:49  Mem:           125G         60G         15G        1.1M         49G         63G
2023-07-31 21:35:52  Mem:           125G         60G         15G        1.1M         49G         63G
2023-07-31 21:35:55  Mem:           125G         60G         15G        1.1M         49G         63G
2023-07-31 21:35:58  Mem:           125G         60G         15G        1.1M         49G         63G
2023-07-31 21:36:01  Mem:           125G         60G         15G        1.1M         49G         63G
2023-07-31 21:36:04  Mem:           125G         60G         15G        1.1M         49G         63G
2023-07-31 21:36:07  Mem:           125G         60G         15G        1.1M         49G         63G
2023-07-31 21:36:10  Mem:           125G         60G         15G        1.1M         49G         63G
2023-07-31 21:36:13  Mem:           125G         60G         15G        1.1M         49G         63G
2023-07-31 21:36:16  Mem:           125G         60G         15G        1.1M         49G         63G
2023-07-31 21:36:19  Mem:           125G         60G         15G        1.1M         49G         63G
2023-07-31 21:36:22  Mem:           125G         60G         14G        1.1M         49G         63G
2023-07-31 21:36:25  Mem:           125G         60G         14G        1.1M         49G         63G
2023-07-31 21:36:28  Mem:           125G         60G         14G        1.1M         49G         63G
2023-07-31 21:36:31  Mem:           125G         60G         14G        1.1M         49G         63G
2023-07-31 21:36:34  Mem:           125G         60G         14G        1.1M         49G         63G
2023-07-31 21:36:37  Mem:           125G         60G         14G        1.1M         49G         63G
2023-07-31 21:36:40  Mem:           125G         61G         14G        1.1M         49G         63G
2023-07-31 21:36:43  Mem:           125G         61G         14G        1.1M         49G         63G
2023-07-31 21:36:46  Mem:           125G         61G         14G        1.1M         49G         63G
2023-07-31 21:36:49  Mem:           125G         61G         14G        1.1M         49G         63G
2023-07-31 21:36:52  Mem:           125G         61G         14G        1.1M         49G         63G
2023-07-31 21:36:55  Mem:           125G         61G         14G        1.1M         49G         63G
2023-07-31 21:36:58  Mem:           125G         61G         14G        1.1M         49G         63G
2023-07-31 21:37:01  Mem:           125G         61G         14G        1.1M         49G         63G
2023-07-31 21:37:04  Mem:           125G         61G         14G        1.1M         49G         63G
2023-07-31 21:37:07  Mem:           125G         61G         14G        1.1M         49G         63G
2023-07-31 21:37:10  Mem:           125G         61G         14G        1.1M         49G         63G
2023-07-31 21:37:13  Mem:           125G         61G         14G        1.1M         49G         63G
2023-07-31 21:37:16  Mem:           125G         61G         14G        1.1M         49G         63G
2023-07-31 21:37:19  Mem:           125G         61G         14G        1.1M         49G         62G
2023-07-31 21:37:22  Mem:           125G         61G         14G        1.1M         49G         62G
2023-07-31 21:37:25  Mem:           125G         61G         14G        1.1M         49G         62G
2023-07-31 21:37:28  Mem:           125G         61G         14G        1.1M         49G         62G
2023-07-31 21:37:31  Mem:           125G         61G         14G        1.1M         49G         62G
2023-07-31 21:37:34  Mem:           125G         61G         14G        1.1M         49G         62G
2023-07-31 21:37:37  Mem:           125G         61G         14G        1.1M         49G         62G
2023-07-31 21:37:40  Mem:           125G         61G         14G        1.1M         49G         62G
2023-07-31 21:37:43  Mem:           125G         61G         14G        1.1M         49G         62G
2023-07-31 21:37:46  Mem:           125G         61G         14G        1.1M         49G         62G
2023-07-31 21:37:49  Mem:           125G         61G         14G        1.1M         49G         62G
2023-07-31 21:37:52  Mem:           125G         61G         14G        1.1M         49G         62G
2023-07-31 21:37:55  Mem:           125G         61G         14G        1.1M         49G         62G
2023-07-31 21:37:58  Mem:           125G         61G         14G        1.1M         49G         62G
2023-07-31 21:38:01  Mem:           125G         61G         14G        1.1M         49G         62G
2023-07-31 21:38:04  Mem:           125G         61G         14G        1.1M         49G         62G
2023-07-31 21:38:07  Mem:           125G         61G         14G        1.1M         49G         62G
2023-07-31 21:38:10  Mem:           125G         61G         14G        1.1M         49G         62G
2023-07-31 21:38:13  Mem:           125G         61G         14G        1.1M         49G         62G
2023-07-31 21:38:16  Mem:           125G         61G         14G        1.1M         49G         62G
2023-07-31 21:38:19  Mem:           125G         61G         13G        1.1M         49G         62G
2023-07-31 21:38:22  Mem:           125G         61G         13G        1.1M         49G         62G
2023-07-31 21:38:25  Mem:           125G         61G         13G        1.1M         49G         62G
2023-07-31 21:38:28  Mem:           125G         61G         13G        1.1M         49G         62G
2023-07-31 21:38:31  Mem:           125G         61G         13G        1.1M         49G         62G
2023-07-31 21:38:34  Mem:           125G         61G         13G        1.1M         49G         62G
2023-07-31 21:38:37  Mem:           125G         61G         13G        1.1M         49G         62G
2023-07-31 21:38:40  Mem:           125G         61G         13G        1.1M         49G         62G
2023-07-31 21:38:43  Mem:           125G         61G         13G        1.1M         49G         62G
2023-07-31 21:38:46  Mem:           125G         61G         13G        1.1M         49G         62G
2023-07-31 21:38:49  Mem:           125G         61G         13G        1.1M         49G         62G
2023-07-31 21:38:52  Mem:           125G         61G         13G        1.1M         49G         62G
2023-07-31 21:38:55  Mem:           125G         61G         13G        1.1M         49G         62G
2023-07-31 21:38:58  Mem:           125G         61G         13G        1.1M         49G         62G
2023-07-31 21:39:01  Mem:           125G         61G         13G        1.1M         49G         62G
2023-07-31 21:39:04  Mem:           125G         61G         13G        1.1M         49G         62G
2023-07-31 21:39:07  Mem:           125G         61G         13G        1.1M         49G         62G
2023-07-31 21:39:10  Mem:           125G         61G         13G        1.1M         49G         62G
2023-07-31 21:39:13  Mem:           125G         61G         13G        1.1M         49G         62G
2023-07-31 21:39:16  Mem:           125G         61G         13G        1.1M         49G         62G
2023-07-31 21:39:19  Mem:           125G         61G         13G        1.1M         49G         62G
2023-07-31 21:39:22  Mem:           125G         61G         13G        1.1M         49G         62G
2023-07-31 21:39:25  Mem:           125G         61G         13G        1.1M         49G         62G
2023-07-31 21:39:28  Mem:           125G         61G         13G        1.1M         49G         62G
2023-07-31 21:39:31  Mem:           125G         61G         13G        1.1M         49G         62G
2023-07-31 21:39:34  Mem:           125G         61G         13G        1.1M         49G         62G
2023-07-31 21:39:37  Mem:           125G         61G         13G        1.1M         49G         62G
2023-07-31 21:39:40  Mem:           125G         61G         13G        1.1M         49G         62G
2023-07-31 21:39:43  Mem:           125G         61G         13G        1.1M         50G         62G
2023-07-31 21:39:46  Mem:           125G         61G         13G        1.1M         50G         62G
2023-07-31 21:39:49  Mem:           125G         61G         13G        1.1M         50G         62G
2023-07-31 21:39:52  Mem:           125G         61G         13G        1.1M         50G         62G
2023-07-31 21:39:55  Mem:           125G         61G         13G        1.1M         50G         62G
2023-07-31 21:39:58  Mem:           125G         61G         13G        1.1M         50G         62G
2023-07-31 21:40:01  Mem:           125G         61G         13G        1.1M         50G         62G
2023-07-31 21:40:04  Mem:           125G         61G         13G        1.1M         50G         62G
2023-07-31 21:40:07  Mem:           125G         61G         13G        1.1M         50G         62G
2023-07-31 21:40:10  Mem:           125G         61G         13G        1.1M         50G         62G
2023-07-31 21:40:14  Mem:           125G         61G         13G        1.1M         50G         62G
2023-07-31 21:40:17  Mem:           125G         61G         13G        1.1M         50G         62G
2023-07-31 21:40:20  Mem:           125G         61G         13G        1.1M         50G         62G
2023-07-31 21:40:23  Mem:           125G         61G         13G        1.1M         50G         62G
2023-07-31 21:40:26  Mem:           125G         62G         12G        1.1M         50G         62G
2023-07-31 21:40:29  Mem:           125G         62G         12G        1.1M         50G         62G
2023-07-31 21:40:32  Mem:           125G         62G         12G        1.1M         50G         62G
2023-07-31 21:40:35  Mem:           125G         62G         12G        1.1M         50G         62G
2023-07-31 21:40:38  Mem:           125G         62G         12G        1.1M         50G         62G
2023-07-31 21:40:41  Mem:           125G         62G         12G        1.1M         50G         62G
2023-07-31 21:40:44  Mem:           125G         62G         12G        1.1M         50G         62G
2023-07-31 21:40:47  Mem:           125G         62G         12G        1.1M         50G         62G
2023-07-31 21:40:50  Mem:           125G         62G         12G        1.1M         50G         62G
2023-07-31 21:40:53  Mem:           125G         62G         12G        1.1M         50G         62G
2023-07-31 21:40:56  Mem:           125G         62G         12G        1.1M         50G         62G
2023-07-31 21:40:59  Mem:           125G         62G         12G        1.1M         50G         62G
2023-07-31 21:41:02  Mem:           125G         62G         12G        1.1M         50G         62G
2023-07-31 21:41:05  Mem:           125G         62G         12G        1.1M         50G         62G
2023-07-31 21:41:08  Mem:           125G         62G         12G        1.1M         50G         62G
2023-07-31 21:41:11  Mem:           125G         62G         12G        1.1M         50G         61G
2023-07-31 21:41:14  Mem:           125G         62G         12G        1.1M         50G         61G
2023-07-31 21:41:17  Mem:           125G         62G         12G        1.1M         50G         61G
2023-07-31 21:41:20  Mem:           125G         62G         12G        1.1M         50G         61G
2023-07-31 21:41:23  Mem:           125G         62G         12G        1.1M         50G         61G
2023-07-31 21:41:26  Mem:           125G         62G         12G        1.1M         50G         61G
2023-07-31 21:41:29  Mem:           125G         62G         12G        1.1M         50G         61G
2023-07-31 21:41:32  Mem:           125G         62G         12G        1.1M         50G         61G
2023-07-31 21:41:35  Mem:           125G         62G         12G        1.1M         50G         61G
2023-07-31 21:41:38  Mem:           125G         62G         12G        1.1M         50G         61G
2023-07-31 21:41:41  Mem:           125G         62G         12G        1.1M         50G         61G
2023-07-31 21:41:44  Mem:           125G         62G         12G        1.1M         50G         61G
2023-07-31 21:41:47  Mem:           125G         62G         12G        1.1M         50G         61G
2023-07-31 21:41:50  Mem:           125G         62G         12G        1.1M         50G         61G
2023-07-31 21:41:53  Mem:           125G         62G         12G        1.1M         50G         61G
2023-07-31 21:41:56  Mem:           125G         62G         12G        1.1M         50G         61G
2023-07-31 21:41:59  Mem:           125G         62G         12G        1.1M         50G         61G
2023-07-31 21:42:02  Mem:           125G         62G         12G        1.1M         50G         61G
2023-07-31 21:42:05  Mem:           125G         62G         12G        1.1M         50G         61G
2023-07-31 21:42:08  Mem:           125G         62G         12G        1.1M         50G         61G
2023-07-31 21:42:11  Mem:           125G         62G         12G        1.1M         50G         61G
2023-07-31 21:42:14  Mem:           125G         62G         12G        1.1M         50G         61G
2023-07-31 21:42:17  Mem:           125G         62G         12G        1.1M         50G         61G
2023-07-31 21:42:20  Mem:           125G         62G         12G        1.1M         50G         61G
2023-07-31 21:42:23  Mem:           125G         62G         12G        1.1M         50G         61G
2023-07-31 21:42:26  Mem:           125G         62G         12G        1.1M         50G         61G
2023-07-31 21:42:29  Mem:           125G         62G         12G        1.1M         50G         61G
2023-07-31 21:42:32  Mem:           125G         62G         12G        1.1M         50G         61G
2023-07-31 21:42:35  Mem:           125G         62G         12G        1.1M         50G         61G
2023-07-31 21:42:38  Mem:           125G         62G         12G        1.1M         50G         61G
2023-07-31 21:42:41  Mem:           125G         62G         12G        1.1M         50G         61G
2023-07-31 21:42:44  Mem:           125G         62G         12G        1.1M         50G         61G
2023-07-31 21:42:47  Mem:           125G         62G         11G        1.1M         50G         61G
2023-07-31 21:42:50  Mem:           125G         62G         11G        1.1M         50G         61G
2023-07-31 21:42:53  Mem:           125G         62G         11G        1.1M         50G         61G
2023-07-31 21:42:56  Mem:           125G         62G         11G        1.1M         50G         61G
2023-07-31 21:42:59  Mem:           125G         62G         11G        1.1M         50G         61G
2023-07-31 21:43:02  Mem:           125G         62G         11G        1.1M         50G         61G
2023-07-31 21:43:05  Mem:           125G         62G         11G        1.1M         50G         61G
2023-07-31 21:43:08  Mem:           125G         62G         11G        1.1M         50G         61G
2023-07-31 21:43:11  Mem:           125G         62G         11G        1.1M         50G         61G
2023-07-31 21:43:14  Mem:           125G         62G         11G        1.1M         50G         61G
2023-07-31 21:43:17  Mem:           125G         62G         11G        1.1M         50G         61G
2023-07-31 21:43:20  Mem:           125G         62G         11G        1.1M         50G         61G
2023-07-31 21:43:23  Mem:           125G         62G         11G        1.1M         50G         61G
2023-07-31 21:43:26  Mem:           125G         62G         11G        1.1M         50G         61G
2023-07-31 21:43:29  Mem:           125G         62G         11G        1.1M         50G         61G
2023-07-31 21:43:32  Mem:           125G         62G         11G        1.1M         50G         61G
2023-07-31 21:43:35  Mem:           125G         62G         11G        1.1M         50G         61G
2023-07-31 21:43:38  Mem:           125G         62G         11G        1.1M         50G         61G
2023-07-31 21:43:41  Mem:           125G         62G         11G        1.1M         50G         61G
2023-07-31 21:43:44  Mem:           125G         62G         11G        1.1M         50G         61G
2023-07-31 21:43:47  Mem:           125G         62G         11G        1.1M         50G         61G
2023-07-31 21:43:50  Mem:           125G         62G         11G        1.1M         50G         61G
2023-07-31 21:43:53  Mem:           125G         62G         11G        1.1M         50G         61G
2023-07-31 21:43:56  Mem:           125G         62G         11G        1.1M         50G         61G
2023-07-31 21:43:59  Mem:           125G         62G         11G        1.1M         50G         61G
2023-07-31 21:44:02  Mem:           125G         62G         11G        1.1M         50G         61G
2023-07-31 21:44:05  Mem:           125G         62G         11G        1.1M         50G         61G
2023-07-31 21:44:08  Mem:           125G         62G         11G        1.1M         50G         61G
2023-07-31 21:44:11  Mem:           125G         62G         11G        1.1M         50G         61G
2023-07-31 21:44:14  Mem:           125G         62G         11G        1.1M         50G         61G
2023-07-31 21:44:17  Mem:           125G         62G         11G        1.1M         50G         61G
2023-07-31 21:44:20  Mem:           125G         62G         11G        1.1M         50G         61G
2023-07-31 21:44:23  Mem:           125G         62G         11G        1.1M         50G         61G
2023-07-31 21:44:26  Mem:           125G         62G         11G        1.1M         50G         61G
2023-07-31 21:44:29  Mem:           125G         62G         11G        1.1M         50G         61G
2023-07-31 21:44:32  Mem:           125G         62G         11G        1.1M         50G         61G
2023-07-31 21:44:35  Mem:           125G         62G         11G        1.1M         50G         61G
2023-07-31 21:44:38  Mem:           125G         62G         11G        1.1M         50G         61G
2023-07-31 21:44:41  Mem:           125G         62G         11G        1.1M         50G         61G
2023-07-31 21:44:44  Mem:           125G         62G         11G        1.1M         50G         61G
2023-07-31 21:44:47  Mem:           125G         62G         11G        1.1M         50G         61G
2023-07-31 21:44:50  Mem:           125G         62G         11G        1.1M         50G         61G
2023-07-31 21:44:53  Mem:           125G         62G         11G        1.1M         50G         61G
2023-07-31 21:44:56  Mem:           125G         62G         11G        1.1M         50G         61G
2023-07-31 21:44:59  Mem:           125G         63G         11G        1.1M         50G         61G
2023-07-31 21:45:02  Mem:           125G         63G         11G        1.1M         50G         61G
2023-07-31 21:45:05  Mem:           125G         63G         11G        1.1M         51G         61G
2023-07-31 21:45:08  Mem:           125G         63G         11G        1.1M         51G         61G
2023-07-31 21:45:11  Mem:           125G         63G         11G        1.1M         51G         61G
2023-07-31 21:45:14  Mem:           125G         63G         11G        1.1M         51G         61G
2023-07-31 21:45:17  Mem:           125G         63G         11G        1.1M         51G         61G
2023-07-31 21:45:20  Mem:           125G         63G         11G        1.1M         51G         61G
2023-07-31 21:45:23  Mem:           125G         63G         11G        1.1M         51G         61G
2023-07-31 21:45:26  Mem:           125G         63G         10G        1.1M         51G         61G
2023-07-31 21:45:29  Mem:           125G         63G         10G        1.1M         51G         61G
2023-07-31 21:45:32  Mem:           125G         63G         10G        1.1M         51G         61G
2023-07-31 21:45:35  Mem:           125G         63G         10G        1.1M         51G         61G
2023-07-31 21:45:38  Mem:           125G         63G         10G        1.1M         51G         61G
2023-07-31 21:45:41  Mem:           125G         63G         10G        1.1M         51G         61G
2023-07-31 21:45:44  Mem:           125G         63G         10G        1.1M         51G         61G
2023-07-31 21:45:47  Mem:           125G         63G         10G        1.1M         51G         61G
2023-07-31 21:45:50  Mem:           125G         63G         10G        1.1M         51G         61G
2023-07-31 21:45:53  Mem:           125G         63G         10G        1.1M         51G         60G
2023-07-31 21:45:56  Mem:           125G         63G         10G        1.1M         51G         60G
2023-07-31 21:45:59  Mem:           125G         63G         10G        1.1M         51G         60G
2023-07-31 21:46:02  Mem:           125G         63G         10G        1.1M         51G         60G
2023-07-31 21:46:05  Mem:           125G         63G         10G        1.1M         51G         60G
2023-07-31 21:46:08  Mem:           125G         63G         10G        1.1M         51G         60G
2023-07-31 21:46:11  Mem:           125G         63G         10G        1.1M         51G         60G
2023-07-31 21:46:14  Mem:           125G         63G         10G        1.1M         51G         60G
2023-07-31 21:46:17  Mem:           125G         63G         10G        1.1M         51G         60G
2023-07-31 21:46:20  Mem:           125G         63G         10G        1.1M         51G         60G
2023-07-31 21:46:23  Mem:           125G         63G         10G        1.1M         51G         60G
2023-07-31 21:46:26  Mem:           125G         63G         10G        1.1M         51G         60G
2023-07-31 21:46:29  Mem:           125G         63G         10G        1.1M         51G         60G
2023-07-31 21:46:32  Mem:           125G         63G         10G        1.1M         51G         60G
2023-07-31 21:46:35  Mem:           125G         63G         10G        1.1M         51G         60G
2023-07-31 21:46:38  Mem:           125G         63G         10G        1.1M         51G         60G
2023-07-31 21:46:41  Mem:           125G         63G         10G        1.1M         51G         60G
2023-07-31 21:46:44  Mem:           125G         63G         10G        1.1M         51G         60G
2023-07-31 21:46:47  Mem:           125G         63G         10G        1.1M         51G         60G
2023-07-31 21:46:51  Mem:           125G         63G         10G        1.1M         51G         60G
2023-07-31 21:46:54  Mem:           125G         63G         10G        1.1M         51G         60G
2023-07-31 21:46:57  Mem:           125G         63G         10G        1.1M         51G         60G
2023-07-31 21:47:00  Mem:           125G         63G         10G        1.1M         51G         60G
2023-07-31 21:47:03  Mem:           125G         63G         10G        1.1M         51G         60G
2023-07-31 21:47:06  Mem:           125G         63G         10G        1.1M         51G         60G
2023-07-31 21:47:09  Mem:           125G         63G         10G        1.1M         51G         60G
2023-07-31 21:47:12  Mem:           125G         63G         10G        1.1M         51G         60G
2023-07-31 21:47:15  Mem:           125G         63G         10G        1.1M         51G         60G
2023-07-31 21:47:18  Mem:           125G         63G         10G        1.1M         51G         60G
2023-07-31 21:47:21  Mem:           125G         63G         10G        1.1M         51G         60G
2023-07-31 21:47:24  Mem:           125G         63G         10G        1.1M         51G         60G
2023-07-31 21:47:27  Mem:           125G         63G         10G        1.1M         51G         60G
2023-07-31 21:47:30  Mem:           125G         63G         10G        1.1M         51G         60G
2023-07-31 21:47:33  Mem:           125G         63G         10G        1.1M         51G         60G
2023-07-31 21:47:36  Mem:           125G         63G         10G        1.1M         51G         60G
2023-07-31 21:47:39  Mem:           125G         63G         10G        1.1M         51G         60G
2023-07-31 21:47:42  Mem:           125G         63G         10G        1.1M         51G         60G
2023-07-31 21:47:45  Mem:           125G         63G         10G        1.1M         51G         60G
2023-07-31 21:47:48  Mem:           125G         63G         10G        1.1M         51G         60G
2023-07-31 21:47:51  Mem:           125G         63G         10G        1.1M         51G         60G
2023-07-31 21:47:54  Mem:           125G         63G         10G        1.1M         51G         60G
2023-07-31 21:47:57  Mem:           125G         63G         10G        1.1M         51G         60G
2023-07-31 21:48:00  Mem:           125G         63G         10G        1.1M         51G         60G
2023-07-31 21:48:03  Mem:           125G         63G         10G        1.1M         51G         60G
2023-07-31 21:48:06  Mem:           125G         63G         10G        1.1M         51G         60G
2023-07-31 21:48:09  Mem:           125G         63G         10G        1.1M         51G         60G
2023-07-31 21:48:12  Mem:           125G         63G         10G        1.1M         51G         60G
2023-07-31 21:48:15  Mem:           125G         63G         10G        1.1M         51G         60G
2023-07-31 21:48:18  Mem:           125G         63G         10G        1.1M         51G         60G
2023-07-31 21:48:21  Mem:           125G         63G          9G        1.1M         51G         60G
2023-07-31 21:48:24  Mem:           125G         63G          9G        1.1M         51G         60G
2023-07-31 21:48:27  Mem:           125G         63G          9G        1.1M         51G         60G
2023-07-31 21:48:30  Mem:           125G         63G        9.9G        1.1M         51G         60G
2023-07-31 21:48:33  Mem:           125G         63G        9.9G        1.1M         51G         60G
2023-07-31 21:48:36  Mem:           125G         63G        9.9G        1.1M         51G         60G
2023-07-31 21:48:39  Mem:           125G         63G        9.9G        1.1M         51G         60G
2023-07-31 21:48:42  Mem:           125G         63G        9.9G        1.1M         51G         60G
2023-07-31 21:48:45  Mem:           125G         63G        9.9G        1.1M         51G         60G
2023-07-31 21:48:48  Mem:           125G         63G        9.8G        1.1M         51G         60G
2023-07-31 21:48:51  Mem:           125G         63G        9.8G        1.1M         51G         60G
2023-07-31 21:48:54  Mem:           125G         63G        9.8G        1.1M         51G         60G
2023-07-31 21:48:57  Mem:           125G         63G        9.8G        1.1M         51G         60G
2023-07-31 21:49:00  Mem:           125G         63G        9.8G        1.1M         51G         60G
2023-07-31 21:49:03  Mem:           125G         63G        9.8G        1.1M         51G         60G
2023-07-31 21:49:06  Mem:           125G         63G        9.7G        1.1M         51G         60G
2023-07-31 21:49:09  Mem:           125G         63G        9.7G        1.1M         51G         60G
2023-07-31 21:49:12  Mem:           125G         63G        9.7G        1.1M         51G         60G
2023-07-31 21:49:15  Mem:           125G         63G        9.7G        1.1M         51G         60G
2023-07-31 21:49:18  Mem:           125G         63G        9.7G        1.1M         51G         60G
2023-07-31 21:49:21  Mem:           125G         63G        9.7G        1.1M         51G         60G
2023-07-31 21:49:24  Mem:           125G         63G        9.7G        1.1M         51G         60G
2023-07-31 21:49:27  Mem:           125G         63G        9.6G        1.1M         51G         60G
2023-07-31 21:49:30  Mem:           125G         63G        9.6G        1.1M         51G         60G
2023-07-31 21:49:33  Mem:           125G         63G        9.6G        1.1M         51G         60G
2023-07-31 21:49:36  Mem:           125G         63G        9.6G        1.1M         51G         60G
2023-07-31 21:49:39  Mem:           125G         63G        9.6G        1.1M         51G         60G
2023-07-31 21:49:42  Mem:           125G         63G        9.6G        1.1M         51G         60G
2023-07-31 21:49:45  Mem:           125G         63G        9.6G        1.1M         51G         60G
2023-07-31 21:49:48  Mem:           125G         63G        9.5G        1.1M         51G         60G
2023-07-31 21:49:51  Mem:           125G         63G        9.5G        1.1M         51G         60G
2023-07-31 21:49:54  Mem:           125G         63G        9.5G        1.1M         51G         60G
2023-07-31 21:49:57  Mem:           125G         63G        9.5G        1.1M         51G         60G
2023-07-31 21:50:00  Mem:           125G         63G        9.5G        1.1M         51G         60G
2023-07-31 21:50:03  Mem:           125G         63G        9.5G        1.1M         51G         60G
2023-07-31 21:50:06  Mem:           125G         63G        9.4G        1.1M         51G         60G
2023-07-31 21:50:09  Mem:           125G         63G        9.4G        1.1M         51G         60G
2023-07-31 21:50:12  Mem:           125G         63G        9.4G        1.1M         51G         60G
2023-07-31 21:50:15  Mem:           125G         63G        9.4G        1.1M         51G         60G
2023-07-31 21:50:18  Mem:           125G         63G        9.4G        1.1M         51G         60G
2023-07-31 21:50:21  Mem:           125G         63G        9.4G        1.1M         51G         60G
2023-07-31 21:50:24  Mem:           125G         63G        9.4G        1.1M         51G         60G
2023-07-31 21:50:27  Mem:           125G         63G        9.3G        1.1M         51G         60G
2023-07-31 21:50:30  Mem:           125G         63G        9.3G        1.1M         51G         60G
2023-07-31 21:50:33  Mem:           125G         64G        9.3G        1.1M         51G         60G
2023-07-31 21:50:36  Mem:           125G         64G        9.3G        1.1M         51G         60G
2023-07-31 21:50:39  Mem:           125G         64G        9.3G        1.1M         51G         60G
2023-07-31 21:50:42  Mem:           125G         64G        9.3G        1.1M         51G         60G
2023-07-31 21:50:45  Mem:           125G         64G        9.2G        1.1M         51G         60G
2023-07-31 21:50:48  Mem:           125G         64G        9.2G        1.1M         51G         60G
2023-07-31 21:50:51  Mem:           125G         64G        9.2G        1.1M         51G         60G
2023-07-31 21:50:54  Mem:           125G         64G        9.2G        1.1M         51G         60G
2023-07-31 21:50:57  Mem:           125G         64G        9.2G        1.1M         51G         60G
2023-07-31 21:51:00  Mem:           125G         64G        9.2G        1.1M         51G         60G
2023-07-31 21:51:03  Mem:           125G         64G        9.2G        1.1M         51G         60G
2023-07-31 21:51:06  Mem:           125G         64G        9.1G        1.1M         51G         60G
2023-07-31 21:51:09  Mem:           125G         64G        9.1G        1.1M         51G         60G
2023-07-31 21:51:12  Mem:           125G         64G        9.1G        1.1M         51G         60G
2023-07-31 21:51:15  Mem:           125G         64G        9.1G        1.1M         51G         60G
2023-07-31 21:51:18  Mem:           125G         64G        9.1G        1.1M         51G         60G
2023-07-31 21:51:21  Mem:           125G         64G        9.1G        1.1M         51G         60G
2023-07-31 21:51:24  Mem:           125G         64G        9.1G        1.1M         51G         60G
2023-07-31 21:51:27  Mem:           125G         64G        9.0G        1.1M         51G         60G
2023-07-31 21:51:30  Mem:           125G         64G        9.0G        1.1M         51G         60G
2023-07-31 21:51:33  Mem:           125G         64G        9.0G        1.1M         51G         60G
2023-07-31 21:51:36  Mem:           125G         64G        9.0G        1.1M         51G         60G
2023-07-31 21:51:39  Mem:           125G         64G        9.0G        1.1M         51G         60G
2023-07-31 21:51:42  Mem:           125G         64G        9.0G        1.1M         51G         59G
2023-07-31 21:51:45  Mem:           125G         64G        9.0G        1.1M         51G         59G
2023-07-31 21:51:48  Mem:           125G         64G        8.9G        1.1M         52G         59G
2023-07-31 21:51:51  Mem:           125G         64G        8.9G        1.1M         52G         59G
2023-07-31 21:51:54  Mem:           125G         64G        8.9G        1.1M         52G         59G
2023-07-31 21:51:57  Mem:           125G         64G        8.9G        1.1M         52G         59G
2023-07-31 21:52:00  Mem:           125G         64G        8.9G        1.1M         52G         59G
2023-07-31 21:52:03  Mem:           125G         64G        8.9G        1.1M         52G         59G
2023-07-31 21:52:06  Mem:           125G         64G        8.9G        1.1M         52G         59G
2023-07-31 21:52:09  Mem:           125G         64G        8.8G        1.1M         52G         59G
2023-07-31 21:52:12  Mem:           125G         64G        8.8G        1.1M         52G         59G
2023-07-31 21:52:15  Mem:           125G         64G        8.8G        1.1M         52G         59G
2023-07-31 21:52:18  Mem:           125G         64G        8.8G        1.1M         52G         59G
2023-07-31 21:52:21  Mem:           125G         64G        8.8G        1.1M         52G         59G
2023-07-31 21:52:24  Mem:           125G         64G        8.8G        1.1M         52G         59G
2023-07-31 21:52:27  Mem:           125G         64G        8.8G        1.1M         52G         59G
2023-07-31 21:52:30  Mem:           125G         64G        8.7G        1.1M         52G         59G
2023-07-31 21:52:33  Mem:           125G         64G        8.7G        1.1M         52G         59G
2023-07-31 21:52:36  Mem:           125G         64G        8.7G        1.1M         52G         59G
2023-07-31 21:52:39  Mem:           125G         64G        8.7G        1.1M         52G         59G
2023-07-31 21:52:42  Mem:           125G         64G        8.7G        1.1M         52G         59G
2023-07-31 21:52:45  Mem:           125G         64G        8.7G        1.1M         52G         59G
2023-07-31 21:52:48  Mem:           125G         64G        8.7G        1.1M         52G         59G
2023-07-31 21:52:51  Mem:           125G         64G        8.6G        1.1M         52G         59G
2023-07-31 21:52:54  Mem:           125G         64G        8.6G        1.1M         52G         59G
2023-07-31 21:52:57  Mem:           125G         64G        8.6G        1.1M         52G         59G
2023-07-31 21:53:00  Mem:           125G         64G        8.6G        1.1M         52G         59G
2023-07-31 21:53:03  Mem:           125G         64G        8.6G        1.1M         52G         59G
2023-07-31 21:53:06  Mem:           125G         64G        8.6G        1.1M         52G         59G
2023-07-31 21:53:09  Mem:           125G         64G        8.6G        1.1M         52G         59G
2023-07-31 21:53:12  Mem:           125G         64G        8.6G        1.1M         52G         59G
2023-07-31 21:53:15  Mem:           125G         64G        8.5G        1.1M         52G         59G
2023-07-31 21:53:18  Mem:           125G         64G        8.5G        1.1M         52G         59G
2023-07-31 21:53:21  Mem:           125G         64G        8.5G        1.1M         52G         59G
2023-07-31 21:53:25  Mem:           125G         64G        8.5G        1.1M         52G         59G
2023-07-31 21:53:28  Mem:           125G         64G        8.5G        1.1M         52G         59G
2023-07-31 21:53:31  Mem:           125G         64G        8.5G        1.1M         52G         59G
2023-07-31 21:53:34  Mem:           125G         64G        8.5G        1.1M         52G         59G
2023-07-31 21:53:37  Mem:           125G         64G        8.4G        1.1M         52G         59G
2023-07-31 21:53:40  Mem:           125G         64G        8.4G        1.1M         52G         59G
2023-07-31 21:53:43  Mem:           125G         64G        8.4G        1.1M         52G         59G
2023-07-31 21:53:46  Mem:           125G         64G        8.4G        1.1M         52G         59G
2023-07-31 21:53:49  Mem:           125G         64G        8.4G        1.1M         52G         59G
2023-07-31 21:53:52  Mem:           125G         64G        8.4G        1.1M         52G         59G
2023-07-31 21:53:55  Mem:           125G         64G        8.4G        1.1M         52G         59G
2023-07-31 21:53:58  Mem:           125G         64G        8.4G        1.1M         52G         59G
2023-07-31 21:54:01  Mem:           125G         64G        8.3G        1.1M         52G         59G
2023-07-31 21:54:04  Mem:           125G         64G        8.3G        1.1M         52G         59G
2023-07-31 21:54:07  Mem:           125G         64G        8.3G        1.1M         52G         59G
2023-07-31 21:54:10  Mem:           125G         64G        8.3G        1.1M         52G         59G
2023-07-31 21:54:13  Mem:           125G         64G        8.3G        1.1M         52G         59G
2023-07-31 21:54:16  Mem:           125G         64G        8.3G        1.1M         52G         59G
2023-07-31 21:54:19  Mem:           125G         64G        8.3G        1.1M         52G         59G
2023-07-31 21:54:22  Mem:           125G         64G        8.2G        1.1M         52G         59G
2023-07-31 21:54:25  Mem:           125G         64G        8.2G        1.1M         52G         59G
2023-07-31 21:54:28  Mem:           125G         64G        8.2G        1.1M         52G         59G
2023-07-31 21:54:31  Mem:           125G         64G        8.2G        1.1M         52G         59G
2023-07-31 21:54:34  Mem:           125G         64G        8.2G        1.1M         52G         59G
