time               total        used        free      shared  buff/cache   available
2023-08-01 15:18:16  Mem:           125G         12G        107G        1.1M        5.6G        111G
2023-08-01 15:18:19  Mem:           125G         12G        106G        1.1M        5.6G        111G
2023-08-01 15:18:22  Mem:           125G         12G        106G        1.1M        5.6G        111G
2023-08-01 15:18:25  Mem:           125G         13G        106G        1.1M        5.6G        111G
2023-08-01 15:18:28  Mem:           125G         13G        106G        1.1M        5.6G        110G
2023-08-01 15:18:31  Mem:           125G         13G        106G        1.1M        5.6G        110G
2023-08-01 15:18:34  Mem:           125G         13G        105G        1.1M        5.6G        110G
2023-08-01 15:18:37  Mem:           125G         13G        105G        1.1M        5.6G        110G
2023-08-01 15:18:40  Mem:           125G         13G        105G        1.1M        5.7G        110G
2023-08-01 15:18:43  Mem:           125G         13G        105G        1.1M        5.7G        110G
2023-08-01 15:18:47  Mem:           125G         13G        105G        1.1M        5.7G        110G
2023-08-01 15:18:50  Mem:           125G         13G        105G        1.1M        5.8G        110G
2023-08-01 15:18:53  Mem:           125G         13G        105G        1.1M        5.8G        110G
2023-08-01 15:18:56  Mem:           125G         13G        105G        1.1M        5.8G        110G
2023-08-01 15:18:59  Mem:           125G         13G        105G        1.1M        5.9G        110G
2023-08-01 15:19:02  Mem:           125G         13G        105G        1.1M        5.9G        110G
2023-08-01 15:19:05  Mem:           125G         13G        105G        1.1M        5.9G        110G
2023-08-01 15:19:08  Mem:           125G         14G        105G        1.1M        6.0G        110G
2023-08-01 15:19:11  Mem:           125G         14G        105G        1.1M        6.0G        110G
2023-08-01 15:19:14  Mem:           125G         14G        105G        1.1M        6.0G        110G
2023-08-01 15:19:17  Mem:           125G         14G        104G        1.1M        6.1G        110G
2023-08-01 15:19:20  Mem:           125G         14G        104G        1.1M        6.1G        110G
2023-08-01 15:19:23  Mem:           125G         14G        104G        1.1M        6.1G        110G
2023-08-01 15:19:26  Mem:           125G         14G        104G        1.1M        6.2G        110G
2023-08-01 15:19:29  Mem:           125G         14G        104G        1.1M        6.2G        109G
2023-08-01 15:19:32  Mem:           125G         14G        104G        1.1M        6.3G        109G
2023-08-01 15:19:35  Mem:           125G         14G        104G        1.1M        6.3G        109G
2023-08-01 15:19:38  Mem:           125G         14G        104G        1.1M        6.3G        109G
2023-08-01 15:19:41  Mem:           125G         14G        104G        1.1M        6.4G        109G
2023-08-01 15:19:44  Mem:           125G         14G        104G        1.1M        6.4G        109G
2023-08-01 15:19:47  Mem:           125G         14G        104G        1.1M        6.4G        109G
2023-08-01 15:19:50  Mem:           125G         14G        104G        1.1M        6.5G        109G
2023-08-01 15:19:53  Mem:           125G         14G        104G        1.1M        6.5G        109G
2023-08-01 15:19:56  Mem:           125G         14G        104G        1.1M        6.5G        109G
2023-08-01 15:19:59  Mem:           125G         14G        103G        1.1M        6.6G        109G
2023-08-01 15:20:02  Mem:           125G         14G        103G        1.1M        6.6G        109G
2023-08-01 15:20:05  Mem:           125G         14G        103G        1.1M        6.6G        109G
2023-08-01 15:20:08  Mem:           125G         14G        103G        1.1M        6.6G        109G
2023-08-01 15:20:11  Mem:           125G         14G        103G        1.1M        6.7G        109G
2023-08-01 15:20:14  Mem:           125G         14G        103G        1.1M        6.7G        109G
2023-08-01 15:20:17  Mem:           125G         14G        103G        1.1M        6.7G        109G
2023-08-01 15:20:20  Mem:           125G         14G        103G        1.1M        6.8G        109G
2023-08-01 15:20:23  Mem:           125G         14G        103G        1.1M        6.8G        109G
2023-08-01 15:20:26  Mem:           125G         14G        103G        1.1M        6.8G        109G
2023-08-01 15:20:29  Mem:           125G         14G        103G        1.1M        6.8G        109G
2023-08-01 15:20:32  Mem:           125G         14G        103G        1.1M        6.9G        109G
2023-08-01 15:20:35  Mem:           125G         14G        103G        1.1M        6.9G        109G
2023-08-01 15:20:38  Mem:           125G         15G        103G        1.1M        6.9G        109G
2023-08-01 15:20:41  Mem:           125G         15G        103G        1.1M        7.0G        109G
2023-08-01 15:20:44  Mem:           125G         15G        103G        1.1M        7.0G        109G
2023-08-01 15:20:47  Mem:           125G         15G        103G        1.1M        7.0G        109G
2023-08-01 15:20:50  Mem:           125G         15G        102G        1.1M        7.0G        109G
2023-08-01 15:20:53  Mem:           125G         15G        102G        1.1M        7.1G        109G
2023-08-01 15:20:56  Mem:           125G         15G        102G        1.1M        7.1G        109G
2023-08-01 15:20:59  Mem:           125G         15G        102G        1.1M        7.1G        109G
2023-08-01 15:21:02  Mem:           125G         15G        102G        1.1M        7.2G        109G
2023-08-01 15:21:05  Mem:           125G         15G        102G        1.1M        7.2G        108G
2023-08-01 15:21:08  Mem:           125G         15G        102G        1.1M        7.2G        108G
2023-08-01 15:21:11  Mem:           125G         15G        102G        1.1M        7.2G        108G
2023-08-01 15:21:14  Mem:           125G         15G        102G        1.1M        7.3G        108G
2023-08-01 15:21:17  Mem:           125G         15G        102G        1.1M        7.3G        108G
2023-08-01 15:21:20  Mem:           125G         15G        102G        1.1M        7.3G        108G
2023-08-01 15:21:23  Mem:           125G         15G        102G        1.1M        7.3G        108G
2023-08-01 15:21:26  Mem:           125G         15G        102G        1.1M        7.4G        108G
2023-08-01 15:21:29  Mem:           125G         15G        102G        1.1M        7.4G        108G
2023-08-01 15:21:32  Mem:           125G         15G        102G        1.1M        7.4G        108G
2023-08-01 15:21:35  Mem:           125G         15G        102G        1.1M        7.4G        108G
2023-08-01 15:21:38  Mem:           125G         15G        102G        1.1M        7.5G        108G
2023-08-01 15:21:41  Mem:           125G         15G        102G        1.1M        7.5G        108G
2023-08-01 15:21:44  Mem:           125G         15G        102G        1.1M        7.5G        108G
2023-08-01 15:21:47  Mem:           125G         15G        102G        1.1M        7.6G        108G
2023-08-01 15:21:50  Mem:           125G         15G        101G        1.1M        7.6G        108G
2023-08-01 15:21:53  Mem:           125G         15G        101G        1.1M        7.6G        108G
2023-08-01 15:21:56  Mem:           125G         15G        101G        1.1M        7.6G        108G
2023-08-01 15:21:59  Mem:           125G         15G        101G        1.1M        7.7G        108G
2023-08-01 15:22:02  Mem:           125G         15G        101G        1.1M        7.7G        108G
2023-08-01 15:22:05  Mem:           125G         15G        101G        1.1M        7.7G        108G
2023-08-01 15:22:08  Mem:           125G         15G        101G        1.1M        7.8G        108G
2023-08-01 15:22:11  Mem:           125G         15G        101G        1.1M        7.8G        108G
2023-08-01 15:22:14  Mem:           125G         15G        101G        1.1M        7.8G        108G
2023-08-01 15:22:17  Mem:           125G         15G        101G        1.1M        7.8G        108G
2023-08-01 15:22:20  Mem:           125G         15G        101G        1.1M        7.9G        108G
2023-08-01 15:22:23  Mem:           125G         15G        101G        1.1M        7.9G        108G
2023-08-01 15:22:26  Mem:           125G         15G        101G        1.1M        7.9G        108G
2023-08-01 15:22:29  Mem:           125G         15G        101G        1.1M        7.9G        108G
2023-08-01 15:22:32  Mem:           125G         15G        101G        1.1M        8.0G        108G
2023-08-01 15:22:35  Mem:           125G         15G        101G        1.1M        8.0G        108G
2023-08-01 15:22:38  Mem:           125G         15G        101G        1.1M        8.0G        108G
2023-08-01 15:22:41  Mem:           125G         16G        101G        1.1M        8.1G        108G
2023-08-01 15:22:44  Mem:           125G         16G        101G        1.1M        8.1G        108G
2023-08-01 15:22:47  Mem:           125G         16G        100G        1.1M        8.1G        108G
2023-08-01 15:22:50  Mem:           125G         16G        100G        1.1M        8.2G        108G
2023-08-01 15:22:53  Mem:           125G         16G        100G        1.1M        8.2G        108G
2023-08-01 15:22:56  Mem:           125G         16G        100G        1.1M        8.2G        108G
2023-08-01 15:22:59  Mem:           125G         16G        100G        1.1M        8.2G        108G
2023-08-01 15:23:02  Mem:           125G         16G        100G        1.1M        8.3G        108G
2023-08-01 15:23:05  Mem:           125G         16G        100G        1.1M        8.3G        108G
2023-08-01 15:23:08  Mem:           125G         16G        100G        1.1M        8.3G        107G
2023-08-01 15:23:11  Mem:           125G         16G        100G        1.1M        8.3G        107G
2023-08-01 15:23:14  Mem:           125G         16G        100G        1.1M        8.4G        107G
2023-08-01 15:23:17  Mem:           125G         16G        100G        1.1M        8.4G        107G
2023-08-01 15:23:21  Mem:           125G         16G        100G        1.1M        8.4G        107G
2023-08-01 15:23:24  Mem:           125G         16G        100G        1.1M        8.5G        107G
2023-08-01 15:23:27  Mem:           125G         16G        100G        1.1M        8.5G        107G
2023-08-01 15:23:30  Mem:           125G         16G        100G        1.1M        8.5G        107G
2023-08-01 15:23:33  Mem:           125G         16G        100G        1.1M        8.5G        107G
2023-08-01 15:23:36  Mem:           125G         16G        100G        1.1M        8.6G        107G
2023-08-01 15:23:39  Mem:           125G         16G        100G        1.1M        8.6G        107G
2023-08-01 15:23:42  Mem:           125G         16G        100G        1.1M        8.6G        107G
2023-08-01 15:23:45  Mem:           125G         16G         99G        1.1M        8.7G        107G
2023-08-01 15:23:48  Mem:           125G         16G         99G        1.1M        8.7G        107G
2023-08-01 15:23:51  Mem:           125G         16G         99G        1.1M        8.7G        107G
2023-08-01 15:23:54  Mem:           125G         16G         99G        1.1M        8.8G        107G
2023-08-01 15:23:57  Mem:           125G         16G         99G        1.1M        8.8G        107G
2023-08-01 15:24:00  Mem:           125G         16G         99G        1.1M        8.8G        107G
2023-08-01 15:24:03  Mem:           125G         16G         99G        1.1M        8.8G        107G
2023-08-01 15:24:06  Mem:           125G         16G         99G        1.1M        8.9G        107G
2023-08-01 15:24:09  Mem:           125G         16G         99G        1.1M        8.9G        107G
2023-08-01 15:24:12  Mem:           125G         16G         99G        1.1M        8.9G        107G
2023-08-01 15:24:15  Mem:           125G         16G         99G        1.1M        8.9G        107G
2023-08-01 15:24:18  Mem:           125G         16G         99G        1.1M        9.0G        107G
2023-08-01 15:24:21  Mem:           125G         16G         99G        1.1M        9.0G        107G
2023-08-01 15:24:24  Mem:           125G         16G         99G        1.1M        9.0G        107G
2023-08-01 15:24:27  Mem:           125G         16G         99G        1.1M        9.1G        107G
2023-08-01 15:24:30  Mem:           125G         16G         99G        1.1M        9.1G        107G
2023-08-01 15:24:33  Mem:           125G         16G         99G        1.1M        9.1G        107G
2023-08-01 15:24:36  Mem:           125G         16G         99G        1.1M        9.2G        107G
2023-08-01 15:24:39  Mem:           125G         16G         99G        1.1M        9.2G        107G
2023-08-01 15:24:42  Mem:           125G         16G         98G        1.1M        9.2G        107G
2023-08-01 15:24:45  Mem:           125G         16G         98G        1.1M        9.2G        107G
2023-08-01 15:24:48  Mem:           125G         17G         98G        1.1M        9.3G        107G
2023-08-01 15:24:51  Mem:           125G         17G         98G        1.1M        9.3G        107G
2023-08-01 15:24:54  Mem:           125G         17G         98G        1.1M        9.3G        107G
2023-08-01 15:24:57  Mem:           125G         17G         98G        1.1M        9.4G        107G
2023-08-01 15:25:00  Mem:           125G         17G         98G        1.1M        9.4G        107G
2023-08-01 15:25:03  Mem:           125G         17G         98G        1.1M        9.4G        107G
2023-08-01 15:25:06  Mem:           125G         17G         98G        1.1M        9.4G        107G
2023-08-01 15:25:09  Mem:           125G         17G         98G        1.1M        9.5G        107G
2023-08-01 15:25:12  Mem:           125G         17G         98G        1.1M        9.5G        107G
2023-08-01 15:25:15  Mem:           125G         17G         98G        1.1M        9.5G        106G
2023-08-01 15:25:18  Mem:           125G         17G         98G        1.1M        9.6G        106G
2023-08-01 15:25:21  Mem:           125G         17G         98G        1.1M        9.6G        106G
2023-08-01 15:25:24  Mem:           125G         17G         98G        1.1M        9.6G        106G
2023-08-01 15:25:27  Mem:           125G         17G         98G        1.1M        9.7G        106G
2023-08-01 15:25:30  Mem:           125G         17G         98G        1.1M        9.7G        106G
2023-08-01 15:25:33  Mem:           125G         17G         98G        1.1M        9.7G        106G
2023-08-01 15:25:36  Mem:           125G         17G         98G        1.1M        9.7G        106G
2023-08-01 15:25:39  Mem:           125G         17G         97G        1.1M        9.8G        106G
2023-08-01 15:25:42  Mem:           125G         17G         97G        1.1M        9.8G        106G
2023-08-01 15:25:45  Mem:           125G         17G         97G        1.1M        9.8G        106G
2023-08-01 15:25:48  Mem:           125G         17G         97G        1.1M        9.8G        106G
2023-08-01 15:25:51  Mem:           125G         17G         97G        1.1M        9.9G        106G
2023-08-01 15:25:54  Mem:           125G         17G         97G        1.1M        9.9G        106G
2023-08-01 15:25:57  Mem:           125G         17G         97G        1.1M        9.9G        106G
2023-08-01 15:26:00  Mem:           125G         17G         97G        1.1M          9G        106G
2023-08-01 15:26:03  Mem:           125G         17G         97G        1.1M          9G        106G
2023-08-01 15:26:06  Mem:           125G         17G         97G        1.1M         10G        106G
2023-08-01 15:26:09  Mem:           125G         17G         97G        1.1M         10G        106G
2023-08-01 15:26:12  Mem:           125G         17G         97G        1.1M         10G        106G
2023-08-01 15:26:15  Mem:           125G         17G         97G        1.1M         10G        106G
2023-08-01 15:26:18  Mem:           125G         17G         97G        1.1M         10G        106G
2023-08-01 15:26:21  Mem:           125G         17G         97G        1.1M         10G        106G
2023-08-01 15:26:24  Mem:           125G         17G         97G        1.1M         10G        106G
2023-08-01 15:26:27  Mem:           125G         17G         97G        1.1M         10G        106G
2023-08-01 15:26:30  Mem:           125G         17G         97G        1.1M         10G        106G
2023-08-01 15:26:33  Mem:           125G         17G         97G        1.1M         10G        106G
2023-08-01 15:26:36  Mem:           125G         17G         96G        1.1M         10G        106G
2023-08-01 15:26:39  Mem:           125G         17G         96G        1.1M         10G        106G
2023-08-01 15:26:42  Mem:           125G         17G         96G        1.1M         10G        106G
2023-08-01 15:26:45  Mem:           125G         17G         96G        1.1M         10G        106G
2023-08-01 15:26:48  Mem:           125G         17G         96G        1.1M         10G        106G
2023-08-01 15:26:51  Mem:           125G         17G         96G        1.1M         10G        106G
2023-08-01 15:26:54  Mem:           125G         18G         96G        1.1M         10G        106G
2023-08-01 15:26:57  Mem:           125G         18G         96G        1.1M         10G        106G
2023-08-01 15:27:00  Mem:           125G         18G         96G        1.1M         10G        106G
2023-08-01 15:27:03  Mem:           125G         18G         96G        1.1M         10G        106G
2023-08-01 15:27:06  Mem:           125G         18G         96G        1.1M         10G        106G
2023-08-01 15:27:09  Mem:           125G         18G         96G        1.1M         10G        106G
2023-08-01 15:27:12  Mem:           125G         18G         96G        1.1M         10G        106G
2023-08-01 15:27:15  Mem:           125G         18G         96G        1.1M         10G        106G
2023-08-01 15:27:18  Mem:           125G         18G         96G        1.1M         10G        106G
2023-08-01 15:27:21  Mem:           125G         18G         96G        1.1M         10G        105G
2023-08-01 15:27:24  Mem:           125G         18G         96G        1.1M         10G        105G
2023-08-01 15:27:27  Mem:           125G         18G         96G        1.1M         10G        105G
2023-08-01 15:27:30  Mem:           125G         18G         96G        1.1M         10G        105G
2023-08-01 15:27:33  Mem:           125G         18G         95G        1.1M         10G        105G
2023-08-01 15:27:36  Mem:           125G         18G         95G        1.1M         10G        105G
2023-08-01 15:27:39  Mem:           125G         18G         95G        1.1M         10G        105G
2023-08-01 15:27:42  Mem:           125G         18G         95G        1.1M         10G        105G
2023-08-01 15:27:45  Mem:           125G         18G         95G        1.1M         11G        105G
2023-08-01 15:27:48  Mem:           125G         18G         95G        1.1M         11G        105G
2023-08-01 15:27:51  Mem:           125G         18G         95G        1.1M         11G        105G
2023-08-01 15:27:54  Mem:           125G         18G         95G        1.1M         11G        105G
2023-08-01 15:27:57  Mem:           125G         18G         95G        1.1M         11G        105G
2023-08-01 15:28:00  Mem:           125G         18G         95G        1.1M         11G        105G
2023-08-01 15:28:03  Mem:           125G         18G         95G        1.1M         11G        105G
2023-08-01 15:28:06  Mem:           125G         18G         95G        1.1M         11G        105G
2023-08-01 15:28:10  Mem:           125G         18G         95G        1.1M         11G        105G
2023-08-01 15:28:13  Mem:           125G         18G         95G        1.1M         11G        105G
2023-08-01 15:28:16  Mem:           125G         18G         95G        1.1M         11G        105G
2023-08-01 15:28:19  Mem:           125G         18G         95G        1.1M         11G        105G
2023-08-01 15:28:22  Mem:           125G         18G         95G        1.1M         11G        105G
2023-08-01 15:28:25  Mem:           125G         18G         95G        1.1M         11G        105G
2023-08-01 15:28:28  Mem:           125G         18G         94G        1.1M         11G        105G
2023-08-01 15:28:31  Mem:           125G         18G         94G        1.1M         11G        105G
2023-08-01 15:28:34  Mem:           125G         18G         94G        1.1M         11G        105G
2023-08-01 15:28:37  Mem:           125G         18G         94G        1.1M         11G        105G
2023-08-01 15:28:40  Mem:           125G         18G         94G        1.1M         11G        105G
2023-08-01 15:28:43  Mem:           125G         18G         94G        1.1M         11G        105G
2023-08-01 15:28:46  Mem:           125G         18G         94G        1.1M         11G        105G
2023-08-01 15:28:49  Mem:           125G         18G         94G        1.1M         11G        105G
2023-08-01 15:28:52  Mem:           125G         18G         94G        1.1M         11G        105G
2023-08-01 15:28:55  Mem:           125G         18G         94G        1.1M         11G        105G
2023-08-01 15:28:58  Mem:           125G         18G         94G        1.1M         11G        105G
2023-08-01 15:29:01  Mem:           125G         19G         94G        1.1M         11G        105G
2023-08-01 15:29:04  Mem:           125G         19G         94G        1.1M         11G        105G
2023-08-01 15:29:07  Mem:           125G         19G         94G        1.1M         11G        105G
2023-08-01 15:29:10  Mem:           125G         19G         94G        1.1M         11G        105G
2023-08-01 15:29:13  Mem:           125G         19G         94G        1.1M         11G        105G
2023-08-01 15:29:16  Mem:           125G         19G         94G        1.1M         11G        105G
2023-08-01 15:29:19  Mem:           125G         19G         94G        1.1M         11G        105G
2023-08-01 15:29:22  Mem:           125G         19G         93G        1.1M         11G        105G
2023-08-01 15:29:25  Mem:           125G         19G         93G        1.1M         12G        104G
2023-08-01 15:29:28  Mem:           125G         19G         93G        1.1M         12G        104G
2023-08-01 15:29:31  Mem:           125G         19G         93G        1.1M         12G        104G
2023-08-01 15:29:34  Mem:           125G         19G         93G        1.1M         12G        104G
2023-08-01 15:29:37  Mem:           125G         19G         93G        1.1M         12G        104G
2023-08-01 15:29:40  Mem:           125G         19G         93G        1.1M         12G        104G
2023-08-01 15:29:43  Mem:           125G         19G         93G        1.1M         12G        104G
2023-08-01 15:29:46  Mem:           125G         19G         93G        1.1M         12G        104G
2023-08-01 15:29:49  Mem:           125G         19G         93G        1.1M         12G        104G
2023-08-01 15:29:52  Mem:           125G         19G         93G        1.1M         12G        104G
2023-08-01 15:29:55  Mem:           125G         19G         93G        1.1M         12G        104G
2023-08-01 15:29:58  Mem:           125G         19G         93G        1.1M         12G        104G
2023-08-01 15:30:01  Mem:           125G         19G         93G        1.1M         12G        104G
2023-08-01 15:30:04  Mem:           125G         19G         93G        1.1M         12G        104G
2023-08-01 15:30:07  Mem:           125G         19G         93G        1.1M         12G        104G
2023-08-01 15:30:10  Mem:           125G         19G         93G        1.1M         12G        104G
2023-08-01 15:30:13  Mem:           125G         19G         93G        1.1M         12G        104G
2023-08-01 15:30:16  Mem:           125G         19G         92G        1.1M         12G        104G
2023-08-01 15:30:19  Mem:           125G         19G         92G        1.1M         12G        104G
2023-08-01 15:30:22  Mem:           125G         19G         92G        1.1M         12G        104G
2023-08-01 15:30:25  Mem:           125G         19G         92G        1.1M         12G        104G
2023-08-01 15:30:28  Mem:           125G         19G         92G        1.1M         12G        104G
2023-08-01 15:30:31  Mem:           125G         19G         92G        1.1M         12G        104G
2023-08-01 15:30:34  Mem:           125G         19G         92G        1.1M         12G        104G
2023-08-01 15:30:37  Mem:           125G         19G         92G        1.1M         12G        104G
2023-08-01 15:30:40  Mem:           125G         19G         92G        1.1M         12G        104G
2023-08-01 15:30:43  Mem:           125G         19G         92G        1.1M         12G        104G
2023-08-01 15:30:46  Mem:           125G         19G         92G        1.1M         12G        104G
2023-08-01 15:30:49  Mem:           125G         19G         92G        1.1M         12G        104G
2023-08-01 15:30:52  Mem:           125G         19G         92G        1.1M         12G        104G
2023-08-01 15:30:55  Mem:           125G         19G         92G        1.1M         12G        104G
2023-08-01 15:30:58  Mem:           125G         19G         92G        1.1M         12G        104G
2023-08-01 15:31:01  Mem:           125G         19G         92G        1.1M         13G        104G
2023-08-01 15:31:04  Mem:           125G         20G         92G        1.1M         13G        104G
2023-08-01 15:31:07  Mem:           125G         20G         92G        1.1M         13G        104G
2023-08-01 15:31:10  Mem:           125G         20G         91G        1.1M         13G        104G
2023-08-01 15:31:13  Mem:           125G         20G         91G        1.1M         13G        104G
2023-08-01 15:31:16  Mem:           125G         20G         91G        1.1M         13G        104G
2023-08-01 15:31:19  Mem:           125G         20G         91G        1.1M         13G        104G
2023-08-01 15:31:22  Mem:           125G         20G         91G        1.1M         13G        104G
2023-08-01 15:31:25  Mem:           125G         20G         91G        1.1M         13G        104G
2023-08-01 15:31:28  Mem:           125G         20G         91G        1.1M         13G        103G
2023-08-01 15:31:31  Mem:           125G         20G         91G        1.1M         13G        103G
2023-08-01 15:31:34  Mem:           125G         20G         91G        1.1M         13G        103G
2023-08-01 15:31:37  Mem:           125G         20G         91G        1.1M         13G        103G
2023-08-01 15:31:40  Mem:           125G         20G         91G        1.1M         13G        103G
2023-08-01 15:31:43  Mem:           125G         20G         91G        1.1M         13G        103G
2023-08-01 15:31:46  Mem:           125G         20G         91G        1.1M         13G        103G
2023-08-01 15:31:49  Mem:           125G         20G         91G        1.1M         13G        103G
2023-08-01 15:31:52  Mem:           125G         20G         91G        1.1M         13G        103G
2023-08-01 15:31:55  Mem:           125G         20G         91G        1.1M         13G        103G
2023-08-01 15:31:58  Mem:           125G         20G         91G        1.1M         13G        103G
2023-08-01 15:32:01  Mem:           125G         20G         91G        1.1M         13G        103G
2023-08-01 15:32:04  Mem:           125G         20G         90G        1.1M         13G        103G
2023-08-01 15:32:07  Mem:           125G         20G         90G        1.1M         13G        103G
2023-08-01 15:32:10  Mem:           125G         20G         90G        1.1M         13G        103G
2023-08-01 15:32:13  Mem:           125G         20G         90G        1.1M         13G        103G
2023-08-01 15:32:16  Mem:           125G         20G         90G        1.1M         13G        103G
2023-08-01 15:32:19  Mem:           125G         20G         90G        1.1M         13G        103G
2023-08-01 15:32:22  Mem:           125G         20G         90G        1.1M         13G        103G
2023-08-01 15:32:25  Mem:           125G         20G         90G        1.1M         13G        103G
2023-08-01 15:32:28  Mem:           125G         20G         90G        1.1M         13G        103G
2023-08-01 15:32:31  Mem:           125G         20G         90G        1.1M         13G        103G
2023-08-01 15:32:34  Mem:           125G         20G         90G        1.1M         13G        103G
2023-08-01 15:32:37  Mem:           125G         20G         90G        1.1M         14G        103G
2023-08-01 15:32:40  Mem:           125G         20G         90G        1.1M         14G        103G
2023-08-01 15:32:43  Mem:           125G         20G         90G        1.1M         14G        103G
2023-08-01 15:32:46  Mem:           125G         20G         90G        1.1M         14G        103G
2023-08-01 15:32:49  Mem:           125G         20G         90G        1.1M         14G        103G
2023-08-01 15:32:52  Mem:           125G         20G         90G        1.1M         14G        103G
2023-08-01 15:32:55  Mem:           125G         20G         89G        1.1M         14G        103G
2023-08-01 15:32:59  Mem:           125G         20G         89G        1.1M         14G        103G
2023-08-01 15:33:02  Mem:           125G         20G         89G        1.1M         14G        103G
2023-08-01 15:33:05  Mem:           125G         21G         89G        1.1M         14G        103G
2023-08-01 15:33:08  Mem:           125G         21G         89G        1.1M         14G        103G
2023-08-01 15:33:11  Mem:           125G         21G         89G        1.1M         14G        103G
2023-08-01 15:33:14  Mem:           125G         21G         89G        1.1M         14G        103G
2023-08-01 15:33:17  Mem:           125G         21G         89G        1.1M         14G        103G
2023-08-01 15:33:20  Mem:           125G         21G         89G        1.1M         14G        103G
2023-08-01 15:33:23  Mem:           125G         21G         89G        1.1M         14G        103G
2023-08-01 15:33:26  Mem:           125G         21G         89G        1.1M         14G        103G
2023-08-01 15:33:29  Mem:           125G         21G         89G        1.1M         14G        102G
2023-08-01 15:33:32  Mem:           125G         21G         89G        1.1M         14G        102G
2023-08-01 15:33:35  Mem:           125G         21G         89G        1.1M         14G        102G
2023-08-01 15:33:38  Mem:           125G         21G         89G        1.1M         14G        102G
2023-08-01 15:33:41  Mem:           125G         21G         89G        1.1M         14G        102G
2023-08-01 15:33:44  Mem:           125G         21G         89G        1.1M         14G        102G
2023-08-01 15:33:47  Mem:           125G         21G         89G        1.1M         14G        102G
2023-08-01 15:33:50  Mem:           125G         21G         88G        1.1M         14G        102G
2023-08-01 15:33:53  Mem:           125G         21G         88G        1.1M         14G        102G
2023-08-01 15:33:56  Mem:           125G         21G         88G        1.1M         14G        102G
2023-08-01 15:33:59  Mem:           125G         21G         88G        1.1M         14G        102G
2023-08-01 15:34:02  Mem:           125G         21G         88G        1.1M         14G        102G
2023-08-01 15:34:05  Mem:           125G         21G         88G        1.1M         14G        102G
2023-08-01 15:34:08  Mem:           125G         21G         88G        1.1M         14G        102G
2023-08-01 15:34:11  Mem:           125G         21G         88G        1.1M         15G        102G
2023-08-01 15:34:14  Mem:           125G         21G         88G        1.1M         15G        102G
2023-08-01 15:34:17  Mem:           125G         21G         88G        1.1M         15G        102G
2023-08-01 15:34:20  Mem:           125G         21G         88G        1.1M         15G        102G
2023-08-01 15:34:23  Mem:           125G         21G         88G        1.1M         15G        102G
2023-08-01 15:34:26  Mem:           125G         21G         88G        1.1M         15G        102G
2023-08-01 15:34:29  Mem:           125G         21G         88G        1.1M         15G        102G
2023-08-01 15:34:32  Mem:           125G         21G         88G        1.1M         15G        102G
2023-08-01 15:34:35  Mem:           125G         21G         88G        1.1M         15G        102G
2023-08-01 15:34:38  Mem:           125G         21G         88G        1.1M         15G        102G
2023-08-01 15:34:41  Mem:           125G         21G         87G        1.1M         15G        102G
2023-08-01 15:34:44  Mem:           125G         21G         87G        1.1M         15G        102G
2023-08-01 15:34:47  Mem:           125G         21G         87G        1.1M         15G        102G
2023-08-01 15:34:50  Mem:           125G         21G         87G        1.1M         15G        102G
2023-08-01 15:34:53  Mem:           125G         21G         87G        1.1M         15G        102G
2023-08-01 15:34:56  Mem:           125G         21G         87G        1.1M         15G        102G
2023-08-01 15:34:59  Mem:           125G         22G         87G        1.1M         15G        102G
2023-08-01 15:35:02  Mem:           125G         22G         87G        1.1M         15G        102G
2023-08-01 15:35:05  Mem:           125G         22G         87G        1.1M         15G        102G
2023-08-01 15:35:08  Mem:           125G         22G         87G        1.1M         15G        102G
2023-08-01 15:35:11  Mem:           125G         22G         87G        1.1M         15G        102G
2023-08-01 15:35:14  Mem:           125G         22G         87G        1.1M         15G        102G
2023-08-01 15:35:17  Mem:           125G         22G         87G        1.1M         15G        102G
2023-08-01 15:35:20  Mem:           125G         22G         87G        1.1M         15G        102G
2023-08-01 15:35:23  Mem:           125G         22G         87G        1.1M         15G        101G
2023-08-01 15:35:26  Mem:           125G         22G         87G        1.1M         15G        101G
2023-08-01 15:35:29  Mem:           125G         22G         87G        1.1M         15G        101G
2023-08-01 15:35:32  Mem:           125G         22G         86G        1.1M         15G        101G
2023-08-01 15:35:35  Mem:           125G         22G         86G        1.1M         15G        101G
2023-08-01 15:35:38  Mem:           125G         22G         86G        1.1M         15G        101G
2023-08-01 15:35:41  Mem:           125G         22G         86G        1.1M         15G        101G
2023-08-01 15:35:44  Mem:           125G         22G         86G        1.1M         16G        101G
2023-08-01 15:35:47  Mem:           125G         22G         86G        1.1M         16G        101G
2023-08-01 15:35:50  Mem:           125G         22G         86G        1.1M         16G        101G
2023-08-01 15:35:53  Mem:           125G         22G         86G        1.1M         16G        101G
2023-08-01 15:35:56  Mem:           125G         22G         86G        1.1M         16G        101G
2023-08-01 15:35:59  Mem:           125G         22G         86G        1.1M         16G        101G
2023-08-01 15:36:02  Mem:           125G         22G         86G        1.1M         16G        101G
2023-08-01 15:36:05  Mem:           125G         22G         86G        1.1M         16G        101G
2023-08-01 15:36:08  Mem:           125G         22G         86G        1.1M         16G        101G
2023-08-01 15:36:11  Mem:           125G         22G         86G        1.1M         16G        101G
2023-08-01 15:36:14  Mem:           125G         22G         86G        1.1M         16G        101G
2023-08-01 15:36:17  Mem:           125G         22G         86G        1.1M         16G        101G
2023-08-01 15:36:20  Mem:           125G         22G         86G        1.1M         16G        101G
2023-08-01 15:36:23  Mem:           125G         22G         85G        1.1M         16G        101G
2023-08-01 15:36:26  Mem:           125G         22G         85G        1.1M         16G        101G
2023-08-01 15:36:29  Mem:           125G         22G         85G        1.1M         16G        101G
2023-08-01 15:36:32  Mem:           125G         22G         85G        1.1M         16G        101G
2023-08-01 15:36:35  Mem:           125G         22G         85G        1.1M         16G        101G
2023-08-01 15:36:38  Mem:           125G         22G         85G        1.1M         16G        101G
2023-08-01 15:36:41  Mem:           125G         22G         85G        1.1M         16G        101G
2023-08-01 15:36:44  Mem:           125G         22G         85G        1.1M         16G        101G
2023-08-01 15:36:47  Mem:           125G         22G         85G        1.1M         16G        101G
2023-08-01 15:36:50  Mem:           125G         22G         85G        1.1M         16G        101G
2023-08-01 15:36:53  Mem:           125G         23G         85G        1.1M         16G        101G
2023-08-01 15:36:56  Mem:           125G         23G         85G        1.1M         16G        101G
2023-08-01 15:36:59  Mem:           125G         23G         85G        1.1M         16G        101G
2023-08-01 15:37:02  Mem:           125G         23G         85G        1.1M         16G        101G
2023-08-01 15:37:05  Mem:           125G         23G         85G        1.1M         16G        101G
2023-08-01 15:37:08  Mem:           125G         23G         85G        1.1M         16G        101G
2023-08-01 15:37:11  Mem:           125G         23G         84G        1.1M         17G        101G
2023-08-01 15:37:14  Mem:           125G         23G         84G        1.1M         17G        101G
2023-08-01 15:37:17  Mem:           125G         23G         84G        1.1M         17G        100G
2023-08-01 15:37:20  Mem:           125G         23G         84G        1.1M         17G        100G
2023-08-01 15:37:23  Mem:           125G         23G         84G        1.1M         17G        100G
2023-08-01 15:37:26  Mem:           125G         23G         84G        1.1M         17G        100G
2023-08-01 15:37:29  Mem:           125G         23G         84G        1.1M         17G        100G
2023-08-01 15:37:32  Mem:           125G         23G         84G        1.1M         17G        100G
2023-08-01 15:37:35  Mem:           125G         23G         84G        1.1M         17G        100G
2023-08-01 15:37:38  Mem:           125G         23G         84G        1.1M         17G        100G
2023-08-01 15:37:41  Mem:           125G         23G         84G        1.1M         17G        100G
2023-08-01 15:37:44  Mem:           125G         23G         84G        1.1M         17G        100G
2023-08-01 15:37:47  Mem:           125G         23G         84G        1.1M         17G        100G
2023-08-01 15:37:51  Mem:           125G         23G         84G        1.1M         17G        100G
2023-08-01 15:37:54  Mem:           125G         23G         84G        1.1M         17G        100G
2023-08-01 15:37:57  Mem:           125G         23G         84G        1.1M         17G        100G
2023-08-01 15:38:00  Mem:           125G         23G         83G        1.1M         17G        100G
2023-08-01 15:38:03  Mem:           125G         23G         83G        1.1M         17G        100G
2023-08-01 15:38:06  Mem:           125G         23G         83G        1.1M         17G        100G
2023-08-01 15:38:09  Mem:           125G         23G         83G        1.1M         17G        100G
2023-08-01 15:38:12  Mem:           125G         23G         83G        1.1M         17G        100G
2023-08-01 15:38:15  Mem:           125G         23G         83G        1.1M         17G        100G
2023-08-01 15:38:18  Mem:           125G         23G         83G        1.1M         17G        100G
2023-08-01 15:38:21  Mem:           125G         23G         83G        1.1M         17G        100G
2023-08-01 15:38:24  Mem:           125G         23G         83G        1.1M         17G        100G
2023-08-01 15:38:27  Mem:           125G         23G         83G        1.1M         17G        100G
2023-08-01 15:38:30  Mem:           125G         23G         83G        1.1M         17G        100G
2023-08-01 15:38:33  Mem:           125G         23G         83G        1.1M         17G        100G
2023-08-01 15:38:36  Mem:           125G         23G         83G        1.1M         17G        100G
2023-08-01 15:38:39  Mem:           125G         23G         83G        1.1M         18G        100G
2023-08-01 15:38:42  Mem:           125G         24G         83G        1.1M         18G        100G
2023-08-01 15:38:45  Mem:           125G         24G         83G        1.1M         18G        100G
2023-08-01 15:38:48  Mem:           125G         24G         82G        1.1M         18G        100G
2023-08-01 15:38:51  Mem:           125G         24G         82G        1.1M         18G        100G
2023-08-01 15:38:54  Mem:           125G         24G         82G        1.1M         18G        100G
2023-08-01 15:38:57  Mem:           125G         24G         82G        1.1M         18G        100G
2023-08-01 15:39:00  Mem:           125G         24G         82G        1.1M         18G        100G
2023-08-01 15:39:03  Mem:           125G         24G         82G        1.1M         18G         99G
2023-08-01 15:39:06  Mem:           125G         24G         82G        1.1M         18G         99G
2023-08-01 15:39:09  Mem:           125G         24G         82G        1.1M         18G         99G
2023-08-01 15:39:12  Mem:           125G         24G         82G        1.1M         18G         99G
2023-08-01 15:39:15  Mem:           125G         24G         82G        1.1M         18G         99G
2023-08-01 15:39:18  Mem:           125G         24G         82G        1.1M         18G         99G
2023-08-01 15:39:21  Mem:           125G         24G         82G        1.1M         18G         99G
2023-08-01 15:39:24  Mem:           125G         24G         82G        1.1M         18G         99G
2023-08-01 15:39:27  Mem:           125G         24G         82G        1.1M         18G         99G
2023-08-01 15:39:30  Mem:           125G         24G         82G        1.1M         18G         99G
2023-08-01 15:39:33  Mem:           125G         24G         81G        1.1M         18G         99G
2023-08-01 15:39:36  Mem:           125G         24G         81G        1.1M         18G         99G
2023-08-01 15:39:39  Mem:           125G         24G         81G        1.1M         18G         99G
2023-08-01 15:39:42  Mem:           125G         24G         81G        1.1M         18G         99G
2023-08-01 15:39:45  Mem:           125G         24G         81G        1.1M         18G         99G
2023-08-01 15:39:48  Mem:           125G         24G         81G        1.1M         18G         99G
2023-08-01 15:39:51  Mem:           125G         24G         81G        1.1M         18G         99G
2023-08-01 15:39:54  Mem:           125G         24G         81G        1.1M         18G         99G
2023-08-01 15:39:57  Mem:           125G         24G         81G        1.1M         18G         99G
2023-08-01 15:40:00  Mem:           125G         24G         81G        1.1M         18G         99G
2023-08-01 15:40:03  Mem:           125G         24G         81G        1.1M         19G         99G
2023-08-01 15:40:06  Mem:           125G         24G         81G        1.1M         19G         99G
2023-08-01 15:40:09  Mem:           125G         24G         81G        1.1M         19G         99G
2023-08-01 15:40:12  Mem:           125G         24G         81G        1.1M         19G         99G
2023-08-01 15:40:15  Mem:           125G         24G         81G        1.1M         19G         99G
2023-08-01 15:40:18  Mem:           125G         24G         81G        1.1M         19G         99G
2023-08-01 15:40:21  Mem:           125G         24G         80G        1.1M         19G         99G
2023-08-01 15:40:24  Mem:           125G         25G         80G        1.1M         19G         99G
2023-08-01 15:40:27  Mem:           125G         25G         80G        1.1M         19G         99G
2023-08-01 15:40:30  Mem:           125G         25G         80G        1.1M         19G         99G
2023-08-01 15:40:33  Mem:           125G         25G         80G        1.1M         19G         99G
2023-08-01 15:40:36  Mem:           125G         25G         80G        1.1M         19G         99G
2023-08-01 15:40:39  Mem:           125G         25G         80G        1.1M         19G         99G
2023-08-01 15:40:42  Mem:           125G         25G         80G        1.1M         19G         99G
2023-08-01 15:40:45  Mem:           125G         25G         80G        1.1M         19G         98G
2023-08-01 15:40:48  Mem:           125G         25G         80G        1.1M         19G         98G
2023-08-01 15:40:51  Mem:           125G         25G         80G        1.1M         19G         98G
2023-08-01 15:40:54  Mem:           125G         25G         80G        1.1M         19G         98G
2023-08-01 15:40:57  Mem:           125G         25G         80G        1.1M         19G         98G
2023-08-01 15:41:00  Mem:           125G         25G         80G        1.1M         19G         98G
2023-08-01 15:41:03  Mem:           125G         25G         80G        1.1M         19G         98G
2023-08-01 15:41:06  Mem:           125G         25G         79G        1.1M         19G         98G
2023-08-01 15:41:09  Mem:           125G         25G         79G        1.1M         19G         98G
2023-08-01 15:41:12  Mem:           125G         25G         79G        1.1M         19G         98G
2023-08-01 15:41:15  Mem:           125G         25G         79G        1.1M         19G         98G
2023-08-01 15:41:18  Mem:           125G         25G         79G        1.1M         19G         98G
2023-08-01 15:41:21  Mem:           125G         25G         79G        1.1M         19G         98G
2023-08-01 15:41:24  Mem:           125G         25G         79G        1.1M         20G         98G
2023-08-01 15:41:27  Mem:           125G         25G         79G        1.1M         20G         98G
2023-08-01 15:41:30  Mem:           125G         25G         79G        1.1M         20G         98G
2023-08-01 15:41:33  Mem:           125G         25G         79G        1.1M         20G         98G
2023-08-01 15:41:36  Mem:           125G         25G         79G        1.1M         20G         98G
2023-08-01 15:41:39  Mem:           125G         25G         79G        1.1M         20G         98G
2023-08-01 15:41:42  Mem:           125G         25G         79G        1.1M         20G         98G
2023-08-01 15:41:45  Mem:           125G         25G         79G        1.1M         20G         98G
2023-08-01 15:41:48  Mem:           125G         25G         78G        1.1M         20G         98G
2023-08-01 15:41:51  Mem:           125G         25G         78G        1.1M         20G         98G
2023-08-01 15:41:54  Mem:           125G         25G         78G        1.1M         20G         98G
2023-08-01 15:41:57  Mem:           125G         25G         78G        1.1M         20G         98G
2023-08-01 15:42:00  Mem:           125G         26G         78G        1.1M         20G         98G
2023-08-01 15:42:03  Mem:           125G         26G         78G        1.1M         20G         98G
2023-08-01 15:42:06  Mem:           125G         26G         78G        1.1M         20G         98G
2023-08-01 15:42:09  Mem:           125G         26G         78G        1.1M         20G         98G
2023-08-01 15:42:12  Mem:           125G         26G         78G        1.1M         20G         98G
2023-08-01 15:42:15  Mem:           125G         26G         78G        1.1M         20G         98G
2023-08-01 15:42:18  Mem:           125G         26G         78G        1.1M         20G         98G
2023-08-01 15:42:21  Mem:           125G         26G         78G        1.1M         20G         97G
2023-08-01 15:42:24  Mem:           125G         26G         78G        1.1M         20G         97G
2023-08-01 15:42:27  Mem:           125G         26G         78G        1.1M         20G         97G
2023-08-01 15:42:30  Mem:           125G         26G         78G        1.1M         20G         97G
2023-08-01 15:42:33  Mem:           125G         26G         77G        1.1M         20G         97G
2023-08-01 15:42:36  Mem:           125G         26G         77G        1.1M         20G         97G
2023-08-01 15:42:40  Mem:           125G         26G         77G        1.1M         20G         97G
2023-08-01 15:42:43  Mem:           125G         26G         77G        1.1M         20G         97G
2023-08-01 15:42:46  Mem:           125G         26G         77G        1.1M         21G         97G
2023-08-01 15:42:49  Mem:           125G         26G         77G        1.1M         21G         97G
2023-08-01 15:42:52  Mem:           125G         26G         77G        1.1M         21G         97G
2023-08-01 15:42:55  Mem:           125G         26G         77G        1.1M         21G         97G
2023-08-01 15:42:58  Mem:           125G         26G         77G        1.1M         21G         97G
2023-08-01 15:43:01  Mem:           125G         26G         77G        1.1M         21G         97G
2023-08-01 15:43:04  Mem:           125G         26G         77G        1.1M         21G         97G
2023-08-01 15:43:07  Mem:           125G         26G         77G        1.1M         21G         97G
2023-08-01 15:43:10  Mem:           125G         26G         77G        1.1M         21G         97G
2023-08-01 15:43:13  Mem:           125G         26G         77G        1.1M         21G         97G
2023-08-01 15:43:16  Mem:           125G         26G         76G        1.1M         21G         97G
2023-08-01 15:43:19  Mem:           125G         26G         76G        1.1M         21G         97G
2023-08-01 15:43:22  Mem:           125G         26G         76G        1.1M         21G         97G
2023-08-01 15:43:25  Mem:           125G         26G         76G        1.1M         21G         97G
2023-08-01 15:43:28  Mem:           125G         26G         76G        1.1M         21G         97G
2023-08-01 15:43:31  Mem:           125G         26G         76G        1.1M         21G         97G
2023-08-01 15:43:34  Mem:           125G         27G         76G        1.1M         21G         97G
2023-08-01 15:43:37  Mem:           125G         27G         76G        1.1M         21G         97G
2023-08-01 15:43:40  Mem:           125G         27G         76G        1.1M         21G         97G
2023-08-01 15:43:43  Mem:           125G         27G         76G        1.1M         21G         97G
2023-08-01 15:43:46  Mem:           125G         27G         76G        1.1M         21G         97G
2023-08-01 15:43:49  Mem:           125G         27G         76G        1.1M         21G         97G
2023-08-01 15:43:52  Mem:           125G         27G         76G        1.1M         21G         96G
2023-08-01 15:43:55  Mem:           125G         27G         75G        1.1M         21G         96G
2023-08-01 15:43:58  Mem:           125G         27G         75G        1.1M         21G         96G
2023-08-01 15:44:01  Mem:           125G         27G         75G        1.1M         22G         96G
2023-08-01 15:44:04  Mem:           125G         27G         75G        1.1M         22G         96G
2023-08-01 15:44:07  Mem:           125G         27G         75G        1.1M         22G         96G
2023-08-01 15:44:10  Mem:           125G         27G         75G        1.1M         22G         96G
2023-08-01 15:44:13  Mem:           125G         27G         75G        1.1M         22G         96G
2023-08-01 15:44:16  Mem:           125G         27G         75G        1.1M         22G         96G
2023-08-01 15:44:19  Mem:           125G         27G         75G        1.1M         22G         96G
2023-08-01 15:44:22  Mem:           125G         27G         75G        1.1M         22G         96G
2023-08-01 15:44:25  Mem:           125G         27G         75G        1.1M         22G         96G
2023-08-01 15:44:28  Mem:           125G         27G         75G        1.1M         22G         96G
2023-08-01 15:44:31  Mem:           125G         27G         75G        1.1M         22G         96G
2023-08-01 15:44:34  Mem:           125G         27G         74G        1.1M         22G         96G
2023-08-01 15:44:37  Mem:           125G         27G         74G        1.1M         22G         96G
2023-08-01 15:44:40  Mem:           125G         27G         74G        1.1M         22G         96G
2023-08-01 15:44:43  Mem:           125G         27G         74G        1.1M         22G         96G
2023-08-01 15:44:46  Mem:           125G         27G         74G        1.1M         22G         96G
2023-08-01 15:44:49  Mem:           125G         27G         74G        1.1M         22G         96G
2023-08-01 15:44:52  Mem:           125G         27G         74G        1.1M         22G         96G
2023-08-01 15:44:55  Mem:           125G         27G         74G        1.1M         22G         96G
2023-08-01 15:44:58  Mem:           125G         28G         74G        1.1M         22G         96G
2023-08-01 15:45:01  Mem:           125G         28G         74G        1.1M         22G         96G
2023-08-01 15:45:04  Mem:           125G         28G         74G        1.1M         22G         96G
2023-08-01 15:45:07  Mem:           125G         28G         74G        1.1M         22G         96G
2023-08-01 15:45:10  Mem:           125G         28G         74G        1.1M         22G         96G
2023-08-01 15:45:13  Mem:           125G         28G         73G        1.1M         22G         95G
2023-08-01 15:45:16  Mem:           125G         28G         73G        1.1M         22G         95G
2023-08-01 15:45:19  Mem:           125G         28G         73G        1.1M         23G         95G
2023-08-01 15:45:22  Mem:           125G         28G         73G        1.1M         23G         95G
2023-08-01 15:45:25  Mem:           125G         28G         73G        1.1M         23G         95G
2023-08-01 15:45:28  Mem:           125G         28G         73G        1.1M         23G         95G
2023-08-01 15:45:31  Mem:           125G         28G         73G        1.1M         23G         95G
2023-08-01 15:45:34  Mem:           125G         28G         73G        1.1M         23G         95G
2023-08-01 15:45:37  Mem:           125G         28G         73G        1.1M         23G         95G
2023-08-01 15:45:40  Mem:           125G         28G         73G        1.1M         23G         95G
2023-08-01 15:45:43  Mem:           125G         28G         73G        1.1M         23G         95G
2023-08-01 15:45:46  Mem:           125G         28G         73G        1.1M         23G         95G
2023-08-01 15:45:49  Mem:           125G         28G         73G        1.1M         23G         95G
2023-08-01 15:45:52  Mem:           125G         28G         72G        1.1M         23G         95G
2023-08-01 15:45:55  Mem:           125G         28G         72G        1.1M         23G         95G
2023-08-01 15:45:58  Mem:           125G         28G         72G        1.1M         23G         95G
2023-08-01 15:46:01  Mem:           125G         28G         72G        1.1M         23G         95G
2023-08-01 15:46:04  Mem:           125G         28G         72G        1.1M         23G         95G
2023-08-01 15:46:07  Mem:           125G         28G         72G        1.1M         23G         95G
2023-08-01 15:46:10  Mem:           125G         28G         72G        1.1M         23G         95G
2023-08-01 15:46:13  Mem:           125G         28G         72G        1.1M         23G         95G
2023-08-01 15:46:16  Mem:           125G         29G         72G        1.1M         23G         95G
2023-08-01 15:46:19  Mem:           125G         29G         72G        1.1M         23G         95G
2023-08-01 15:46:22  Mem:           125G         29G         72G        1.1M         23G         95G
2023-08-01 15:46:25  Mem:           125G         29G         72G        1.1M         23G         95G
2023-08-01 15:46:28  Mem:           125G         29G         71G        1.1M         24G         95G
2023-08-01 15:46:31  Mem:           125G         29G         71G        1.1M         24G         94G
2023-08-01 15:46:34  Mem:           125G         29G         71G        1.1M         24G         94G
2023-08-01 15:46:37  Mem:           125G         29G         71G        1.1M         24G         94G
2023-08-01 15:46:40  Mem:           125G         29G         71G        1.1M         24G         94G
2023-08-01 15:46:43  Mem:           125G         29G         71G        1.1M         24G         94G
2023-08-01 15:46:46  Mem:           125G         29G         71G        1.1M         24G         94G
2023-08-01 15:46:49  Mem:           125G         29G         71G        1.1M         24G         94G
2023-08-01 15:46:52  Mem:           125G         29G         71G        1.1M         24G         94G
2023-08-01 15:46:55  Mem:           125G         29G         71G        1.1M         24G         94G
2023-08-01 15:46:58  Mem:           125G         29G         71G        1.1M         24G         94G
2023-08-01 15:47:01  Mem:           125G         29G         71G        1.1M         24G         94G
2023-08-01 15:47:04  Mem:           125G         29G         70G        1.1M         24G         94G
2023-08-01 15:47:07  Mem:           125G         29G         70G        1.1M         24G         94G
2023-08-01 15:47:10  Mem:           125G         29G         70G        1.1M         24G         94G
2023-08-01 15:47:13  Mem:           125G         29G         70G        1.1M         24G         94G
2023-08-01 15:47:16  Mem:           125G         29G         70G        1.1M         24G         94G
2023-08-01 15:47:19  Mem:           125G         29G         70G        1.1M         24G         94G
2023-08-01 15:47:22  Mem:           125G         29G         70G        1.1M         24G         94G
2023-08-01 15:47:25  Mem:           125G         29G         70G        1.1M         24G         94G
2023-08-01 15:47:28  Mem:           125G         30G         70G        1.1M         24G         94G
2023-08-01 15:47:31  Mem:           125G         30G         70G        1.1M         24G         94G
2023-08-01 15:47:34  Mem:           125G         30G         70G        1.1M         24G         94G
2023-08-01 15:47:37  Mem:           125G         30G         69G        1.1M         24G         94G
2023-08-01 15:47:40  Mem:           125G         30G         69G        1.1M         25G         94G
2023-08-01 15:47:43  Mem:           125G         30G         69G        1.1M         25G         93G
2023-08-01 15:47:47  Mem:           125G         30G         69G        1.1M         25G         93G
2023-08-01 15:47:50  Mem:           125G         30G         69G        1.1M         25G         93G
2023-08-01 15:47:53  Mem:           125G         30G         69G        1.1M         25G         93G
2023-08-01 15:47:56  Mem:           125G         30G         69G        1.1M         25G         93G
2023-08-01 15:47:59  Mem:           125G         30G         69G        1.1M         25G         93G
2023-08-01 15:48:02  Mem:           125G         30G         69G        1.1M         25G         93G
2023-08-01 15:48:05  Mem:           125G         30G         69G        1.1M         25G         93G
2023-08-01 15:48:08  Mem:           125G         30G         69G        1.1M         25G         93G
2023-08-01 15:48:11  Mem:           125G         30G         69G        1.1M         25G         93G
2023-08-01 15:48:14  Mem:           125G         30G         68G        1.1M         25G         93G
2023-08-01 15:48:17  Mem:           125G         30G         68G        1.1M         25G         93G
2023-08-01 15:48:20  Mem:           125G         30G         68G        1.1M         25G         93G
2023-08-01 15:48:23  Mem:           125G         30G         68G        1.1M         25G         93G
2023-08-01 15:48:26  Mem:           125G         30G         68G        1.1M         25G         93G
2023-08-01 15:48:29  Mem:           125G         30G         68G        1.1M         25G         93G
2023-08-01 15:48:32  Mem:           125G         30G         68G        1.1M         25G         93G
2023-08-01 15:48:35  Mem:           125G         30G         68G        1.1M         25G         93G
2023-08-01 15:48:38  Mem:           125G         31G         68G        1.1M         25G         93G
2023-08-01 15:48:41  Mem:           125G         31G         68G        1.1M         25G         93G
2023-08-01 15:48:44  Mem:           125G         31G         68G        1.1M         25G         93G
2023-08-01 15:48:47  Mem:           125G         31G         67G        1.1M         25G         93G
2023-08-01 15:48:50  Mem:           125G         31G         67G        1.1M         26G         92G
2023-08-01 15:48:53  Mem:           125G         31G         67G        1.1M         26G         92G
2023-08-01 15:48:56  Mem:           125G         31G         67G        1.1M         26G         92G
2023-08-01 15:48:59  Mem:           125G         31G         67G        1.1M         26G         92G
2023-08-01 15:49:02  Mem:           125G         31G         67G        1.1M         26G         92G
2023-08-01 15:49:05  Mem:           125G         31G         67G        1.1M         26G         92G
2023-08-01 15:49:08  Mem:           125G         31G         67G        1.1M         26G         92G
2023-08-01 15:49:11  Mem:           125G         31G         67G        1.1M         26G         92G
2023-08-01 15:49:14  Mem:           125G         31G         67G        1.1M         26G         92G
2023-08-01 15:49:17  Mem:           125G         31G         67G        1.1M         26G         92G
2023-08-01 15:49:20  Mem:           125G         31G         67G        1.1M         26G         92G
2023-08-01 15:49:23  Mem:           125G         31G         66G        1.1M         26G         92G
2023-08-01 15:49:26  Mem:           125G         31G         66G        1.1M         26G         92G
2023-08-01 15:49:29  Mem:           125G         31G         66G        1.1M         26G         92G
2023-08-01 15:49:32  Mem:           125G         31G         66G        1.1M         26G         92G
2023-08-01 15:49:35  Mem:           125G         31G         66G        1.1M         26G         92G
2023-08-01 15:49:38  Mem:           125G         31G         66G        1.1M         26G         92G
2023-08-01 15:49:41  Mem:           125G         31G         66G        1.1M         26G         92G
2023-08-01 15:49:44  Mem:           125G         32G         66G        1.1M         26G         92G
2023-08-01 15:49:47  Mem:           125G         32G         66G        1.1M         26G         92G
2023-08-01 15:49:50  Mem:           125G         32G         66G        1.1M         26G         92G
2023-08-01 15:49:53  Mem:           125G         32G         66G        1.1M         26G         92G
2023-08-01 15:49:56  Mem:           125G         32G         65G        1.1M         26G         91G
2023-08-01 15:49:59  Mem:           125G         32G         65G        1.1M         27G         91G
2023-08-01 15:50:02  Mem:           125G         32G         65G        1.1M         27G         91G
2023-08-01 15:50:05  Mem:           125G         32G         65G        1.1M         27G         91G
2023-08-01 15:50:08  Mem:           125G         32G         65G        1.1M         27G         91G
2023-08-01 15:50:11  Mem:           125G         32G         65G        1.1M         27G         91G
2023-08-01 15:50:14  Mem:           125G         32G         65G        1.1M         27G         91G
2023-08-01 15:50:17  Mem:           125G         32G         65G        1.1M         27G         91G
2023-08-01 15:50:20  Mem:           125G         32G         65G        1.1M         27G         91G
2023-08-01 15:50:23  Mem:           125G         32G         65G        1.1M         27G         91G
2023-08-01 15:50:26  Mem:           125G         32G         65G        1.1M         27G         91G
2023-08-01 15:50:29  Mem:           125G         32G         64G        1.1M         27G         91G
2023-08-01 15:50:32  Mem:           125G         32G         64G        1.1M         27G         91G
2023-08-01 15:50:35  Mem:           125G         32G         64G        1.1M         27G         91G
2023-08-01 15:50:38  Mem:           125G         32G         64G        1.1M         27G         91G
2023-08-01 15:50:41  Mem:           125G         32G         64G        1.1M         27G         91G
2023-08-01 15:50:44  Mem:           125G         33G         64G        1.1M         27G         91G
2023-08-01 15:50:47  Mem:           125G         33G         64G        1.1M         27G         91G
2023-08-01 15:50:50  Mem:           125G         33G         64G        1.1M         27G         91G
2023-08-01 15:50:53  Mem:           125G         33G         64G        1.1M         27G         91G
2023-08-01 15:50:56  Mem:           125G         33G         64G        1.1M         27G         91G
2023-08-01 15:50:59  Mem:           125G         33G         64G        1.1M         27G         90G
2023-08-01 15:51:02  Mem:           125G         33G         63G        1.1M         27G         90G
2023-08-01 15:51:05  Mem:           125G         33G         63G        1.1M         27G         90G
2023-08-01 15:51:08  Mem:           125G         33G         63G        1.1M         28G         90G
2023-08-01 15:51:11  Mem:           125G         33G         63G        1.1M         28G         90G
2023-08-01 15:51:14  Mem:           125G         33G         63G        1.1M         28G         90G
2023-08-01 15:51:17  Mem:           125G         33G         63G        1.1M         28G         90G
2023-08-01 15:51:20  Mem:           125G         33G         63G        1.1M         28G         90G
2023-08-01 15:51:23  Mem:           125G         33G         63G        1.1M         28G         90G
2023-08-01 15:51:26  Mem:           125G         33G         63G        1.1M         28G         90G
2023-08-01 15:51:29  Mem:           125G         33G         63G        1.1M         28G         90G
2023-08-01 15:51:32  Mem:           125G         33G         62G        1.1M         28G         90G
2023-08-01 15:51:35  Mem:           125G         33G         62G        1.1M         28G         90G
2023-08-01 15:51:38  Mem:           125G         33G         62G        1.1M         28G         90G
2023-08-01 15:51:41  Mem:           125G         33G         62G        1.1M         28G         90G
2023-08-01 15:51:44  Mem:           125G         34G         62G        1.1M         28G         90G
2023-08-01 15:51:47  Mem:           125G         34G         62G        1.1M         28G         90G
2023-08-01 15:51:50  Mem:           125G         34G         62G        1.1M         28G         90G
2023-08-01 15:51:53  Mem:           125G         34G         62G        1.1M         28G         90G
2023-08-01 15:51:56  Mem:           125G         34G         62G        1.1M         28G         89G
2023-08-01 15:51:59  Mem:           125G         34G         62G        1.1M         28G         89G
2023-08-01 15:52:02  Mem:           125G         34G         61G        1.1M         28G         89G
2023-08-01 15:52:05  Mem:           125G         34G         61G        1.1M         28G         89G
2023-08-01 15:52:08  Mem:           125G         34G         61G        1.1M         28G         89G
2023-08-01 15:52:11  Mem:           125G         34G         61G        1.1M         28G         89G
2023-08-01 15:52:14  Mem:           125G         34G         61G        1.1M         28G         89G
2023-08-01 15:52:17  Mem:           125G         34G         61G        1.1M         29G         89G
2023-08-01 15:52:20  Mem:           125G         34G         61G        1.1M         29G         89G
2023-08-01 15:52:23  Mem:           125G         34G         61G        1.1M         29G         89G
2023-08-01 15:52:26  Mem:           125G         34G         61G        1.1M         29G         89G
2023-08-01 15:52:29  Mem:           125G         34G         61G        1.1M         29G         89G
2023-08-01 15:52:32  Mem:           125G         34G         61G        1.1M         29G         89G
2023-08-01 15:52:35  Mem:           125G         34G         60G        1.1M         29G         89G
2023-08-01 15:52:38  Mem:           125G         34G         60G        1.1M         29G         89G
2023-08-01 15:52:41  Mem:           125G         35G         60G        1.1M         29G         89G
2023-08-01 15:52:44  Mem:           125G         35G         60G        1.1M         29G         89G
2023-08-01 15:52:47  Mem:           125G         35G         60G        1.1M         29G         89G
2023-08-01 15:52:50  Mem:           125G         35G         60G        1.1M         29G         89G
2023-08-01 15:52:54  Mem:           125G         35G         60G        1.1M         29G         88G
2023-08-01 15:52:57  Mem:           125G         35G         60G        1.1M         29G         88G
2023-08-01 15:53:00  Mem:           125G         35G         60G        1.1M         29G         88G
2023-08-01 15:53:03  Mem:           125G         35G         60G        1.1M         29G         88G
2023-08-01 15:53:06  Mem:           125G         35G         59G        1.1M         29G         88G
2023-08-01 15:53:09  Mem:           125G         35G         59G        1.1M         29G         88G
2023-08-01 15:53:12  Mem:           125G         35G         59G        1.1M         29G         88G
2023-08-01 15:53:15  Mem:           125G         35G         59G        1.1M         29G         88G
2023-08-01 15:53:18  Mem:           125G         35G         59G        1.1M         29G         88G
2023-08-01 15:53:21  Mem:           125G         35G         59G        1.1M         29G         88G
2023-08-01 15:53:24  Mem:           125G         35G         59G        1.1M         29G         88G
2023-08-01 15:53:27  Mem:           125G         35G         59G        1.1M         30G         88G
2023-08-01 15:53:30  Mem:           125G         35G         59G        1.1M         30G         88G
2023-08-01 15:53:33  Mem:           125G         35G         59G        1.1M         30G         88G
2023-08-01 15:53:36  Mem:           125G         35G         59G        1.1M         30G         88G
2023-08-01 15:53:39  Mem:           125G         36G         58G        1.1M         30G         88G
2023-08-01 15:53:42  Mem:           125G         36G         58G        1.1M         30G         88G
2023-08-01 15:53:45  Mem:           125G         36G         58G        1.1M         30G         88G
2023-08-01 15:53:48  Mem:           125G         36G         58G        1.1M         30G         88G
2023-08-01 15:53:51  Mem:           125G         36G         58G        1.1M         30G         87G
2023-08-01 15:53:54  Mem:           125G         36G         58G        1.1M         30G         87G
2023-08-01 15:53:57  Mem:           125G         36G         58G        1.1M         30G         87G
2023-08-01 15:54:00  Mem:           125G         36G         58G        1.1M         30G         87G
2023-08-01 15:54:03  Mem:           125G         36G         58G        1.1M         30G         87G
2023-08-01 15:54:06  Mem:           125G         36G         58G        1.1M         30G         87G
2023-08-01 15:54:09  Mem:           125G         36G         57G        1.1M         30G         87G
2023-08-01 15:54:12  Mem:           125G         36G         57G        1.1M         30G         87G
2023-08-01 15:54:15  Mem:           125G         36G         57G        1.1M         30G         87G
2023-08-01 15:54:18  Mem:           125G         36G         57G        1.1M         30G         87G
2023-08-01 15:54:21  Mem:           125G         36G         57G        1.1M         30G         87G
2023-08-01 15:54:24  Mem:           125G         36G         57G        1.1M         30G         87G
2023-08-01 15:54:27  Mem:           125G         36G         57G        1.1M         30G         87G
2023-08-01 15:54:30  Mem:           125G         36G         57G        1.1M         30G         87G
2023-08-01 15:54:33  Mem:           125G         36G         57G        1.1M         30G         87G
2023-08-01 15:54:36  Mem:           125G         37G         57G        1.1M         30G         87G
2023-08-01 15:54:39  Mem:           125G         37G         57G        1.1M         31G         87G
2023-08-01 15:54:42  Mem:           125G         37G         56G        1.1M         31G         87G
2023-08-01 15:54:45  Mem:           125G         37G         56G        1.1M         31G         86G
2023-08-01 15:54:48  Mem:           125G         37G         56G        1.1M         31G         86G
2023-08-01 15:54:51  Mem:           125G         37G         56G        1.1M         31G         86G
2023-08-01 15:54:54  Mem:           125G         37G         56G        1.1M         31G         86G
2023-08-01 15:54:57  Mem:           125G         37G         56G        1.1M         31G         86G
2023-08-01 15:55:00  Mem:           125G         37G         56G        1.1M         31G         86G
2023-08-01 15:55:03  Mem:           125G         37G         56G        1.1M         31G         86G
2023-08-01 15:55:06  Mem:           125G         37G         56G        1.1M         31G         86G
2023-08-01 15:55:09  Mem:           125G         37G         56G        1.1M         31G         86G
2023-08-01 15:55:12  Mem:           125G         37G         56G        1.1M         31G         86G
2023-08-01 15:55:15  Mem:           125G         37G         55G        1.1M         31G         86G
2023-08-01 15:55:18  Mem:           125G         37G         55G        1.1M         31G         86G
2023-08-01 15:55:21  Mem:           125G         37G         55G        1.1M         31G         86G
2023-08-01 15:55:24  Mem:           125G         37G         55G        1.1M         31G         86G
2023-08-01 15:55:27  Mem:           125G         37G         55G        1.1M         31G         86G
2023-08-01 15:55:30  Mem:           125G         38G         55G        1.1M         31G         86G
2023-08-01 15:55:33  Mem:           125G         38G         55G        1.1M         31G         86G
2023-08-01 15:55:36  Mem:           125G         38G         55G        1.1M         31G         86G
2023-08-01 15:55:39  Mem:           125G         38G         55G        1.1M         31G         86G
2023-08-01 15:55:42  Mem:           125G         38G         55G        1.1M         31G         85G
2023-08-01 15:55:45  Mem:           125G         38G         54G        1.1M         31G         85G
2023-08-01 15:55:48  Mem:           125G         38G         54G        1.1M         31G         85G
2023-08-01 15:55:51  Mem:           125G         38G         54G        1.1M         31G         85G
2023-08-01 15:55:54  Mem:           125G         38G         54G        1.1M         32G         85G
2023-08-01 15:55:57  Mem:           125G         38G         54G        1.1M         32G         85G
2023-08-01 15:56:00  Mem:           125G         38G         54G        1.1M         32G         85G
2023-08-01 15:56:03  Mem:           125G         38G         54G        1.1M         32G         85G
2023-08-01 15:56:06  Mem:           125G         38G         54G        1.1M         32G         85G
2023-08-01 15:56:09  Mem:           125G         38G         54G        1.1M         32G         85G
2023-08-01 15:56:12  Mem:           125G         38G         54G        1.1M         32G         85G
2023-08-01 15:56:15  Mem:           125G         38G         54G        1.1M         32G         85G
2023-08-01 15:56:18  Mem:           125G         38G         53G        1.1M         32G         85G
2023-08-01 15:56:21  Mem:           125G         38G         53G        1.1M         32G         85G
2023-08-01 15:56:24  Mem:           125G         38G         53G        1.1M         32G         85G
2023-08-01 15:56:27  Mem:           125G         39G         53G        1.1M         32G         85G
2023-08-01 15:56:30  Mem:           125G         39G         53G        1.1M         32G         85G
2023-08-01 15:56:33  Mem:           125G         39G         53G        1.1M         32G         85G
2023-08-01 15:56:36  Mem:           125G         39G         53G        1.1M         32G         85G
2023-08-01 15:56:39  Mem:           125G         39G         53G        1.1M         32G         84G
2023-08-01 15:56:42  Mem:           125G         39G         53G        1.1M         32G         84G
2023-08-01 15:56:45  Mem:           125G         39G         53G        1.1M         32G         84G
2023-08-01 15:56:48  Mem:           125G         39G         53G        1.1M         32G         84G
2023-08-01 15:56:51  Mem:           125G         39G         52G        1.1M         32G         84G
2023-08-01 15:56:54  Mem:           125G         39G         52G        1.1M         32G         84G
2023-08-01 15:56:57  Mem:           125G         39G         52G        1.1M         32G         84G
2023-08-01 15:57:00  Mem:           125G         39G         52G        1.1M         32G         84G
2023-08-01 15:57:03  Mem:           125G         39G         52G        1.1M         32G         84G
2023-08-01 15:57:06  Mem:           125G         39G         52G        1.1M         32G         84G
2023-08-01 15:57:09  Mem:           125G         39G         52G        1.1M         33G         84G
2023-08-01 15:57:12  Mem:           125G         39G         52G        1.1M         33G         84G
2023-08-01 15:57:15  Mem:           125G         39G         52G        1.1M         33G         84G
2023-08-01 15:57:18  Mem:           125G         39G         52G        1.1M         33G         84G
2023-08-01 15:57:21  Mem:           125G         39G         51G        1.1M         33G         84G
2023-08-01 15:57:24  Mem:           125G         40G         51G        1.1M         33G         84G
2023-08-01 15:57:27  Mem:           125G         40G         51G        1.1M         33G         84G
2023-08-01 15:57:30  Mem:           125G         40G         51G        1.1M         33G         84G
2023-08-01 15:57:33  Mem:           125G         40G         51G        1.1M         33G         83G
2023-08-01 15:57:36  Mem:           125G         40G         51G        1.1M         33G         83G
2023-08-01 15:57:39  Mem:           125G         40G         51G        1.1M         33G         83G
2023-08-01 15:57:42  Mem:           125G         40G         51G        1.1M         33G         83G
2023-08-01 15:57:45  Mem:           125G         40G         51G        1.1M         33G         83G
2023-08-01 15:57:48  Mem:           125G         40G         51G        1.1M         33G         83G
2023-08-01 15:57:51  Mem:           125G         40G         51G        1.1M         33G         83G
2023-08-01 15:57:54  Mem:           125G         40G         50G        1.1M         33G         83G
2023-08-01 15:57:57  Mem:           125G         40G         50G        1.1M         33G         83G
2023-08-01 15:58:00  Mem:           125G         40G         50G        1.1M         33G         83G
2023-08-01 15:58:03  Mem:           125G         40G         50G        1.1M         33G         83G
2023-08-01 15:58:06  Mem:           125G         40G         50G        1.1M         33G         83G
2023-08-01 15:58:09  Mem:           125G         40G         50G        1.1M         33G         83G
2023-08-01 15:58:12  Mem:           125G         40G         50G        1.1M         33G         83G
2023-08-01 15:58:15  Mem:           125G         40G         50G        1.1M         33G         83G
2023-08-01 15:58:18  Mem:           125G         41G         50G        1.1M         33G         83G
2023-08-01 15:58:21  Mem:           125G         41G         50G        1.1M         33G         83G
2023-08-01 15:58:24  Mem:           125G         41G         50G        1.1M         33G         83G
2023-08-01 15:58:27  Mem:           125G         41G         49G        1.1M         34G         83G
2023-08-01 15:58:30  Mem:           125G         41G         49G        1.1M         34G         82G
2023-08-01 15:58:34  Mem:           125G         41G         49G        1.1M         34G         82G
2023-08-01 15:58:37  Mem:           125G         41G         49G        1.1M         34G         82G
2023-08-01 15:58:40  Mem:           125G         41G         49G        1.1M         34G         82G
2023-08-01 15:58:43  Mem:           125G         41G         49G        1.1M         34G         82G
2023-08-01 15:58:46  Mem:           125G         41G         49G        1.1M         34G         82G
2023-08-01 15:58:49  Mem:           125G         41G         49G        1.1M         34G         82G
2023-08-01 15:58:52  Mem:           125G         41G         49G        1.1M         34G         82G
2023-08-01 15:58:55  Mem:           125G         41G         49G        1.1M         34G         82G
2023-08-01 15:58:58  Mem:           125G         41G         49G        1.1M         34G         82G
2023-08-01 15:59:01  Mem:           125G         41G         48G        1.1M         34G         82G
2023-08-01 15:59:04  Mem:           125G         41G         48G        1.1M         34G         82G
2023-08-01 15:59:07  Mem:           125G         41G         48G        1.1M         34G         82G
2023-08-01 15:59:10  Mem:           125G         41G         48G        1.1M         34G         82G
2023-08-01 15:59:13  Mem:           125G         41G         48G        1.1M         34G         82G
2023-08-01 15:59:16  Mem:           125G         42G         48G        1.1M         34G         82G
2023-08-01 15:59:19  Mem:           125G         42G         48G        1.1M         34G         82G
2023-08-01 15:59:22  Mem:           125G         42G         48G        1.1M         34G         82G
2023-08-01 15:59:25  Mem:           125G         42G         48G        1.1M         34G         82G
2023-08-01 15:59:28  Mem:           125G         42G         48G        1.1M         34G         81G
2023-08-01 15:59:31  Mem:           125G         42G         47G        1.1M         34G         81G
2023-08-01 15:59:34  Mem:           125G         42G         47G        1.1M         34G         81G
2023-08-01 15:59:37  Mem:           125G         42G         47G        1.1M         34G         81G
2023-08-01 15:59:40  Mem:           125G         42G         47G        1.1M         34G         81G
2023-08-01 15:59:43  Mem:           125G         42G         47G        1.1M         35G         81G
2023-08-01 15:59:46  Mem:           125G         42G         47G        1.1M         35G         81G
2023-08-01 15:59:49  Mem:           125G         42G         47G        1.1M         35G         81G
2023-08-01 15:59:52  Mem:           125G         42G         47G        1.1M         35G         81G
2023-08-01 15:59:55  Mem:           125G         42G         47G        1.1M         35G         81G
2023-08-01 15:59:58  Mem:           125G         42G         47G        1.1M         35G         81G
2023-08-01 16:00:01  Mem:           125G         42G         47G        1.1M         35G         81G
2023-08-01 16:00:04  Mem:           125G         42G         46G        1.1M         35G         81G
2023-08-01 16:00:07  Mem:           125G         42G         46G        1.1M         35G         81G
2023-08-01 16:00:10  Mem:           125G         43G         46G        1.1M         35G         81G
2023-08-01 16:00:13  Mem:           125G         43G         46G        1.1M         35G         81G
2023-08-01 16:00:16  Mem:           125G         43G         46G        1.1M         35G         81G
2023-08-01 16:00:19  Mem:           125G         43G         46G        1.1M         35G         81G
2023-08-01 16:00:22  Mem:           125G         43G         46G        1.1M         35G         80G
2023-08-01 16:00:25  Mem:           125G         43G         46G        1.1M         35G         80G
2023-08-01 16:00:28  Mem:           125G         43G         46G        1.1M         35G         80G
2023-08-01 16:00:31  Mem:           125G         43G         46G        1.1M         35G         80G
2023-08-01 16:00:34  Mem:           125G         43G         46G        1.1M         35G         80G
2023-08-01 16:00:37  Mem:           125G         43G         45G        1.1M         35G         80G
2023-08-01 16:00:40  Mem:           125G         43G         45G        1.1M         35G         80G
2023-08-01 16:00:43  Mem:           125G         43G         45G        1.1M         35G         80G
2023-08-01 16:00:46  Mem:           125G         43G         45G        1.1M         35G         80G
2023-08-01 16:00:49  Mem:           125G         43G         45G        1.1M         35G         80G
2023-08-01 16:00:52  Mem:           125G         43G         45G        1.1M         35G         80G
2023-08-01 16:00:55  Mem:           125G         43G         45G        1.1M         35G         80G
2023-08-01 16:00:58  Mem:           125G         43G         45G        1.1M         35G         80G
2023-08-01 16:01:01  Mem:           125G         43G         45G        1.1M         35G         80G
2023-08-01 16:01:04  Mem:           125G         43G         45G        1.1M         36G         80G
2023-08-01 16:01:07  Mem:           125G         44G         45G        1.1M         36G         80G
2023-08-01 16:01:10  Mem:           125G         44G         44G        1.1M         36G         80G
2023-08-01 16:01:13  Mem:           125G         44G         44G        1.1M         36G         80G
2023-08-01 16:01:16  Mem:           125G         44G         44G        1.1M         36G         80G
2023-08-01 16:01:19  Mem:           125G         44G         44G        1.1M         36G         79G
2023-08-01 16:01:22  Mem:           125G         44G         44G        1.1M         36G         79G
2023-08-01 16:01:25  Mem:           125G         44G         44G        1.1M         36G         79G
2023-08-01 16:01:28  Mem:           125G         44G         44G        1.1M         36G         79G
2023-08-01 16:01:31  Mem:           125G         44G         44G        1.1M         36G         79G
2023-08-01 16:01:34  Mem:           125G         44G         44G        1.1M         36G         79G
2023-08-01 16:01:37  Mem:           125G         44G         44G        1.1M         36G         79G
2023-08-01 16:01:40  Mem:           125G         44G         44G        1.1M         36G         79G
2023-08-01 16:01:43  Mem:           125G         44G         43G        1.1M         36G         79G
2023-08-01 16:01:46  Mem:           125G         44G         43G        1.1M         36G         79G
2023-08-01 16:01:49  Mem:           125G         44G         43G        1.1M         36G         79G
2023-08-01 16:01:52  Mem:           125G         44G         43G        1.1M         36G         79G
2023-08-01 16:01:55  Mem:           125G         44G         43G        1.1M         36G         79G
2023-08-01 16:01:58  Mem:           125G         44G         43G        1.1M         36G         79G
2023-08-01 16:02:01  Mem:           125G         44G         43G        1.1M         36G         79G
2023-08-01 16:02:04  Mem:           125G         45G         43G        1.1M         36G         79G
2023-08-01 16:02:07  Mem:           125G         45G         43G        1.1M         36G         79G
2023-08-01 16:02:10  Mem:           125G         45G         43G        1.1M         36G         79G
2023-08-01 16:02:13  Mem:           125G         45G         43G        1.1M         36G         79G
2023-08-01 16:02:16  Mem:           125G         45G         43G        1.1M         36G         78G
2023-08-01 16:02:19  Mem:           125G         45G         42G        1.1M         36G         78G
2023-08-01 16:02:22  Mem:           125G         45G         42G        1.1M         37G         78G
2023-08-01 16:02:25  Mem:           125G         45G         42G        1.1M         37G         78G
2023-08-01 16:02:28  Mem:           125G         45G         42G        1.1M         37G         78G
2023-08-01 16:02:31  Mem:           125G         45G         42G        1.1M         37G         78G
2023-08-01 16:02:34  Mem:           125G         45G         42G        1.1M         37G         78G
2023-08-01 16:02:37  Mem:           125G         45G         42G        1.1M         37G         78G
2023-08-01 16:02:40  Mem:           125G         45G         42G        1.1M         37G         78G
2023-08-01 16:02:43  Mem:           125G         45G         42G        1.1M         37G         78G
2023-08-01 16:02:46  Mem:           125G         45G         42G        1.1M         37G         78G
2023-08-01 16:02:49  Mem:           125G         45G         42G        1.1M         37G         78G
2023-08-01 16:02:52  Mem:           125G         45G         41G        1.1M         37G         78G
2023-08-01 16:02:55  Mem:           125G         45G         41G        1.1M         37G         78G
2023-08-01 16:02:58  Mem:           125G         45G         41G        1.1M         37G         78G
2023-08-01 16:03:01  Mem:           125G         45G         41G        1.1M         37G         78G
2023-08-01 16:03:04  Mem:           125G         46G         41G        1.1M         37G         78G
2023-08-01 16:03:07  Mem:           125G         46G         41G        1.1M         37G         78G
2023-08-01 16:03:10  Mem:           125G         46G         41G        1.1M         37G         78G
2023-08-01 16:03:13  Mem:           125G         46G         41G        1.1M         37G         78G
2023-08-01 16:03:16  Mem:           125G         46G         41G        1.1M         37G         77G
2023-08-01 16:03:19  Mem:           125G         46G         41G        1.1M         37G         77G
2023-08-01 16:03:22  Mem:           125G         46G         41G        1.1M         37G         77G
2023-08-01 16:03:25  Mem:           125G         46G         41G        1.1M         37G         77G
2023-08-01 16:03:28  Mem:           125G         46G         40G        1.1M         37G         77G
2023-08-01 16:03:31  Mem:           125G         46G         40G        1.1M         37G         77G
2023-08-01 16:03:34  Mem:           125G         46G         40G        1.1M         37G         77G
2023-08-01 16:03:37  Mem:           125G         46G         40G        1.1M         37G         77G
2023-08-01 16:03:40  Mem:           125G         46G         40G        1.1M         37G         77G
2023-08-01 16:03:43  Mem:           125G         46G         40G        1.1M         37G         77G
2023-08-01 16:03:46  Mem:           125G         46G         40G        1.1M         38G         77G
2023-08-01 16:03:49  Mem:           125G         46G         40G        1.1M         38G         77G
2023-08-01 16:03:52  Mem:           125G         46G         40G        1.1M         38G         77G
2023-08-01 16:03:55  Mem:           125G         46G         40G        1.1M         38G         77G
2023-08-01 16:03:58  Mem:           125G         46G         40G        1.1M         38G         77G
2023-08-01 16:04:01  Mem:           125G         46G         39G        1.1M         38G         77G
2023-08-01 16:04:04  Mem:           125G         47G         39G        1.1M         38G         77G
2023-08-01 16:04:07  Mem:           125G         47G         39G        1.1M         38G         77G
2023-08-01 16:04:10  Mem:           125G         47G         39G        1.1M         38G         77G
2023-08-01 16:04:13  Mem:           125G         47G         39G        1.1M         38G         76G
2023-08-01 16:04:16  Mem:           125G         47G         39G        1.1M         38G         76G
2023-08-01 16:04:19  Mem:           125G         47G         39G        1.1M         38G         76G
2023-08-01 16:04:22  Mem:           125G         47G         39G        1.1M         38G         76G
2023-08-01 16:04:25  Mem:           125G         47G         39G        1.1M         38G         76G
2023-08-01 16:04:28  Mem:           125G         47G         39G        1.1M         38G         76G
2023-08-01 16:04:31  Mem:           125G         47G         39G        1.1M         38G         76G
2023-08-01 16:04:34  Mem:           125G         47G         38G        1.1M         38G         76G
2023-08-01 16:04:37  Mem:           125G         47G         38G        1.1M         38G         76G
2023-08-01 16:04:40  Mem:           125G         47G         38G        1.1M         38G         76G
2023-08-01 16:04:43  Mem:           125G         47G         38G        1.1M         38G         76G
2023-08-01 16:04:46  Mem:           125G         47G         38G        1.1M         38G         76G
2023-08-01 16:04:49  Mem:           125G         47G         38G        1.1M         38G         76G
2023-08-01 16:04:52  Mem:           125G         47G         38G        1.1M         38G         76G
2023-08-01 16:04:55  Mem:           125G         47G         38G        1.1M         38G         76G
2023-08-01 16:04:58  Mem:           125G         47G         38G        1.1M         38G         76G
2023-08-01 16:05:01  Mem:           125G         48G         38G        1.1M         38G         76G
2023-08-01 16:05:04  Mem:           125G         48G         38G        1.1M         39G         76G
2023-08-01 16:05:07  Mem:           125G         48G         37G        1.1M         39G         76G
2023-08-01 16:05:10  Mem:           125G         48G         37G        1.1M         39G         76G
2023-08-01 16:05:13  Mem:           125G         48G         37G        1.1M         39G         75G
2023-08-01 16:05:16  Mem:           125G         48G         37G        1.1M         39G         75G
2023-08-01 16:05:19  Mem:           125G         48G         37G        1.1M         39G         75G
2023-08-01 16:05:23  Mem:           125G         48G         37G        1.1M         39G         75G
2023-08-01 16:05:26  Mem:           125G         48G         37G        1.1M         39G         75G
2023-08-01 16:05:29  Mem:           125G         48G         37G        1.1M         39G         75G
2023-08-01 16:05:32  Mem:           125G         48G         37G        1.1M         39G         75G
2023-08-01 16:05:35  Mem:           125G         48G         37G        1.1M         39G         75G
2023-08-01 16:05:38  Mem:           125G         48G         37G        1.1M         39G         75G
2023-08-01 16:05:41  Mem:           125G         48G         37G        1.1M         39G         75G
2023-08-01 16:05:44  Mem:           125G         48G         36G        1.1M         39G         75G
2023-08-01 16:05:47  Mem:           125G         48G         36G        1.1M         39G         75G
2023-08-01 16:05:50  Mem:           125G         48G         36G        1.1M         39G         75G
2023-08-01 16:05:53  Mem:           125G         48G         36G        1.1M         39G         75G
2023-08-01 16:05:56  Mem:           125G         48G         36G        1.1M         39G         75G
2023-08-01 16:05:59  Mem:           125G         48G         36G        1.1M         39G         75G
2023-08-01 16:06:02  Mem:           125G         49G         36G        1.1M         39G         75G
2023-08-01 16:06:05  Mem:           125G         49G         36G        1.1M         39G         75G
2023-08-01 16:06:08  Mem:           125G         49G         36G        1.1M         39G         75G
2023-08-01 16:06:11  Mem:           125G         49G         36G        1.1M         39G         75G
2023-08-01 16:06:14  Mem:           125G         49G         36G        1.1M         39G         74G
2023-08-01 16:06:17  Mem:           125G         49G         36G        1.1M         39G         74G
2023-08-01 16:06:20  Mem:           125G         49G         35G        1.1M         39G         74G
2023-08-01 16:06:23  Mem:           125G         49G         35G        1.1M         39G         74G
2023-08-01 16:06:26  Mem:           125G         49G         35G        1.1M         39G         74G
2023-08-01 16:06:29  Mem:           125G         49G         35G        1.1M         40G         74G
2023-08-01 16:06:32  Mem:           125G         49G         35G        1.1M         40G         74G
2023-08-01 16:06:35  Mem:           125G         49G         35G        1.1M         40G         74G
2023-08-01 16:06:38  Mem:           125G         49G         35G        1.1M         40G         74G
2023-08-01 16:06:41  Mem:           125G         49G         35G        1.1M         40G         74G
2023-08-01 16:06:44  Mem:           125G         49G         35G        1.1M         40G         74G
2023-08-01 16:06:47  Mem:           125G         49G         35G        1.1M         40G         74G
2023-08-01 16:06:50  Mem:           125G         49G         35G        1.1M         40G         74G
2023-08-01 16:06:53  Mem:           125G         49G         34G        1.1M         40G         74G
2023-08-01 16:06:56  Mem:           125G         49G         34G        1.1M         40G         74G
2023-08-01 16:06:59  Mem:           125G         49G         34G        1.1M         40G         74G
2023-08-01 16:07:02  Mem:           125G         49G         34G        1.1M         40G         74G
2023-08-01 16:07:05  Mem:           125G         50G         34G        1.1M         40G         74G
2023-08-01 16:07:08  Mem:           125G         50G         34G        1.1M         40G         74G
2023-08-01 16:07:11  Mem:           125G         50G         34G        1.1M         40G         74G
2023-08-01 16:07:14  Mem:           125G         50G         34G        1.1M         40G         74G
2023-08-01 16:07:17  Mem:           125G         50G         34G        1.1M         40G         73G
2023-08-01 16:07:20  Mem:           125G         50G         34G        1.1M         40G         73G
2023-08-01 16:07:23  Mem:           125G         50G         34G        1.1M         40G         73G
2023-08-01 16:07:26  Mem:           125G         50G         34G        1.1M         40G         73G
2023-08-01 16:07:29  Mem:           125G         50G         33G        1.1M         40G         73G
2023-08-01 16:07:32  Mem:           125G         50G         33G        1.1M         40G         73G
2023-08-01 16:07:35  Mem:           125G         50G         33G        1.1M         40G         73G
2023-08-01 16:07:38  Mem:           125G         50G         33G        1.1M         40G         73G
2023-08-01 16:07:41  Mem:           125G         50G         33G        1.1M         40G         73G
2023-08-01 16:07:44  Mem:           125G         50G         33G        1.1M         40G         73G
2023-08-01 16:07:47  Mem:           125G         50G         33G        1.1M         40G         73G
2023-08-01 16:07:50  Mem:           125G         50G         33G        1.1M         41G         73G
