time               total        used        free      shared  buff/cache   available
2023-07-31 17:39:00  Mem:           125G         22G         86G        1.1M         16G        101G
2023-07-31 17:39:03  Mem:           125G         22G         85G        1.1M         16G        101G
2023-07-31 17:39:06  Mem:           125G         22G         85G        1.1M         16G        101G
2023-07-31 17:39:09  Mem:           125G         22G         85G        1.1M         16G        101G
2023-07-31 17:39:12  Mem:           125G         23G         85G        1.1M         16G        101G
2023-07-31 17:39:15  Mem:           125G         23G         85G        1.1M         16G        100G
2023-07-31 17:39:18  Mem:           125G         23G         84G        1.1M         16G        100G
2023-07-31 17:39:21  Mem:           125G         23G         84G        1.1M         16G        100G
2023-07-31 17:39:24  Mem:           125G         23G         84G        1.1M         16G        100G
2023-07-31 17:39:27  Mem:           125G         23G         84G        1.1M         16G        100G
2023-07-31 17:39:30  Mem:           125G         23G         84G        1.1M         16G        100G
2023-07-31 17:39:33  Mem:           125G         23G         84G        1.1M         17G        100G
2023-07-31 17:39:36  Mem:           125G         23G         84G        1.1M         17G        100G
2023-07-31 17:39:39  Mem:           125G         24G         84G        1.1M         17G        100G
2023-07-31 17:39:42  Mem:           125G         24G         83G        1.1M         17G        100G
2023-07-31 17:39:45  Mem:           125G         24G         83G        1.1M         17G        100G
2023-07-31 17:39:48  Mem:           125G         24G         83G        1.1M         17G         99G
2023-07-31 17:39:51  Mem:           125G         24G         83G        1.1M         17G         99G
2023-07-31 17:39:54  Mem:           125G         24G         83G        1.1M         17G         99G
2023-07-31 17:39:57  Mem:           125G         24G         83G        1.1M         17G         99G
2023-07-31 17:40:00  Mem:           125G         24G         83G        1.1M         17G         99G
2023-07-31 17:40:03  Mem:           125G         24G         83G        1.1M         17G         99G
2023-07-31 17:40:06  Mem:           125G         24G         83G        1.1M         17G         99G
2023-07-31 17:40:09  Mem:           125G         24G         82G        1.1M         17G         99G
2023-07-31 17:40:12  Mem:           125G         24G         82G        1.1M         17G         99G
2023-07-31 17:40:15  Mem:           125G         24G         82G        1.1M         17G         99G
2023-07-31 17:40:18  Mem:           125G         24G         82G        1.1M         17G         99G
2023-07-31 17:40:21  Mem:           125G         24G         82G        1.1M         17G         99G
2023-07-31 17:40:24  Mem:           125G         24G         82G        1.1M         17G         99G
2023-07-31 17:40:27  Mem:           125G         24G         82G        1.1M         17G         99G
2023-07-31 17:40:30  Mem:           125G         24G         82G        1.1M         17G         99G
2023-07-31 17:40:33  Mem:           125G         25G         82G        1.1M         17G         99G
2023-07-31 17:40:36  Mem:           125G         25G         82G        1.1M         18G         99G
2023-07-31 17:40:39  Mem:           125G         25G         81G        1.1M         18G         99G
2023-07-31 17:40:42  Mem:           125G         25G         81G        1.1M         18G         99G
2023-07-31 17:40:45  Mem:           125G         25G         81G        1.1M         18G         99G
2023-07-31 17:40:48  Mem:           125G         25G         81G        1.1M         18G         98G
2023-07-31 17:40:51  Mem:           125G         25G         81G        1.1M         18G         98G
2023-07-31 17:40:54  Mem:           125G         25G         81G        1.1M         18G         98G
2023-07-31 17:40:57  Mem:           125G         25G         81G        1.1M         18G         98G
2023-07-31 17:41:00  Mem:           125G         25G         81G        1.1M         18G         98G
2023-07-31 17:41:03  Mem:           125G         25G         81G        1.1M         18G         98G
2023-07-31 17:41:06  Mem:           125G         25G         81G        1.1M         18G         98G
2023-07-31 17:41:09  Mem:           125G         25G         81G        1.1M         18G         98G
2023-07-31 17:41:12  Mem:           125G         25G         80G        1.1M         18G         98G
2023-07-31 17:41:15  Mem:           125G         25G         80G        1.1M         18G         98G
2023-07-31 17:41:19  Mem:           125G         25G         80G        1.1M         18G         98G
2023-07-31 17:41:22  Mem:           125G         25G         80G        1.1M         18G         98G
2023-07-31 17:41:25  Mem:           125G         25G         80G        1.1M         18G         98G
2023-07-31 17:41:28  Mem:           125G         25G         80G        1.1M         18G         98G
2023-07-31 17:41:31  Mem:           125G         25G         80G        1.1M         18G         98G
2023-07-31 17:41:34  Mem:           125G         26G         80G        1.1M         18G         98G
2023-07-31 17:41:37  Mem:           125G         26G         80G        1.1M         18G         98G
2023-07-31 17:41:40  Mem:           125G         26G         80G        1.1M         19G         98G
2023-07-31 17:41:43  Mem:           125G         26G         79G        1.1M         19G         98G
2023-07-31 17:41:46  Mem:           125G         26G         79G        1.1M         19G         98G
2023-07-31 17:41:49  Mem:           125G         26G         79G        1.1M         19G         97G
2023-07-31 17:41:52  Mem:           125G         26G         79G        1.1M         19G         97G
2023-07-31 17:41:55  Mem:           125G         26G         79G        1.1M         19G         97G
2023-07-31 17:41:58  Mem:           125G         26G         79G        1.1M         19G         97G
2023-07-31 17:42:01  Mem:           125G         26G         79G        1.1M         19G         97G
2023-07-31 17:42:04  Mem:           125G         26G         79G        1.1M         19G         97G
2023-07-31 17:42:07  Mem:           125G         26G         79G        1.1M         19G         97G
2023-07-31 17:42:10  Mem:           125G         26G         79G        1.1M         19G         97G
2023-07-31 17:42:13  Mem:           125G         26G         78G        1.1M         19G         97G
2023-07-31 17:42:16  Mem:           125G         26G         78G        1.1M         19G         97G
2023-07-31 17:42:19  Mem:           125G         26G         78G        1.1M         19G         97G
2023-07-31 17:42:22  Mem:           125G         26G         78G        1.1M         19G         97G
2023-07-31 17:42:25  Mem:           125G         26G         78G        1.1M         19G         97G
2023-07-31 17:42:28  Mem:           125G         26G         78G        1.1M         19G         97G
2023-07-31 17:42:31  Mem:           125G         26G         78G        1.1M         19G         97G
2023-07-31 17:42:34  Mem:           125G         26G         78G        1.1M         19G         97G
2023-07-31 17:42:37  Mem:           125G         27G         78G        1.1M         19G         97G
2023-07-31 17:42:40  Mem:           125G         27G         78G        1.1M         19G         97G
2023-07-31 17:42:43  Mem:           125G         27G         77G        1.1M         20G         97G
2023-07-31 17:42:46  Mem:           125G         27G         77G        1.1M         20G         97G
2023-07-31 17:42:49  Mem:           125G         27G         77G        1.1M         20G         97G
2023-07-31 17:42:52  Mem:           125G         27G         77G        1.1M         20G         96G
2023-07-31 17:42:55  Mem:           125G         27G         77G        1.1M         20G         96G
2023-07-31 17:42:58  Mem:           125G         27G         77G        1.1M         20G         96G
2023-07-31 17:43:01  Mem:           125G         27G         77G        1.1M         20G         96G
2023-07-31 17:43:04  Mem:           125G         27G         77G        1.1M         20G         96G
2023-07-31 17:43:07  Mem:           125G         27G         77G        1.1M         20G         96G
2023-07-31 17:43:10  Mem:           125G         27G         77G        1.1M         20G         96G
2023-07-31 17:43:13  Mem:           125G         27G         76G        1.1M         20G         96G
2023-07-31 17:43:16  Mem:           125G         27G         76G        1.1M         20G         96G
2023-07-31 17:43:19  Mem:           125G         27G         76G        1.1M         20G         96G
2023-07-31 17:43:22  Mem:           125G         27G         76G        1.1M         20G         96G
2023-07-31 17:43:25  Mem:           125G         27G         76G        1.1M         20G         96G
2023-07-31 17:43:28  Mem:           125G         27G         76G        1.1M         20G         96G
2023-07-31 17:43:31  Mem:           125G         27G         76G        1.1M         20G         96G
2023-07-31 17:43:34  Mem:           125G         27G         76G        1.1M         20G         96G
2023-07-31 17:43:37  Mem:           125G         28G         76G        1.1M         20G         96G
2023-07-31 17:43:40  Mem:           125G         28G         76G        1.1M         20G         96G
2023-07-31 17:43:43  Mem:           125G         28G         76G        1.1M         21G         96G
2023-07-31 17:43:46  Mem:           125G         28G         75G        1.1M         21G         96G
2023-07-31 17:43:49  Mem:           125G         28G         75G        1.1M         21G         95G
2023-07-31 17:43:52  Mem:           125G         28G         75G        1.1M         21G         95G
2023-07-31 17:43:55  Mem:           125G         28G         75G        1.1M         21G         95G
2023-07-31 17:43:58  Mem:           125G         28G         75G        1.1M         21G         95G
2023-07-31 17:44:01  Mem:           125G         28G         75G        1.1M         21G         95G
2023-07-31 17:44:04  Mem:           125G         28G         75G        1.1M         21G         95G
2023-07-31 17:44:07  Mem:           125G         28G         75G        1.1M         21G         95G
2023-07-31 17:44:10  Mem:           125G         28G         75G        1.1M         21G         95G
2023-07-31 17:44:13  Mem:           125G         28G         75G        1.1M         21G         95G
2023-07-31 17:44:16  Mem:           125G         28G         74G        1.1M         21G         95G
2023-07-31 17:44:19  Mem:           125G         28G         74G        1.1M         21G         95G
2023-07-31 17:44:22  Mem:           125G         28G         74G        1.1M         21G         95G
2023-07-31 17:44:25  Mem:           125G         28G         74G        1.1M         21G         95G
2023-07-31 17:44:28  Mem:           125G         28G         74G        1.1M         21G         95G
2023-07-31 17:44:31  Mem:           125G         28G         74G        1.1M         21G         95G
2023-07-31 17:44:34  Mem:           125G         28G         74G        1.1M         21G         95G
2023-07-31 17:44:38  Mem:           125G         29G         74G        1.1M         21G         95G
2023-07-31 17:44:41  Mem:           125G         29G         74G        1.1M         21G         95G
2023-07-31 17:44:44  Mem:           125G         29G         73G        1.1M         22G         95G
2023-07-31 17:44:47  Mem:           125G         29G         73G        1.1M         22G         95G
2023-07-31 17:44:50  Mem:           125G         29G         73G        1.1M         22G         94G
2023-07-31 17:44:53  Mem:           125G         29G         73G        1.1M         22G         94G
2023-07-31 17:44:56  Mem:           125G         29G         73G        1.1M         22G         94G
2023-07-31 17:44:59  Mem:           125G         29G         73G        1.1M         22G         94G
2023-07-31 17:45:02  Mem:           125G         29G         73G        1.1M         22G         94G
2023-07-31 17:45:05  Mem:           125G         29G         73G        1.1M         22G         94G
2023-07-31 17:45:08  Mem:           125G         29G         73G        1.1M         22G         94G
2023-07-31 17:45:11  Mem:           125G         29G         73G        1.1M         22G         94G
2023-07-31 17:45:14  Mem:           125G         29G         72G        1.1M         22G         94G
2023-07-31 17:45:17  Mem:           125G         29G         72G        1.1M         22G         94G
2023-07-31 17:45:20  Mem:           125G         29G         72G        1.1M         22G         94G
2023-07-31 17:45:23  Mem:           125G         29G         72G        1.1M         22G         94G
2023-07-31 17:45:26  Mem:           125G         29G         72G        1.1M         22G         94G
2023-07-31 17:45:29  Mem:           125G         29G         72G        1.1M         22G         94G
2023-07-31 17:45:32  Mem:           125G         29G         72G        1.1M         22G         94G
2023-07-31 17:45:35  Mem:           125G         30G         72G        1.1M         22G         94G
2023-07-31 17:45:38  Mem:           125G         30G         72G        1.1M         22G         94G
2023-07-31 17:45:41  Mem:           125G         30G         72G        1.1M         22G         94G
2023-07-31 17:45:44  Mem:           125G         30G         71G        1.1M         22G         94G
2023-07-31 17:45:47  Mem:           125G         30G         71G        1.1M         23G         93G
2023-07-31 17:45:50  Mem:           125G         30G         71G        1.1M         23G         93G
2023-07-31 17:45:53  Mem:           125G         30G         71G        1.1M         23G         93G
2023-07-31 17:45:56  Mem:           125G         30G         71G        1.1M         23G         93G
2023-07-31 17:45:59  Mem:           125G         30G         71G        1.1M         23G         93G
2023-07-31 17:46:02  Mem:           125G         30G         71G        1.1M         23G         93G
2023-07-31 17:46:05  Mem:           125G         30G         71G        1.1M         23G         93G
2023-07-31 17:46:08  Mem:           125G         30G         71G        1.1M         23G         93G
2023-07-31 17:46:11  Mem:           125G         30G         70G        1.1M         23G         93G
2023-07-31 17:46:14  Mem:           125G         30G         70G        1.1M         23G         93G
2023-07-31 17:46:17  Mem:           125G         30G         70G        1.1M         23G         93G
2023-07-31 17:46:20  Mem:           125G         30G         70G        1.1M         23G         93G
2023-07-31 17:46:23  Mem:           125G         30G         70G        1.1M         23G         93G
2023-07-31 17:46:26  Mem:           125G         30G         70G        1.1M         23G         93G
2023-07-31 17:46:29  Mem:           125G         31G         70G        1.1M         23G         93G
2023-07-31 17:46:32  Mem:           125G         31G         70G        1.1M         23G         93G
2023-07-31 17:46:45  Mem:           125G         31G         69G        1.1M         24G         92G
2023-07-31 17:46:48  Mem:           125G         31G         69G        1.1M         24G         92G
2023-07-31 17:46:51  Mem:           125G         31G         69G        1.1M         24G         92G
2023-07-31 17:46:54  Mem:           125G         31G         69G        1.1M         24G         92G
2023-07-31 17:46:57  Mem:           125G         31G         69G        1.1M         24G         92G
2023-07-31 17:47:00  Mem:           125G         31G         69G        1.1M         24G         92G
2023-07-31 17:47:03  Mem:           125G         31G         69G        1.1M         24G         92G
2023-07-31 17:47:06  Mem:           125G         31G         68G        1.1M         24G         92G
2023-07-31 17:47:09  Mem:           125G         31G         68G        1.1M         24G         92G
2023-07-31 17:47:12  Mem:           125G         31G         68G        1.1M         24G         92G
2023-07-31 17:47:15  Mem:           125G         31G         68G        1.1M         24G         92G
2023-07-31 17:47:18  Mem:           125G         32G         68G        1.1M         24G         92G
2023-07-31 17:47:21  Mem:           125G         32G         68G        1.1M         24G         92G
2023-07-31 17:47:24  Mem:           125G         32G         68G        1.1M         24G         92G
2023-07-31 17:47:27  Mem:           125G         32G         68G        1.1M         24G         92G
2023-07-31 17:47:30  Mem:           125G         32G         68G        1.1M         24G         91G
2023-07-31 17:47:33  Mem:           125G         32G         67G        1.1M         24G         91G
2023-07-31 17:47:36  Mem:           125G         32G         67G        1.1M         24G         91G
2023-07-31 17:47:39  Mem:           125G         32G         67G        1.1M         25G         91G
2023-07-31 17:47:42  Mem:           125G         32G         67G        1.1M         25G         91G
2023-07-31 17:47:45  Mem:           125G         32G         67G        1.1M         25G         91G
2023-07-31 17:47:48  Mem:           125G         32G         67G        1.1M         25G         91G
2023-07-31 17:47:51  Mem:           125G         32G         67G        1.1M         25G         91G
2023-07-31 17:47:54  Mem:           125G         32G         67G        1.1M         25G         91G
2023-07-31 17:47:57  Mem:           125G         32G         66G        1.1M         25G         91G
2023-07-31 17:48:00  Mem:           125G         32G         66G        1.1M         25G         91G
2023-07-31 17:48:03  Mem:           125G         32G         66G        1.1M         25G         91G
2023-07-31 17:48:06  Mem:           125G         32G         66G        1.1M         25G         91G
2023-07-31 17:48:09  Mem:           125G         33G         66G        1.1M         25G         91G
2023-07-31 17:48:12  Mem:           125G         33G         66G        1.1M         25G         91G
2023-07-31 17:48:15  Mem:           125G         33G         66G        1.1M         25G         91G
2023-07-31 17:48:18  Mem:           125G         33G         66G        1.1M         25G         90G
2023-07-31 17:48:21  Mem:           125G         33G         66G        1.1M         25G         90G
2023-07-31 17:48:24  Mem:           125G         33G         65G        1.1M         25G         90G
2023-07-31 17:48:27  Mem:           125G         33G         65G        1.1M         25G         90G
2023-07-31 17:48:30  Mem:           125G         33G         65G        1.1M         25G         90G
2023-07-31 17:48:33  Mem:           125G         33G         65G        1.1M         26G         90G
2023-07-31 17:48:36  Mem:           125G         33G         65G        1.1M         26G         90G
2023-07-31 17:48:39  Mem:           125G         33G         65G        1.1M         26G         90G
2023-07-31 17:48:42  Mem:           125G         33G         65G        1.1M         26G         90G
2023-07-31 17:48:45  Mem:           125G         33G         65G        1.1M         26G         90G
2023-07-31 17:48:48  Mem:           125G         33G         64G        1.1M         26G         90G
2023-07-31 17:48:51  Mem:           125G         33G         64G        1.1M         26G         90G
2023-07-31 17:48:54  Mem:           125G         34G         64G        1.1M         26G         90G
2023-07-31 17:48:57  Mem:           125G         34G         64G        1.1M         26G         90G
2023-07-31 17:49:00  Mem:           125G         34G         64G        1.1M         26G         90G
2023-07-31 17:49:03  Mem:           125G         34G         64G        1.1M         26G         89G
2023-07-31 17:49:07  Mem:           125G         34G         64G        1.1M         26G         89G
2023-07-31 17:49:10  Mem:           125G         34G         64G        1.1M         26G         89G
2023-07-31 17:49:13  Mem:           125G         34G         63G        1.1M         26G         89G
2023-07-31 17:49:16  Mem:           125G         34G         63G        1.1M         26G         89G
2023-07-31 17:49:19  Mem:           125G         34G         63G        1.1M         26G         89G
2023-07-31 17:49:22  Mem:           125G         34G         63G        1.1M         26G         89G
2023-07-31 17:49:25  Mem:           125G         34G         63G        1.1M         26G         89G
2023-07-31 17:49:28  Mem:           125G         34G         63G        1.1M         27G         89G
2023-07-31 17:49:31  Mem:           125G         34G         63G        1.1M         27G         89G
2023-07-31 17:49:34  Mem:           125G         34G         63G        1.1M         27G         89G
2023-07-31 17:49:37  Mem:           125G         34G         62G        1.1M         27G         89G
2023-07-31 17:49:40  Mem:           125G         35G         62G        1.1M         27G         89G
2023-07-31 17:49:43  Mem:           125G         35G         62G        1.1M         27G         89G
2023-07-31 17:49:46  Mem:           125G         35G         62G        1.1M         27G         88G
2023-07-31 17:49:49  Mem:           125G         35G         62G        1.1M         27G         88G
2023-07-31 17:49:52  Mem:           125G         35G         62G        1.1M         27G         88G
2023-07-31 17:49:55  Mem:           125G         35G         62G        1.1M         27G         88G
2023-07-31 17:49:58  Mem:           125G         35G         62G        1.1M         27G         88G
2023-07-31 17:50:01  Mem:           125G         35G         61G        1.1M         27G         88G
2023-07-31 17:50:04  Mem:           125G         35G         61G        1.1M         27G         88G
2023-07-31 17:50:07  Mem:           125G         35G         61G        1.1M         27G         88G
2023-07-31 17:50:10  Mem:           125G         35G         61G        1.1M         27G         88G
2023-07-31 17:50:13  Mem:           125G         35G         61G        1.1M         27G         88G
2023-07-31 17:50:16  Mem:           125G         35G         61G        1.1M         27G         88G
2023-07-31 17:50:19  Mem:           125G         36G         61G        1.1M         28G         88G
2023-07-31 17:50:22  Mem:           125G         36G         60G        1.1M         28G         88G
2023-07-31 17:50:25  Mem:           125G         36G         60G        1.1M         28G         88G
2023-07-31 17:50:28  Mem:           125G         36G         60G        1.1M         28G         87G
2023-07-31 17:50:31  Mem:           125G         36G         60G        1.1M         28G         87G
2023-07-31 17:50:34  Mem:           125G         36G         60G        1.1M         28G         87G
2023-07-31 17:50:37  Mem:           125G         36G         60G        1.1M         28G         87G
2023-07-31 17:50:40  Mem:           125G         36G         60G        1.1M         28G         87G
2023-07-31 17:50:43  Mem:           125G         36G         60G        1.1M         28G         87G
2023-07-31 17:50:46  Mem:           125G         36G         59G        1.1M         28G         87G
2023-07-31 17:50:49  Mem:           125G         36G         59G        1.1M         28G         87G
2023-07-31 17:50:52  Mem:           125G         36G         59G        1.1M         28G         87G
2023-07-31 17:50:55  Mem:           125G         36G         59G        1.1M         28G         87G
2023-07-31 17:50:58  Mem:           125G         37G         59G        1.1M         28G         87G
2023-07-31 17:51:01  Mem:           125G         37G         59G        1.1M         28G         87G
2023-07-31 17:51:04  Mem:           125G         37G         59G        1.1M         28G         87G
2023-07-31 17:51:07  Mem:           125G         37G         58G        1.1M         28G         86G
2023-07-31 17:51:10  Mem:           125G         37G         58G        1.1M         29G         86G
2023-07-31 17:51:13  Mem:           125G         37G         58G        1.1M         29G         86G
2023-07-31 17:51:16  Mem:           125G         37G         58G        1.1M         29G         86G
2023-07-31 17:51:19  Mem:           125G         37G         58G        1.1M         29G         86G
2023-07-31 17:51:22  Mem:           125G         37G         58G        1.1M         29G         86G
2023-07-31 17:51:25  Mem:           125G         37G         58G        1.1M         29G         86G
2023-07-31 17:51:28  Mem:           125G         37G         57G        1.1M         29G         86G
2023-07-31 17:51:31  Mem:           125G         37G         57G        1.1M         29G         86G
2023-07-31 17:51:34  Mem:           125G         37G         57G        1.1M         29G         86G
2023-07-31 17:51:37  Mem:           125G         38G         57G        1.1M         29G         86G
2023-07-31 17:51:40  Mem:           125G         38G         57G        1.1M         29G         86G
2023-07-31 17:51:43  Mem:           125G         38G         57G        1.1M         29G         86G
2023-07-31 17:51:46  Mem:           125G         38G         57G        1.1M         29G         85G
2023-07-31 17:51:49  Mem:           125G         38G         57G        1.1M         29G         85G
2023-07-31 17:51:52  Mem:           125G         38G         56G        1.1M         29G         85G
2023-07-31 17:51:55  Mem:           125G         38G         56G        1.1M         29G         85G
2023-07-31 17:51:58  Mem:           125G         38G         56G        1.1M         29G         85G
2023-07-31 17:52:01  Mem:           125G         38G         56G        1.1M         30G         85G
2023-07-31 17:52:04  Mem:           125G         38G         56G        1.1M         30G         85G
2023-07-31 17:52:07  Mem:           125G         38G         56G        1.1M         30G         85G
2023-07-31 17:52:10  Mem:           125G         38G         56G        1.1M         30G         85G
2023-07-31 17:52:13  Mem:           125G         38G         55G        1.1M         30G         85G
2023-07-31 17:52:16  Mem:           125G         39G         55G        1.1M         30G         85G
2023-07-31 17:52:19  Mem:           125G         39G         55G        1.1M         30G         85G
2023-07-31 17:52:22  Mem:           125G         39G         55G        1.1M         30G         84G
2023-07-31 17:52:25  Mem:           125G         39G         55G        1.1M         30G         84G
2023-07-31 17:52:28  Mem:           125G         39G         55G        1.1M         30G         84G
2023-07-31 17:52:31  Mem:           125G         39G         55G        1.1M         30G         84G
2023-07-31 17:52:34  Mem:           125G         39G         54G        1.1M         30G         84G
2023-07-31 17:52:37  Mem:           125G         39G         54G        1.1M         30G         84G
2023-07-31 17:52:40  Mem:           125G         39G         54G        1.1M         30G         84G
2023-07-31 17:52:43  Mem:           125G         39G         54G        1.1M         30G         84G
2023-07-31 17:52:46  Mem:           125G         39G         54G        1.1M         30G         84G
2023-07-31 17:52:49  Mem:           125G         39G         54G        1.1M         30G         84G
2023-07-31 17:52:52  Mem:           125G         40G         54G        1.1M         30G         84G
2023-07-31 17:52:55  Mem:           125G         40G         54G        1.1M         31G         84G
2023-07-31 17:52:58  Mem:           125G         40G         53G        1.1M         31G         84G
2023-07-31 17:53:01  Mem:           125G         40G         53G        1.1M         31G         83G
2023-07-31 17:53:04  Mem:           125G         40G         53G        1.1M         31G         83G
2023-07-31 17:53:07  Mem:           125G         40G         53G        1.1M         31G         83G
2023-07-31 17:53:10  Mem:           125G         40G         53G        1.1M         31G         83G
2023-07-31 17:53:13  Mem:           125G         40G         53G        1.1M         31G         83G
2023-07-31 17:53:16  Mem:           125G         40G         53G        1.1M         31G         83G
2023-07-31 17:53:19  Mem:           125G         40G         52G        1.1M         31G         83G
2023-07-31 17:53:22  Mem:           125G         40G         52G        1.1M         31G         83G
2023-07-31 17:53:25  Mem:           125G         40G         52G        1.1M         31G         83G
2023-07-31 17:53:28  Mem:           125G         40G         52G        1.1M         31G         83G
2023-07-31 17:53:31  Mem:           125G         41G         52G        1.1M         31G         83G
2023-07-31 17:53:34  Mem:           125G         41G         52G        1.1M         31G         83G
2023-07-31 17:53:37  Mem:           125G         41G         52G        1.1M         31G         82G
2023-07-31 17:53:40  Mem:           125G         41G         51G        1.1M         31G         82G
2023-07-31 17:53:43  Mem:           125G         41G         51G        1.1M         31G         82G
2023-07-31 17:53:46  Mem:           125G         41G         51G        1.1M         31G         82G
2023-07-31 17:53:49  Mem:           125G         41G         51G        1.1M         32G         82G
2023-07-31 17:53:52  Mem:           125G         41G         51G        1.1M         32G         82G
2023-07-31 17:53:55  Mem:           125G         41G         51G        1.1M         32G         82G
2023-07-31 17:53:58  Mem:           125G         41G         51G        1.1M         32G         82G
2023-07-31 17:54:01  Mem:           125G         41G         51G        1.1M         32G         82G
2023-07-31 17:54:04  Mem:           125G         41G         50G        1.1M         32G         82G
2023-07-31 17:54:07  Mem:           125G         42G         50G        1.1M         32G         82G
2023-07-31 17:54:10  Mem:           125G         42G         50G        1.1M         32G         82G
2023-07-31 17:54:13  Mem:           125G         42G         50G        1.1M         32G         82G
2023-07-31 17:54:16  Mem:           125G         42G         50G        1.1M         32G         81G
2023-07-31 17:54:19  Mem:           125G         42G         50G        1.1M         32G         81G
2023-07-31 17:54:22  Mem:           125G         42G         50G        1.1M         32G         81G
2023-07-31 17:54:25  Mem:           125G         42G         49G        1.1M         32G         81G
2023-07-31 17:54:28  Mem:           125G         42G         49G        1.1M         32G         81G
2023-07-31 17:54:31  Mem:           125G         42G         49G        1.1M         32G         81G
2023-07-31 17:54:34  Mem:           125G         42G         49G        1.1M         32G         81G
2023-07-31 17:54:37  Mem:           125G         42G         49G        1.1M         32G         81G
2023-07-31 17:54:40  Mem:           125G         42G         49G        1.1M         32G         81G
2023-07-31 17:54:43  Mem:           125G         42G         49G        1.1M         32G         81G
2023-07-31 17:54:46  Mem:           125G         43G         49G        1.1M         33G         81G
2023-07-31 17:54:49  Mem:           125G         43G         48G        1.1M         33G         81G
2023-07-31 17:54:53  Mem:           125G         43G         48G        1.1M         33G         81G
2023-07-31 17:54:56  Mem:           125G         43G         48G        1.1M         33G         80G
2023-07-31 17:54:59  Mem:           125G         43G         48G        1.1M         33G         80G
2023-07-31 17:55:02  Mem:           125G         43G         48G        1.1M         33G         80G
2023-07-31 17:55:05  Mem:           125G         43G         48G        1.1M         33G         80G
2023-07-31 17:55:08  Mem:           125G         43G         48G        1.1M         33G         80G
2023-07-31 17:55:11  Mem:           125G         43G         48G        1.1M         33G         80G
2023-07-31 17:55:14  Mem:           125G         43G         47G        1.1M         33G         80G
2023-07-31 17:55:17  Mem:           125G         43G         47G        1.1M         33G         80G
2023-07-31 17:55:20  Mem:           125G         43G         47G        1.1M         33G         80G
2023-07-31 17:55:23  Mem:           125G         43G         47G        1.1M         33G         80G
2023-07-31 17:55:26  Mem:           125G         44G         47G        1.1M         33G         80G
2023-07-31 17:55:29  Mem:           125G         44G         47G        1.1M         33G         80G
2023-07-31 17:55:32  Mem:           125G         44G         47G        1.1M         33G         80G
2023-07-31 17:55:35  Mem:           125G         44G         47G        1.1M         33G         79G
2023-07-31 17:55:38  Mem:           125G         44G         46G        1.1M         33G         79G
2023-07-31 17:55:41  Mem:           125G         44G         46G        1.1M         33G         79G
2023-07-31 17:55:44  Mem:           125G         44G         46G        1.1M         34G         79G
2023-07-31 17:55:47  Mem:           125G         44G         46G        1.1M         34G         79G
2023-07-31 17:55:50  Mem:           125G         44G         46G        1.1M         34G         79G
2023-07-31 17:55:53  Mem:           125G         44G         46G        1.1M         34G         79G
2023-07-31 17:55:56  Mem:           125G         44G         46G        1.1M         34G         79G
2023-07-31 17:55:59  Mem:           125G         44G         46G        1.1M         34G         79G
2023-07-31 17:56:02  Mem:           125G         44G         45G        1.1M         34G         79G
2023-07-31 17:56:05  Mem:           125G         44G         45G        1.1M         34G         79G
2023-07-31 17:56:08  Mem:           125G         45G         45G        1.1M         34G         79G
2023-07-31 17:56:11  Mem:           125G         45G         45G        1.1M         34G         79G
2023-07-31 17:56:14  Mem:           125G         45G         45G        1.1M         34G         78G
2023-07-31 17:56:17  Mem:           125G         45G         45G        1.1M         34G         78G
2023-07-31 17:56:20  Mem:           125G         45G         45G        1.1M         34G         78G
2023-07-31 17:56:23  Mem:           125G         45G         45G        1.1M         34G         78G
2023-07-31 17:56:26  Mem:           125G         45G         44G        1.1M         34G         78G
2023-07-31 17:56:29  Mem:           125G         45G         44G        1.1M         34G         78G
2023-07-31 17:56:32  Mem:           125G         45G         44G        1.1M         34G         78G
2023-07-31 17:56:35  Mem:           125G         45G         44G        1.1M         34G         78G
2023-07-31 17:56:38  Mem:           125G         45G         44G        1.1M         34G         78G
2023-07-31 17:56:41  Mem:           125G         45G         44G        1.1M         34G         78G
2023-07-31 17:56:44  Mem:           125G         45G         44G        1.1M         34G         78G
2023-07-31 17:56:47  Mem:           125G         46G         44G        1.1M         35G         78G
2023-07-31 17:56:50  Mem:           125G         46G         44G        1.1M         35G         78G
2023-07-31 17:56:53  Mem:           125G         46G         43G        1.1M         35G         78G
2023-07-31 17:56:56  Mem:           125G         46G         43G        1.1M         35G         77G
2023-07-31 17:56:59  Mem:           125G         46G         43G        1.1M         35G         77G
2023-07-31 17:57:02  Mem:           125G         46G         43G        1.1M         35G         77G
2023-07-31 17:57:05  Mem:           125G         46G         43G        1.1M         35G         77G
2023-07-31 17:57:08  Mem:           125G         46G         43G        1.1M         35G         77G
2023-07-31 17:57:11  Mem:           125G         46G         43G        1.1M         35G         77G
2023-07-31 17:57:14  Mem:           125G         46G         43G        1.1M         35G         77G
2023-07-31 17:57:17  Mem:           125G         46G         42G        1.1M         35G         77G
2023-07-31 17:57:20  Mem:           125G         46G         42G        1.1M         35G         77G
2023-07-31 17:57:23  Mem:           125G         46G         42G        1.1M         35G         77G
2023-07-31 17:57:26  Mem:           125G         46G         42G        1.1M         35G         77G
2023-07-31 17:57:29  Mem:           125G         46G         42G        1.1M         35G         77G
2023-07-31 17:57:32  Mem:           125G         47G         42G        1.1M         35G         77G
2023-07-31 17:57:35  Mem:           125G         47G         42G        1.1M         35G         77G
2023-07-31 17:57:38  Mem:           125G         47G         42G        1.1M         35G         76G
2023-07-31 17:57:41  Mem:           125G         47G         42G        1.1M         35G         76G
2023-07-31 17:57:44  Mem:           125G         47G         41G        1.1M         35G         76G
2023-07-31 17:57:47  Mem:           125G         47G         41G        1.1M         35G         76G
2023-07-31 17:57:50  Mem:           125G         47G         41G        1.1M         36G         76G
2023-07-31 17:57:53  Mem:           125G         47G         41G        1.1M         36G         76G
2023-07-31 17:57:56  Mem:           125G         47G         41G        1.1M         36G         76G
2023-07-31 17:57:59  Mem:           125G         47G         41G        1.1M         36G         76G
2023-07-31 17:58:02  Mem:           125G         47G         41G        1.1M         36G         76G
2023-07-31 17:58:05  Mem:           125G         47G         41G        1.1M         36G         76G
2023-07-31 17:58:08  Mem:           125G         47G         40G        1.1M         36G         76G
2023-07-31 17:58:11  Mem:           125G         47G         40G        1.1M         36G         76G
2023-07-31 17:58:14  Mem:           125G         48G         40G        1.1M         36G         76G
2023-07-31 17:58:17  Mem:           125G         48G         40G        1.1M         36G         76G
2023-07-31 17:58:20  Mem:           125G         48G         40G        1.1M         36G         75G
2023-07-31 17:58:23  Mem:           125G         48G         40G        1.1M         36G         75G
2023-07-31 17:58:26  Mem:           125G         48G         40G        1.1M         36G         75G
2023-07-31 17:58:29  Mem:           125G         48G         40G        1.1M         36G         75G
2023-07-31 17:58:32  Mem:           125G         48G         39G        1.1M         36G         75G
2023-07-31 17:58:35  Mem:           125G         48G         39G        1.1M         36G         75G
2023-07-31 17:58:38  Mem:           125G         48G         39G        1.1M         36G         75G
2023-07-31 17:58:41  Mem:           125G         48G         39G        1.1M         36G         75G
2023-07-31 17:58:44  Mem:           125G         48G         39G        1.1M         36G         75G
2023-07-31 17:58:47  Mem:           125G         48G         39G        1.1M         36G         75G
2023-07-31 17:58:50  Mem:           125G         48G         39G        1.1M         36G         75G
2023-07-31 17:58:53  Mem:           125G         48G         39G        1.1M         37G         75G
2023-07-31 17:58:56  Mem:           125G         49G         39G        1.1M         37G         75G
2023-07-31 17:58:59  Mem:           125G         49G         38G        1.1M         37G         75G
2023-07-31 17:59:02  Mem:           125G         49G         38G        1.1M         37G         75G
2023-07-31 17:59:05  Mem:           125G         49G         38G        1.1M         37G         74G
2023-07-31 17:59:08  Mem:           125G         49G         38G        1.1M         37G         74G
2023-07-31 17:59:11  Mem:           125G         49G         38G        1.1M         37G         74G
2023-07-31 17:59:14  Mem:           125G         49G         38G        1.1M         37G         74G
2023-07-31 17:59:17  Mem:           125G         49G         38G        1.1M         37G         74G
2023-07-31 17:59:20  Mem:           125G         49G         38G        1.1M         37G         74G
2023-07-31 17:59:23  Mem:           125G         49G         38G        1.1M         37G         74G
2023-07-31 17:59:26  Mem:           125G         49G         37G        1.1M         37G         74G
2023-07-31 17:59:29  Mem:           125G         49G         37G        1.1M         37G         74G
2023-07-31 17:59:32  Mem:           125G         49G         37G        1.1M         37G         74G
2023-07-31 17:59:35  Mem:           125G         49G         37G        1.1M         37G         74G
2023-07-31 17:59:38  Mem:           125G         49G         37G        1.1M         37G         74G
2023-07-31 17:59:41  Mem:           125G         50G         37G        1.1M         37G         74G
2023-07-31 17:59:44  Mem:           125G         50G         37G        1.1M         37G         74G
2023-07-31 17:59:47  Mem:           125G         50G         37G        1.1M         37G         74G
2023-07-31 17:59:50  Mem:           125G         50G         37G        1.1M         37G         73G
2023-07-31 17:59:53  Mem:           125G         50G         36G        1.1M         37G         73G
2023-07-31 17:59:56  Mem:           125G         50G         36G        1.1M         37G         73G
2023-07-31 17:59:59  Mem:           125G         50G         36G        1.1M         37G         73G
2023-07-31 18:00:02  Mem:           125G         50G         36G        1.1M         38G         73G
2023-07-31 18:00:05  Mem:           125G         50G         36G        1.1M         38G         73G
2023-07-31 18:00:08  Mem:           125G         50G         36G        1.1M         38G         73G
2023-07-31 18:00:11  Mem:           125G         50G         36G        1.1M         38G         73G
2023-07-31 18:00:14  Mem:           125G         50G         36G        1.1M         38G         73G
2023-07-31 18:00:17  Mem:           125G         50G         36G        1.1M         38G         73G
2023-07-31 18:00:20  Mem:           125G         50G         36G        1.1M         38G         73G
2023-07-31 18:00:23  Mem:           125G         50G         35G        1.1M         38G         73G
2023-07-31 18:00:26  Mem:           125G         50G         35G        1.1M         38G         73G
2023-07-31 18:00:29  Mem:           125G         51G         35G        1.1M         38G         73G
2023-07-31 18:00:32  Mem:           125G         51G         35G        1.1M         38G         73G
2023-07-31 18:00:35  Mem:           125G         51G         35G        1.1M         38G         73G
2023-07-31 18:00:38  Mem:           125G         51G         35G        1.1M         38G         72G
2023-07-31 18:00:41  Mem:           125G         51G         35G        1.1M         38G         72G
2023-07-31 18:00:44  Mem:           125G         51G         35G        1.1M         38G         72G
2023-07-31 18:00:47  Mem:           125G         51G         35G        1.1M         38G         72G
2023-07-31 18:00:50  Mem:           125G         51G         34G        1.1M         38G         72G
2023-07-31 18:00:53  Mem:           125G         51G         34G        1.1M         38G         72G
2023-07-31 18:00:56  Mem:           125G         51G         34G        1.1M         38G         72G
2023-07-31 18:00:59  Mem:           125G         51G         34G        1.1M         38G         72G
2023-07-31 18:01:03  Mem:           125G         51G         34G        1.1M         38G         72G
2023-07-31 18:01:06  Mem:           125G         51G         34G        1.1M         38G         72G
2023-07-31 18:01:09  Mem:           125G         51G         34G        1.1M         38G         72G
2023-07-31 18:01:12  Mem:           125G         51G         34G        1.1M         39G         72G
2023-07-31 18:01:15  Mem:           125G         51G         34G        1.1M         39G         72G
2023-07-31 18:01:18  Mem:           125G         52G         33G        1.1M         39G         72G
2023-07-31 18:01:21  Mem:           125G         52G         33G        1.1M         39G         72G
2023-07-31 18:01:24  Mem:           125G         52G         33G        1.1M         39G         72G
2023-07-31 18:01:27  Mem:           125G         52G         33G        1.1M         39G         71G
2023-07-31 18:01:30  Mem:           125G         52G         33G        1.1M         39G         71G
2023-07-31 18:01:33  Mem:           125G         52G         33G        1.1M         39G         71G
2023-07-31 18:01:36  Mem:           125G         52G         33G        1.1M         39G         71G
2023-07-31 18:01:39  Mem:           125G         52G         33G        1.1M         39G         71G
2023-07-31 18:01:42  Mem:           125G         52G         33G        1.1M         39G         71G
2023-07-31 18:01:45  Mem:           125G         52G         33G        1.1M         39G         71G
2023-07-31 18:01:48  Mem:           125G         52G         32G        1.1M         39G         71G
2023-07-31 18:01:51  Mem:           125G         52G         32G        1.1M         39G         71G
2023-07-31 18:01:54  Mem:           125G         52G         32G        1.1M         39G         71G
2023-07-31 18:01:57  Mem:           125G         52G         32G        1.1M         39G         71G
2023-07-31 18:02:00  Mem:           125G         52G         32G        1.1M         39G         71G
2023-07-31 18:02:03  Mem:           125G         52G         32G        1.1M         39G         71G
2023-07-31 18:02:06  Mem:           125G         52G         32G        1.1M         39G         71G
2023-07-31 18:02:09  Mem:           125G         53G         32G        1.1M         39G         71G
2023-07-31 18:02:12  Mem:           125G         53G         32G        1.1M         39G         71G
2023-07-31 18:02:15  Mem:           125G         53G         32G        1.1M         39G         71G
2023-07-31 18:02:18  Mem:           125G         53G         31G        1.1M         39G         70G
2023-07-31 18:02:21  Mem:           125G         53G         31G        1.1M         40G         70G
2023-07-31 18:02:24  Mem:           125G         53G         31G        1.1M         40G         70G
2023-07-31 18:02:27  Mem:           125G         53G         31G        1.1M         40G         70G
2023-07-31 18:02:30  Mem:           125G         53G         31G        1.1M         40G         70G
2023-07-31 18:02:33  Mem:           125G         53G         31G        1.1M         40G         70G
2023-07-31 18:02:36  Mem:           125G         53G         31G        1.1M         40G         70G
2023-07-31 18:02:39  Mem:           125G         53G         31G        1.1M         40G         70G
2023-07-31 18:02:42  Mem:           125G         53G         31G        1.1M         40G         70G
2023-07-31 18:02:45  Mem:           125G         53G         31G        1.1M         40G         70G
2023-07-31 18:02:48  Mem:           125G         53G         30G        1.1M         40G         70G
2023-07-31 18:02:51  Mem:           125G         53G         30G        1.1M         40G         70G
2023-07-31 18:02:54  Mem:           125G         53G         30G        1.1M         40G         70G
2023-07-31 18:02:57  Mem:           125G         53G         30G        1.1M         40G         70G
2023-07-31 18:03:00  Mem:           125G         54G         30G        1.1M         40G         70G
2023-07-31 18:03:03  Mem:           125G         54G         30G        1.1M         40G         70G
2023-07-31 18:03:06  Mem:           125G         54G         30G        1.1M         40G         70G
2023-07-31 18:03:09  Mem:           125G         54G         30G        1.1M         40G         69G
2023-07-31 18:03:12  Mem:           125G         54G         30G        1.1M         40G         69G
2023-07-31 18:03:15  Mem:           125G         54G         30G        1.1M         40G         69G
2023-07-31 18:03:18  Mem:           125G         54G         29G        1.1M         40G         69G
2023-07-31 18:03:21  Mem:           125G         54G         29G        1.1M         40G         69G
2023-07-31 18:03:24  Mem:           125G         54G         29G        1.1M         40G         69G
2023-07-31 18:03:27  Mem:           125G         54G         29G        1.1M         40G         69G
2023-07-31 18:03:30  Mem:           125G         54G         29G        1.1M         41G         69G
2023-07-31 18:03:33  Mem:           125G         54G         29G        1.1M         41G         69G
2023-07-31 18:03:36  Mem:           125G         54G         29G        1.1M         41G         69G
2023-07-31 18:03:39  Mem:           125G         54G         29G        1.1M         41G         69G
2023-07-31 18:03:42  Mem:           125G         54G         29G        1.1M         41G         69G
2023-07-31 18:03:45  Mem:           125G         54G         29G        1.1M         41G         69G
2023-07-31 18:03:48  Mem:           125G         54G         28G        1.1M         41G         69G
2023-07-31 18:03:51  Mem:           125G         54G         28G        1.1M         41G         69G
2023-07-31 18:03:54  Mem:           125G         55G         28G        1.1M         41G         69G
2023-07-31 18:03:57  Mem:           125G         55G         28G        1.1M         41G         69G
2023-07-31 18:04:00  Mem:           125G         55G         28G        1.1M         41G         69G
2023-07-31 18:04:03  Mem:           125G         55G         28G        1.1M         41G         68G
2023-07-31 18:04:06  Mem:           125G         55G         28G        1.1M         41G         68G
2023-07-31 18:04:09  Mem:           125G         55G         28G        1.1M         41G         68G
2023-07-31 18:04:12  Mem:           125G         55G         28G        1.1M         41G         68G
2023-07-31 18:04:15  Mem:           125G         55G         28G        1.1M         41G         68G
2023-07-31 18:04:18  Mem:           125G         55G         27G        1.1M         41G         68G
2023-07-31 18:04:21  Mem:           125G         55G         27G        1.1M         41G         68G
2023-07-31 18:04:24  Mem:           125G         55G         27G        1.1M         41G         68G
2023-07-31 18:04:27  Mem:           125G         55G         27G        1.1M         41G         68G
2023-07-31 18:04:30  Mem:           125G         55G         27G        1.1M         41G         68G
2023-07-31 18:04:33  Mem:           125G         55G         27G        1.1M         41G         68G
2023-07-31 18:04:36  Mem:           125G         55G         27G        1.1M         41G         68G
2023-07-31 18:04:39  Mem:           125G         55G         27G        1.1M         41G         68G
2023-07-31 18:04:42  Mem:           125G         55G         27G        1.1M         42G         68G
2023-07-31 18:04:45  Mem:           125G         55G         27G        1.1M         42G         68G
2023-07-31 18:04:48  Mem:           125G         56G         27G        1.1M         42G         68G
2023-07-31 18:04:51  Mem:           125G         56G         26G        1.1M         42G         68G
2023-07-31 18:04:54  Mem:           125G         56G         26G        1.1M         42G         68G
2023-07-31 18:04:57  Mem:           125G         56G         26G        1.1M         42G         67G
2023-07-31 18:05:00  Mem:           125G         56G         26G        1.1M         42G         67G
2023-07-31 18:05:03  Mem:           125G         56G         26G        1.1M         42G         67G
2023-07-31 18:05:06  Mem:           125G         56G         26G        1.1M         42G         67G
2023-07-31 18:05:09  Mem:           125G         56G         26G        1.1M         42G         67G
2023-07-31 18:05:12  Mem:           125G         56G         26G        1.1M         42G         67G
2023-07-31 18:05:15  Mem:           125G         56G         26G        1.1M         42G         67G
2023-07-31 18:05:18  Mem:           125G         56G         26G        1.1M         42G         67G
2023-07-31 18:05:21  Mem:           125G         56G         26G        1.1M         42G         67G
2023-07-31 18:05:24  Mem:           125G         56G         25G        1.1M         42G         67G
2023-07-31 18:05:27  Mem:           125G         56G         25G        1.1M         42G         67G
2023-07-31 18:05:30  Mem:           125G         56G         25G        1.1M         42G         67G
2023-07-31 18:05:33  Mem:           125G         56G         25G        1.1M         42G         67G
2023-07-31 18:05:36  Mem:           125G         56G         25G        1.1M         42G         67G
2023-07-31 18:05:39  Mem:           125G         56G         25G        1.1M         42G         67G
2023-07-31 18:05:42  Mem:           125G         56G         25G        1.1M         42G         67G
2023-07-31 18:05:45  Mem:           125G         57G         25G        1.1M         42G         67G
2023-07-31 18:05:48  Mem:           125G         57G         25G        1.1M         42G         67G
2023-07-31 18:05:51  Mem:           125G         57G         25G        1.1M         42G         67G
2023-07-31 18:05:54  Mem:           125G         57G         25G        1.1M         42G         67G
2023-07-31 18:05:57  Mem:           125G         57G         24G        1.1M         42G         66G
2023-07-31 18:06:00  Mem:           125G         57G         24G        1.1M         43G         66G
2023-07-31 18:06:03  Mem:           125G         57G         24G        1.1M         43G         66G
2023-07-31 18:06:06  Mem:           125G         57G         24G        1.1M         43G         66G
2023-07-31 18:06:09  Mem:           125G         57G         24G        1.1M         43G         66G
2023-07-31 18:06:12  Mem:           125G         57G         24G        1.1M         43G         66G
2023-07-31 18:06:15  Mem:           125G         57G         24G        1.1M         43G         66G
2023-07-31 18:06:18  Mem:           125G         57G         24G        1.1M         43G         66G
2023-07-31 18:06:21  Mem:           125G         57G         24G        1.1M         43G         66G
2023-07-31 18:06:24  Mem:           125G         57G         24G        1.1M         43G         66G
2023-07-31 18:06:27  Mem:           125G         57G         24G        1.1M         43G         66G
2023-07-31 18:06:30  Mem:           125G         57G         23G        1.1M         43G         66G
2023-07-31 18:06:33  Mem:           125G         57G         23G        1.1M         43G         66G
2023-07-31 18:06:36  Mem:           125G         57G         23G        1.1M         43G         66G
2023-07-31 18:06:39  Mem:           125G         57G         23G        1.1M         43G         66G
2023-07-31 18:06:42  Mem:           125G         57G         23G        1.1M         43G         66G
2023-07-31 18:06:45  Mem:           125G         57G         23G        1.1M         43G         66G
2023-07-31 18:06:48  Mem:           125G         58G         23G        1.1M         43G         66G
2023-07-31 18:06:51  Mem:           125G         58G         23G        1.1M         43G         66G
2023-07-31 18:06:54  Mem:           125G         58G         23G        1.1M         43G         66G
2023-07-31 18:06:57  Mem:           125G         58G         23G        1.1M         43G         66G
2023-07-31 18:07:00  Mem:           125G         58G         23G        1.1M         43G         65G
2023-07-31 18:07:03  Mem:           125G         58G         23G        1.1M         43G         65G
2023-07-31 18:07:06  Mem:           125G         58G         22G        1.1M         43G         65G
2023-07-31 18:07:09  Mem:           125G         58G         22G        1.1M         43G         65G
2023-07-31 18:07:12  Mem:           125G         58G         22G        1.1M         43G         65G
2023-07-31 18:07:15  Mem:           125G         58G         22G        1.1M         43G         65G
2023-07-31 18:07:18  Mem:           125G         58G         22G        1.1M         43G         65G
2023-07-31 18:07:21  Mem:           125G         58G         22G        1.1M         44G         65G
2023-07-31 18:07:24  Mem:           125G         58G         22G        1.1M         44G         65G
2023-07-31 18:07:27  Mem:           125G         58G         22G        1.1M         44G         65G
2023-07-31 18:07:30  Mem:           125G         58G         22G        1.1M         44G         65G
2023-07-31 18:07:33  Mem:           125G         58G         22G        1.1M         44G         65G
2023-07-31 18:07:36  Mem:           125G         58G         22G        1.1M         44G         65G
2023-07-31 18:07:39  Mem:           125G         58G         22G        1.1M         44G         65G
2023-07-31 18:07:42  Mem:           125G         58G         22G        1.1M         44G         65G
2023-07-31 18:07:45  Mem:           125G         58G         21G        1.1M         44G         65G
2023-07-31 18:07:48  Mem:           125G         58G         21G        1.1M         44G         65G
2023-07-31 18:07:51  Mem:           125G         58G         21G        1.1M         44G         65G
2023-07-31 18:07:54  Mem:           125G         58G         21G        1.1M         44G         65G
2023-07-31 18:07:57  Mem:           125G         59G         21G        1.1M         44G         65G
2023-07-31 18:08:00  Mem:           125G         59G         21G        1.1M         44G         65G
2023-07-31 18:08:03  Mem:           125G         59G         21G        1.1M         44G         65G
2023-07-31 18:08:06  Mem:           125G         59G         21G        1.1M         44G         65G
2023-07-31 18:08:09  Mem:           125G         59G         21G        1.1M         44G         64G
2023-07-31 18:08:12  Mem:           125G         59G         21G        1.1M         44G         64G
2023-07-31 18:08:15  Mem:           125G         59G         21G        1.1M         44G         64G
2023-07-31 18:08:18  Mem:           125G         59G         21G        1.1M         44G         64G
2023-07-31 18:08:21  Mem:           125G         59G         21G        1.1M         44G         64G
2023-07-31 18:08:24  Mem:           125G         59G         21G        1.1M         44G         64G
2023-07-31 18:08:27  Mem:           125G         59G         20G        1.1M         44G         64G
2023-07-31 18:08:30  Mem:           125G         59G         20G        1.1M         44G         64G
2023-07-31 18:08:33  Mem:           125G         59G         20G        1.1M         44G         64G
2023-07-31 18:08:36  Mem:           125G         59G         20G        1.1M         44G         64G
2023-07-31 18:08:39  Mem:           125G         59G         20G        1.1M         44G         64G
2023-07-31 18:08:42  Mem:           125G         59G         20G        1.1M         44G         64G
2023-07-31 18:08:45  Mem:           125G         59G         20G        1.1M         44G         64G
2023-07-31 18:08:48  Mem:           125G         59G         20G        1.1M         44G         64G
2023-07-31 18:08:51  Mem:           125G         59G         20G        1.1M         44G         64G
2023-07-31 18:08:55  Mem:           125G         59G         20G        1.1M         44G         64G
2023-07-31 18:08:58  Mem:           125G         59G         20G        1.1M         45G         64G
2023-07-31 18:09:01  Mem:           125G         59G         20G        1.1M         45G         64G
2023-07-31 18:09:04  Mem:           125G         59G         20G        1.1M         45G         64G
2023-07-31 18:09:07  Mem:           125G         59G         20G        1.1M         45G         64G
2023-07-31 18:09:10  Mem:           125G         59G         20G        1.1M         45G         64G
2023-07-31 18:09:13  Mem:           125G         59G         20G        1.1M         45G         64G
2023-07-31 18:09:16  Mem:           125G         60G         19G        1.1M         45G         64G
2023-07-31 18:09:19  Mem:           125G         60G         19G        1.1M         45G         64G
2023-07-31 18:09:22  Mem:           125G         60G         19G        1.1M         45G         64G
2023-07-31 18:09:25  Mem:           125G         60G         19G        1.1M         45G         64G
2023-07-31 18:09:28  Mem:           125G         60G         19G        1.1M         45G         64G
2023-07-31 18:09:31  Mem:           125G         60G         19G        1.1M         45G         64G
2023-07-31 18:09:34  Mem:           125G         60G         19G        1.1M         45G         63G
2023-07-31 18:09:37  Mem:           125G         60G         19G        1.1M         45G         63G
2023-07-31 18:09:40  Mem:           125G         60G         19G        1.1M         45G         63G
2023-07-31 18:09:43  Mem:           125G         60G         19G        1.1M         45G         63G
2023-07-31 18:09:46  Mem:           125G         60G         19G        1.1M         45G         63G
2023-07-31 18:09:49  Mem:           125G         60G         19G        1.1M         45G         63G
2023-07-31 18:09:52  Mem:           125G         60G         19G        1.1M         45G         63G
2023-07-31 18:09:55  Mem:           125G         60G         19G        1.1M         45G         63G
2023-07-31 18:09:58  Mem:           125G         60G         19G        1.1M         45G         63G
2023-07-31 18:10:01  Mem:           125G         60G         19G        1.1M         45G         63G
2023-07-31 18:10:04  Mem:           125G         60G         18G        1.1M         45G         63G
2023-07-31 18:10:07  Mem:           125G         60G         18G        1.1M         45G         63G
2023-07-31 18:10:10  Mem:           125G         60G         18G        1.1M         45G         63G
2023-07-31 18:10:13  Mem:           125G         60G         18G        1.1M         45G         63G
2023-07-31 18:10:16  Mem:           125G         60G         18G        1.1M         45G         63G
2023-07-31 18:10:19  Mem:           125G         60G         18G        1.1M         45G         63G
2023-07-31 18:10:22  Mem:           125G         60G         18G        1.1M         45G         63G
2023-07-31 18:10:25  Mem:           125G         60G         18G        1.1M         45G         63G
2023-07-31 18:10:28  Mem:           125G         60G         18G        1.1M         45G         63G
2023-07-31 18:10:31  Mem:           125G         60G         18G        1.1M         45G         63G
2023-07-31 18:10:34  Mem:           125G         60G         18G        1.1M         45G         63G
2023-07-31 18:10:37  Mem:           125G         60G         18G        1.1M         45G         63G
2023-07-31 18:10:40  Mem:           125G         60G         18G        1.1M         45G         63G
2023-07-31 18:10:43  Mem:           125G         60G         18G        1.1M         45G         63G
2023-07-31 18:10:46  Mem:           125G         61G         18G        1.1M         45G         63G
2023-07-31 18:10:49  Mem:           125G         61G         18G        1.1M         46G         63G
2023-07-31 18:10:52  Mem:           125G         61G         18G        1.1M         46G         63G
2023-07-31 18:10:55  Mem:           125G         61G         18G        1.1M         46G         63G
2023-07-31 18:10:58  Mem:           125G         61G         17G        1.1M         46G         63G
2023-07-31 18:11:01  Mem:           125G         61G         17G        1.1M         46G         63G
2023-07-31 18:11:04  Mem:           125G         61G         17G        1.1M         46G         63G
2023-07-31 18:11:07  Mem:           125G         61G         17G        1.1M         46G         62G
2023-07-31 18:11:10  Mem:           125G         61G         17G        1.1M         46G         62G
2023-07-31 18:11:13  Mem:           125G         61G         17G        1.1M         46G         62G
2023-07-31 18:11:16  Mem:           125G         61G         17G        1.1M         46G         62G
2023-07-31 18:11:19  Mem:           125G         61G         17G        1.1M         46G         62G
2023-07-31 18:11:22  Mem:           125G         61G         17G        1.1M         46G         62G
2023-07-31 18:11:25  Mem:           125G         61G         17G        1.1M         46G         62G
2023-07-31 18:11:28  Mem:           125G         61G         17G        1.1M         46G         62G
2023-07-31 18:11:31  Mem:           125G         61G         17G        1.1M         46G         62G
2023-07-31 18:11:34  Mem:           125G         61G         17G        1.1M         46G         62G
2023-07-31 18:11:37  Mem:           125G         61G         17G        1.1M         46G         62G
2023-07-31 18:11:40  Mem:           125G         61G         17G        1.1M         46G         62G
2023-07-31 18:11:43  Mem:           125G         61G         17G        1.1M         46G         62G
2023-07-31 18:11:46  Mem:           125G         61G         17G        1.1M         46G         62G
2023-07-31 18:11:49  Mem:           125G         61G         17G        1.1M         46G         62G
2023-07-31 18:11:52  Mem:           125G         61G         17G        1.1M         46G         62G
2023-07-31 18:11:55  Mem:           125G         61G         16G        1.1M         46G         62G
2023-07-31 18:11:58  Mem:           125G         61G         16G        1.1M         46G         62G
2023-07-31 18:12:01  Mem:           125G         61G         16G        1.1M         46G         62G
2023-07-31 18:12:04  Mem:           125G         61G         16G        1.1M         46G         62G
2023-07-31 18:12:07  Mem:           125G         61G         16G        1.1M         46G         62G
2023-07-31 18:12:10  Mem:           125G         61G         16G        1.1M         46G         62G
2023-07-31 18:12:13  Mem:           125G         61G         16G        1.1M         46G         62G
2023-07-31 18:12:16  Mem:           125G         61G         16G        1.1M         46G         62G
2023-07-31 18:12:19  Mem:           125G         61G         16G        1.1M         46G         62G
2023-07-31 18:12:22  Mem:           125G         61G         16G        1.1M         46G         62G
2023-07-31 18:12:25  Mem:           125G         61G         16G        1.1M         46G         62G
2023-07-31 18:12:28  Mem:           125G         61G         16G        1.1M         46G         62G
2023-07-31 18:12:31  Mem:           125G         61G         16G        1.1M         46G         62G
2023-07-31 18:12:34  Mem:           125G         62G         16G        1.1M         46G         62G
2023-07-31 18:12:37  Mem:           125G         62G         16G        1.1M         46G         62G
2023-07-31 18:12:40  Mem:           125G         62G         16G        1.1M         46G         62G
2023-07-31 18:12:43  Mem:           125G         62G         16G        1.1M         46G         62G
2023-07-31 18:12:46  Mem:           125G         62G         16G        1.1M         46G         62G
2023-07-31 18:12:49  Mem:           125G         62G         16G        1.1M         46G         62G
2023-07-31 18:12:52  Mem:           125G         62G         16G        1.1M         46G         62G
2023-07-31 18:12:55  Mem:           125G         62G         15G        1.1M         46G         61G
2023-07-31 18:12:58  Mem:           125G         62G         15G        1.1M         46G         61G
2023-07-31 18:13:01  Mem:           125G         62G         15G        1.1M         47G         61G
2023-07-31 18:13:04  Mem:           125G         62G         15G        1.1M         47G         61G
2023-07-31 18:13:07  Mem:           125G         62G         15G        1.1M         47G         61G
2023-07-31 18:13:10  Mem:           125G         62G         15G        1.1M         47G         61G
2023-07-31 18:13:13  Mem:           125G         62G         15G        1.1M         47G         61G
2023-07-31 18:13:16  Mem:           125G         62G         15G        1.1M         47G         61G
2023-07-31 18:13:19  Mem:           125G         62G         15G        1.1M         47G         61G
2023-07-31 18:13:22  Mem:           125G         62G         15G        1.1M         47G         61G
2023-07-31 18:13:25  Mem:           125G         62G         15G        1.1M         47G         61G
2023-07-31 18:13:28  Mem:           125G         62G         15G        1.1M         47G         61G
2023-07-31 18:13:31  Mem:           125G         62G         15G        1.1M         47G         61G
2023-07-31 18:13:34  Mem:           125G         62G         15G        1.1M         47G         61G
2023-07-31 18:13:37  Mem:           125G         62G         15G        1.1M         47G         61G
2023-07-31 18:13:40  Mem:           125G         62G         15G        1.1M         47G         61G
2023-07-31 18:13:43  Mem:           125G         62G         15G        1.1M         47G         61G
2023-07-31 18:13:46  Mem:           125G         62G         15G        1.1M         47G         61G
2023-07-31 18:13:49  Mem:           125G         62G         15G        1.1M         47G         61G
2023-07-31 18:13:52  Mem:           125G         62G         15G        1.1M         47G         61G
2023-07-31 18:13:55  Mem:           125G         62G         15G        1.1M         47G         61G
2023-07-31 18:13:58  Mem:           125G         62G         15G        1.1M         47G         61G
2023-07-31 18:14:01  Mem:           125G         62G         14G        1.1M         47G         61G
2023-07-31 18:14:04  Mem:           125G         62G         14G        1.1M         47G         61G
2023-07-31 18:14:07  Mem:           125G         62G         14G        1.1M         47G         61G
2023-07-31 18:14:10  Mem:           125G         62G         14G        1.1M         47G         61G
2023-07-31 18:14:13  Mem:           125G         62G         14G        1.1M         47G         61G
2023-07-31 18:14:16  Mem:           125G         62G         14G        1.1M         47G         61G
2023-07-31 18:14:19  Mem:           125G         62G         14G        1.1M         47G         61G
2023-07-31 18:14:22  Mem:           125G         62G         14G        1.1M         47G         61G
2023-07-31 18:14:25  Mem:           125G         62G         14G        1.1M         47G         61G
2023-07-31 18:14:28  Mem:           125G         62G         14G        1.1M         47G         61G
2023-07-31 18:14:31  Mem:           125G         62G         14G        1.1M         47G         61G
2023-07-31 18:14:34  Mem:           125G         62G         14G        1.1M         47G         61G
2023-07-31 18:14:37  Mem:           125G         63G         14G        1.1M         47G         61G
2023-07-31 18:14:40  Mem:           125G         63G         14G        1.1M         47G         61G
2023-07-31 18:14:43  Mem:           125G         63G         14G        1.1M         47G         61G
2023-07-31 18:14:46  Mem:           125G         63G         14G        1.1M         47G         61G
2023-07-31 18:14:49  Mem:           125G         63G         14G        1.1M         47G         61G
2023-07-31 18:14:52  Mem:           125G         63G         14G        1.1M         47G         61G
2023-07-31 18:14:55  Mem:           125G         63G         14G        1.1M         47G         61G
2023-07-31 18:14:58  Mem:           125G         63G         14G        1.1M         47G         61G
2023-07-31 18:15:01  Mem:           125G         63G         14G        1.1M         47G         60G
2023-07-31 18:15:04  Mem:           125G         63G         14G        1.1M         47G         60G
2023-07-31 18:15:07  Mem:           125G         63G         14G        1.1M         47G         60G
2023-07-31 18:15:10  Mem:           125G         63G         14G        1.1M         47G         60G
2023-07-31 18:15:13  Mem:           125G         63G         14G        1.1M         47G         60G
2023-07-31 18:15:16  Mem:           125G         63G         13G        1.1M         47G         60G
2023-07-31 18:15:19  Mem:           125G         63G         13G        1.1M         47G         60G
2023-07-31 18:15:22  Mem:           125G         63G         13G        1.1M         47G         60G
2023-07-31 18:15:25  Mem:           125G         63G         13G        1.1M         47G         60G
2023-07-31 18:15:28  Mem:           125G         63G         13G        1.1M         47G         60G
2023-07-31 18:15:32  Mem:           125G         63G         13G        1.1M         47G         60G
2023-07-31 18:15:35  Mem:           125G         63G         13G        1.1M         47G         60G
2023-07-31 18:15:38  Mem:           125G         63G         13G        1.1M         47G         60G
2023-07-31 18:15:41  Mem:           125G         63G         13G        1.1M         48G         60G
2023-07-31 18:15:44  Mem:           125G         63G         13G        1.1M         48G         60G
2023-07-31 18:15:47  Mem:           125G         63G         13G        1.1M         48G         60G
2023-07-31 18:15:50  Mem:           125G         63G         13G        1.1M         48G         60G
2023-07-31 18:15:53  Mem:           125G         63G         13G        1.1M         48G         60G
2023-07-31 18:15:56  Mem:           125G         63G         13G        1.1M         48G         60G
2023-07-31 18:15:59  Mem:           125G         63G         13G        1.1M         48G         60G
2023-07-31 18:16:02  Mem:           125G         63G         13G        1.1M         48G         60G
2023-07-31 18:16:05  Mem:           125G         63G         13G        1.1M         48G         60G
2023-07-31 18:16:08  Mem:           125G         63G         13G        1.1M         48G         60G
2023-07-31 18:16:11  Mem:           125G         63G         13G        1.1M         48G         60G
2023-07-31 18:16:14  Mem:           125G         63G         13G        1.1M         48G         60G
2023-07-31 18:16:17  Mem:           125G         63G         13G        1.1M         48G         60G
2023-07-31 18:16:20  Mem:           125G         63G         13G        1.1M         48G         60G
2023-07-31 18:16:23  Mem:           125G         63G         13G        1.1M         48G         60G
2023-07-31 18:16:26  Mem:           125G         63G         13G        1.1M         48G         60G
2023-07-31 18:16:29  Mem:           125G         63G         13G        1.1M         48G         60G
2023-07-31 18:16:32  Mem:           125G         63G         13G        1.1M         48G         60G
2023-07-31 18:16:35  Mem:           125G         63G         13G        1.1M         48G         60G
2023-07-31 18:16:38  Mem:           125G         63G         12G        1.1M         48G         60G
2023-07-31 18:16:41  Mem:           125G         63G         12G        1.1M         48G         60G
2023-07-31 18:16:44  Mem:           125G         63G         12G        1.1M         48G         60G
2023-07-31 18:16:47  Mem:           125G         63G         12G        1.1M         48G         60G
2023-07-31 18:16:50  Mem:           125G         63G         12G        1.1M         48G         60G
2023-07-31 18:16:53  Mem:           125G         63G         12G        1.1M         48G         60G
2023-07-31 18:16:56  Mem:           125G         63G         12G        1.1M         48G         60G
2023-07-31 18:16:59  Mem:           125G         63G         12G        1.1M         48G         60G
2023-07-31 18:17:02  Mem:           125G         64G         12G        1.1M         48G         60G
2023-07-31 18:17:05  Mem:           125G         64G         12G        1.1M         48G         60G
2023-07-31 18:17:08  Mem:           125G         64G         12G        1.1M         48G         60G
2023-07-31 18:17:11  Mem:           125G         64G         12G        1.1M         48G         60G
2023-07-31 18:17:14  Mem:           125G         64G         12G        1.1M         48G         60G
2023-07-31 18:17:17  Mem:           125G         64G         12G        1.1M         48G         60G
2023-07-31 18:17:20  Mem:           125G         64G         12G        1.1M         48G         60G
2023-07-31 18:17:23  Mem:           125G         64G         12G        1.1M         48G         60G
2023-07-31 18:17:26  Mem:           125G         64G         12G        1.1M         48G         60G
2023-07-31 18:17:29  Mem:           125G         64G         12G        1.1M         48G         60G
2023-07-31 18:17:32  Mem:           125G         64G         12G        1.1M         48G         59G
2023-07-31 18:17:35  Mem:           125G         64G         12G        1.1M         48G         59G
2023-07-31 18:17:38  Mem:           125G         64G         12G        1.1M         48G         59G
2023-07-31 18:17:41  Mem:           125G         64G         12G        1.1M         48G         59G
2023-07-31 18:17:44  Mem:           125G         64G         12G        1.1M         48G         59G
2023-07-31 18:17:47  Mem:           125G         64G         12G        1.1M         48G         59G
2023-07-31 18:17:50  Mem:           125G         64G         12G        1.1M         48G         59G
2023-07-31 18:17:53  Mem:           125G         64G         12G        1.1M         48G         59G
2023-07-31 18:17:56  Mem:           125G         64G         12G        1.1M         48G         59G
2023-07-31 18:17:59  Mem:           125G         64G         12G        1.1M         48G         59G
2023-07-31 18:18:02  Mem:           125G         64G         12G        1.1M         48G         59G
2023-07-31 18:18:05  Mem:           125G         64G         11G        1.1M         48G         59G
2023-07-31 18:18:08  Mem:           125G         64G         11G        1.1M         48G         59G
2023-07-31 18:18:11  Mem:           125G         64G         11G        1.1M         48G         59G
2023-07-31 18:18:14  Mem:           125G         64G         11G        1.1M         48G         59G
2023-07-31 18:18:17  Mem:           125G         64G         11G        1.1M         48G         59G
2023-07-31 18:18:20  Mem:           125G         64G         11G        1.1M         48G         59G
2023-07-31 18:18:23  Mem:           125G         64G         11G        1.1M         48G         59G
2023-07-31 18:18:26  Mem:           125G         64G         11G        1.1M         48G         59G
2023-07-31 18:18:29  Mem:           125G         64G         11G        1.1M         48G         59G
2023-07-31 18:18:32  Mem:           125G         64G         11G        1.1M         48G         59G
2023-07-31 18:18:35  Mem:           125G         64G         11G        1.1M         48G         59G
2023-07-31 18:18:38  Mem:           125G         64G         11G        1.1M         48G         59G
2023-07-31 18:18:41  Mem:           125G         64G         11G        1.1M         48G         59G
2023-07-31 18:18:44  Mem:           125G         64G         11G        1.1M         48G         59G
2023-07-31 18:18:47  Mem:           125G         64G         11G        1.1M         48G         59G
2023-07-31 18:18:50  Mem:           125G         64G         11G        1.1M         48G         59G
2023-07-31 18:18:53  Mem:           125G         64G         11G        1.1M         49G         59G
2023-07-31 18:18:56  Mem:           125G         64G         11G        1.1M         49G         59G
2023-07-31 18:18:59  Mem:           125G         64G         11G        1.1M         49G         59G
2023-07-31 18:19:02  Mem:           125G         64G         11G        1.1M         49G         59G
2023-07-31 18:19:05  Mem:           125G         64G         11G        1.1M         49G         59G
2023-07-31 18:19:08  Mem:           125G         64G         11G        1.1M         49G         59G
2023-07-31 18:19:11  Mem:           125G         64G         11G        1.1M         49G         59G
2023-07-31 18:19:14  Mem:           125G         64G         11G        1.1M         49G         59G
2023-07-31 18:19:17  Mem:           125G         64G         11G        1.1M         49G         59G
2023-07-31 18:19:20  Mem:           125G         64G         11G        1.1M         49G         59G
2023-07-31 18:19:23  Mem:           125G         64G         11G        1.1M         49G         59G
2023-07-31 18:19:26  Mem:           125G         64G         11G        1.1M         49G         59G
2023-07-31 18:19:29  Mem:           125G         64G         11G        1.1M         49G         59G
2023-07-31 18:19:32  Mem:           125G         64G         11G        1.1M         49G         59G
2023-07-31 18:19:35  Mem:           125G         64G         11G        1.1M         49G         59G
2023-07-31 18:19:38  Mem:           125G         64G         11G        1.1M         49G         59G
2023-07-31 18:19:41  Mem:           125G         64G         10G        1.1M         49G         59G
2023-07-31 18:19:44  Mem:           125G         64G         10G        1.1M         49G         59G
2023-07-31 18:19:47  Mem:           125G         64G         10G        1.1M         49G         59G
2023-07-31 18:19:50  Mem:           125G         64G         10G        1.1M         49G         59G
2023-07-31 18:19:53  Mem:           125G         64G         10G        1.1M         49G         59G
2023-07-31 18:19:56  Mem:           125G         65G         10G        1.1M         49G         59G
2023-07-31 18:19:59  Mem:           125G         65G         10G        1.1M         49G         59G
2023-07-31 18:20:02  Mem:           125G         65G         10G        1.1M         49G         59G
2023-07-31 18:20:05  Mem:           125G         65G         10G        1.1M         49G         59G
2023-07-31 18:20:08  Mem:           125G         65G         10G        1.1M         49G         59G
2023-07-31 18:20:11  Mem:           125G         65G         10G        1.1M         49G         59G
2023-07-31 18:20:14  Mem:           125G         65G         10G        1.1M         49G         59G
2023-07-31 18:20:17  Mem:           125G         65G         10G        1.1M         49G         59G
2023-07-31 18:20:20  Mem:           125G         65G         10G        1.1M         49G         59G
2023-07-31 18:20:23  Mem:           125G         65G         10G        1.1M         49G         59G
2023-07-31 18:20:26  Mem:           125G         65G         10G        1.1M         49G         59G
2023-07-31 18:20:29  Mem:           125G         65G         10G        1.1M         49G         58G
2023-07-31 18:20:32  Mem:           125G         65G         10G        1.1M         49G         58G
2023-07-31 18:20:35  Mem:           125G         65G         10G        1.1M         49G         58G
2023-07-31 18:20:38  Mem:           125G         65G         10G        1.1M         49G         58G
2023-07-31 18:20:41  Mem:           125G         65G         10G        1.1M         49G         58G
2023-07-31 18:20:44  Mem:           125G         65G         10G        1.1M         49G         58G
2023-07-31 18:20:47  Mem:           125G         65G         10G        1.1M         49G         58G
2023-07-31 18:20:50  Mem:           125G         65G         10G        1.1M         49G         58G
2023-07-31 18:20:53  Mem:           125G         65G         10G        1.1M         49G         58G
2023-07-31 18:20:56  Mem:           125G         65G         10G        1.1M         49G         58G
2023-07-31 18:20:59  Mem:           125G         65G         10G        1.1M         49G         58G
2023-07-31 18:21:02  Mem:           125G         65G         10G        1.1M         49G         58G
2023-07-31 18:21:05  Mem:           125G         65G         10G        1.1M         49G         58G
2023-07-31 18:21:08  Mem:           125G         65G         10G        1.1M         49G         58G
2023-07-31 18:21:11  Mem:           125G         65G         10G        1.1M         49G         58G
2023-07-31 18:21:14  Mem:           125G         65G         10G        1.1M         49G         58G
2023-07-31 18:21:17  Mem:           125G         65G         10G        1.1M         49G         58G
2023-07-31 18:21:20  Mem:           125G         65G         10G        1.1M         49G         58G
2023-07-31 18:21:23  Mem:           125G         65G         10G        1.1M         49G         58G
2023-07-31 18:21:26  Mem:           125G         65G         10G        1.1M         49G         58G
2023-07-31 18:21:29  Mem:           125G         65G          9G        1.1M         49G         58G
2023-07-31 18:21:32  Mem:           125G         65G          9G        1.1M         49G         58G
2023-07-31 18:21:35  Mem:           125G         65G        9.9G        1.1M         49G         58G
2023-07-31 18:21:38  Mem:           125G         65G        9.9G        1.1M         49G         58G
2023-07-31 18:21:41  Mem:           125G         65G        9.9G        1.1M         49G         58G
2023-07-31 18:21:44  Mem:           125G         65G        9.9G        1.1M         49G         58G
2023-07-31 18:21:47  Mem:           125G         65G        9.8G        1.1M         49G         58G
2023-07-31 18:21:50  Mem:           125G         65G        9.8G        1.1M         49G         58G
2023-07-31 18:21:53  Mem:           125G         65G        9.8G        1.1M         49G         58G
2023-07-31 18:21:57  Mem:           125G         65G        9.8G        1.1M         49G         58G
2023-07-31 18:22:00  Mem:           125G         65G        9.7G        1.1M         49G         58G
2023-07-31 18:22:03  Mem:           125G         65G        9.7G        1.1M         49G         58G
2023-07-31 18:22:06  Mem:           125G         65G        9.7G        1.1M         49G         58G
2023-07-31 18:22:09  Mem:           125G         65G        9.6G        1.1M         49G         58G
2023-07-31 18:22:12  Mem:           125G         65G        9.6G        1.1M         49G         58G
2023-07-31 18:22:15  Mem:           125G         65G        9.6G        1.1M         49G         58G
2023-07-31 18:22:18  Mem:           125G         65G        9.6G        1.1M         49G         58G
2023-07-31 18:22:21  Mem:           125G         65G        9.5G        1.1M         49G         58G
2023-07-31 18:22:24  Mem:           125G         65G        9.5G        1.1M         49G         58G
2023-07-31 18:22:27  Mem:           125G         65G        9.5G        1.1M         49G         58G
2023-07-31 18:22:30  Mem:           125G         65G        9.5G        1.1M         49G         58G
2023-07-31 18:22:33  Mem:           125G         65G        9.4G        1.1M         49G         58G
2023-07-31 18:22:36  Mem:           125G         65G        9.4G        1.1M         49G         58G
2023-07-31 18:22:39  Mem:           125G         65G        9.4G        1.1M         49G         58G
2023-07-31 18:22:42  Mem:           125G         65G        9.4G        1.1M         49G         58G
2023-07-31 18:22:45  Mem:           125G         65G        9.3G        1.1M         49G         58G
2023-07-31 18:22:48  Mem:           125G         65G        9.3G        1.1M         49G         58G
2023-07-31 18:22:51  Mem:           125G         65G        9.3G        1.1M         50G         58G
2023-07-31 18:22:54  Mem:           125G         65G        9.3G        1.1M         50G         58G
2023-07-31 18:22:57  Mem:           125G         65G        9.2G        1.1M         50G         58G
2023-07-31 18:23:00  Mem:           125G         65G        9.2G        1.1M         50G         58G
2023-07-31 18:23:03  Mem:           125G         65G        9.2G        1.1M         50G         58G
2023-07-31 18:23:06  Mem:           125G         65G        9.2G        1.1M         50G         58G
2023-07-31 18:23:09  Mem:           125G         65G        9.1G        1.1M         50G         58G
2023-07-31 18:23:12  Mem:           125G         65G        9.1G        1.1M         50G         58G
2023-07-31 18:23:15  Mem:           125G         65G        9.1G        1.1M         50G         58G
2023-07-31 18:23:18  Mem:           125G         65G        9.1G        1.1M         50G         58G
2023-07-31 18:23:21  Mem:           125G         65G        9.0G        1.1M         50G         58G
2023-07-31 18:23:24  Mem:           125G         65G        9.0G        1.1M         50G         58G
2023-07-31 18:23:27  Mem:           125G         66G        9.0G        1.1M         50G         58G
2023-07-31 18:23:30  Mem:           125G         66G        9.0G        1.1M         50G         58G
2023-07-31 18:23:33  Mem:           125G         66G        9.0G        1.1M         50G         58G
2023-07-31 18:23:36  Mem:           125G         66G        8.9G        1.1M         50G         58G
2023-07-31 18:23:39  Mem:           125G         66G        8.9G        1.1M         50G         58G
2023-07-31 18:23:42  Mem:           125G         66G        8.9G        1.1M         50G         58G
2023-07-31 18:23:45  Mem:           125G         66G        8.9G        1.1M         50G         58G
2023-07-31 18:23:48  Mem:           125G         66G        8.8G        1.1M         50G         58G
2023-07-31 18:23:51  Mem:           125G         66G        8.8G        1.1M         50G         58G
2023-07-31 18:23:54  Mem:           125G         66G        8.8G        1.1M         50G         58G
2023-07-31 18:23:57  Mem:           125G         66G        8.8G        1.1M         50G         58G
2023-07-31 18:24:00  Mem:           125G         66G        8.7G        1.1M         50G         58G
2023-07-31 18:24:03  Mem:           125G         66G        8.7G        1.1M         50G         58G
2023-07-31 18:24:06  Mem:           125G         66G        8.7G        1.1M         50G         57G
2023-07-31 18:24:09  Mem:           125G         66G        8.7G        1.1M         50G         57G
2023-07-31 18:24:12  Mem:           125G         66G        8.6G        1.1M         50G         57G
2023-07-31 18:24:15  Mem:           125G         66G        8.6G        1.1M         50G         57G
2023-07-31 18:24:18  Mem:           125G         66G        8.6G        1.1M         50G         57G
2023-07-31 18:24:21  Mem:           125G         66G        8.6G        1.1M         50G         57G
2023-07-31 18:24:24  Mem:           125G         66G        8.6G        1.1M         50G         57G
2023-07-31 18:24:27  Mem:           125G         66G        8.5G        1.1M         50G         57G
2023-07-31 18:24:30  Mem:           125G         66G        8.5G        1.1M         50G         57G
2023-07-31 18:24:33  Mem:           125G         66G        8.5G        1.1M         50G         57G
2023-07-31 18:24:36  Mem:           125G         66G        8.5G        1.1M         50G         57G
2023-07-31 18:24:39  Mem:           125G         66G        8.4G        1.1M         50G         57G
2023-07-31 18:24:42  Mem:           125G         66G        8.4G        1.1M         50G         57G
2023-07-31 18:24:45  Mem:           125G         66G        8.4G        1.1M         50G         57G
2023-07-31 18:24:48  Mem:           125G         66G        8.4G        1.1M         50G         57G
2023-07-31 18:24:51  Mem:           125G         66G        8.4G        1.1M         50G         57G
2023-07-31 18:24:54  Mem:           125G         66G        8.3G        1.1M         50G         57G
2023-07-31 18:24:57  Mem:           125G         66G        8.3G        1.1M         50G         57G
2023-07-31 18:25:00  Mem:           125G         66G        8.3G        1.1M         50G         57G
2023-07-31 18:25:03  Mem:           125G         66G        8.3G        1.1M         50G         57G
2023-07-31 18:25:06  Mem:           125G         66G        8.2G        1.1M         50G         57G
2023-07-31 18:25:09  Mem:           125G         66G        8.2G        1.1M         50G         57G
2023-07-31 18:25:12  Mem:           125G         66G        8.2G        1.1M         50G         57G
2023-07-31 18:25:15  Mem:           125G         66G        8.2G        1.1M         50G         57G
2023-07-31 18:25:18  Mem:           125G         66G        8.2G        1.1M         50G         57G
2023-07-31 18:25:21  Mem:           125G         66G        8.1G        1.1M         50G         57G
2023-07-31 18:25:24  Mem:           125G         66G        8.1G        1.1M         50G         57G
2023-07-31 18:25:27  Mem:           125G         66G        8.1G        1.1M         50G         57G
2023-07-31 18:25:30  Mem:           125G         66G        8.1G        1.1M         50G         57G
2023-07-31 18:25:33  Mem:           125G         66G        8.1G        1.1M         50G         57G
2023-07-31 18:25:36  Mem:           125G         66G        8.0G        1.1M         50G         57G
2023-07-31 18:25:39  Mem:           125G         66G        8.0G        1.1M         50G         57G
2023-07-31 18:25:42  Mem:           125G         66G        8.0G        1.1M         50G         57G
2023-07-31 18:25:45  Mem:           125G         66G        8.0G        1.1M         50G         57G
2023-07-31 18:25:48  Mem:           125G         66G        7.9G        1.1M         50G         57G
2023-07-31 18:25:51  Mem:           125G         66G        7.9G        1.1M         50G         57G
2023-07-31 18:25:54  Mem:           125G         66G        7.9G        1.1M         50G         57G
2023-07-31 18:25:57  Mem:           125G         66G        7.9G        1.1M         50G         57G
2023-07-31 18:26:00  Mem:           125G         66G        7.9G        1.1M         50G         57G
2023-07-31 18:26:03  Mem:           125G         66G        7.8G        1.1M         50G         57G
2023-07-31 18:26:06  Mem:           125G         66G        7.8G        1.1M         50G         57G
2023-07-31 18:26:09  Mem:           125G         66G        7.8G        1.1M         50G         57G
2023-07-31 18:26:12  Mem:           125G         66G        7.8G        1.1M         50G         57G
2023-07-31 18:26:15  Mem:           125G         66G        7.7G        1.1M         50G         57G
2023-07-31 18:26:18  Mem:           125G         66G        7.7G        1.1M         50G         57G
2023-07-31 18:26:21  Mem:           125G         66G        7.7G        1.1M         50G         57G
2023-07-31 18:26:24  Mem:           125G         66G        7.7G        1.1M         50G         57G
2023-07-31 18:26:27  Mem:           125G         66G        7.7G        1.1M         50G         57G
2023-07-31 18:26:30  Mem:           125G         66G        7.6G        1.1M         50G         57G
2023-07-31 18:26:33  Mem:           125G         66G        7.6G        1.1M         50G         57G
2023-07-31 18:26:36  Mem:           125G         66G        7.6G        1.1M         50G         57G
2023-07-31 18:26:39  Mem:           125G         66G        7.6G        1.1M         50G         57G
2023-07-31 18:26:42  Mem:           125G         66G        7.6G        1.1M         50G         57G
2023-07-31 18:26:45  Mem:           125G         66G        7.5G        1.1M         50G         57G
2023-07-31 18:26:48  Mem:           125G         66G        7.5G        1.1M         50G         57G
2023-07-31 18:26:51  Mem:           125G         66G        7.5G        1.1M         50G         57G
2023-07-31 18:26:54  Mem:           125G         66G        7.5G        1.1M         50G         57G
2023-07-31 18:26:57  Mem:           125G         66G        7.5G        1.1M         50G         57G
2023-07-31 18:27:00  Mem:           125G         66G        7.4G        1.1M         50G         57G
2023-07-31 18:27:03  Mem:           125G         66G        7.4G        1.1M         50G         57G
2023-07-31 18:27:06  Mem:           125G         66G        7.4G        1.1M         50G         57G
2023-07-31 18:27:09  Mem:           125G         66G        7.4G        1.1M         50G         57G
2023-07-31 18:27:12  Mem:           125G         66G        7.4G        1.1M         50G         57G
2023-07-31 18:27:15  Mem:           125G         66G        7.3G        1.1M         50G         57G
2023-07-31 18:27:18  Mem:           125G         66G        7.3G        1.1M         50G         57G
2023-07-31 18:27:21  Mem:           125G         66G        7.3G        1.1M         50G         57G
2023-07-31 18:27:24  Mem:           125G         66G        7.3G        1.1M         50G         57G
2023-07-31 18:27:27  Mem:           125G         66G        7.3G        1.1M         50G         57G
2023-07-31 18:27:30  Mem:           125G         66G        7.2G        1.1M         50G         57G
2023-07-31 18:27:33  Mem:           125G         66G        7.2G        1.1M         50G         57G
2023-07-31 18:27:36  Mem:           125G         66G        7.2G        1.1M         50G         57G
2023-07-31 18:27:39  Mem:           125G         67G        7.2G        1.1M         50G         57G
2023-07-31 18:27:42  Mem:           125G         67G        7.2G        1.1M         50G         57G
2023-07-31 18:27:45  Mem:           125G         67G        7.1G        1.1M         50G         57G
2023-07-31 18:27:48  Mem:           125G         67G        7.1G        1.1M         50G         57G
2023-07-31 18:27:51  Mem:           125G         67G        7.1G        1.1M         51G         57G
2023-07-31 18:27:54  Mem:           125G         67G        7.1G        1.1M         51G         57G
2023-07-31 18:27:57  Mem:           125G         67G        7.1G        1.1M         51G         57G
2023-07-31 18:28:00  Mem:           125G         67G        7.0G        1.1M         51G         57G
2023-07-31 18:28:03  Mem:           125G         67G        7.0G        1.1M         51G         57G
2023-07-31 18:28:06  Mem:           125G         67G        7.0G        1.1M         51G         57G
2023-07-31 18:28:09  Mem:           125G         67G        7.0G        1.1M         51G         57G
2023-07-31 18:28:12  Mem:           125G         67G        7.0G        1.1M         51G         57G
2023-07-31 18:28:15  Mem:           125G         67G        6.9G        1.1M         51G         57G
2023-07-31 18:28:18  Mem:           125G         67G        6.9G        1.1M         51G         57G
2023-07-31 18:28:22  Mem:           125G         67G        6.9G        1.1M         51G         57G
2023-07-31 18:28:25  Mem:           125G         67G        6.9G        1.1M         51G         57G
2023-07-31 18:28:28  Mem:           125G         67G        6.9G        1.1M         51G         57G
2023-07-31 18:28:31  Mem:           125G         67G        6.8G        1.1M         51G         56G
2023-07-31 18:28:34  Mem:           125G         67G        6.8G        1.1M         51G         56G
2023-07-31 18:28:37  Mem:           125G         67G        6.8G        1.1M         51G         56G
2023-07-31 18:28:40  Mem:           125G         67G        6.8G        1.1M         51G         56G
2023-07-31 18:28:43  Mem:           125G         67G        6.8G        1.1M         51G         56G
