2023-07-29 17:40:49  Mem:           125G         51G         30G        1.1M         42G         72G
2023-07-29 17:40:52  Mem:           125G         51G         30G        1.1M         42G         72G
2023-07-29 17:40:55  Mem:           125G         51G         30G        1.1M         42G         72G
2023-07-29 17:40:58  Mem:           125G         51G         30G        1.1M         42G         72G
2023-07-29 17:41:01  Mem:           125G         51G         30G        1.1M         42G         72G
2023-07-29 17:41:04  Mem:           125G         51G         30G        1.1M         42G         72G
2023-07-29 17:41:07  Mem:           125G         51G         30G        1.1M         42G         72G
2023-07-29 17:41:10  Mem:           125G         51G         30G        1.1M         42G         72G
2023-07-29 17:41:13  Mem:           125G         51G         30G        1.1M         42G         72G
2023-07-29 17:41:16  Mem:           125G         51G         30G        1.1M         42G         72G
2023-07-29 17:41:19  Mem:           125G         51G         30G        1.1M         42G         72G
2023-07-29 17:41:22  Mem:           125G         51G         30G        1.1M         42G         72G
2023-07-29 17:41:25  Mem:           125G         51G         30G        1.1M         42G         72G
2023-07-29 17:41:28  Mem:           125G         51G         30G        1.1M         42G         72G
2023-07-29 17:41:31  Mem:           125G         51G         30G        1.1M         42G         72G
2023-07-29 17:41:34  Mem:           125G         51G         30G        1.1M         42G         72G
2023-07-29 17:41:37  Mem:           125G         51G         30G        1.1M         42G         72G
2023-07-29 17:41:40  Mem:           125G         51G         30G        1.1M         42G         72G
2023-07-29 17:41:43  Mem:           125G         51G         30G        1.1M         42G         72G
2023-07-29 17:41:46  Mem:           125G         51G         30G        1.1M         42G         72G
2023-07-29 17:41:49  Mem:           125G         51G         30G        1.1M         42G         72G
2023-07-29 17:41:52  Mem:           125G         51G         30G        1.1M         42G         72G
2023-07-29 17:41:55  Mem:           125G         51G         30G        1.1M         42G         72G
2023-07-29 17:41:58  Mem:           125G         51G         30G        1.1M         42G         72G
2023-07-29 17:42:01  Mem:           125G         51G         30G        1.1M         42G         72G
2023-07-29 17:42:04  Mem:           125G         51G         30G        1.1M         42G         72G
2023-07-29 17:42:07  Mem:           125G         51G         30G        1.1M         42G         72G
2023-07-29 17:42:10  Mem:           125G         51G         30G        1.1M         42G         72G
2023-07-29 17:42:13  Mem:           125G         51G         30G        1.1M         42G         72G
2023-07-29 17:42:16  Mem:           125G         51G         30G        1.1M         42G         72G
2023-07-29 17:42:19  Mem:           125G         51G         30G        1.1M         42G         72G
2023-07-29 17:42:22  Mem:           125G         51G         30G        1.1M         42G         72G
2023-07-29 17:42:25  Mem:           125G         51G         30G        1.1M         42G         72G
2023-07-29 17:42:28  Mem:           125G         51G         30G        1.1M         42G         72G
2023-07-29 17:42:31  Mem:           125G         51G         30G        1.1M         42G         72G
2023-07-29 17:42:34  Mem:           125G         51G         30G        1.1M         42G         72G
2023-07-29 17:42:37  Mem:           125G         51G         30G        1.1M         42G         72G
2023-07-29 17:42:40  Mem:           125G         51G         30G        1.1M         42G         72G
2023-07-29 17:42:43  Mem:           125G         51G         30G        1.1M         42G         72G
2023-07-29 17:42:46  Mem:           125G         51G         30G        1.1M         42G         72G
2023-07-29 17:42:49  Mem:           125G         51G         30G        1.1M         42G         72G
2023-07-29 17:42:52  Mem:           125G         51G         30G        1.1M         42G         72G
2023-07-29 17:42:55  Mem:           125G         51G         30G        1.1M         42G         72G
2023-07-29 17:42:58  Mem:           125G         51G         30G        1.1M         42G         72G
2023-07-29 17:43:01  Mem:           125G         51G         30G        1.1M         42G         72G
2023-07-29 17:43:04  Mem:           125G         51G         30G        1.1M         42G         72G
2023-07-29 17:43:07  Mem:           125G         51G         30G        1.1M         42G         72G
2023-07-29 17:43:11  Mem:           125G         51G         30G        1.1M         42G         72G
2023-07-29 17:43:14  Mem:           125G         51G         30G        1.1M         42G         72G
2023-07-29 17:43:17  Mem:           125G         51G         30G        1.1M         42G         72G
2023-07-29 17:43:20  Mem:           125G         51G         30G        1.1M         42G         72G
2023-07-29 17:43:23  Mem:           125G         51G         30G        1.1M         42G         72G
2023-07-29 17:43:26  Mem:           125G         51G         30G        1.1M         42G         72G
2023-07-29 17:43:29  Mem:           125G         51G         30G        1.1M         42G         72G
2023-07-29 17:43:32  Mem:           125G         51G         30G        1.1M         42G         72G
2023-07-29 17:43:35  Mem:           125G         51G         30G        1.1M         42G         72G
2023-07-29 17:43:38  Mem:           125G         51G         30G        1.1M         42G         72G
2023-07-29 17:43:41  Mem:           125G         51G         30G        1.1M         42G         72G
2023-07-29 17:43:44  Mem:           125G         51G         30G        1.1M         42G         72G
2023-07-29 17:43:47  Mem:           125G         51G         30G        1.1M         42G         72G
2023-07-29 17:43:50  Mem:           125G         51G         30G        1.1M         42G         72G
2023-07-29 17:43:53  Mem:           125G         51G         30G        1.1M         42G         72G
2023-07-29 17:43:56  Mem:           125G         51G         30G        1.1M         42G         72G
2023-07-29 17:43:59  Mem:           125G         51G         30G        1.1M         42G         72G
2023-07-29 17:44:02  Mem:           125G         51G         30G        1.1M         42G         72G
2023-07-29 17:44:05  Mem:           125G         51G         30G        1.1M         42G         72G
2023-07-29 17:44:08  Mem:           125G         51G         30G        1.1M         42G         72G
2023-07-29 17:44:11  Mem:           125G         51G         30G        1.1M         42G         72G
2023-07-29 17:44:14  Mem:           125G         51G         30G        1.1M         42G         72G
2023-07-29 17:44:17  Mem:           125G         51G         30G        1.1M         42G         72G
2023-07-29 17:44:20  Mem:           125G         51G         30G        1.1M         42G         72G
2023-07-29 17:44:23  Mem:           125G         51G         30G        1.1M         42G         72G
2023-07-29 17:44:26  Mem:           125G         51G         30G        1.1M         42G         72G
2023-07-29 17:44:29  Mem:           125G         51G         30G        1.1M         42G         72G
2023-07-29 17:44:32  Mem:           125G         51G         30G        1.1M         42G         72G
2023-07-29 17:44:35  Mem:           125G         51G         30G        1.1M         42G         72G
2023-07-29 17:44:38  Mem:           125G         51G         30G        1.1M         42G         72G
2023-07-29 17:44:41  Mem:           125G         51G         30G        1.1M         42G         72G
2023-07-29 17:44:44  Mem:           125G         51G         30G        1.1M         42G         72G
2023-07-29 17:44:47  Mem:           125G         51G         30G        1.1M         42G         72G
2023-07-29 17:44:50  Mem:           125G         51G         30G        1.1M         42G         72G
2023-07-29 17:44:53  Mem:           125G         51G         30G        1.1M         42G         72G
2023-07-29 17:44:56  Mem:           125G         51G         30G        1.1M         42G         72G
2023-07-29 17:44:59  Mem:           125G         51G         30G        1.1M         42G         72G
2023-07-29 17:45:02  Mem:           125G         51G         30G        1.1M         42G         72G
2023-07-29 17:45:05  Mem:           125G         51G         30G        1.1M         42G         72G
2023-07-29 17:45:08  Mem:           125G         51G         30G        1.1M         42G         72G
2023-07-29 17:45:11  Mem:           125G         51G         30G        1.1M         42G         72G
2023-07-29 17:45:14  Mem:           125G         51G         30G        1.1M         42G         72G
2023-07-29 17:45:17  Mem:           125G         51G         30G        1.1M         42G         72G
2023-07-29 17:45:20  Mem:           125G         51G         30G        1.1M         42G         72G
2023-07-29 17:45:23  Mem:           125G         51G         30G        1.1M         42G         72G
2023-07-29 17:45:26  Mem:           125G         51G         30G        1.1M         42G         72G
2023-07-29 17:45:29  Mem:           125G         51G         30G        1.1M         42G         72G
