time               total        used        free      shared  buff/cache   available
2023-07-29 14:15:12  Mem:           125G         13G        111G        1.1M        267M        111G
2023-07-29 14:15:15  Mem:           125G         13G        111G        1.1M        269M        111G
2023-07-29 14:15:18  Mem:           125G         13G        111G        1.1M        272M        111G
2023-07-29 14:15:21  Mem:           125G         13G        111G        1.1M        276M        111G
2023-07-29 14:15:24  Mem:           125G         13G        111G        1.1M        284M        111G
2023-07-29 14:15:33  Mem:           125G         13G        111G        1.1M        311M        111G
2023-07-29 14:15:36  Mem:           125G         13G        111G        1.1M        319M        111G
2023-07-29 14:15:39  Mem:           125G         13G        111G        1.1M        329M        111G
2023-07-29 14:15:42  Mem:           125G         13G        111G        1.1M        340M        111G
2023-07-29 14:15:45  Mem:           125G         13G        111G        1.1M        346M        111G
2023-07-29 14:15:48  Mem:           125G         13G        111G        1.1M        358M        111G
2023-07-29 14:15:51  Mem:           125G         13G        111G        1.1M        367M        111G
2023-07-29 14:15:54  Mem:           125G         13G        111G        1.1M        375M        111G
2023-07-29 14:15:57  Mem:           125G         13G        111G        1.1M        385M        111G
2023-07-29 14:16:06  Mem:           125G         13G        111G        1.1M        412M        111G
2023-07-29 14:16:09  Mem:           125G         13G        111G        1.1M        422M        111G
2023-07-29 14:16:13  Mem:           125G         13G        111G        1.1M        435M        111G
2023-07-29 14:16:16  Mem:           125G         13G        111G        1.1M        445M        111G
2023-07-29 14:16:19  Mem:           125G         13G        111G        1.1M        454M        111G
2023-07-29 14:16:22  Mem:           125G         13G        111G        1.1M        469M        111G
2023-07-29 14:16:25  Mem:           125G         13G        111G        1.1M        478M        111G
2023-07-29 14:16:28  Mem:           125G         13G        111G        1.1M        485M        111G
2023-07-29 14:16:34  Mem:           125G         13G        111G        1.1M        506M        111G
2023-07-29 14:16:37  Mem:           125G         13G        111G        1.1M        516M        110G
2023-07-29 14:16:41  Mem:           125G         13G        111G        1.1M        530M        110G
2023-07-29 14:16:44  Mem:           125G         13G        111G        1.1M        541M        110G
2023-07-29 14:16:47  Mem:           125G         13G        111G        1.1M        551M        110G
2023-07-29 14:16:50  Mem:           125G         13G        111G        1.1M        555M        110G
2023-07-29 14:16:54  Mem:           125G         13G        111G        1.1M        571M        110G
2023-07-29 14:16:57  Mem:           125G         13G        111G        1.1M        582M        110G
2023-07-29 14:17:00  Mem:           125G         13G        111G        1.1M        597M        110G
2023-07-29 14:17:03  Mem:           125G         13G        111G        1.1M        608M        110G
2023-07-29 14:17:06  Mem:           125G         13G        111G        1.1M        617M        110G
2023-07-29 14:17:09  Mem:           125G         13G        111G        1.1M        628M        110G
2023-07-29 14:17:13  Mem:           125G         13G        111G        1.1M        636M        110G
2023-07-29 14:17:16  Mem:           125G         13G        111G        1.1M        647M        110G
2023-07-29 14:17:19  Mem:           125G         13G        111G        1.1M        657M        110G
2023-07-29 14:17:22  Mem:           125G         13G        111G        1.1M        669M        110G
2023-07-29 14:17:25  Mem:           125G         13G        111G        1.1M        680M        110G
2023-07-29 14:17:28  Mem:           125G         13G        111G        1.1M        691M        110G
2023-07-29 14:17:32  Mem:           125G         13G        110G        1.1M        707M        110G
2023-07-29 14:17:35  Mem:           125G         13G        110G        1.1M        716M        110G
2023-07-29 14:17:39  Mem:           125G         13G        110G        1.1M        730M        110G
2023-07-29 14:17:42  Mem:           125G         13G        110G        1.1M        742M        110G
2023-07-29 14:17:49  Mem:           125G         13G        110G        1.1M        761M        110G
2023-07-29 14:17:52  Mem:           125G         13G        110G        1.1M        775M        110G
2023-07-29 14:17:55  Mem:           125G         13G        110G        1.1M        786M        110G
2023-07-29 14:17:58  Mem:           125G         13G        110G        1.1M        794M        110G
2023-07-29 14:18:01  Mem:           125G         13G        110G        1.1M        808M        110G
2023-07-29 14:18:04  Mem:           125G         13G        110G        1.1M        820M        110G
2023-07-29 14:18:07  Mem:           125G         13G        110G        1.1M        829M        110G
2023-07-29 14:18:10  Mem:           125G         13G        110G        1.1M        840M        110G
2023-07-29 14:18:13  Mem:           125G         13G        110G        1.1M        851M        110G
2023-07-29 14:18:16  Mem:           125G         13G        110G        1.1M        859M        110G
2023-07-29 14:18:22  Mem:           125G         13G        110G        1.1M        883M        110G
2023-07-29 14:18:25  Mem:           125G         13G        110G        1.1M        892M        110G
2023-07-29 14:18:28  Mem:           125G         13G        110G        1.1M        905M        110G
2023-07-29 14:18:31  Mem:           125G         13G        110G        1.1M        915M        110G
2023-07-29 14:18:35  Mem:           125G         13G        110G        1.1M        927M        110G
2023-07-29 14:18:38  Mem:           125G         13G        110G        1.1M        942M        110G
2023-07-29 14:18:42  Mem:           125G         13G        110G        1.1M        958M        110G
2023-07-29 14:18:45  Mem:           125G         13G        110G        1.1M        968M        110G
2023-07-29 14:18:48  Mem:           125G         13G        110G        1.1M        980M        110G
2023-07-29 14:18:51  Mem:           125G         13G        110G        1.1M        992M        110G
2023-07-29 14:18:54  Mem:           125G         13G        110G        1.1M        1.0G        110G
2023-07-29 14:18:57  Mem:           125G         13G        110G        1.1M        1.0G        110G
2023-07-29 14:19:00  Mem:           125G         13G        110G        1.1M        1.0G        110G
2023-07-29 14:19:03  Mem:           125G         13G        110G        1.1M        1.0G        110G
2023-07-29 14:19:09  Mem:           125G         13G        110G        1.1M        1.0G        110G
2023-07-29 14:19:12  Mem:           125G         13G        110G        1.1M        1.0G        110G
2023-07-29 14:19:15  Mem:           125G         13G        110G        1.1M        1.1G        110G
2023-07-29 14:19:18  Mem:           125G         13G        110G        1.1M        1.1G        110G
2023-07-29 14:19:25  Mem:           125G         13G        110G        1.1M        1.1G        110G
2023-07-29 14:19:28  Mem:           125G         13G        110G        1.1M        1.1G        110G
2023-07-29 14:19:31  Mem:           125G         13G        110G        1.1M        1.1G        110G
2023-07-29 14:19:34  Mem:           125G         13G        110G        1.1M        1.1G        110G
2023-07-29 14:19:37  Mem:           125G         13G        110G        1.1M        1.1G        110G
2023-07-29 14:19:40  Mem:           125G         13G        110G        1.1M        1.1G        110G
2023-07-29 14:19:43  Mem:           125G         13G        110G        1.1M        1.2G        110G
2023-07-29 14:19:46  Mem:           125G         13G        110G        1.1M        1.2G        110G
2023-07-29 14:19:49  Mem:           125G         13G        110G        1.1M        1.2G        110G
2023-07-29 14:19:52  Mem:           125G         13G        110G        1.1M        1.2G        110G
2023-07-29 14:19:56  Mem:           125G         13G        110G        1.1M        1.2G        110G
2023-07-29 14:19:59  Mem:           125G         13G        109G        1.1M        1.2G        110G
2023-07-29 14:20:03  Mem:           125G         13G        109G        1.1M        1.2G        110G
2023-07-29 14:20:06  Mem:           125G         13G        109G        1.1M        1.2G        110G
2023-07-29 14:20:09  Mem:           125G         13G        109G        1.1M        1.3G        110G
2023-07-29 14:20:12  Mem:           125G         13G        109G        1.1M        1.3G        110G
2023-07-29 14:20:17  Mem:           125G         14G        109G        1.1M        1.3G        110G
2023-07-29 14:20:21  Mem:           125G         14G        109G        1.1M        1.3G        110G
2023-07-29 14:20:24  Mem:           125G         14G        109G        1.1M        1.3G        110G
2023-07-29 14:20:28  Mem:           125G         14G        109G        1.1M        1.3G        110G
2023-07-29 14:20:31  Mem:           125G         14G        109G        1.1M        1.3G        110G
2023-07-29 14:20:35  Mem:           125G         14G        109G        1.1M        1.4G        110G
2023-07-29 14:20:38  Mem:           125G         14G        109G        1.1M        1.4G        110G
2023-07-29 14:20:42  Mem:           125G         14G        109G        1.1M        1.4G        110G
2023-07-29 14:20:46  Mem:           125G         14G        109G        1.1M        1.4G        110G
2023-07-29 14:20:50  Mem:           125G         14G        109G        1.1M        1.4G        110G
2023-07-29 14:20:54  Mem:           125G         14G        109G        1.1M        1.4G        110G
2023-07-29 14:20:57  Mem:           125G         14G        109G        1.1M        1.4G        110G
2023-07-29 14:21:00  Mem:           125G         14G        109G        1.1M        1.5G        110G
2023-07-29 14:21:03  Mem:           125G         14G        109G        1.1M        1.5G        110G
2023-07-29 14:21:06  Mem:           125G         14G        109G        1.1M        1.5G        110G
2023-07-29 14:21:09  Mem:           125G         14G        109G        1.1M        1.5G        110G
2023-07-29 14:21:12  Mem:           125G         14G        109G        1.1M        1.5G        110G
2023-07-29 14:21:17  Mem:           125G         14G        109G        1.1M        1.5G        110G
2023-07-29 14:21:20  Mem:           125G         14G        109G        1.1M        1.5G        110G
2023-07-29 14:21:23  Mem:           125G         14G        109G        1.1M        1.6G        109G
2023-07-29 14:21:26  Mem:           125G         14G        109G        1.1M        1.6G        109G
2023-07-29 14:21:30  Mem:           125G         14G        109G        1.1M        1.6G        109G
2023-07-29 14:21:33  Mem:           125G         14G        109G        1.1M        1.6G        109G
2023-07-29 14:21:36  Mem:           125G         14G        109G        1.1M        1.6G        109G
2023-07-29 14:21:39  Mem:           125G         14G        109G        1.1M        1.6G        109G
2023-07-29 14:21:42  Mem:           125G         14G        109G        1.1M        1.6G        109G
2023-07-29 14:21:45  Mem:           125G         14G        109G        1.1M        1.7G        109G
2023-07-29 14:21:51  Mem:           125G         14G        109G        1.1M        1.7G        109G
2023-07-29 14:21:54  Mem:           125G         14G        109G        1.1M        1.7G        109G
2023-07-29 14:21:57  Mem:           125G         14G        109G        1.1M        1.7G        109G
2023-07-29 14:22:00  Mem:           125G         14G        109G        1.1M        1.7G        109G
2023-07-29 14:22:06  Mem:           125G         14G        108G        1.1M        1.7G        109G
2023-07-29 14:22:11  Mem:           125G         14G        108G        1.1M        1.8G        109G
2023-07-29 14:22:22  Mem:           125G         14G        108G        1.1M        1.8G        109G
2023-07-29 14:22:26  Mem:           125G         14G        108G        1.1M        1.8G        109G
2023-07-29 14:22:29  Mem:           125G         14G        108G        1.1M        1.8G        109G
2023-07-29 14:22:32  Mem:           125G         14G        108G        1.1M        1.9G        109G
2023-07-29 14:22:35  Mem:           125G         14G        108G        1.1M        1.9G        109G
2023-07-29 14:22:40  Mem:           125G         14G        108G        1.1M        1.9G        109G
2023-07-29 14:22:43  Mem:           125G         14G        108G        1.1M        1.9G        109G
2023-07-29 14:22:46  Mem:           125G         14G        108G        1.1M        1.9G        109G
2023-07-29 14:22:51  Mem:           125G         14G        108G        1.1M        1.9G        109G
2023-07-29 14:22:54  Mem:           125G         14G        108G        1.1M        1.9G        109G
2023-07-29 14:22:57  Mem:           125G         14G        108G        1.1M        2.0G        109G
2023-07-29 14:23:00  Mem:           125G         14G        108G        1.1M        2.0G        109G
2023-07-29 14:23:15  Mem:           125G         14G        108G        1.1M        2.0G        109G
2023-07-29 14:23:18  Mem:           125G         14G        108G        1.1M        2.0G        109G
2023-07-29 14:23:21  Mem:           125G         14G        108G        1.1M        2.0G        109G
2023-07-29 14:23:24  Mem:           125G         14G        108G        1.1M        2.0G        109G
2023-07-29 14:23:27  Mem:           125G         14G        108G        1.1M        2.1G        109G
2023-07-29 14:23:30  Mem:           125G         14G        108G        1.1M        2.1G        109G
2023-07-29 14:23:34  Mem:           125G         14G        108G        1.1M        2.1G        109G
2023-07-29 14:23:37  Mem:           125G         14G        108G        1.1M        2.1G        109G
2023-07-29 14:23:40  Mem:           125G         14G        108G        1.1M        2.1G        109G
2023-07-29 14:23:46  Mem:           125G         14G        108G        1.1M        2.1G        109G
2023-07-29 14:23:50  Mem:           125G         14G        108G        1.1M        2.1G        109G
2023-07-29 14:23:53  Mem:           125G         14G        108G        1.1M        2.2G        109G
2023-07-29 14:23:56  Mem:           125G         14G        108G        1.1M        2.2G        109G
2023-07-29 14:23:59  Mem:           125G         14G        108G        1.1M        2.2G        109G
2023-07-29 14:24:02  Mem:           125G         14G        108G        1.1M        2.2G        109G
2023-07-29 14:24:05  Mem:           125G         14G        108G        1.1M        2.2G        109G
2023-07-29 14:24:24  Mem:           125G         15G        107G        1.1M        2.3G        109G
2023-07-29 14:24:27  Mem:           125G         15G        107G        1.1M        2.3G        109G
2023-07-29 14:24:30  Mem:           125G         15G        107G        1.1M        2.3G        109G
2023-07-29 14:24:33  Mem:           125G         15G        107G        1.1M        2.3G        109G
2023-07-29 14:24:37  Mem:           125G         15G        107G        1.1M        2.3G        109G
2023-07-29 14:24:40  Mem:           125G         15G        107G        1.1M        2.3G        109G
2023-07-29 14:24:43  Mem:           125G         15G        107G        1.1M        2.3G        109G
2023-07-29 14:24:46  Mem:           125G         15G        107G        1.1M        2.3G        109G
2023-07-29 14:24:49  Mem:           125G         15G        107G        1.1M        2.3G        109G
2023-07-29 14:24:54  Mem:           125G         15G        107G        1.1M        2.4G        109G
2023-07-29 14:24:57  Mem:           125G         15G        107G        1.1M        2.4G        109G
2023-07-29 14:25:01  Mem:           125G         15G        107G        1.1M        2.4G        109G
2023-07-29 14:25:04  Mem:           125G         15G        107G        1.1M        2.4G        109G
2023-07-29 14:25:07  Mem:           125G         15G        107G        1.1M        2.4G        109G
2023-07-29 14:25:10  Mem:           125G         15G        107G        1.1M        2.4G        109G
2023-07-29 14:25:13  Mem:           125G         15G        107G        1.1M        2.4G        109G
2023-07-29 14:25:35  Mem:           125G         15G        107G        1.1M        2.5G        108G
2023-07-29 14:25:38  Mem:           125G         15G        107G        1.1M        2.5G        108G
2023-07-29 14:25:41  Mem:           125G         15G        107G        1.1M        2.5G        108G
2023-07-29 14:25:45  Mem:           125G         15G        107G        1.1M        2.5G        108G
2023-07-29 14:25:48  Mem:           125G         15G        107G        1.1M        2.5G        108G
2023-07-29 14:25:51  Mem:           125G         15G        107G        1.1M        2.6G        108G
2023-07-29 14:25:54  Mem:           125G         15G        107G        1.1M        2.6G        108G
2023-07-29 14:25:57  Mem:           125G         15G        107G        1.1M        2.6G        108G
2023-07-29 14:26:02  Mem:           125G         15G        107G        1.1M        2.6G        108G
2023-07-29 14:26:05  Mem:           125G         15G        107G        1.1M        2.6G        108G
2023-07-29 14:26:08  Mem:           125G         15G        107G        1.1M        2.6G        108G
2023-07-29 14:26:11  Mem:           125G         15G        107G        1.1M        2.6G        108G
2023-07-29 14:26:15  Mem:           125G         15G        107G        1.1M        2.6G        108G
2023-07-29 14:26:18  Mem:           125G         15G        107G        1.1M        2.6G        108G
2023-07-29 14:26:21  Mem:           125G         15G        107G        1.1M        2.7G        108G
2023-07-29 14:26:27  Mem:           125G         15G        107G        1.1M        2.7G        108G
2023-07-29 14:26:30  Mem:           125G         15G        106G        1.1M        2.7G        108G
2023-07-29 14:26:33  Mem:           125G         15G        106G        1.1M        2.7G        108G
2023-07-29 14:26:36  Mem:           125G         15G        106G        1.1M        2.7G        108G
2023-07-29 14:26:39  Mem:           125G         15G        106G        1.1M        2.7G        108G
2023-07-29 14:26:42  Mem:           125G         15G        106G        1.1M        2.7G        108G
2023-07-29 14:26:45  Mem:           125G         15G        106G        1.1M        2.7G        108G
2023-07-29 14:26:48  Mem:           125G         15G        106G        1.1M        2.7G        108G
2023-07-29 14:26:51  Mem:           125G         15G        106G        1.1M        2.7G        108G
2023-07-29 14:26:54  Mem:           125G         15G        106G        1.1M        2.8G        108G
2023-07-29 14:26:57  Mem:           125G         15G        106G        1.1M        2.8G        108G
2023-07-29 14:27:00  Mem:           125G         15G        106G        1.1M        2.8G        108G
2023-07-29 14:27:03  Mem:           125G         15G        106G        1.1M        2.8G        108G
2023-07-29 14:27:06  Mem:           125G         15G        106G        1.1M        2.8G        108G
2023-07-29 14:27:09  Mem:           125G         15G        106G        1.1M        2.8G        108G
2023-07-29 14:27:15  Mem:           125G         15G        106G        1.1M        2.8G        108G
2023-07-29 14:27:18  Mem:           125G         15G        106G        1.1M        2.8G        108G
2023-07-29 14:27:21  Mem:           125G         15G        106G        1.1M        2.8G        108G
2023-07-29 14:27:24  Mem:           125G         15G        106G        1.1M        2.9G        108G
2023-07-29 14:27:31  Mem:           125G         15G        106G        1.1M        2.9G        108G
2023-07-29 14:27:34  Mem:           125G         15G        106G        1.1M        2.9G        108G
2023-07-29 14:27:39  Mem:           125G         15G        106G        1.1M        2.9G        108G
2023-07-29 14:27:42  Mem:           125G         15G        106G        1.1M        2.9G        108G
2023-07-29 14:27:46  Mem:           125G         15G        106G        1.1M        2.9G        108G
2023-07-29 14:27:49  Mem:           125G         15G        106G        1.1M        2.9G        108G
2023-07-29 14:27:52  Mem:           125G         15G        106G        1.1M        2.9G        108G
2023-07-29 14:27:55  Mem:           125G         15G        106G        1.1M        3.0G        108G
2023-07-29 14:27:58  Mem:           125G         15G        106G        1.1M        3.0G        108G
2023-07-29 14:28:02  Mem:           125G         15G        106G        1.1M        3.0G        108G
2023-07-29 14:28:05  Mem:           125G         15G        106G        1.1M        3.0G        108G
2023-07-29 14:28:08  Mem:           125G         15G        106G        1.1M        3.0G        108G
2023-07-29 14:28:11  Mem:           125G         15G        106G        1.1M        3.0G        108G
2023-07-29 14:28:14  Mem:           125G         15G        106G        1.1M        3.0G        108G
2023-07-29 14:28:17  Mem:           125G         15G        106G        1.1M        3.0G        108G
2023-07-29 14:28:20  Mem:           125G         15G        106G        1.1M        3.0G        108G
2023-07-29 14:28:23  Mem:           125G         15G        106G        1.1M        3.0G        108G
2023-07-29 14:28:26  Mem:           125G         15G        106G        1.1M        3.1G        108G
2023-07-29 14:28:30  Mem:           125G         15G        106G        1.1M        3.1G        108G
2023-07-29 14:28:33  Mem:           125G         15G        106G        1.1M        3.1G        108G
2023-07-29 14:28:36  Mem:           125G         15G        106G        1.1M        3.1G        108G
2023-07-29 14:28:40  Mem:           125G         15G        106G        1.1M        3.1G        108G
2023-07-29 14:28:43  Mem:           125G         15G        106G        1.1M        3.1G        108G
2023-07-29 14:28:46  Mem:           125G         15G        106G        1.1M        3.1G        108G
2023-07-29 14:28:49  Mem:           125G         15G        106G        1.1M        3.1G        108G
2023-07-29 14:28:53  Mem:           125G         15G        106G        1.1M        3.1G        108G
2023-07-29 14:28:56  Mem:           125G         15G        106G        1.1M        3.1G        108G
2023-07-29 14:28:59  Mem:           125G         15G        105G        1.1M        3.2G        108G
2023-07-29 14:29:02  Mem:           125G         16G        105G        1.1M        3.2G        108G
2023-07-29 14:29:07  Mem:           125G         16G        105G        1.1M        3.2G        108G
2023-07-29 14:29:10  Mem:           125G         16G        105G        1.1M        3.2G        108G
2023-07-29 14:29:14  Mem:           125G         16G        105G        1.1M        3.2G        108G
2023-07-29 14:29:17  Mem:           125G         16G        105G        1.1M        3.2G        108G
2023-07-29 14:29:21  Mem:           125G         16G        105G        1.1M        3.2G        108G
2023-07-29 14:29:24  Mem:           125G         16G        105G        1.1M        3.2G        108G
2023-07-29 14:29:32  Mem:           125G         16G        105G        1.1M        3.3G        108G
2023-07-29 14:29:35  Mem:           125G         16G        105G        1.1M        3.3G        108G
2023-07-29 14:29:38  Mem:           125G         16G        105G        1.1M        3.3G        108G
2023-07-29 14:29:42  Mem:           125G         16G        105G        1.1M        3.3G        108G
2023-07-29 14:29:45  Mem:           125G         16G        105G        1.1M        3.3G        108G
2023-07-29 14:29:48  Mem:           125G         16G        105G        1.1M        3.3G        108G
2023-07-29 14:29:51  Mem:           125G         16G        105G        1.1M        3.3G        108G
2023-07-29 14:29:54  Mem:           125G         16G        105G        1.1M        3.3G        108G
2023-07-29 14:29:58  Mem:           125G         16G        105G        1.1M        3.4G        108G
2023-07-29 14:30:01  Mem:           125G         16G        105G        1.1M        3.4G        108G
2023-07-29 14:30:04  Mem:           125G         16G        105G        1.1M        3.4G        108G
2023-07-29 14:30:07  Mem:           125G         16G        105G        1.1M        3.4G        108G
2023-07-29 14:30:10  Mem:           125G         16G        105G        1.1M        3.4G        107G
2023-07-29 14:30:13  Mem:           125G         16G        105G        1.1M        3.4G        107G
2023-07-29 14:30:16  Mem:           125G         16G        105G        1.1M        3.4G        107G
2023-07-29 14:30:20  Mem:           125G         16G        105G        1.1M        3.4G        107G
2023-07-29 14:30:23  Mem:           125G         16G        105G        1.1M        3.4G        107G
2023-07-29 14:30:26  Mem:           125G         16G        105G        1.1M        3.4G        107G
2023-07-29 14:30:29  Mem:           125G         16G        105G        1.1M        3.5G        107G
2023-07-29 14:30:32  Mem:           125G         16G        105G        1.1M        3.5G        107G
2023-07-29 14:30:35  Mem:           125G         16G        105G        1.1M        3.5G        107G
2023-07-29 14:30:38  Mem:           125G         16G        105G        1.1M        3.5G        107G
2023-07-29 14:30:44  Mem:           125G         16G        105G        1.1M        3.5G        107G
2023-07-29 14:30:47  Mem:           125G         16G        105G        1.1M        3.5G        107G
2023-07-29 14:30:50  Mem:           125G         16G        105G        1.1M        3.5G        107G
2023-07-29 14:30:53  Mem:           125G         16G        105G        1.1M        3.5G        107G
2023-07-29 14:30:57  Mem:           125G         16G        105G        1.1M        3.5G        107G
2023-07-29 14:31:00  Mem:           125G         16G        105G        1.1M        3.6G        107G
2023-07-29 14:31:03  Mem:           125G         16G        105G        1.1M        3.6G        107G
2023-07-29 14:31:06  Mem:           125G         16G        105G        1.1M        3.6G        107G
2023-07-29 14:31:09  Mem:           125G         16G        105G        1.1M        3.6G        107G
2023-07-29 14:31:12  Mem:           125G         16G        105G        1.1M        3.6G        107G
2023-07-29 14:31:15  Mem:           125G         16G        105G        1.1M        3.6G        107G
2023-07-29 14:31:18  Mem:           125G         16G        105G        1.1M        3.6G        107G
2023-07-29 14:31:21  Mem:           125G         16G        105G        1.1M        3.6G        107G
2023-07-29 14:31:24  Mem:           125G         16G        105G        1.1M        3.6G        107G
2023-07-29 14:31:30  Mem:           125G         16G        105G        1.1M        3.6G        107G
2023-07-29 14:31:33  Mem:           125G         16G        104G        1.1M        3.7G        107G
2023-07-29 14:31:36  Mem:           125G         16G        104G        1.1M        3.7G        107G
2023-07-29 14:31:39  Mem:           125G         16G        104G        1.1M        3.7G        107G
2023-07-29 14:31:42  Mem:           125G         16G        104G        1.1M        3.7G        107G
2023-07-29 14:31:45  Mem:           125G         16G        104G        1.1M        3.7G        107G
2023-07-29 14:31:51  Mem:           125G         16G        104G        1.1M        3.7G        107G
2023-07-29 14:31:54  Mem:           125G         16G        104G        1.1M        3.7G        107G
2023-07-29 14:31:57  Mem:           125G         16G        104G        1.1M        3.7G        107G
2023-07-29 14:32:00  Mem:           125G         16G        104G        1.1M        3.7G        107G
2023-07-29 14:32:04  Mem:           125G         16G        104G        1.1M        3.8G        107G
2023-07-29 14:32:07  Mem:           125G         16G        104G        1.1M        3.8G        107G
2023-07-29 14:32:10  Mem:           125G         16G        104G        1.1M        3.8G        107G
2023-07-29 14:32:13  Mem:           125G         16G        104G        1.1M        3.8G        107G
2023-07-29 14:32:16  Mem:           125G         16G        104G        1.1M        3.8G        107G
2023-07-29 14:32:19  Mem:           125G         16G        104G        1.1M        3.8G        107G
2023-07-29 14:32:24  Mem:           125G         16G        104G        1.1M        3.8G        107G
2023-07-29 14:32:27  Mem:           125G         16G        104G        1.1M        3.8G        107G
2023-07-29 14:32:31  Mem:           125G         16G        104G        1.1M        3.8G        107G
2023-07-29 14:32:34  Mem:           125G         16G        104G        1.1M        3.9G        107G
2023-07-29 14:32:37  Mem:           125G         16G        104G        1.1M        3.9G        107G
2023-07-29 14:32:40  Mem:           125G         16G        104G        1.1M        3.9G        107G
2023-07-29 14:32:44  Mem:           125G         16G        104G        1.1M        3.9G        107G
2023-07-29 14:32:47  Mem:           125G         16G        104G        1.1M        3.9G        107G
2023-07-29 14:32:50  Mem:           125G         16G        104G        1.1M        3.9G        107G
2023-07-29 14:32:53  Mem:           125G         16G        104G        1.1M        3.9G        107G
2023-07-29 14:32:56  Mem:           125G         16G        104G        1.1M        3.9G        107G
2023-07-29 14:32:59  Mem:           125G         16G        104G        1.1M        3.9G        107G
2023-07-29 14:33:02  Mem:           125G         16G        104G        1.1M        3.9G        107G
2023-07-29 14:33:05  Mem:           125G         16G        104G        1.1M        4.0G        107G
2023-07-29 14:33:08  Mem:           125G         16G        104G        1.1M        4.0G        107G
2023-07-29 14:33:11  Mem:           125G         16G        104G        1.1M        4.0G        107G
2023-07-29 14:33:14  Mem:           125G         16G        104G        1.1M        4.0G        107G
2023-07-29 14:33:21  Mem:           125G         16G        104G        1.1M        4.0G        107G
2023-07-29 14:33:24  Mem:           125G         16G        104G        1.1M        4.0G        107G
2023-07-29 14:33:27  Mem:           125G         16G        104G        1.1M        4.0G        107G
2023-07-29 14:33:31  Mem:           125G         16G        104G        1.1M        4.0G        107G
2023-07-29 14:33:34  Mem:           125G         16G        104G        1.1M        4.0G        107G
2023-07-29 14:33:38  Mem:           125G         16G        104G        1.1M        4.1G        107G
2023-07-29 14:33:41  Mem:           125G         16G        104G        1.1M        4.1G        107G
2023-07-29 14:33:44  Mem:           125G         16G        104G        1.1M        4.1G        107G
2023-07-29 14:33:47  Mem:           125G         16G        104G        1.1M        4.1G        107G
2023-07-29 14:33:51  Mem:           125G         16G        104G        1.1M        4.1G        107G
2023-07-29 14:33:54  Mem:           125G         16G        104G        1.1M        4.1G        107G
2023-07-29 14:33:58  Mem:           125G         16G        104G        1.1M        4.1G        107G
2023-07-29 14:34:01  Mem:           125G         16G        104G        1.1M        4.1G        107G
2023-07-29 14:34:04  Mem:           125G         16G        104G        1.1M        4.1G        107G
2023-07-29 14:34:07  Mem:           125G         16G        104G        1.1M        4.2G        107G
2023-07-29 14:34:45  Mem:           125G         17G        103G        1.1M        4.3G        107G
2023-07-29 14:34:48  Mem:           125G         17G        103G        1.1M        4.3G        107G
2023-07-29 14:34:51  Mem:           125G         17G        103G        1.1M        4.3G        107G
2023-07-29 14:34:54  Mem:           125G         17G        103G        1.1M        4.3G        107G
2023-07-29 14:34:58  Mem:           125G         17G        103G        1.1M        4.3G        107G
2023-07-29 14:35:01  Mem:           125G         17G        103G        1.1M        4.3G        107G
2023-07-29 14:35:04  Mem:           125G         17G        103G        1.1M        4.3G        107G
2023-07-29 14:35:07  Mem:           125G         17G        103G        1.1M        4.3G        107G
2023-07-29 14:35:10  Mem:           125G         17G        103G        1.1M        4.4G        107G
2023-07-29 14:35:13  Mem:           125G         17G        103G        1.1M        4.4G        107G
2023-07-29 14:35:17  Mem:           125G         17G        103G        1.1M        4.4G        107G
2023-07-29 14:35:20  Mem:           125G         17G        103G        1.1M        4.4G        107G
2023-07-29 14:35:28  Mem:           125G         17G        103G        1.1M        4.4G        106G
2023-07-29 14:35:31  Mem:           125G         17G        103G        1.1M        4.4G        106G
2023-07-29 14:35:36  Mem:           125G         17G        103G        1.1M        4.4G        106G
2023-07-29 14:35:39  Mem:           125G         17G        103G        1.1M        4.5G        106G
2023-07-29 14:35:42  Mem:           125G         17G        103G        1.1M        4.5G        106G
2023-07-29 14:35:45  Mem:           125G         17G        103G        1.1M        4.5G        106G
2023-07-29 14:35:48  Mem:           125G         17G        103G        1.1M        4.5G        106G
2023-07-29 14:35:51  Mem:           125G         17G        103G        1.1M        4.5G        106G
2023-07-29 14:35:54  Mem:           125G         17G        103G        1.1M        4.5G        106G
2023-07-29 14:35:59  Mem:           125G         17G        103G        1.1M        4.5G        106G
2023-07-29 14:36:02  Mem:           125G         17G        103G        1.1M        4.5G        106G
2023-07-29 14:36:05  Mem:           125G         17G        103G        1.1M        4.5G        106G
2023-07-29 14:36:09  Mem:           125G         17G        103G        1.1M        4.5G        106G
2023-07-29 14:36:12  Mem:           125G         17G        103G        1.1M        4.6G        106G
2023-07-29 14:36:15  Mem:           125G         17G        103G        1.1M        4.6G        106G
2023-07-29 14:36:18  Mem:           125G         17G        103G        1.1M        4.6G        106G
2023-07-29 14:36:21  Mem:           125G         17G        103G        1.1M        4.6G        106G
2023-07-29 14:36:25  Mem:           125G         17G        103G        1.1M        4.6G        106G
2023-07-29 14:36:28  Mem:           125G         17G        103G        1.1M        4.6G        106G
2023-07-29 14:36:31  Mem:           125G         17G        103G        1.1M        4.6G        106G
2023-07-29 14:36:34  Mem:           125G         17G        103G        1.1M        4.6G        106G
2023-07-29 14:36:37  Mem:           125G         17G        103G        1.1M        4.6G        106G
2023-07-29 14:36:40  Mem:           125G         17G        103G        1.1M        4.6G        106G
2023-07-29 14:36:43  Mem:           125G         17G        103G        1.1M        4.7G        106G
2023-07-29 14:36:46  Mem:           125G         17G        103G        1.1M        4.7G        106G
2023-07-29 14:36:49  Mem:           125G         17G        102G        1.1M        4.7G        106G
2023-07-29 14:36:52  Mem:           125G         17G        102G        1.1M        4.7G        106G
2023-07-29 14:36:55  Mem:           125G         17G        102G        1.1M        4.7G        106G
2023-07-29 14:36:58  Mem:           125G         17G        102G        1.1M        4.7G        106G
2023-07-29 14:37:01  Mem:           125G         17G        102G        1.1M        4.7G        106G
2023-07-29 14:37:04  Mem:           125G         17G        102G        1.1M        4.7G        106G
2023-07-29 14:37:07  Mem:           125G         17G        102G        1.1M        4.7G        106G
2023-07-29 14:37:10  Mem:           125G         17G        102G        1.1M        4.7G        106G
2023-07-29 14:37:13  Mem:           125G         17G        102G        1.1M        4.8G        106G
2023-07-29 14:37:16  Mem:           125G         17G        102G        1.1M        4.8G        106G
2023-07-29 14:37:19  Mem:           125G         17G        102G        1.1M        4.8G        106G
2023-07-29 14:37:22  Mem:           125G         17G        102G        1.1M        4.8G        106G
2023-07-29 14:37:25  Mem:           125G         17G        102G        1.1M        4.8G        106G
2023-07-29 14:37:28  Mem:           125G         17G        102G        1.1M        4.8G        106G
2023-07-29 14:37:31  Mem:           125G         17G        102G        1.1M        4.8G        106G
2023-07-29 14:37:34  Mem:           125G         17G        102G        1.1M        4.8G        106G
2023-07-29 14:37:37  Mem:           125G         17G        102G        1.1M        4.8G        106G
2023-07-29 14:37:42  Mem:           125G         17G        102G        1.1M        4.8G        106G
2023-07-29 14:37:45  Mem:           125G         17G        102G        1.1M        4.9G        106G
2023-07-29 14:37:48  Mem:           125G         17G        102G        1.1M        4.9G        106G
2023-07-29 14:38:20  Mem:           125G         17G        102G        1.1M        5.0G        106G
2023-07-29 14:38:23  Mem:           125G         17G        102G        1.1M        5.0G        106G
2023-07-29 14:38:26  Mem:           125G         17G        102G        1.1M        5.0G        106G
2023-07-29 14:38:31  Mem:           125G         17G        102G        1.1M        5.0G        106G
2023-07-29 14:38:34  Mem:           125G         17G        102G        1.1M        5.0G        106G
2023-07-29 14:38:37  Mem:           125G         17G        102G        1.1M        5.0G        106G
2023-07-29 14:38:40  Mem:           125G         17G        102G        1.1M        5.0G        106G
2023-07-29 14:38:43  Mem:           125G         17G        102G        1.1M        5.0G        106G
2023-07-29 14:38:46  Mem:           125G         17G        102G        1.1M        5.1G        106G
2023-07-29 14:38:50  Mem:           125G         17G        102G        1.1M        5.1G        106G
2023-07-29 14:38:53  Mem:           125G         17G        102G        1.1M        5.1G        106G
2023-07-29 14:38:57  Mem:           125G         17G        102G        1.1M        5.1G        106G
2023-07-29 14:39:00  Mem:           125G         17G        102G        1.1M        5.1G        106G
2023-07-29 14:39:03  Mem:           125G         17G        102G        1.1M        5.1G        106G
2023-07-29 14:39:07  Mem:           125G         17G        102G        1.1M        5.1G        106G
2023-07-29 14:39:10  Mem:           125G         17G        102G        1.1M        5.1G        106G
2023-07-29 14:39:13  Mem:           125G         17G        102G        1.1M        5.1G        106G
2023-07-29 14:39:16  Mem:           125G         17G        102G        1.1M        5.1G        106G
2023-07-29 14:39:19  Mem:           125G         17G        102G        1.1M        5.2G        106G
2023-07-29 14:39:22  Mem:           125G         17G        102G        1.1M        5.2G        106G
2023-07-29 14:39:26  Mem:           125G         17G        102G        1.1M        5.2G        106G
2023-07-29 14:39:29  Mem:           125G         17G        101G        1.1M        5.2G        106G
2023-07-29 14:39:33  Mem:           125G         17G        101G        1.1M        5.2G        106G
2023-07-29 14:39:36  Mem:           125G         18G        101G        1.1M        5.2G        106G
2023-07-29 14:39:39  Mem:           125G         18G        101G        1.1M        5.2G        106G
2023-07-29 14:39:42  Mem:           125G         18G        101G        1.1M        5.2G        106G
2023-07-29 14:39:45  Mem:           125G         18G        101G        1.1M        5.2G        106G
2023-07-29 14:39:48  Mem:           125G         18G        101G        1.1M        5.3G        106G
2023-07-29 14:39:54  Mem:           125G         18G        101G        1.1M        5.3G        106G
2023-07-29 14:39:59  Mem:           125G         18G        101G        1.1M        5.3G        106G
2023-07-29 14:40:02  Mem:           125G         18G        101G        1.1M        5.3G        106G
2023-07-29 14:40:05  Mem:           125G         18G        101G        1.1M        5.3G        106G
2023-07-29 14:40:08  Mem:           125G         18G        101G        1.1M        5.3G        106G
2023-07-29 14:40:59  Mem:           125G         18G        101G        1.1M        5.5G        105G
2023-07-29 14:41:02  Mem:           125G         18G        101G        1.1M        5.5G        105G
2023-07-29 14:41:05  Mem:           125G         18G        101G        1.1M        5.5G        105G
2023-07-29 14:41:08  Mem:           125G         18G        101G        1.1M        5.5G        105G
2023-07-29 14:41:12  Mem:           125G         18G        101G        1.1M        5.5G        105G
2023-07-29 14:41:15  Mem:           125G         18G        101G        1.1M        5.5G        105G
2023-07-29 14:41:18  Mem:           125G         18G        101G        1.1M        5.5G        105G
2023-07-29 14:41:21  Mem:           125G         18G        101G        1.1M        5.5G        105G
2023-07-29 14:41:24  Mem:           125G         18G        101G        1.1M        5.6G        105G
2023-07-29 14:41:28  Mem:           125G         18G        101G        1.1M        5.6G        105G
2023-07-29 14:41:31  Mem:           125G         18G        101G        1.1M        5.6G        105G
2023-07-29 14:41:34  Mem:           125G         18G        101G        1.1M        5.6G        105G
2023-07-29 14:41:37  Mem:           125G         18G        101G        1.1M        5.6G        105G
2023-07-29 14:41:41  Mem:           125G         18G        101G        1.1M        5.6G        105G
2023-07-29 14:41:44  Mem:           125G         18G        101G        1.1M        5.6G        105G
2023-07-29 14:41:47  Mem:           125G         18G        101G        1.1M        5.6G        105G
2023-07-29 14:41:53  Mem:           125G         18G        101G        1.1M        5.7G        105G
2023-07-29 14:41:56  Mem:           125G         18G        101G        1.1M        5.7G        105G
2023-07-29 14:41:59  Mem:           125G         18G        101G        1.1M        5.7G        105G
2023-07-29 14:42:04  Mem:           125G         18G        101G        1.1M        5.7G        105G
2023-07-29 14:42:07  Mem:           125G         18G        100G        1.1M        5.7G        105G
2023-07-29 14:42:10  Mem:           125G         18G        100G        1.1M        5.7G        105G
2023-07-29 14:42:13  Mem:           125G         18G        100G        1.1M        5.7G        105G
2023-07-29 14:42:16  Mem:           125G         18G        100G        1.1M        5.7G        105G
2023-07-29 14:42:19  Mem:           125G         18G        100G        1.1M        5.7G        105G
2023-07-29 14:42:22  Mem:           125G         18G        100G        1.1M        5.7G        105G
2023-07-29 14:42:25  Mem:           125G         18G        100G        1.1M        5.8G        105G
2023-07-29 14:42:28  Mem:           125G         18G        100G        1.1M        5.8G        105G
2023-07-29 14:42:31  Mem:           125G         18G        100G        1.1M        5.8G        105G
2023-07-29 14:42:34  Mem:           125G         18G        100G        1.1M        5.8G        105G
2023-07-29 14:42:37  Mem:           125G         18G        100G        1.1M        5.8G        105G
2023-07-29 14:42:40  Mem:           125G         18G        100G        1.1M        5.8G        105G
2023-07-29 14:42:43  Mem:           125G         18G        100G        1.1M        5.8G        105G
2023-07-29 14:42:49  Mem:           125G         18G        100G        1.1M        5.8G        105G
2023-07-29 14:42:52  Mem:           125G         18G        100G        1.1M        5.8G        105G
2023-07-29 14:42:55  Mem:           125G         18G        100G        1.1M        5.8G        105G
2023-07-29 14:42:58  Mem:           125G         18G        100G        1.1M        5.9G        105G
2023-07-29 14:43:01  Mem:           125G         18G        100G        1.1M        5.9G        105G
2023-07-29 14:43:05  Mem:           125G         18G        100G        1.1M        5.9G        105G
2023-07-29 14:43:08  Mem:           125G         18G        100G        1.1M        5.9G        105G
2023-07-29 14:43:11  Mem:           125G         18G        100G        1.1M        5.9G        105G
2023-07-29 14:43:14  Mem:           125G         18G        100G        1.1M        5.9G        105G
2023-07-29 14:43:18  Mem:           125G         18G        100G        1.1M        5.9G        105G
2023-07-29 14:43:21  Mem:           125G         18G        100G        1.1M        5.9G        105G
2023-07-29 14:43:24  Mem:           125G         18G        100G        1.1M        5.9G        105G
2023-07-29 14:43:27  Mem:           125G         18G        100G        1.1M        6.0G        105G
2023-07-29 14:43:32  Mem:           125G         18G        100G        1.1M        6.0G        105G
2023-07-29 14:43:35  Mem:           125G         18G        100G        1.1M        6.0G        105G
2023-07-29 14:43:38  Mem:           125G         18G        100G        1.1M        6.0G        105G
2023-07-29 14:43:41  Mem:           125G         18G        100G        1.1M        6.0G        105G
2023-07-29 14:43:44  Mem:           125G         18G        100G        1.1M        6.0G        105G
2023-07-29 14:43:48  Mem:           125G         18G        100G        1.1M        6.0G        105G
2023-07-29 14:43:51  Mem:           125G         18G        100G        1.1M        6.0G        105G
2023-07-29 14:43:55  Mem:           125G         18G        100G        1.1M        6.0G        105G
2023-07-29 14:43:58  Mem:           125G         18G        100G        1.1M        6.1G        105G
2023-07-29 14:44:01  Mem:           125G         18G        100G        1.1M        6.1G        105G
2023-07-29 14:44:04  Mem:           125G         18G        100G        1.1M        6.1G        105G
2023-07-29 14:44:08  Mem:           125G         18G        100G        1.1M        6.1G        105G
2023-07-29 14:44:11  Mem:           125G         18G        100G        1.1M        6.1G        105G
2023-07-29 14:44:15  Mem:           125G         18G        100G        1.1M        6.1G        105G
2023-07-29 14:44:18  Mem:           125G         18G        100G        1.1M        6.1G        105G
2023-07-29 14:44:21  Mem:           125G         18G        100G        1.1M        6.1G        105G
2023-07-29 14:44:24  Mem:           125G         18G        100G        1.1M        6.1G        105G
2023-07-29 14:45:26  Mem:           125G         19G         99G        1.1M        6.4G        105G
2023-07-29 14:45:29  Mem:           125G         19G         99G        1.1M        6.4G        105G
2023-07-29 14:45:32  Mem:           125G         19G         99G        1.1M        6.4G        105G
2023-07-29 14:45:35  Mem:           125G         19G         99G        1.1M        6.4G        105G
2023-07-29 14:45:43  Mem:           125G         19G         99G        1.1M        6.4G        105G
2023-07-29 14:45:46  Mem:           125G         19G         99G        1.1M        6.4G        105G
2023-07-29 14:45:55  Mem:           125G         19G         99G        1.1M        6.4G        105G
2023-07-29 14:45:58  Mem:           125G         19G         99G        1.1M        6.5G        105G
2023-07-29 14:46:04  Mem:           125G         19G         99G        1.1M        6.5G        104G
2023-07-29 14:46:07  Mem:           125G         19G         99G        1.1M        6.5G        104G
2023-07-29 14:46:12  Mem:           125G         19G         99G        1.1M        6.5G        104G
2023-07-29 14:46:15  Mem:           125G         19G         99G        1.1M        6.5G        104G
2023-07-29 14:46:18  Mem:           125G         19G         99G        1.1M        6.5G        104G
2023-07-29 14:46:21  Mem:           125G         19G         99G        1.1M        6.5G        104G
2023-07-29 14:46:24  Mem:           125G         19G         99G        1.1M        6.5G        104G
2023-07-29 14:46:28  Mem:           125G         19G         99G        1.1M        6.5G        104G
2023-07-29 14:46:31  Mem:           125G         19G         99G        1.1M        6.6G        104G
2023-07-29 14:46:34  Mem:           125G         19G         99G        1.1M        6.6G        104G
2023-07-29 14:46:38  Mem:           125G         19G         99G        1.1M        6.6G        104G
2023-07-29 14:46:41  Mem:           125G         19G         99G        1.1M        6.6G        104G
2023-07-29 14:48:09  Mem:           125G         19G         98G        1.1M        6.9G        104G
2023-07-29 14:48:12  Mem:           125G         19G         98G        1.1M        6.9G        104G
2023-07-29 14:48:16  Mem:           125G         19G         98G        1.1M        6.9G        104G
2023-07-29 14:48:19  Mem:           125G         19G         98G        1.1M        6.9G        104G
2023-07-29 14:48:22  Mem:           125G         19G         98G        1.1M        6.9G        104G
2023-07-29 14:48:25  Mem:           125G         19G         98G        1.1M        6.9G        104G
2023-07-29 14:48:34  Mem:           125G         19G         98G        1.1M        7.0G        104G
2023-07-29 14:48:37  Mem:           125G         19G         98G        1.1M        7.0G        104G
2023-07-29 14:48:40  Mem:           125G         19G         98G        1.1M        7.0G        104G
2023-07-29 14:48:43  Mem:           125G         19G         98G        1.1M        7.0G        104G
2023-07-29 14:48:46  Mem:           125G         19G         98G        1.1M        7.0G        104G
2023-07-29 14:48:51  Mem:           125G         19G         98G        1.1M        7.0G        104G
2023-07-29 14:48:54  Mem:           125G         19G         98G        1.1M        7.0G        104G
2023-07-29 14:48:58  Mem:           125G         19G         98G        1.1M        7.0G        104G
2023-07-29 14:49:01  Mem:           125G         19G         98G        1.1M        7.0G        104G
2023-07-29 14:49:07  Mem:           125G         19G         98G        1.1M        7.1G        104G
2023-07-29 14:49:10  Mem:           125G         19G         98G        1.1M        7.1G        104G
2023-07-29 14:49:13  Mem:           125G         19G         98G        1.1M        7.1G        104G
2023-07-29 14:49:16  Mem:           125G         19G         98G        1.1M        7.1G        104G
2023-07-29 14:49:19  Mem:           125G         19G         98G        1.1M        7.1G        104G
2023-07-29 14:49:22  Mem:           125G         19G         98G        1.1M        7.1G        104G
2023-07-29 14:50:23  Mem:           125G         20G         97G        1.1M        7.3G        104G
2023-07-29 14:50:26  Mem:           125G         20G         97G        1.1M        7.3G        104G
2023-07-29 14:50:29  Mem:           125G         20G         97G        1.1M        7.3G        104G
2023-07-29 14:50:32  Mem:           125G         20G         97G        1.1M        7.3G        104G
2023-07-29 14:50:35  Mem:           125G         20G         97G        1.1M        7.4G        104G
2023-07-29 14:50:38  Mem:           125G         20G         97G        1.1M        7.4G        104G
2023-07-29 14:50:42  Mem:           125G         20G         97G        1.1M        7.4G        104G
2023-07-29 14:50:45  Mem:           125G         20G         97G        1.1M        7.4G        104G
2023-07-29 14:50:50  Mem:           125G         20G         97G        1.1M        7.4G        104G
2023-07-29 14:50:53  Mem:           125G         20G         97G        1.1M        7.4G        104G
2023-07-29 14:50:57  Mem:           125G         20G         97G        1.1M        7.4G        104G
2023-07-29 14:51:00  Mem:           125G         20G         97G        1.1M        7.4G        104G
2023-07-29 14:51:03  Mem:           125G         20G         97G        1.1M        7.4G        104G
2023-07-29 14:51:06  Mem:           125G         20G         97G        1.1M        7.5G        104G
2023-07-29 14:51:11  Mem:           125G         20G         97G        1.1M        7.5G        104G
2023-07-29 14:51:14  Mem:           125G         20G         97G        1.1M        7.5G        104G
2023-07-29 14:51:17  Mem:           125G         20G         97G        1.1M        7.5G        104G
2023-07-29 14:51:20  Mem:           125G         20G         97G        1.1M        7.5G        104G
2023-07-29 14:51:23  Mem:           125G         20G         97G        1.1M        7.5G        104G
2023-07-29 14:51:28  Mem:           125G         20G         97G        1.1M        7.5G        103G
2023-07-29 14:51:31  Mem:           125G         20G         97G        1.1M        7.5G        103G
2023-07-29 14:51:34  Mem:           125G         20G         97G        1.1M        7.5G        103G
2023-07-29 14:51:37  Mem:           125G         20G         97G        1.1M        7.6G        103G
2023-07-29 14:51:40  Mem:           125G         20G         97G        1.1M        7.6G        103G
2023-07-29 14:51:43  Mem:           125G         20G         97G        1.1M        7.6G        103G
2023-07-29 14:53:26  Mem:           125G         20G         96G        1.1M        7.9G        103G
2023-07-29 14:53:29  Mem:           125G         20G         96G        1.1M        7.9G        103G
2023-07-29 14:53:32  Mem:           125G         20G         96G        1.1M        7.9G        103G
2023-07-29 14:53:35  Mem:           125G         20G         96G        1.1M        7.9G        103G
2023-07-29 14:53:39  Mem:           125G         20G         96G        1.1M        7.9G        103G
2023-07-29 14:53:42  Mem:           125G         20G         96G        1.1M        8.0G        103G
2023-07-29 14:53:45  Mem:           125G         20G         96G        1.1M        8.0G        103G
2023-07-29 14:53:48  Mem:           125G         20G         96G        1.1M        8.0G        103G
2023-07-29 14:53:51  Mem:           125G         20G         96G        1.1M        8.0G        103G
2023-07-29 14:53:54  Mem:           125G         20G         96G        1.1M        8.0G        103G
2023-07-29 14:53:57  Mem:           125G         20G         96G        1.1M        8.0G        103G
2023-07-29 14:54:00  Mem:           125G         20G         96G        1.1M        8.0G        103G
2023-07-29 14:54:03  Mem:           125G         20G         96G        1.1M        8.0G        103G
2023-07-29 14:54:06  Mem:           125G         20G         96G        1.1M        8.0G        103G
2023-07-29 14:54:09  Mem:           125G         20G         96G        1.1M        8.0G        103G
2023-07-29 14:54:14  Mem:           125G         20G         96G        1.1M        8.1G        103G
2023-07-29 14:54:17  Mem:           125G         20G         96G        1.1M        8.1G        103G
2023-07-29 14:54:20  Mem:           125G         20G         96G        1.1M        8.1G        103G
2023-07-29 14:54:23  Mem:           125G         20G         96G        1.1M        8.1G        103G
2023-07-29 14:54:26  Mem:           125G         20G         96G        1.1M        8.1G        103G
2023-07-29 14:54:29  Mem:           125G         20G         96G        1.1M        8.1G        103G
2023-07-29 14:54:33  Mem:           125G         20G         96G        1.1M        8.1G        103G
2023-07-29 14:54:36  Mem:           125G         20G         96G        1.1M        8.1G        103G
2023-07-29 14:54:40  Mem:           125G         20G         96G        1.1M        8.2G        103G
2023-07-29 14:54:43  Mem:           125G         20G         96G        1.1M        8.2G        103G
2023-07-29 14:54:46  Mem:           125G         20G         96G        1.1M        8.2G        103G
2023-07-29 14:54:49  Mem:           125G         20G         96G        1.1M        8.2G        103G
2023-07-29 14:54:53  Mem:           125G         20G         96G        1.1M        8.2G        103G
2023-07-29 14:54:56  Mem:           125G         20G         96G        1.1M        8.2G        103G
2023-07-29 14:54:59  Mem:           125G         20G         96G        1.1M        8.2G        103G
2023-07-29 14:55:02  Mem:           125G         20G         96G        1.1M        8.2G        103G
2023-07-29 14:55:07  Mem:           125G         20G         96G        1.1M        8.2G        103G
2023-07-29 14:55:10  Mem:           125G         20G         96G        1.1M        8.2G        103G
2023-07-29 14:57:05  Mem:           125G         21G         95G        1.1M        8.6G        102G
2023-07-29 14:57:08  Mem:           125G         21G         95G        1.1M        8.6G        102G
2023-07-29 14:57:14  Mem:           125G         21G         95G        1.1M        8.7G        102G
2023-07-29 14:57:17  Mem:           125G         21G         95G        1.1M        8.7G        102G
2023-07-29 14:57:21  Mem:           125G         21G         95G        1.1M        8.7G        102G
2023-07-29 14:57:24  Mem:           125G         21G         95G        1.1M        8.7G        102G
2023-07-29 14:57:34  Mem:           125G         21G         95G        1.1M        8.7G        102G
2023-07-29 14:57:37  Mem:           125G         21G         95G        1.1M        8.7G        102G
2023-07-29 14:57:42  Mem:           125G         21G         95G        1.1M        8.7G        102G
2023-07-29 14:57:45  Mem:           125G         21G         95G        1.1M        8.8G        102G
2023-07-29 14:57:48  Mem:           125G         21G         95G        1.1M        8.8G        102G
2023-07-29 14:57:51  Mem:           125G         21G         95G        1.1M        8.8G        102G
2023-07-29 14:57:54  Mem:           125G         21G         94G        1.1M        8.8G        102G
2023-07-29 14:57:57  Mem:           125G         21G         94G        1.1M        8.8G        102G
2023-07-29 14:58:00  Mem:           125G         21G         94G        1.1M        8.8G        102G
2023-07-29 14:58:03  Mem:           125G         21G         94G        1.1M        8.8G        102G
2023-07-29 14:58:06  Mem:           125G         21G         94G        1.1M        8.8G        102G
2023-07-29 14:58:09  Mem:           125G         21G         94G        1.1M        8.8G        102G
2023-07-29 14:58:14  Mem:           125G         21G         94G        1.1M        8.8G        102G
2023-07-29 14:58:17  Mem:           125G         21G         94G        1.1M        8.9G        102G
2023-07-29 14:58:20  Mem:           125G         21G         94G        1.1M        8.9G        102G
2023-07-29 14:58:24  Mem:           125G         21G         94G        1.1M        8.9G        102G
2023-07-29 14:58:27  Mem:           125G         21G         94G        1.1M        8.9G        102G
2023-07-29 14:58:30  Mem:           125G         21G         94G        1.1M        8.9G        102G
2023-07-29 14:58:34  Mem:           125G         21G         94G        1.1M        8.9G        102G
2023-07-29 14:58:37  Mem:           125G         21G         94G        1.1M        8.9G        102G
2023-07-29 14:58:41  Mem:           125G         21G         94G        1.1M        8.9G        102G
2023-07-29 14:58:44  Mem:           125G         21G         94G        1.1M        8.9G        102G
2023-07-29 14:58:47  Mem:           125G         21G         94G        1.1M        9.0G        102G
2023-07-29 14:58:50  Mem:           125G         21G         94G        1.1M        9.0G        102G
2023-07-29 14:58:53  Mem:           125G         21G         94G        1.1M        9.0G        102G
2023-07-29 14:58:59  Mem:           125G         21G         94G        1.1M        9.0G        102G
2023-07-29 14:59:04  Mem:           125G         21G         94G        1.1M        9.0G        102G
2023-07-29 14:59:07  Mem:           125G         21G         94G        1.1M        9.0G        102G
2023-07-29 14:59:10  Mem:           125G         21G         94G        1.1M        9.0G        102G
2023-07-29 14:59:13  Mem:           125G         21G         94G        1.1M        9.0G        102G
2023-07-29 14:59:16  Mem:           125G         21G         94G        1.1M        9.1G        102G
2023-07-29 14:59:19  Mem:           125G         21G         94G        1.1M        9.1G        102G
2023-07-29 14:59:22  Mem:           125G         21G         94G        1.1M        9.1G        102G
2023-07-29 14:59:28  Mem:           125G         21G         94G        1.1M        9.1G        102G
2023-07-29 14:59:31  Mem:           125G         21G         94G        1.1M        9.1G        102G
2023-07-29 14:59:34  Mem:           125G         21G         94G        1.1M        9.1G        102G
2023-07-29 14:59:37  Mem:           125G         21G         94G        1.1M        9.1G        102G
2023-07-29 14:59:40  Mem:           125G         21G         94G        1.1M        9.1G        102G
2023-07-29 14:59:45  Mem:           125G         21G         94G        1.1M        9.1G        102G
2023-07-29 14:59:48  Mem:           125G         21G         94G        1.1M        9.2G        102G
2023-07-29 14:59:51  Mem:           125G         21G         94G        1.1M        9.2G        102G
2023-07-29 14:59:54  Mem:           125G         21G         94G        1.1M        9.2G        102G
2023-07-29 14:59:57  Mem:           125G         21G         94G        1.1M        9.2G        102G
2023-07-29 15:00:00  Mem:           125G         21G         94G        1.1M        9.2G        102G
2023-07-29 15:00:03  Mem:           125G         21G         94G        1.1M        9.2G        102G
2023-07-29 15:00:06  Mem:           125G         21G         94G        1.1M        9.2G        102G
2023-07-29 15:00:09  Mem:           125G         21G         94G        1.1M        9.2G        102G
2023-07-29 15:00:12  Mem:           125G         21G         94G        1.1M        9.2G        102G
2023-07-29 15:00:15  Mem:           125G         21G         94G        1.1M        9.2G        102G
2023-07-29 15:00:18  Mem:           125G         21G         94G        1.1M        9.3G        102G
2023-07-29 15:00:21  Mem:           125G         21G         94G        1.1M        9.3G        102G
2023-07-29 15:00:24  Mem:           125G         21G         94G        1.1M        9.3G        102G
2023-07-29 15:00:27  Mem:           125G         21G         94G        1.1M        9.3G        102G
2023-07-29 15:00:30  Mem:           125G         21G         94G        1.1M        9.3G        102G
2023-07-29 15:00:33  Mem:           125G         21G         93G        1.1M        9.3G        102G
2023-07-29 15:00:36  Mem:           125G         21G         93G        1.1M        9.3G        102G
2023-07-29 15:00:39  Mem:           125G         21G         93G        1.1M        9.3G        102G
2023-07-29 15:00:42  Mem:           125G         21G         93G        1.1M        9.3G        102G
2023-07-29 15:00:45  Mem:           125G         21G         93G        1.1M        9.3G        102G
2023-07-29 15:00:48  Mem:           125G         21G         93G        1.1M        9.4G        102G
2023-07-29 15:00:51  Mem:           125G         21G         93G        1.1M        9.4G        102G
2023-07-29 15:00:54  Mem:           125G         21G         93G        1.1M        9.4G        102G
2023-07-29 15:00:57  Mem:           125G         21G         93G        1.1M        9.4G        102G
2023-07-29 15:01:00  Mem:           125G         21G         93G        1.1M        9.4G        102G
2023-07-29 15:01:03  Mem:           125G         21G         93G        1.1M        9.4G        102G
2023-07-29 15:01:06  Mem:           125G         21G         93G        1.1M        9.4G        102G
2023-07-29 15:01:09  Mem:           125G         21G         93G        1.1M        9.4G        102G
2023-07-29 15:01:12  Mem:           125G         21G         93G        1.1M        9.4G        102G
2023-07-29 15:01:15  Mem:           125G         21G         93G        1.1M        9.4G        102G
2023-07-29 15:01:18  Mem:           125G         21G         93G        1.1M        9.4G        102G
2023-07-29 15:01:21  Mem:           125G         21G         93G        1.1M        9.5G        102G
2023-07-29 15:01:24  Mem:           125G         22G         93G        1.1M        9.5G        102G
2023-07-29 15:01:27  Mem:           125G         22G         93G        1.1M        9.5G        102G
2023-07-29 15:01:30  Mem:           125G         22G         93G        1.1M        9.5G        102G
2023-07-29 15:01:33  Mem:           125G         22G         93G        1.1M        9.5G        102G
2023-07-29 15:01:36  Mem:           125G         22G         93G        1.1M        9.5G        102G
2023-07-29 15:01:39  Mem:           125G         22G         93G        1.1M        9.5G        102G
2023-07-29 15:01:42  Mem:           125G         22G         93G        1.1M        9.5G        102G
2023-07-29 15:01:45  Mem:           125G         22G         93G        1.1M        9.5G        102G
2023-07-29 15:01:48  Mem:           125G         22G         93G        1.1M        9.6G        102G
2023-07-29 15:01:51  Mem:           125G         22G         93G        1.1M        9.6G        102G
2023-07-29 15:01:54  Mem:           125G         22G         93G        1.1M        9.6G        102G
2023-07-29 15:01:57  Mem:           125G         22G         93G        1.1M        9.6G        102G
2023-07-29 15:02:00  Mem:           125G         22G         93G        1.1M        9.6G        102G
2023-07-29 15:02:03  Mem:           125G         22G         93G        1.1M        9.6G        102G
2023-07-29 15:02:06  Mem:           125G         22G         93G        1.1M        9.6G        102G
2023-07-29 15:02:09  Mem:           125G         22G         93G        1.1M        9.6G        102G
2023-07-29 15:02:12  Mem:           125G         22G         93G        1.1M        9.6G        102G
2023-07-29 15:02:15  Mem:           125G         22G         93G        1.1M        9.6G        102G
2023-07-29 15:02:20  Mem:           125G         22G         93G        1.1M        9.7G        102G
2023-07-29 15:02:23  Mem:           125G         22G         93G        1.1M        9.7G        102G
2023-07-29 15:02:26  Mem:           125G         22G         93G        1.1M        9.7G        102G
2023-07-29 15:02:29  Mem:           125G         22G         93G        1.1M        9.7G        101G
2023-07-29 15:02:32  Mem:           125G         22G         93G        1.1M        9.7G        101G
2023-07-29 15:02:38  Mem:           125G         22G         93G        1.1M        9.7G        101G
2023-07-29 15:02:43  Mem:           125G         22G         93G        1.1M        9.7G        101G
2023-07-29 15:02:46  Mem:           125G         22G         93G        1.1M        9.7G        101G
2023-07-29 15:02:49  Mem:           125G         22G         93G        1.1M        9.8G        101G
2023-07-29 15:02:52  Mem:           125G         22G         93G        1.1M        9.8G        101G
2023-07-29 15:02:55  Mem:           125G         22G         93G        1.1M        9.8G        101G
2023-07-29 15:02:58  Mem:           125G         22G         93G        1.1M        9.8G        101G
2023-07-29 15:03:02  Mem:           125G         22G         93G        1.1M        9.8G        101G
2023-07-29 15:03:05  Mem:           125G         22G         93G        1.1M        9.8G        101G
2023-07-29 15:03:09  Mem:           125G         22G         93G        1.1M        9.8G        101G
2023-07-29 15:03:12  Mem:           125G         22G         92G        1.1M        9.8G        101G
2023-07-29 15:03:15  Mem:           125G         22G         92G        1.1M        9.8G        101G
2023-07-29 15:03:18  Mem:           125G         22G         92G        1.1M        9.8G        101G
2023-07-29 15:03:21  Mem:           125G         22G         92G        1.1M        9.9G        101G
2023-07-29 15:03:24  Mem:           125G         22G         92G        1.1M        9.9G        101G
2023-07-29 15:03:28  Mem:           125G         22G         92G        1.1M        9.9G        101G
2023-07-29 15:03:31  Mem:           125G         22G         92G        1.1M        9.9G        101G
2023-07-29 15:03:34  Mem:           125G         22G         92G        1.1M        9.9G        101G
2023-07-29 15:03:37  Mem:           125G         22G         92G        1.1M        9.9G        101G
2023-07-29 15:03:40  Mem:           125G         22G         92G        1.1M        9.9G        101G
2023-07-29 15:03:43  Mem:           125G         22G         92G        1.1M        9.9G        101G
2023-07-29 15:03:46  Mem:           125G         22G         92G        1.1M        9.9G        101G
2023-07-29 15:03:51  Mem:           125G         22G         92G        1.1M          9G        101G
2023-07-29 15:03:56  Mem:           125G         22G         92G        1.1M          9G        101G
2023-07-29 15:03:59  Mem:           125G         22G         92G        1.1M          9G        101G
2023-07-29 15:04:03  Mem:           125G         22G         92G        1.1M          9G        101G
2023-07-29 15:04:06  Mem:           125G         22G         92G        1.1M         10G        101G
2023-07-29 15:04:09  Mem:           125G         22G         92G        1.1M         10G        101G
2023-07-29 15:04:12  Mem:           125G         22G         92G        1.1M         10G        101G
2023-07-29 15:04:15  Mem:           125G         22G         92G        1.1M         10G        101G
2023-07-29 15:04:18  Mem:           125G         22G         92G        1.1M         10G        101G
2023-07-29 15:04:23  Mem:           125G         22G         92G        1.1M         10G        101G
2023-07-29 15:04:26  Mem:           125G         22G         92G        1.1M         10G        101G
2023-07-29 15:04:29  Mem:           125G         22G         92G        1.1M         10G        101G
2023-07-29 15:04:32  Mem:           125G         22G         92G        1.1M         10G        101G
2023-07-29 15:04:35  Mem:           125G         22G         92G        1.1M         10G        101G
2023-07-29 15:04:38  Mem:           125G         22G         92G        1.1M         10G        101G
2023-07-29 15:04:41  Mem:           125G         22G         92G        1.1M         10G        101G
2023-07-29 15:04:44  Mem:           125G         22G         92G        1.1M         10G        101G
2023-07-29 15:04:51  Mem:           125G         22G         92G        1.1M         10G        101G
2023-07-29 15:04:54  Mem:           125G         22G         92G        1.1M         10G        101G
2023-07-29 15:04:57  Mem:           125G         22G         92G        1.1M         10G        101G
2023-07-29 15:05:02  Mem:           125G         22G         92G        1.1M         10G        101G
2023-07-29 15:05:05  Mem:           125G         22G         92G        1.1M         10G        101G
2023-07-29 15:05:08  Mem:           125G         22G         92G        1.1M         10G        101G
2023-07-29 15:05:11  Mem:           125G         22G         92G        1.1M         10G        101G
2023-07-29 15:05:14  Mem:           125G         22G         92G        1.1M         10G        101G
2023-07-29 15:05:17  Mem:           125G         22G         92G        1.1M         10G        101G
2023-07-29 15:05:20  Mem:           125G         22G         92G        1.1M         10G        101G
2023-07-29 15:05:23  Mem:           125G         22G         92G        1.1M         10G        101G
2023-07-29 15:05:26  Mem:           125G         22G         92G        1.1M         10G        101G
2023-07-29 15:05:31  Mem:           125G         22G         92G        1.1M         10G        101G
2023-07-29 15:05:34  Mem:           125G         22G         92G        1.1M         10G        101G
2023-07-29 15:05:37  Mem:           125G         22G         92G        1.1M         10G        101G
2023-07-29 15:05:40  Mem:           125G         22G         92G        1.1M         10G        101G
2023-07-29 15:05:43  Mem:           125G         22G         92G        1.1M         10G        101G
2023-07-29 15:05:46  Mem:           125G         22G         92G        1.1M         10G        101G
2023-07-29 15:05:49  Mem:           125G         22G         91G        1.1M         10G        101G
2023-07-29 15:05:52  Mem:           125G         22G         91G        1.1M         10G        101G
2023-07-29 15:05:57  Mem:           125G         22G         91G        1.1M         10G        101G
2023-07-29 15:06:00  Mem:           125G         22G         91G        1.1M         10G        101G
2023-07-29 15:06:04  Mem:           125G         22G         91G        1.1M         10G        101G
2023-07-29 15:06:07  Mem:           125G         22G         91G        1.1M         10G        101G
2023-07-29 15:06:10  Mem:           125G         22G         91G        1.1M         10G        101G
2023-07-29 15:06:13  Mem:           125G         22G         91G        1.1M         10G        101G
2023-07-29 15:06:17  Mem:           125G         22G         91G        1.1M         10G        101G
2023-07-29 15:06:20  Mem:           125G         22G         91G        1.1M         10G        101G
2023-07-29 15:06:26  Mem:           125G         22G         91G        1.1M         10G        101G
2023-07-29 15:06:29  Mem:           125G         22G         91G        1.1M         10G        101G
2023-07-29 15:06:32  Mem:           125G         22G         91G        1.1M         10G        101G
2023-07-29 15:06:36  Mem:           125G         22G         91G        1.1M         10G        101G
2023-07-29 15:06:39  Mem:           125G         22G         91G        1.1M         10G        101G
2023-07-29 15:06:42  Mem:           125G         22G         91G        1.1M         10G        101G
2023-07-29 15:06:45  Mem:           125G         22G         91G        1.1M         10G        101G
2023-07-29 15:06:48  Mem:           125G         22G         91G        1.1M         10G        101G
2023-07-29 15:06:51  Mem:           125G         22G         91G        1.1M         10G        101G
2023-07-29 15:06:54  Mem:           125G         22G         91G        1.1M         10G        101G
2023-07-29 15:06:57  Mem:           125G         23G         91G        1.1M         10G        101G
2023-07-29 15:07:00  Mem:           125G         23G         91G        1.1M         10G        101G
2023-07-29 15:07:03  Mem:           125G         23G         91G        1.1M         10G        101G
2023-07-29 15:07:06  Mem:           125G         23G         91G        1.1M         10G        101G
2023-07-29 15:07:09  Mem:           125G         23G         91G        1.1M         10G        101G
2023-07-29 15:07:12  Mem:           125G         23G         91G        1.1M         10G        101G
2023-07-29 15:07:15  Mem:           125G         23G         91G        1.1M         10G        101G
2023-07-29 15:07:18  Mem:           125G         23G         91G        1.1M         10G        101G
2023-07-29 15:07:21  Mem:           125G         23G         91G        1.1M         10G        101G
2023-07-29 15:07:24  Mem:           125G         23G         91G        1.1M         10G        101G
2023-07-29 15:07:27  Mem:           125G         23G         91G        1.1M         10G        101G
2023-07-29 15:07:31  Mem:           125G         23G         91G        1.1M         10G        101G
2023-07-29 15:07:34  Mem:           125G         23G         91G        1.1M         10G        101G
2023-07-29 15:07:37  Mem:           125G         23G         91G        1.1M         10G        101G
2023-07-29 15:07:40  Mem:           125G         23G         91G        1.1M         10G        101G
2023-07-29 15:07:43  Mem:           125G         23G         91G        1.1M         10G        101G
2023-07-29 15:07:46  Mem:           125G         23G         91G        1.1M         10G        101G
2023-07-29 15:07:49  Mem:           125G         23G         91G        1.1M         10G        101G
2023-07-29 15:07:52  Mem:           125G         23G         91G        1.1M         10G        101G
2023-07-29 15:07:55  Mem:           125G         23G         91G        1.1M         10G        101G
2023-07-29 15:07:58  Mem:           125G         23G         91G        1.1M         10G        101G
2023-07-29 15:08:01  Mem:           125G         23G         91G        1.1M         10G        101G
2023-07-29 15:08:04  Mem:           125G         23G         91G        1.1M         10G        100G
2023-07-29 15:08:07  Mem:           125G         23G         91G        1.1M         10G        100G
2023-07-29 15:08:10  Mem:           125G         23G         91G        1.1M         10G        100G
2023-07-29 15:08:13  Mem:           125G         23G         91G        1.1M         10G        100G
2023-07-29 15:08:16  Mem:           125G         23G         91G        1.1M         10G        100G
2023-07-29 15:08:19  Mem:           125G         23G         91G        1.1M         10G        100G
2023-07-29 15:08:22  Mem:           125G         23G         91G        1.1M         10G        100G
2023-07-29 15:08:25  Mem:           125G         23G         91G        1.1M         10G        100G
2023-07-29 15:08:28  Mem:           125G         23G         91G        1.1M         10G        100G
2023-07-29 15:08:31  Mem:           125G         23G         90G        1.1M         10G        100G
2023-07-29 15:08:34  Mem:           125G         23G         90G        1.1M         10G        100G
2023-07-29 15:08:37  Mem:           125G         23G         90G        1.1M         10G        100G
2023-07-29 15:08:40  Mem:           125G         23G         90G        1.1M         10G        100G
2023-07-29 15:08:43  Mem:           125G         23G         90G        1.1M         10G        100G
2023-07-29 15:08:46  Mem:           125G         23G         90G        1.1M         10G        100G
2023-07-29 15:08:49  Mem:           125G         23G         90G        1.1M         10G        100G
2023-07-29 15:08:52  Mem:           125G         23G         90G        1.1M         10G        100G
2023-07-29 15:08:55  Mem:           125G         23G         90G        1.1M         10G        100G
2023-07-29 15:08:58  Mem:           125G         23G         90G        1.1M         10G        100G
2023-07-29 15:09:01  Mem:           125G         23G         90G        1.1M         10G        100G
2023-07-29 15:09:04  Mem:           125G         23G         90G        1.1M         10G        100G
2023-07-29 15:09:07  Mem:           125G         23G         90G        1.1M         11G        100G
2023-07-29 15:09:10  Mem:           125G         23G         90G        1.1M         11G        100G
2023-07-29 15:09:13  Mem:           125G         23G         90G        1.1M         11G        100G
2023-07-29 15:09:16  Mem:           125G         23G         90G        1.1M         11G        100G
2023-07-29 15:09:19  Mem:           125G         23G         90G        1.1M         11G        100G
2023-07-29 15:09:22  Mem:           125G         23G         90G        1.1M         11G        100G
2023-07-29 15:09:25  Mem:           125G         23G         90G        1.1M         11G        100G
2023-07-29 15:09:28  Mem:           125G         23G         90G        1.1M         11G        100G
2023-07-29 15:09:31  Mem:           125G         23G         90G        1.1M         11G        100G
2023-07-29 15:09:34  Mem:           125G         23G         90G        1.1M         11G        100G
2023-07-29 15:09:37  Mem:           125G         23G         90G        1.1M         11G        100G
2023-07-29 15:09:40  Mem:           125G         23G         90G        1.1M         11G        100G
2023-07-29 15:09:43  Mem:           125G         23G         90G        1.1M         11G        100G
2023-07-29 15:09:46  Mem:           125G         23G         90G        1.1M         11G        100G
2023-07-29 15:09:49  Mem:           125G         23G         90G        1.1M         11G        100G
2023-07-29 15:09:52  Mem:           125G         23G         90G        1.1M         11G        100G
2023-07-29 15:09:55  Mem:           125G         23G         90G        1.1M         11G        100G
2023-07-29 15:09:58  Mem:           125G         23G         90G        1.1M         11G        100G
2023-07-29 15:10:01  Mem:           125G         23G         90G        1.1M         11G        100G
2023-07-29 15:10:05  Mem:           125G         23G         90G        1.1M         11G        100G
2023-07-29 15:10:08  Mem:           125G         23G         90G        1.1M         11G        100G
2023-07-29 15:10:11  Mem:           125G         23G         90G        1.1M         11G        100G
2023-07-29 15:10:17  Mem:           125G         23G         90G        1.1M         11G        100G
2023-07-29 15:10:20  Mem:           125G         23G         90G        1.1M         11G        100G
2023-07-29 15:10:23  Mem:           125G         23G         90G        1.1M         11G        100G
2023-07-29 15:10:26  Mem:           125G         23G         90G        1.1M         11G        100G
2023-07-29 15:10:31  Mem:           125G         23G         90G        1.1M         11G        100G
2023-07-29 15:10:34  Mem:           125G         23G         90G        1.1M         11G        100G
2023-07-29 15:10:37  Mem:           125G         23G         90G        1.1M         11G        100G
2023-07-29 15:10:40  Mem:           125G         23G         90G        1.1M         11G        100G
2023-07-29 15:10:43  Mem:           125G         23G         90G        1.1M         11G        100G
2023-07-29 15:10:46  Mem:           125G         23G         90G        1.1M         11G        100G
2023-07-29 15:10:51  Mem:           125G         23G         90G        1.1M         11G        100G
2023-07-29 15:10:54  Mem:           125G         23G         90G        1.1M         11G        100G
2023-07-29 15:10:57  Mem:           125G         23G         90G        1.1M         11G        100G
2023-07-29 15:11:00  Mem:           125G         23G         90G        1.1M         11G        100G
2023-07-29 15:11:03  Mem:           125G         23G         90G        1.1M         11G        100G
2023-07-29 15:11:06  Mem:           125G         23G         90G        1.1M         11G        100G
2023-07-29 15:11:14  Mem:           125G         23G         89G        1.1M         11G        100G
2023-07-29 15:11:17  Mem:           125G         23G         89G        1.1M         11G        100G
2023-07-29 15:11:20  Mem:           125G         23G         89G        1.1M         11G        100G
2023-07-29 15:11:24  Mem:           125G         23G         89G        1.1M         11G        100G
2023-07-29 15:11:27  Mem:           125G         23G         89G        1.1M         11G        100G
2023-07-29 15:11:31  Mem:           125G         23G         89G        1.1M         11G        100G
2023-07-29 15:11:34  Mem:           125G         23G         89G        1.1M         11G        100G
2023-07-29 15:11:37  Mem:           125G         23G         89G        1.1M         11G        100G
2023-07-29 15:11:40  Mem:           125G         23G         89G        1.1M         11G        100G
2023-07-29 15:11:46  Mem:           125G         23G         89G        1.1M         11G        100G
2023-07-29 15:11:50  Mem:           125G         23G         89G        1.1M         11G        100G
2023-07-29 15:11:53  Mem:           125G         23G         89G        1.1M         11G        100G
2023-07-29 15:11:58  Mem:           125G         23G         89G        1.1M         11G        100G
2023-07-29 15:12:01  Mem:           125G         23G         89G        1.1M         11G        100G
2023-07-29 15:12:04  Mem:           125G         23G         89G        1.1M         11G        100G
2023-07-29 15:12:07  Mem:           125G         23G         89G        1.1M         11G        100G
2023-07-29 15:12:13  Mem:           125G         23G         89G        1.1M         11G        100G
2023-07-29 15:12:17  Mem:           125G         23G         89G        1.1M         11G        100G
2023-07-29 15:12:20  Mem:           125G         23G         89G        1.1M         11G        100G
2023-07-29 15:12:23  Mem:           125G         23G         89G        1.1M         11G        100G
2023-07-29 15:12:26  Mem:           125G         23G         89G        1.1M         11G        100G
2023-07-29 15:12:29  Mem:           125G         23G         89G        1.1M         11G        100G
2023-07-29 15:12:32  Mem:           125G         23G         89G        1.1M         11G        100G
2023-07-29 15:12:36  Mem:           125G         24G         89G        1.1M         11G        100G
2023-07-29 15:12:39  Mem:           125G         24G         89G        1.1M         11G        100G
2023-07-29 15:12:42  Mem:           125G         24G         89G        1.1M         11G        100G
2023-07-29 15:12:45  Mem:           125G         24G         89G        1.1M         11G        100G
2023-07-29 15:12:48  Mem:           125G         24G         89G        1.1M         11G        100G
2023-07-29 15:12:51  Mem:           125G         24G         89G        1.1M         11G        100G
2023-07-29 15:12:54  Mem:           125G         24G         89G        1.1M         11G        100G
2023-07-29 15:12:57  Mem:           125G         24G         89G        1.1M         11G        100G
2023-07-29 15:13:02  Mem:           125G         24G         89G        1.1M         11G        100G
2023-07-29 15:13:10  Mem:           125G         24G         89G        1.1M         11G        100G
2023-07-29 15:13:14  Mem:           125G         24G         89G        1.1M         11G        100G
2023-07-29 15:13:17  Mem:           125G         24G         89G        1.1M         11G        100G
2023-07-29 15:13:20  Mem:           125G         24G         89G        1.1M         11G        100G
2023-07-29 15:13:23  Mem:           125G         24G         89G        1.1M         11G        100G
2023-07-29 15:13:26  Mem:           125G         24G         89G        1.1M         11G        100G
2023-07-29 15:13:29  Mem:           125G         24G         89G        1.1M         11G        100G
2023-07-29 15:13:33  Mem:           125G         24G         89G        1.1M         11G        100G
2023-07-29 15:13:36  Mem:           125G         24G         89G        1.1M         11G        100G
2023-07-29 15:13:41  Mem:           125G         24G         89G        1.1M         11G         99G
2023-07-29 15:13:44  Mem:           125G         24G         89G        1.1M         11G         99G
2023-07-29 15:13:48  Mem:           125G         24G         88G        1.1M         11G         99G
2023-07-29 15:13:51  Mem:           125G         24G         88G        1.1M         11G         99G
2023-07-29 15:13:54  Mem:           125G         24G         88G        1.1M         11G         99G
2023-07-29 15:13:57  Mem:           125G         24G         88G        1.1M         11G         99G
2023-07-29 15:14:00  Mem:           125G         24G         88G        1.1M         11G         99G
2023-07-29 15:14:05  Mem:           125G         24G         88G        1.1M         11G         99G
2023-07-29 15:14:08  Mem:           125G         24G         88G        1.1M         12G         99G
2023-07-29 15:14:11  Mem:           125G         24G         88G        1.1M         12G         99G
2023-07-29 15:14:14  Mem:           125G         24G         88G        1.1M         12G         99G
2023-07-29 15:14:20  Mem:           125G         24G         88G        1.1M         12G         99G
2023-07-29 15:14:23  Mem:           125G         24G         88G        1.1M         12G         99G
2023-07-29 15:14:26  Mem:           125G         24G         88G        1.1M         12G         99G
2023-07-29 15:14:29  Mem:           125G         24G         88G        1.1M         12G         99G
2023-07-29 15:14:35  Mem:           125G         24G         88G        1.1M         12G         99G
2023-07-29 15:14:38  Mem:           125G         24G         88G        1.1M         12G         99G
2023-07-29 15:14:41  Mem:           125G         24G         88G        1.1M         12G         99G
2023-07-29 15:14:44  Mem:           125G         24G         88G        1.1M         12G         99G
2023-07-29 15:14:47  Mem:           125G         24G         88G        1.1M         12G         99G
2023-07-29 15:14:50  Mem:           125G         24G         88G        1.1M         12G         99G
2023-07-29 15:14:55  Mem:           125G         24G         88G        1.1M         12G         99G
2023-07-29 15:14:58  Mem:           125G         24G         88G        1.1M         12G         99G
2023-07-29 15:15:02  Mem:           125G         24G         88G        1.1M         12G         99G
2023-07-29 15:15:05  Mem:           125G         24G         88G        1.1M         12G         99G
2023-07-29 15:15:08  Mem:           125G         24G         88G        1.1M         12G         99G
2023-07-29 15:15:11  Mem:           125G         24G         88G        1.1M         12G         99G
2023-07-29 15:15:14  Mem:           125G         24G         88G        1.1M         12G         99G
2023-07-29 15:15:17  Mem:           125G         24G         88G        1.1M         12G         99G
2023-07-29 15:15:20  Mem:           125G         24G         88G        1.1M         12G         99G
2023-07-29 15:15:23  Mem:           125G         24G         88G        1.1M         12G         99G
2023-07-29 15:15:26  Mem:           125G         24G         88G        1.1M         12G         99G
2023-07-29 15:15:29  Mem:           125G         24G         88G        1.1M         12G         99G
2023-07-29 15:15:32  Mem:           125G         24G         88G        1.1M         12G         99G
2023-07-29 15:15:35  Mem:           125G         24G         88G        1.1M         12G         99G
2023-07-29 15:15:38  Mem:           125G         24G         88G        1.1M         12G         99G
2023-07-29 15:15:41  Mem:           125G         24G         88G        1.1M         12G         99G
2023-07-29 15:15:44  Mem:           125G         24G         88G        1.1M         12G         99G
2023-07-29 15:15:47  Mem:           125G         24G         88G        1.1M         12G         99G
2023-07-29 15:15:50  Mem:           125G         24G         88G        1.1M         12G         99G
2023-07-29 15:15:53  Mem:           125G         24G         88G        1.1M         12G         99G
2023-07-29 15:15:56  Mem:           125G         24G         88G        1.1M         12G         99G
2023-07-29 15:15:59  Mem:           125G         24G         88G        1.1M         12G         99G
2023-07-29 15:16:02  Mem:           125G         24G         88G        1.1M         12G         99G
2023-07-29 15:16:05  Mem:           125G         24G         88G        1.1M         12G         99G
2023-07-29 15:16:08  Mem:           125G         24G         88G        1.1M         12G         99G
2023-07-29 15:16:11  Mem:           125G         24G         88G        1.1M         12G         99G
2023-07-29 15:16:14  Mem:           125G         24G         88G        1.1M         12G         99G
2023-07-29 15:16:17  Mem:           125G         24G         88G        1.1M         12G         99G
2023-07-29 15:16:20  Mem:           125G         24G         88G        1.1M         12G         99G
2023-07-29 15:16:23  Mem:           125G         24G         88G        1.1M         12G         99G
2023-07-29 15:16:26  Mem:           125G         24G         88G        1.1M         12G         99G
2023-07-29 15:16:29  Mem:           125G         24G         88G        1.1M         12G         99G
2023-07-29 15:16:32  Mem:           125G         24G         88G        1.1M         12G         99G
2023-07-29 15:16:35  Mem:           125G         24G         88G        1.1M         12G         99G
2023-07-29 15:16:38  Mem:           125G         24G         88G        1.1M         12G         99G
2023-07-29 15:16:41  Mem:           125G         24G         88G        1.1M         12G         99G
2023-07-29 15:16:44  Mem:           125G         24G         88G        1.1M         12G         99G
2023-07-29 15:16:47  Mem:           125G         24G         88G        1.1M         12G         99G
2023-07-29 15:16:50  Mem:           125G         24G         88G        1.1M         12G         99G
2023-07-29 15:16:53  Mem:           125G         24G         88G        1.1M         12G         99G
2023-07-29 15:16:56  Mem:           125G         24G         88G        1.1M         12G         99G
2023-07-29 15:16:59  Mem:           125G         24G         88G        1.1M         12G         99G
2023-07-29 15:17:02  Mem:           125G         24G         88G        1.1M         12G         99G
2023-07-29 15:17:05  Mem:           125G         24G         88G        1.1M         12G         99G
2023-07-29 15:17:08  Mem:           125G         24G         88G        1.1M         12G         99G
2023-07-29 15:17:11  Mem:           125G         24G         88G        1.1M         12G         99G
2023-07-29 15:17:14  Mem:           125G         24G         88G        1.1M         12G         99G
2023-07-29 15:17:17  Mem:           125G         24G         88G        1.1M         12G         99G
2023-07-29 15:17:20  Mem:           125G         24G         88G        1.1M         12G         99G
2023-07-29 15:17:23  Mem:           125G         24G         88G        1.1M         12G         99G
2023-07-29 15:17:26  Mem:           125G         24G         88G        1.1M         12G         99G
2023-07-29 15:17:29  Mem:           125G         24G         88G        1.1M         12G         99G
2023-07-29 15:17:32  Mem:           125G         24G         88G        1.1M         12G         99G
2023-07-29 15:17:35  Mem:           125G         24G         88G        1.1M         12G         99G
2023-07-29 15:17:38  Mem:           125G         24G         88G        1.1M         12G         99G
2023-07-29 15:17:43  Mem:           125G         24G         88G        1.1M         12G         99G
2023-07-29 15:17:46  Mem:           125G         24G         88G        1.1M         12G         99G
2023-07-29 15:17:49  Mem:           125G         24G         88G        1.1M         12G         99G
2023-07-29 15:17:52  Mem:           125G         24G         88G        1.1M         12G         99G
2023-07-29 15:17:59  Mem:           125G         24G         88G        1.1M         12G         99G
2023-07-29 15:18:02  Mem:           125G         24G         88G        1.1M         12G         99G
2023-07-29 15:18:05  Mem:           125G         24G         88G        1.1M         12G         99G
2023-07-29 15:18:08  Mem:           125G         24G         88G        1.1M         12G         99G
2023-07-29 15:18:11  Mem:           125G         24G         88G        1.1M         12G         99G
2023-07-29 15:18:14  Mem:           125G         24G         88G        1.1M         12G         99G
2023-07-29 15:18:18  Mem:           125G         24G         88G        1.1M         12G         99G
2023-07-29 15:18:21  Mem:           125G         24G         88G        1.1M         12G         99G
2023-07-29 15:18:25  Mem:           125G         24G         88G        1.1M         12G         99G
2023-07-29 15:18:28  Mem:           125G         24G         88G        1.1M         12G         99G
2023-07-29 15:18:31  Mem:           125G         24G         88G        1.1M         12G         99G
2023-07-29 15:18:34  Mem:           125G         24G         88G        1.1M         12G         99G
2023-07-29 15:18:37  Mem:           125G         24G         87G        1.1M         12G         99G
2023-07-29 15:18:40  Mem:           125G         24G         87G        1.1M         12G         99G
2023-07-29 15:18:45  Mem:           125G         24G         87G        1.1M         12G         99G
2023-07-29 15:18:48  Mem:           125G         24G         87G        1.1M         12G         99G
2023-07-29 15:18:51  Mem:           125G         24G         87G        1.1M         12G         99G
2023-07-29 15:18:57  Mem:           125G         24G         87G        1.1M         12G         99G
2023-07-29 15:19:00  Mem:           125G         24G         87G        1.1M         12G         99G
2023-07-29 15:19:03  Mem:           125G         24G         87G        1.1M         12G         99G
2023-07-29 15:19:06  Mem:           125G         24G         87G        1.1M         12G         99G
2023-07-29 15:19:09  Mem:           125G         24G         87G        1.1M         12G         99G
2023-07-29 15:19:12  Mem:           125G         24G         87G        1.1M         12G         99G
2023-07-29 15:19:15  Mem:           125G         24G         87G        1.1M         12G         99G
2023-07-29 15:19:20  Mem:           125G         24G         87G        1.1M         12G         99G
2023-07-29 15:19:24  Mem:           125G         24G         87G        1.1M         12G         99G
2023-07-29 15:19:27  Mem:           125G         24G         87G        1.1M         12G         99G
2023-07-29 15:19:30  Mem:           125G         24G         87G        1.1M         12G         99G
2023-07-29 15:19:33  Mem:           125G         24G         87G        1.1M         12G         99G
2023-07-29 15:19:36  Mem:           125G         24G         87G        1.1M         12G         99G
2023-07-29 15:19:39  Mem:           125G         24G         87G        1.1M         12G         99G
2023-07-29 15:19:43  Mem:           125G         24G         87G        1.1M         12G         99G
2023-07-29 15:19:46  Mem:           125G         24G         87G        1.1M         12G         99G
2023-07-29 15:19:49  Mem:           125G         24G         87G        1.1M         12G         99G
2023-07-29 15:19:52  Mem:           125G         24G         87G        1.1M         12G         99G
2023-07-29 15:19:58  Mem:           125G         24G         87G        1.1M         12G         99G
2023-07-29 15:20:01  Mem:           125G         24G         87G        1.1M         12G         99G
2023-07-29 15:20:05  Mem:           125G         24G         87G        1.1M         12G         99G
2023-07-29 15:20:08  Mem:           125G         24G         87G        1.1M         12G         99G
2023-07-29 15:20:11  Mem:           125G         24G         87G        1.1M         12G         99G
