time               total        used        free      shared  buff/cache   available
2023-07-31 11:37:16  Mem:           125G         13G        111G        1.1M        271M        111G
2023-07-31 11:37:19  Mem:           125G         13G        111G        1.1M        272M        111G
2023-07-31 11:37:22  Mem:           125G         13G        111G        1.1M        272M        110G
2023-07-31 11:37:25  Mem:           125G         13G        111G        1.1M        272M        110G
2023-07-31 11:37:28  Mem:           125G         13G        111G        1.1M        272M        110G
2023-07-31 11:37:31  Mem:           125G         13G        111G        1.1M        279M        110G
2023-07-31 11:37:34  Mem:           125G         13G        111G        1.1M        299M        110G
2023-07-31 11:37:37  Mem:           125G         13G        111G        1.1M        321M        110G
2023-07-31 11:37:40  Mem:           125G         13G        110G        1.1M        351M        110G
2023-07-31 11:37:43  Mem:           125G         13G        110G        1.1M        376M        110G
2023-07-31 11:37:46  Mem:           125G         13G        110G        1.1M        399M        110G
2023-07-31 11:37:49  Mem:           125G         13G        110G        1.1M        432M        110G
2023-07-31 11:37:52  Mem:           125G         13G        110G        1.1M        457M        110G
2023-07-31 11:37:55  Mem:           125G         13G        110G        1.1M        483M        110G
2023-07-31 11:37:58  Mem:           125G         13G        110G        1.1M        509M        110G
2023-07-31 11:38:02  Mem:           125G         13G        110G        1.1M        537M        110G
2023-07-31 11:38:05  Mem:           125G         14G        110G        1.1M        566M        110G
2023-07-31 11:38:08  Mem:           125G         14G        110G        1.1M        595M        110G
2023-07-31 11:38:11  Mem:           125G         14G        110G        1.1M        622M        110G
2023-07-31 11:38:14  Mem:           125G         14G        110G        1.1M        650M        110G
2023-07-31 11:38:17  Mem:           125G         14G        110G        1.1M        677M        110G
2023-07-31 11:38:20  Mem:           125G         14G        110G        1.1M        706M        110G
2023-07-31 11:38:23  Mem:           125G         14G        110G        1.1M        733M        110G
2023-07-31 11:38:26  Mem:           125G         14G        110G        1.1M        753M        110G
2023-07-31 11:38:29  Mem:           125G         14G        110G        1.1M        782M        110G
2023-07-31 11:38:32  Mem:           125G         14G        110G        1.1M        810M        110G
2023-07-31 11:38:35  Mem:           125G         14G        110G        1.1M        840M        110G
2023-07-31 11:38:38  Mem:           125G         14G        110G        1.1M        872M        110G
2023-07-31 11:38:41  Mem:           125G         14G        110G        1.1M        901M        109G
2023-07-31 11:38:44  Mem:           125G         14G        109G        1.1M        932M        109G
2023-07-31 11:38:47  Mem:           125G         14G        109G        1.1M        962M        109G
2023-07-31 11:38:50  Mem:           125G         14G        109G        1.1M        995M        109G
2023-07-31 11:38:53  Mem:           125G         14G        109G        1.1M        1.0G        109G
2023-07-31 11:38:56  Mem:           125G         14G        109G        1.1M        1.0G        109G
2023-07-31 11:38:59  Mem:           125G         14G        109G        1.1M        1.1G        109G
2023-07-31 11:39:02  Mem:           125G         14G        109G        1.1M        1.1G        109G
2023-07-31 11:39:05  Mem:           125G         14G        109G        1.1M        1.1G        109G
2023-07-31 11:39:08  Mem:           125G         14G        109G        1.1M        1.2G        109G
2023-07-31 11:39:11  Mem:           125G         14G        109G        1.1M        1.2G        109G
2023-07-31 11:39:14  Mem:           125G         14G        109G        1.1M        1.2G        109G
2023-07-31 11:39:17  Mem:           125G         14G        109G        1.1M        1.3G        109G
2023-07-31 11:39:20  Mem:           125G         14G        109G        1.1M        1.3G        109G
2023-07-31 11:39:23  Mem:           125G         14G        109G        1.1M        1.3G        109G
2023-07-31 11:39:26  Mem:           125G         14G        109G        1.1M        1.4G        109G
2023-07-31 11:39:29  Mem:           125G         14G        109G        1.1M        1.4G        109G
2023-07-31 11:39:32  Mem:           125G         14G        108G        1.1M        1.4G        109G
2023-07-31 11:39:35  Mem:           125G         14G        108G        1.1M        1.4G        109G
2023-07-31 11:39:38  Mem:           125G         14G        108G        1.1M        1.5G        109G
2023-07-31 11:39:41  Mem:           125G         14G        108G        1.1M        1.5G        109G
2023-07-31 11:39:44  Mem:           125G         14G        108G        1.1M        1.5G        109G
2023-07-31 11:39:47  Mem:           125G         14G        108G        1.1M        1.5G        109G
2023-07-31 11:39:50  Mem:           125G         14G        108G        1.1M        1.6G        109G
2023-07-31 11:39:53  Mem:           125G         14G        108G        1.1M        1.6G        109G
2023-07-31 11:39:56  Mem:           125G         14G        108G        1.1M        1.6G        109G
2023-07-31 11:39:59  Mem:           125G         15G        108G        1.1M        1.6G        109G
2023-07-31 11:40:02  Mem:           125G         15G        108G        1.1M        1.6G        109G
2023-07-31 11:40:05  Mem:           125G         15G        108G        1.1M        1.7G        109G
2023-07-31 11:40:08  Mem:           125G         15G        108G        1.1M        1.7G        109G
2023-07-31 11:40:11  Mem:           125G         15G        108G        1.1M        1.7G        109G
2023-07-31 11:40:14  Mem:           125G         15G        108G        1.1M        1.7G        109G
2023-07-31 11:40:17  Mem:           125G         15G        108G        1.1M        1.8G        109G
2023-07-31 11:40:20  Mem:           125G         15G        108G        1.1M        1.8G        109G
2023-07-31 11:40:23  Mem:           125G         15G        108G        1.1M        1.8G        109G
2023-07-31 11:40:26  Mem:           125G         15G        108G        1.1M        1.8G        109G
2023-07-31 11:40:29  Mem:           125G         15G        108G        1.1M        1.9G        108G
2023-07-31 11:40:32  Mem:           125G         15G        108G        1.1M        1.9G        108G
2023-07-31 11:40:35  Mem:           125G         15G        107G        1.1M        1.9G        108G
2023-07-31 11:40:38  Mem:           125G         15G        107G        1.1M        1.9G        108G
2023-07-31 11:40:41  Mem:           125G         15G        107G        1.1M        1.9G        108G
2023-07-31 11:40:44  Mem:           125G         15G        107G        1.1M        2.0G        108G
2023-07-31 11:40:47  Mem:           125G         15G        107G        1.1M        2.0G        108G
2023-07-31 11:40:50  Mem:           125G         15G        107G        1.1M        2.0G        108G
2023-07-31 11:40:53  Mem:           125G         15G        107G        1.1M        2.0G        108G
2023-07-31 11:40:56  Mem:           125G         15G        107G        1.1M        2.0G        108G
2023-07-31 11:40:59  Mem:           125G         15G        107G        1.1M        2.1G        108G
2023-07-31 11:41:02  Mem:           125G         15G        107G        1.1M        2.1G        108G
2023-07-31 11:41:05  Mem:           125G         15G        107G        1.1M        2.1G        108G
2023-07-31 11:41:08  Mem:           125G         15G        107G        1.1M        2.1G        108G
2023-07-31 11:41:11  Mem:           125G         15G        107G        1.1M        2.2G        108G
2023-07-31 11:41:14  Mem:           125G         15G        107G        1.1M        2.2G        108G
2023-07-31 11:41:18  Mem:           125G         15G        107G        1.1M        2.2G        108G
2023-07-31 11:41:21  Mem:           125G         15G        107G        1.1M        2.2G        108G
2023-07-31 11:41:24  Mem:           125G         15G        107G        1.1M        2.3G        108G
2023-07-31 11:41:27  Mem:           125G         15G        107G        1.1M        2.3G        108G
2023-07-31 11:41:30  Mem:           125G         15G        107G        1.1M        2.3G        108G
2023-07-31 11:41:33  Mem:           125G         15G        107G        1.1M        2.3G        108G
2023-07-31 11:41:36  Mem:           125G         15G        107G        1.1M        2.3G        108G
2023-07-31 11:41:39  Mem:           125G         15G        107G        1.1M        2.4G        108G
2023-07-31 11:41:42  Mem:           125G         15G        107G        1.1M        2.4G        108G
2023-07-31 11:41:45  Mem:           125G         15G        106G        1.1M        2.4G        108G
2023-07-31 11:41:48  Mem:           125G         15G        106G        1.1M        2.4G        108G
2023-07-31 11:41:51  Mem:           125G         15G        106G        1.1M        2.5G        108G
2023-07-31 11:41:54  Mem:           125G         15G        106G        1.1M        2.5G        108G
2023-07-31 11:41:57  Mem:           125G         15G        106G        1.1M        2.5G        108G
2023-07-31 11:42:00  Mem:           125G         15G        106G        1.1M        2.5G        108G
2023-07-31 11:42:03  Mem:           125G         15G        106G        1.1M        2.5G        108G
2023-07-31 11:42:06  Mem:           125G         15G        106G        1.1M        2.6G        108G
2023-07-31 11:42:09  Mem:           125G         15G        106G        1.1M        2.6G        108G
2023-07-31 11:42:12  Mem:           125G         15G        106G        1.1M        2.6G        108G
2023-07-31 11:42:15  Mem:           125G         15G        106G        1.1M        2.6G        108G
2023-07-31 11:42:18  Mem:           125G         15G        106G        1.1M        2.7G        108G
2023-07-31 11:42:21  Mem:           125G         15G        106G        1.1M        2.7G        108G
2023-07-31 11:42:24  Mem:           125G         16G        106G        1.1M        2.7G        108G
2023-07-31 11:42:27  Mem:           125G         16G        106G        1.1M        2.7G        108G
2023-07-31 11:42:30  Mem:           125G         16G        106G        1.1M        2.8G        108G
2023-07-31 11:42:33  Mem:           125G         16G        106G        1.1M        2.8G        108G
2023-07-31 11:42:36  Mem:           125G         16G        106G        1.1M        2.8G        108G
2023-07-31 11:42:39  Mem:           125G         16G        106G        1.1M        2.8G        108G
2023-07-31 11:42:42  Mem:           125G         16G        106G        1.1M        2.8G        108G
2023-07-31 11:42:45  Mem:           125G         16G        106G        1.1M        2.9G        108G
2023-07-31 11:42:48  Mem:           125G         16G        106G        1.1M        2.9G        108G
2023-07-31 11:42:51  Mem:           125G         16G        106G        1.1M        2.9G        108G
2023-07-31 11:42:54  Mem:           125G         16G        105G        1.1M        2.9G        108G
2023-07-31 11:42:57  Mem:           125G         16G        105G        1.1M        3.0G        107G
2023-07-31 11:43:00  Mem:           125G         16G        105G        1.1M        3.0G        107G
2023-07-31 11:43:03  Mem:           125G         16G        105G        1.1M        3.0G        107G
2023-07-31 11:43:06  Mem:           125G         16G        105G        1.1M        3.0G        107G
2023-07-31 11:43:09  Mem:           125G         16G        105G        1.1M        3.0G        107G
2023-07-31 11:43:12  Mem:           125G         16G        105G        1.1M        3.1G        107G
2023-07-31 11:43:15  Mem:           125G         16G        105G        1.1M        3.1G        107G
2023-07-31 11:43:18  Mem:           125G         16G        105G        1.1M        3.1G        107G
2023-07-31 11:43:21  Mem:           125G         16G        105G        1.1M        3.1G        107G
2023-07-31 11:43:24  Mem:           125G         16G        105G        1.1M        3.2G        107G
2023-07-31 11:43:27  Mem:           125G         16G        105G        1.1M        3.2G        107G
2023-07-31 11:43:30  Mem:           125G         16G        105G        1.1M        3.2G        107G
2023-07-31 11:43:33  Mem:           125G         16G        105G        1.1M        3.2G        107G
2023-07-31 11:43:36  Mem:           125G         16G        105G        1.1M        3.2G        107G
2023-07-31 11:43:39  Mem:           125G         16G        105G        1.1M        3.3G        107G
2023-07-31 11:43:42  Mem:           125G         16G        105G        1.1M        3.3G        107G
2023-07-31 11:43:45  Mem:           125G         16G        105G        1.1M        3.3G        107G
2023-07-31 11:43:48  Mem:           125G         16G        105G        1.1M        3.3G        107G
2023-07-31 11:43:51  Mem:           125G         16G        105G        1.1M        3.4G        107G
2023-07-31 11:43:54  Mem:           125G         16G        105G        1.1M        3.4G        107G
2023-07-31 11:43:57  Mem:           125G         16G        105G        1.1M        3.4G        107G
2023-07-31 11:44:00  Mem:           125G         16G        105G        1.1M        3.4G        107G
2023-07-31 11:44:03  Mem:           125G         16G        105G        1.1M        3.5G        107G
2023-07-31 11:44:06  Mem:           125G         16G        104G        1.1M        3.5G        107G
2023-07-31 11:44:09  Mem:           125G         16G        104G        1.1M        3.5G        107G
2023-07-31 11:44:12  Mem:           125G         16G        104G        1.1M        3.5G        107G
2023-07-31 11:44:15  Mem:           125G         16G        104G        1.1M        3.5G        107G
2023-07-31 11:44:18  Mem:           125G         16G        104G        1.1M        3.6G        107G
2023-07-31 11:44:21  Mem:           125G         16G        104G        1.1M        3.6G        107G
2023-07-31 11:44:24  Mem:           125G         16G        104G        1.1M        3.6G        107G
2023-07-31 11:44:27  Mem:           125G         16G        104G        1.1M        3.6G        107G
2023-07-31 11:44:30  Mem:           125G         16G        104G        1.1M        3.7G        107G
2023-07-31 11:44:33  Mem:           125G         16G        104G        1.1M        3.7G        107G
2023-07-31 11:44:36  Mem:           125G         16G        104G        1.1M        3.7G        107G
2023-07-31 11:44:39  Mem:           125G         16G        104G        1.1M        3.7G        107G
2023-07-31 11:44:42  Mem:           125G         16G        104G        1.1M        3.8G        107G
2023-07-31 11:44:45  Mem:           125G         16G        104G        1.1M        3.8G        107G
2023-07-31 11:44:48  Mem:           125G         16G        104G        1.1M        3.8G        107G
2023-07-31 11:44:51  Mem:           125G         16G        104G        1.1M        3.8G        107G
2023-07-31 11:44:54  Mem:           125G         16G        104G        1.1M        3.9G        107G
2023-07-31 11:44:57  Mem:           125G         17G        104G        1.1M        3.9G        107G
2023-07-31 11:45:00  Mem:           125G         17G        104G        1.1M        3.9G        107G
2023-07-31 11:45:03  Mem:           125G         17G        104G        1.1M        3.9G        107G
2023-07-31 11:45:06  Mem:           125G         17G        104G        1.1M        3.9G        107G
2023-07-31 11:45:09  Mem:           125G         17G        104G        1.1M        4.0G        107G
2023-07-31 11:45:12  Mem:           125G         17G        104G        1.1M        4.0G        107G
2023-07-31 11:45:15  Mem:           125G         17G        104G        1.1M        4.0G        107G
2023-07-31 11:45:18  Mem:           125G         17G        103G        1.1M        4.0G        107G
2023-07-31 11:45:21  Mem:           125G         17G        103G        1.1M        4.1G        107G
2023-07-31 11:45:24  Mem:           125G         17G        103G        1.1M        4.1G        107G
2023-07-31 11:45:27  Mem:           125G         17G        103G        1.1M        4.1G        107G
2023-07-31 11:45:30  Mem:           125G         17G        103G        1.1M        4.1G        107G
2023-07-31 11:45:33  Mem:           125G         17G        103G        1.1M        4.2G        106G
2023-07-31 11:45:36  Mem:           125G         17G        103G        1.1M        4.2G        106G
2023-07-31 11:45:39  Mem:           125G         17G        103G        1.1M        4.2G        106G
2023-07-31 11:45:42  Mem:           125G         17G        103G        1.1M        4.2G        106G
2023-07-31 11:45:45  Mem:           125G         17G        103G        1.1M        4.3G        106G
2023-07-31 11:45:48  Mem:           125G         17G        103G        1.1M        4.3G        106G
2023-07-31 11:45:51  Mem:           125G         17G        103G        1.1M        4.3G        106G
2023-07-31 11:45:54  Mem:           125G         17G        103G        1.1M        4.3G        106G
2023-07-31 11:45:58  Mem:           125G         17G        103G        1.1M        4.3G        106G
2023-07-31 11:46:01  Mem:           125G         17G        103G        1.1M        4.4G        106G
2023-07-31 11:46:04  Mem:           125G         17G        103G        1.1M        4.4G        106G
2023-07-31 11:46:07  Mem:           125G         17G        103G        1.1M        4.4G        106G
2023-07-31 11:46:10  Mem:           125G         17G        103G        1.1M        4.4G        106G
2023-07-31 11:46:13  Mem:           125G         17G        103G        1.1M        4.5G        106G
2023-07-31 11:46:16  Mem:           125G         17G        103G        1.1M        4.5G        106G
2023-07-31 11:46:19  Mem:           125G         17G        103G        1.1M        4.5G        106G
2023-07-31 11:46:22  Mem:           125G         17G        103G        1.1M        4.5G        106G
2023-07-31 11:46:25  Mem:           125G         17G        103G        1.1M        4.6G        106G
2023-07-31 11:46:28  Mem:           125G         17G        102G        1.1M        4.6G        106G
2023-07-31 11:46:31  Mem:           125G         17G        102G        1.1M        4.6G        106G
2023-07-31 11:46:34  Mem:           125G         17G        102G        1.1M        4.6G        106G
2023-07-31 11:46:37  Mem:           125G         17G        102G        1.1M        4.6G        106G
2023-07-31 11:46:40  Mem:           125G         17G        102G        1.1M        4.7G        106G
2023-07-31 11:46:43  Mem:           125G         17G        102G        1.1M        4.7G        106G
2023-07-31 11:46:46  Mem:           125G         17G        102G        1.1M        4.7G        106G
2023-07-31 11:46:49  Mem:           125G         17G        102G        1.1M        4.7G        106G
2023-07-31 11:46:52  Mem:           125G         17G        102G        1.1M        4.8G        106G
2023-07-31 11:46:55  Mem:           125G         17G        102G        1.1M        4.8G        106G
2023-07-31 11:46:58  Mem:           125G         17G        102G        1.1M        4.8G        106G
2023-07-31 11:47:01  Mem:           125G         17G        102G        1.1M        4.8G        106G
2023-07-31 11:47:04  Mem:           125G         17G        102G        1.1M        4.9G        106G
2023-07-31 11:47:07  Mem:           125G         17G        102G        1.1M        4.9G        106G
2023-07-31 11:47:10  Mem:           125G         17G        102G        1.1M        4.9G        106G
2023-07-31 11:47:13  Mem:           125G         17G        102G        1.1M        4.9G        106G
2023-07-31 11:47:16  Mem:           125G         17G        102G        1.1M        5.0G        106G
2023-07-31 11:47:19  Mem:           125G         17G        102G        1.1M        5.0G        106G
2023-07-31 11:47:22  Mem:           125G         17G        102G        1.1M        5.0G        106G
2023-07-31 11:47:25  Mem:           125G         17G        102G        1.1M        5.0G        106G
2023-07-31 11:47:28  Mem:           125G         17G        102G        1.1M        5.1G        106G
2023-07-31 11:47:31  Mem:           125G         17G        102G        1.1M        5.1G        106G
2023-07-31 11:47:34  Mem:           125G         18G        102G        1.1M        5.1G        106G
2023-07-31 11:47:37  Mem:           125G         18G        101G        1.1M        5.1G        106G
2023-07-31 11:47:40  Mem:           125G         18G        101G        1.1M        5.2G        106G
2023-07-31 11:47:43  Mem:           125G         18G        101G        1.1M        5.2G        106G
2023-07-31 11:47:46  Mem:           125G         18G        101G        1.1M        5.2G        106G
2023-07-31 11:47:49  Mem:           125G         18G        101G        1.1M        5.2G        106G
2023-07-31 11:47:52  Mem:           125G         18G        101G        1.1M        5.2G        106G
2023-07-31 11:47:56  Mem:           125G         18G        101G        1.1M        5.3G        106G
2023-07-31 11:47:59  Mem:           125G         18G        101G        1.1M        5.3G        106G
2023-07-31 11:48:02  Mem:           125G         18G        101G        1.1M        5.3G        106G
2023-07-31 11:48:05  Mem:           125G         18G        101G        1.1M        5.3G        106G
2023-07-31 11:48:08  Mem:           125G         18G        101G        1.1M        5.4G        106G
2023-07-31 11:48:11  Mem:           125G         18G        101G        1.1M        5.4G        105G
2023-07-31 11:48:14  Mem:           125G         18G        101G        1.1M        5.4G        105G
2023-07-31 11:48:17  Mem:           125G         18G        101G        1.1M        5.4G        105G
2023-07-31 11:48:20  Mem:           125G         18G        101G        1.1M        5.5G        105G
2023-07-31 11:48:23  Mem:           125G         18G        101G        1.1M        5.5G        105G
2023-07-31 11:48:26  Mem:           125G         18G        101G        1.1M        5.5G        105G
2023-07-31 11:48:29  Mem:           125G         18G        101G        1.1M        5.5G        105G
2023-07-31 11:48:32  Mem:           125G         18G        101G        1.1M        5.6G        105G
2023-07-31 11:48:35  Mem:           125G         18G        101G        1.1M        5.6G        105G
2023-07-31 11:48:38  Mem:           125G         18G        101G        1.1M        5.6G        105G
2023-07-31 11:48:41  Mem:           125G         18G        101G        1.1M        5.6G        105G
2023-07-31 11:48:44  Mem:           125G         18G        101G        1.1M        5.7G        105G
2023-07-31 11:48:47  Mem:           125G         18G        101G        1.1M        5.7G        105G
2023-07-31 11:48:50  Mem:           125G         18G        100G        1.1M        5.7G        105G
2023-07-31 11:48:53  Mem:           125G         18G        100G        1.1M        5.7G        105G
2023-07-31 11:48:56  Mem:           125G         18G        100G        1.1M        5.7G        105G
2023-07-31 11:48:59  Mem:           125G         18G        100G        1.1M        5.8G        105G
2023-07-31 11:49:02  Mem:           125G         18G        100G        1.1M        5.8G        105G
2023-07-31 11:49:05  Mem:           125G         18G        100G        1.1M        5.8G        105G
2023-07-31 11:49:08  Mem:           125G         18G        100G        1.1M        5.8G        105G
2023-07-31 11:49:11  Mem:           125G         18G        100G        1.1M        5.9G        105G
2023-07-31 11:49:14  Mem:           125G         18G        100G        1.1M        5.9G        105G
2023-07-31 11:49:17  Mem:           125G         18G        100G        1.1M        5.9G        105G
2023-07-31 11:49:20  Mem:           125G         18G        100G        1.1M        5.9G        105G
2023-07-31 11:49:23  Mem:           125G         18G        100G        1.1M        6.0G        105G
2023-07-31 11:49:26  Mem:           125G         18G        100G        1.1M        6.0G        105G
2023-07-31 11:49:29  Mem:           125G         18G        100G        1.1M        6.0G        105G
2023-07-31 11:49:32  Mem:           125G         18G        100G        1.1M        6.0G        105G
2023-07-31 11:49:35  Mem:           125G         18G        100G        1.1M        6.1G        105G
2023-07-31 11:49:38  Mem:           125G         18G        100G        1.1M        6.1G        105G
2023-07-31 11:49:41  Mem:           125G         18G        100G        1.1M        6.1G        105G
2023-07-31 11:49:44  Mem:           125G         18G        100G        1.1M        6.1G        105G
2023-07-31 11:49:47  Mem:           125G         18G        100G        1.1M        6.1G        105G
2023-07-31 11:49:50  Mem:           125G         18G        100G        1.1M        6.2G        105G
2023-07-31 11:49:53  Mem:           125G         18G        100G        1.1M        6.2G        105G
2023-07-31 11:49:56  Mem:           125G         18G        100G        1.1M        6.2G        105G
2023-07-31 11:49:59  Mem:           125G         18G        100G        1.1M        6.2G        105G
2023-07-31 11:50:02  Mem:           125G         18G         99G        1.1M        6.3G        105G
2023-07-31 11:50:05  Mem:           125G         18G         99G        1.1M        6.3G        105G
2023-07-31 11:50:08  Mem:           125G         18G         99G        1.1M        6.3G        105G
2023-07-31 11:50:11  Mem:           125G         18G         99G        1.1M        6.3G        105G
2023-07-31 11:50:14  Mem:           125G         18G         99G        1.1M        6.4G        105G
2023-07-31 11:50:17  Mem:           125G         19G         99G        1.1M        6.4G        105G
2023-07-31 11:50:20  Mem:           125G         19G         99G        1.1M        6.4G        105G
2023-07-31 11:50:23  Mem:           125G         19G         99G        1.1M        6.4G        105G
2023-07-31 11:50:26  Mem:           125G         19G         99G        1.1M        6.5G        105G
2023-07-31 11:50:29  Mem:           125G         19G         99G        1.1M        6.5G        105G
2023-07-31 11:50:32  Mem:           125G         19G         99G        1.1M        6.5G        105G
2023-07-31 11:50:35  Mem:           125G         19G         99G        1.1M        6.5G        105G
2023-07-31 11:50:38  Mem:           125G         19G         99G        1.1M        6.5G        105G
2023-07-31 11:50:41  Mem:           125G         19G         99G        1.1M        6.6G        105G
2023-07-31 11:50:44  Mem:           125G         19G         99G        1.1M        6.6G        105G
2023-07-31 11:50:47  Mem:           125G         19G         99G        1.1M        6.6G        105G
2023-07-31 11:50:50  Mem:           125G         19G         99G        1.1M        6.6G        105G
2023-07-31 11:50:53  Mem:           125G         19G         99G        1.1M        6.7G        104G
2023-07-31 11:50:56  Mem:           125G         19G         99G        1.1M        6.7G        104G
2023-07-31 11:50:59  Mem:           125G         19G         99G        1.1M        6.7G        104G
2023-07-31 11:51:02  Mem:           125G         19G         99G        1.1M        6.7G        104G
2023-07-31 11:51:05  Mem:           125G         19G         99G        1.1M        6.8G        104G
2023-07-31 11:51:08  Mem:           125G         19G         99G        1.1M        6.8G        104G
2023-07-31 11:51:11  Mem:           125G         19G         98G        1.1M        6.8G        104G
2023-07-31 11:51:14  Mem:           125G         19G         98G        1.1M        6.8G        104G
2023-07-31 11:51:17  Mem:           125G         19G         98G        1.1M        6.9G        104G
2023-07-31 11:51:20  Mem:           125G         19G         98G        1.1M        6.9G        104G
2023-07-31 11:51:23  Mem:           125G         19G         98G        1.1M        6.9G        104G
2023-07-31 11:51:26  Mem:           125G         19G         98G        1.1M        6.9G        104G
2023-07-31 11:51:29  Mem:           125G         19G         98G        1.1M        7.0G        104G
2023-07-31 11:51:32  Mem:           125G         19G         98G        1.1M        7.0G        104G
2023-07-31 11:51:35  Mem:           125G         19G         98G        1.1M        7.0G        104G
2023-07-31 11:51:38  Mem:           125G         19G         98G        1.1M        7.0G        104G
2023-07-31 11:51:41  Mem:           125G         19G         98G        1.1M        7.1G        104G
2023-07-31 11:51:44  Mem:           125G         19G         98G        1.1M        7.1G        104G
2023-07-31 11:51:47  Mem:           125G         19G         98G        1.1M        7.1G        104G
2023-07-31 11:51:50  Mem:           125G         19G         98G        1.1M        7.1G        104G
2023-07-31 11:51:53  Mem:           125G         19G         98G        1.1M        7.2G        104G
2023-07-31 11:51:56  Mem:           125G         19G         98G        1.1M        7.2G        104G
2023-07-31 11:51:59  Mem:           125G         19G         98G        1.1M        7.2G        104G
2023-07-31 11:52:02  Mem:           125G         19G         98G        1.1M        7.2G        104G
2023-07-31 11:52:05  Mem:           125G         19G         98G        1.1M        7.3G        104G
2023-07-31 11:52:08  Mem:           125G         19G         98G        1.1M        7.3G        104G
2023-07-31 11:52:11  Mem:           125G         19G         98G        1.1M        7.3G        104G
2023-07-31 11:52:14  Mem:           125G         19G         98G        1.1M        7.3G        104G
2023-07-31 11:52:17  Mem:           125G         19G         98G        1.1M        7.4G        104G
2023-07-31 11:52:21  Mem:           125G         19G         97G        1.1M        7.4G        104G
2023-07-31 11:52:24  Mem:           125G         19G         97G        1.1M        7.4G        104G
2023-07-31 11:52:27  Mem:           125G         19G         97G        1.1M        7.4G        104G
2023-07-31 11:52:30  Mem:           125G         19G         97G        1.1M        7.5G        104G
2023-07-31 11:52:33  Mem:           125G         19G         97G        1.1M        7.5G        104G
2023-07-31 11:52:36  Mem:           125G         19G         97G        1.1M        7.5G        104G
2023-07-31 11:52:39  Mem:           125G         19G         97G        1.1M        7.5G        104G
2023-07-31 11:52:42  Mem:           125G         19G         97G        1.1M        7.6G        104G
2023-07-31 11:52:45  Mem:           125G         19G         97G        1.1M        7.6G        104G
2023-07-31 11:52:48  Mem:           125G         19G         97G        1.1M        7.6G        104G
2023-07-31 11:52:51  Mem:           125G         19G         97G        1.1M        7.6G        104G
2023-07-31 11:52:54  Mem:           125G         19G         97G        1.1M        7.7G        104G
2023-07-31 11:52:57  Mem:           125G         20G         97G        1.1M        7.7G        104G
2023-07-31 11:53:00  Mem:           125G         20G         97G        1.1M        7.7G        104G
2023-07-31 11:53:03  Mem:           125G         20G         97G        1.1M        7.7G        104G
2023-07-31 11:53:06  Mem:           125G         20G         97G        1.1M        7.7G        104G
2023-07-31 11:53:09  Mem:           125G         20G         97G        1.1M        7.8G        104G
2023-07-31 11:53:12  Mem:           125G         20G         97G        1.1M        7.8G        104G
2023-07-31 11:53:15  Mem:           125G         20G         97G        1.1M        7.8G        104G
2023-07-31 11:53:18  Mem:           125G         20G         97G        1.1M        7.8G        104G
2023-07-31 11:53:21  Mem:           125G         20G         97G        1.1M        7.9G        104G
2023-07-31 11:53:24  Mem:           125G         20G         97G        1.1M        7.9G        104G
2023-07-31 11:53:27  Mem:           125G         20G         97G        1.1M        7.9G        104G
2023-07-31 11:53:30  Mem:           125G         20G         96G        1.1M        7.9G        103G
2023-07-31 11:53:33  Mem:           125G         20G         96G        1.1M        8.0G        103G
2023-07-31 11:53:36  Mem:           125G         20G         96G        1.1M        8.0G        103G
2023-07-31 11:53:39  Mem:           125G         20G         96G        1.1M        8.0G        103G
2023-07-31 11:53:42  Mem:           125G         20G         96G        1.1M        8.0G        103G
2023-07-31 11:53:45  Mem:           125G         20G         96G        1.1M        8.1G        103G
2023-07-31 11:53:48  Mem:           125G         20G         96G        1.1M        8.1G        103G
2023-07-31 11:53:51  Mem:           125G         20G         96G        1.1M        8.1G        103G
2023-07-31 11:53:54  Mem:           125G         20G         96G        1.1M        8.1G        103G
2023-07-31 11:53:57  Mem:           125G         20G         96G        1.1M        8.2G        103G
2023-07-31 11:54:00  Mem:           125G         20G         96G        1.1M        8.2G        103G
2023-07-31 11:54:03  Mem:           125G         20G         96G        1.1M        8.2G        103G
2023-07-31 11:54:06  Mem:           125G         20G         96G        1.1M        8.2G        103G
2023-07-31 11:54:09  Mem:           125G         20G         96G        1.1M        8.3G        103G
2023-07-31 11:54:12  Mem:           125G         20G         96G        1.1M        8.3G        103G
2023-07-31 11:54:15  Mem:           125G         20G         96G        1.1M        8.3G        103G
2023-07-31 11:54:18  Mem:           125G         20G         96G        1.1M        8.3G        103G
2023-07-31 11:54:21  Mem:           125G         20G         96G        1.1M        8.4G        103G
2023-07-31 11:54:24  Mem:           125G         20G         96G        1.1M        8.4G        103G
2023-07-31 11:54:27  Mem:           125G         20G         96G        1.1M        8.4G        103G
2023-07-31 11:54:30  Mem:           125G         20G         96G        1.1M        8.4G        103G
2023-07-31 11:54:33  Mem:           125G         20G         96G        1.1M        8.5G        103G
2023-07-31 11:54:36  Mem:           125G         20G         96G        1.1M        8.5G        103G
2023-07-31 11:54:39  Mem:           125G         20G         95G        1.1M        8.5G        103G
2023-07-31 11:54:42  Mem:           125G         20G         95G        1.1M        8.5G        103G
2023-07-31 11:54:45  Mem:           125G         20G         95G        1.1M        8.6G        103G
2023-07-31 11:54:48  Mem:           125G         20G         95G        1.1M        8.6G        103G
2023-07-31 11:54:51  Mem:           125G         20G         95G        1.1M        8.6G        103G
2023-07-31 11:54:54  Mem:           125G         20G         95G        1.1M        8.6G        103G
2023-07-31 11:54:57  Mem:           125G         20G         95G        1.1M        8.7G        103G
2023-07-31 11:55:00  Mem:           125G         20G         95G        1.1M        8.7G        103G
2023-07-31 11:55:03  Mem:           125G         20G         95G        1.1M        8.7G        103G
2023-07-31 11:55:06  Mem:           125G         20G         95G        1.1M        8.7G        103G
2023-07-31 11:55:09  Mem:           125G         20G         95G        1.1M        8.8G        103G
2023-07-31 11:55:12  Mem:           125G         20G         95G        1.1M        8.8G        103G
2023-07-31 11:55:15  Mem:           125G         20G         95G        1.1M        8.8G        103G
2023-07-31 11:55:18  Mem:           125G         20G         95G        1.1M        8.8G        103G
2023-07-31 11:55:21  Mem:           125G         20G         95G        1.1M        8.9G        103G
2023-07-31 11:55:24  Mem:           125G         20G         95G        1.1M        8.9G        103G
2023-07-31 11:55:27  Mem:           125G         20G         95G        1.1M        8.9G        103G
2023-07-31 11:55:30  Mem:           125G         20G         95G        1.1M        8.9G        103G
2023-07-31 11:55:33  Mem:           125G         20G         95G        1.1M        9.0G        103G
2023-07-31 11:55:36  Mem:           125G         21G         95G        1.1M        9.0G        103G
2023-07-31 11:55:39  Mem:           125G         21G         95G        1.1M        9.0G        103G
2023-07-31 11:55:42  Mem:           125G         21G         95G        1.1M        9.0G        103G
2023-07-31 11:55:45  Mem:           125G         21G         95G        1.1M        9.1G        103G
2023-07-31 11:55:48  Mem:           125G         21G         94G        1.1M        9.1G        103G
2023-07-31 11:55:51  Mem:           125G         21G         94G        1.1M        9.1G        103G
2023-07-31 11:55:54  Mem:           125G         21G         94G        1.1M        9.1G        103G
2023-07-31 11:55:57  Mem:           125G         21G         94G        1.1M        9.2G        103G
2023-07-31 11:56:00  Mem:           125G         21G         94G        1.1M        9.2G        103G
2023-07-31 11:56:03  Mem:           125G         21G         94G        1.1M        9.2G        103G
2023-07-31 11:56:06  Mem:           125G         21G         94G        1.1M        9.2G        103G
2023-07-31 11:56:09  Mem:           125G         21G         94G        1.1M        9.3G        102G
2023-07-31 11:56:12  Mem:           125G         21G         94G        1.1M        9.3G        102G
2023-07-31 11:56:15  Mem:           125G         21G         94G        1.1M        9.3G        102G
2023-07-31 11:56:18  Mem:           125G         21G         94G        1.1M        9.3G        102G
2023-07-31 11:56:21  Mem:           125G         21G         94G        1.1M        9.4G        102G
2023-07-31 11:56:24  Mem:           125G         21G         94G        1.1M        9.4G        102G
2023-07-31 11:56:27  Mem:           125G         21G         94G        1.1M        9.4G        102G
2023-07-31 11:56:31  Mem:           125G         21G         94G        1.1M        9.4G        102G
2023-07-31 11:56:34  Mem:           125G         21G         94G        1.1M        9.5G        102G
2023-07-31 11:56:37  Mem:           125G         21G         94G        1.1M        9.5G        102G
2023-07-31 11:56:40  Mem:           125G         21G         94G        1.1M        9.5G        102G
2023-07-31 11:56:43  Mem:           125G         21G         94G        1.1M        9.5G        102G
2023-07-31 11:56:46  Mem:           125G         21G         94G        1.1M        9.6G        102G
2023-07-31 11:56:49  Mem:           125G         21G         94G        1.1M        9.6G        102G
2023-07-31 11:56:52  Mem:           125G         21G         94G        1.1M        9.6G        102G
2023-07-31 11:56:55  Mem:           125G         21G         94G        1.1M        9.6G        102G
2023-07-31 11:56:58  Mem:           125G         21G         93G        1.1M        9.7G        102G
2023-07-31 11:57:01  Mem:           125G         21G         93G        1.1M        9.7G        102G
2023-07-31 11:57:04  Mem:           125G         21G         93G        1.1M        9.7G        102G
2023-07-31 11:57:07  Mem:           125G         21G         93G        1.1M        9.7G        102G
2023-07-31 11:57:10  Mem:           125G         21G         93G        1.1M        9.8G        102G
2023-07-31 11:57:13  Mem:           125G         21G         93G        1.1M        9.8G        102G
2023-07-31 11:57:16  Mem:           125G         21G         93G        1.1M        9.8G        102G
2023-07-31 11:57:19  Mem:           125G         21G         93G        1.1M        9.8G        102G
2023-07-31 11:57:22  Mem:           125G         21G         93G        1.1M        9.9G        102G
2023-07-31 11:57:25  Mem:           125G         21G         93G        1.1M        9.9G        102G
2023-07-31 11:57:28  Mem:           125G         21G         93G        1.1M        9.9G        102G
2023-07-31 11:57:31  Mem:           125G         21G         93G        1.1M        9.9G        102G
2023-07-31 11:57:34  Mem:           125G         21G         93G        1.1M          9G        102G
2023-07-31 11:57:37  Mem:           125G         21G         93G        1.1M          9G        102G
2023-07-31 11:57:40  Mem:           125G         21G         93G        1.1M         10G        102G
2023-07-31 11:57:43  Mem:           125G         21G         93G        1.1M         10G        102G
2023-07-31 11:57:46  Mem:           125G         21G         93G        1.1M         10G        102G
2023-07-31 11:57:49  Mem:           125G         21G         93G        1.1M         10G        102G
2023-07-31 11:57:52  Mem:           125G         21G         93G        1.1M         10G        102G
2023-07-31 11:57:55  Mem:           125G         21G         93G        1.1M         10G        102G
2023-07-31 11:57:58  Mem:           125G         21G         93G        1.1M         10G        102G
2023-07-31 11:58:01  Mem:           125G         21G         93G        1.1M         10G        102G
2023-07-31 11:58:04  Mem:           125G         21G         92G        1.1M         10G        102G
2023-07-31 11:58:07  Mem:           125G         21G         92G        1.1M         10G        102G
2023-07-31 11:58:10  Mem:           125G         21G         92G        1.1M         10G        102G
2023-07-31 11:58:13  Mem:           125G         22G         92G        1.1M         10G        102G
2023-07-31 11:58:16  Mem:           125G         22G         92G        1.1M         10G        102G
2023-07-31 11:58:19  Mem:           125G         22G         92G        1.1M         10G        102G
2023-07-31 11:58:22  Mem:           125G         22G         92G        1.1M         10G        102G
2023-07-31 11:58:25  Mem:           125G         22G         92G        1.1M         10G        102G
2023-07-31 11:58:28  Mem:           125G         22G         92G        1.1M         10G        102G
2023-07-31 11:58:31  Mem:           125G         22G         92G        1.1M         10G        102G
2023-07-31 11:58:34  Mem:           125G         22G         92G        1.1M         10G        102G
2023-07-31 11:58:37  Mem:           125G         22G         92G        1.1M         10G        102G
2023-07-31 11:58:40  Mem:           125G         22G         92G        1.1M         10G        102G
2023-07-31 11:58:43  Mem:           125G         22G         92G        1.1M         10G        102G
2023-07-31 11:58:46  Mem:           125G         22G         92G        1.1M         10G        102G
2023-07-31 11:58:49  Mem:           125G         22G         92G        1.1M         10G        101G
2023-07-31 11:58:52  Mem:           125G         22G         92G        1.1M         10G        101G
2023-07-31 11:58:55  Mem:           125G         22G         92G        1.1M         10G        101G
2023-07-31 11:58:58  Mem:           125G         22G         92G        1.1M         10G        101G
2023-07-31 11:59:01  Mem:           125G         22G         92G        1.1M         10G        101G
2023-07-31 11:59:04  Mem:           125G         22G         92G        1.1M         10G        101G
2023-07-31 11:59:07  Mem:           125G         22G         92G        1.1M         10G        101G
2023-07-31 11:59:10  Mem:           125G         22G         91G        1.1M         10G        101G
2023-07-31 11:59:13  Mem:           125G         22G         91G        1.1M         10G        101G
2023-07-31 11:59:16  Mem:           125G         22G         91G        1.1M         10G        101G
2023-07-31 11:59:19  Mem:           125G         22G         91G        1.1M         10G        101G
2023-07-31 11:59:22  Mem:           125G         22G         91G        1.1M         10G        101G
2023-07-31 11:59:25  Mem:           125G         22G         91G        1.1M         10G        101G
2023-07-31 11:59:28  Mem:           125G         22G         91G        1.1M         10G        101G
2023-07-31 11:59:31  Mem:           125G         22G         91G        1.1M         10G        101G
2023-07-31 11:59:34  Mem:           125G         22G         91G        1.1M         11G        101G
2023-07-31 11:59:37  Mem:           125G         22G         91G        1.1M         11G        101G
2023-07-31 11:59:40  Mem:           125G         22G         91G        1.1M         11G        101G
2023-07-31 11:59:43  Mem:           125G         22G         91G        1.1M         11G        101G
2023-07-31 11:59:46  Mem:           125G         22G         91G        1.1M         11G        101G
2023-07-31 11:59:49  Mem:           125G         22G         91G        1.1M         11G        101G
2023-07-31 11:59:52  Mem:           125G         22G         91G        1.1M         11G        101G
2023-07-31 11:59:55  Mem:           125G         22G         91G        1.1M         11G        101G
2023-07-31 11:59:58  Mem:           125G         22G         91G        1.1M         11G        101G
2023-07-31 12:00:01  Mem:           125G         22G         91G        1.1M         11G        101G
2023-07-31 12:00:04  Mem:           125G         22G         91G        1.1M         11G        101G
2023-07-31 12:00:07  Mem:           125G         22G         91G        1.1M         11G        101G
2023-07-31 12:00:10  Mem:           125G         22G         91G        1.1M         11G        101G
2023-07-31 12:00:13  Mem:           125G         22G         91G        1.1M         11G        101G
2023-07-31 12:00:16  Mem:           125G         22G         90G        1.1M         11G        101G
2023-07-31 12:00:19  Mem:           125G         22G         90G        1.1M         11G        101G
2023-07-31 12:00:22  Mem:           125G         22G         90G        1.1M         11G        101G
2023-07-31 12:00:25  Mem:           125G         22G         90G        1.1M         11G        101G
2023-07-31 12:00:28  Mem:           125G         22G         90G        1.1M         11G        101G
2023-07-31 12:00:31  Mem:           125G         22G         90G        1.1M         11G        101G
2023-07-31 12:00:34  Mem:           125G         22G         90G        1.1M         11G        101G
2023-07-31 12:00:37  Mem:           125G         22G         90G        1.1M         11G        101G
2023-07-31 12:00:40  Mem:           125G         22G         90G        1.1M         11G        101G
2023-07-31 12:00:43  Mem:           125G         22G         90G        1.1M         11G        101G
2023-07-31 12:00:47  Mem:           125G         22G         90G        1.1M         11G        101G
2023-07-31 12:00:50  Mem:           125G         23G         90G        1.1M         11G        101G
2023-07-31 12:00:53  Mem:           125G         23G         90G        1.1M         11G        101G
2023-07-31 12:00:56  Mem:           125G         23G         90G        1.1M         11G        101G
2023-07-31 12:00:59  Mem:           125G         23G         90G        1.1M         11G        101G
2023-07-31 12:01:02  Mem:           125G         23G         90G        1.1M         11G        101G
2023-07-31 12:01:05  Mem:           125G         23G         90G        1.1M         11G        101G
2023-07-31 12:01:08  Mem:           125G         23G         90G        1.1M         11G        101G
2023-07-31 12:01:11  Mem:           125G         23G         90G        1.1M         11G        101G
2023-07-31 12:01:14  Mem:           125G         23G         90G        1.1M         11G        101G
2023-07-31 12:01:17  Mem:           125G         23G         90G        1.1M         11G        101G
2023-07-31 12:01:20  Mem:           125G         23G         89G        1.1M         11G        100G
2023-07-31 12:01:23  Mem:           125G         23G         89G        1.1M         11G        100G
2023-07-31 12:01:26  Mem:           125G         23G         89G        1.1M         11G        100G
2023-07-31 12:01:29  Mem:           125G         23G         89G        1.1M         12G        100G
2023-07-31 12:01:32  Mem:           125G         23G         89G        1.1M         12G        100G
2023-07-31 12:01:35  Mem:           125G         23G         89G        1.1M         12G        100G
2023-07-31 12:01:38  Mem:           125G         23G         89G        1.1M         12G        100G
2023-07-31 12:01:41  Mem:           125G         23G         89G        1.1M         12G        100G
2023-07-31 12:01:44  Mem:           125G         23G         89G        1.1M         12G        100G
2023-07-31 12:01:47  Mem:           125G         23G         89G        1.1M         12G        100G
2023-07-31 12:01:50  Mem:           125G         23G         89G        1.1M         12G        100G
2023-07-31 12:01:53  Mem:           125G         23G         89G        1.1M         12G        100G
2023-07-31 12:01:56  Mem:           125G         23G         89G        1.1M         12G        100G
2023-07-31 12:01:59  Mem:           125G         23G         89G        1.1M         12G        100G
2023-07-31 12:02:02  Mem:           125G         23G         89G        1.1M         12G        100G
2023-07-31 12:02:05  Mem:           125G         23G         89G        1.1M         12G        100G
2023-07-31 12:02:08  Mem:           125G         23G         89G        1.1M         12G        100G
2023-07-31 12:02:11  Mem:           125G         23G         89G        1.1M         12G        100G
2023-07-31 12:02:14  Mem:           125G         23G         89G        1.1M         12G        100G
2023-07-31 12:02:17  Mem:           125G         23G         89G        1.1M         12G        100G
2023-07-31 12:02:20  Mem:           125G         23G         89G        1.1M         12G        100G
2023-07-31 12:02:23  Mem:           125G         23G         89G        1.1M         12G        100G
2023-07-31 12:02:26  Mem:           125G         23G         88G        1.1M         12G        100G
2023-07-31 12:02:29  Mem:           125G         23G         88G        1.1M         12G        100G
2023-07-31 12:02:32  Mem:           125G         23G         88G        1.1M         12G        100G
2023-07-31 12:02:35  Mem:           125G         23G         88G        1.1M         12G        100G
2023-07-31 12:02:38  Mem:           125G         23G         88G        1.1M         12G        100G
2023-07-31 12:02:41  Mem:           125G         23G         88G        1.1M         12G        100G
2023-07-31 12:02:44  Mem:           125G         23G         88G        1.1M         12G        100G
2023-07-31 12:02:47  Mem:           125G         23G         88G        1.1M         12G        100G
2023-07-31 12:02:50  Mem:           125G         23G         88G        1.1M         12G        100G
2023-07-31 12:02:53  Mem:           125G         23G         88G        1.1M         12G        100G
2023-07-31 12:02:56  Mem:           125G         23G         88G        1.1M         12G        100G
2023-07-31 12:02:59  Mem:           125G         23G         88G        1.1M         12G        100G
2023-07-31 12:03:02  Mem:           125G         23G         88G        1.1M         12G        100G
2023-07-31 12:03:05  Mem:           125G         23G         88G        1.1M         12G        100G
2023-07-31 12:03:08  Mem:           125G         23G         88G        1.1M         12G        100G
2023-07-31 12:03:11  Mem:           125G         23G         88G        1.1M         12G        100G
2023-07-31 12:03:14  Mem:           125G         23G         88G        1.1M         12G        100G
2023-07-31 12:03:17  Mem:           125G         23G         88G        1.1M         12G        100G
2023-07-31 12:03:20  Mem:           125G         24G         88G        1.1M         13G        100G
2023-07-31 12:03:23  Mem:           125G         24G         88G        1.1M         13G        100G
2023-07-31 12:03:26  Mem:           125G         24G         88G        1.1M         13G        100G
2023-07-31 12:03:29  Mem:           125G         24G         87G        1.1M         13G        100G
2023-07-31 12:03:32  Mem:           125G         24G         87G        1.1M         13G        100G
2023-07-31 12:03:35  Mem:           125G         24G         87G        1.1M         13G        100G
2023-07-31 12:03:38  Mem:           125G         24G         87G        1.1M         13G        100G
2023-07-31 12:03:41  Mem:           125G         24G         87G        1.1M         13G        100G
2023-07-31 12:03:44  Mem:           125G         24G         87G        1.1M         13G        100G
2023-07-31 12:03:47  Mem:           125G         24G         87G        1.1M         13G        100G
2023-07-31 12:03:50  Mem:           125G         24G         87G        1.1M         13G         99G
2023-07-31 12:03:53  Mem:           125G         24G         87G        1.1M         13G         99G
2023-07-31 12:03:56  Mem:           125G         24G         87G        1.1M         13G         99G
2023-07-31 12:03:59  Mem:           125G         24G         87G        1.1M         13G         99G
2023-07-31 12:04:02  Mem:           125G         24G         87G        1.1M         13G         99G
2023-07-31 12:04:05  Mem:           125G         24G         87G        1.1M         13G         99G
2023-07-31 12:04:08  Mem:           125G         24G         87G        1.1M         13G         99G
2023-07-31 12:04:11  Mem:           125G         24G         87G        1.1M         13G         99G
2023-07-31 12:04:14  Mem:           125G         24G         87G        1.1M         13G         99G
2023-07-31 12:04:17  Mem:           125G         24G         87G        1.1M         13G         99G
2023-07-31 12:04:20  Mem:           125G         24G         87G        1.1M         13G         99G
2023-07-31 12:04:23  Mem:           125G         24G         87G        1.1M         13G         99G
2023-07-31 12:04:26  Mem:           125G         24G         87G        1.1M         13G         99G
2023-07-31 12:04:29  Mem:           125G         24G         87G        1.1M         13G         99G
2023-07-31 12:04:32  Mem:           125G         24G         86G        1.1M         13G         99G
2023-07-31 12:04:35  Mem:           125G         24G         86G        1.1M         13G         99G
2023-07-31 12:04:38  Mem:           125G         24G         86G        1.1M         13G         99G
2023-07-31 12:04:41  Mem:           125G         24G         86G        1.1M         13G         99G
2023-07-31 12:04:44  Mem:           125G         24G         86G        1.1M         13G         99G
2023-07-31 12:04:47  Mem:           125G         24G         86G        1.1M         13G         99G
2023-07-31 12:04:50  Mem:           125G         24G         86G        1.1M         13G         99G
2023-07-31 12:04:53  Mem:           125G         24G         86G        1.1M         13G         99G
2023-07-31 12:04:56  Mem:           125G         24G         86G        1.1M         13G         99G
2023-07-31 12:04:59  Mem:           125G         24G         86G        1.1M         13G         99G
2023-07-31 12:05:02  Mem:           125G         24G         86G        1.1M         13G         99G
2023-07-31 12:05:05  Mem:           125G         24G         86G        1.1M         13G         99G
2023-07-31 12:05:08  Mem:           125G         24G         86G        1.1M         14G         99G
2023-07-31 12:05:11  Mem:           125G         24G         86G        1.1M         14G         99G
2023-07-31 12:05:14  Mem:           125G         24G         86G        1.1M         14G         99G
2023-07-31 12:05:17  Mem:           125G         24G         86G        1.1M         14G         99G
2023-07-31 12:05:20  Mem:           125G         24G         86G        1.1M         14G         99G
2023-07-31 12:05:23  Mem:           125G         24G         86G        1.1M         14G         99G
2023-07-31 12:05:26  Mem:           125G         24G         86G        1.1M         14G         99G
2023-07-31 12:05:29  Mem:           125G         24G         86G        1.1M         14G         99G
2023-07-31 12:05:32  Mem:           125G         24G         85G        1.1M         14G         99G
2023-07-31 12:05:36  Mem:           125G         24G         85G        1.1M         14G         99G
2023-07-31 12:05:39  Mem:           125G         24G         85G        1.1M         14G         99G
2023-07-31 12:05:42  Mem:           125G         24G         85G        1.1M         14G         99G
2023-07-31 12:05:45  Mem:           125G         25G         85G        1.1M         14G         99G
2023-07-31 12:05:48  Mem:           125G         25G         85G        1.1M         14G         99G
2023-07-31 12:05:51  Mem:           125G         25G         85G        1.1M         14G         99G
2023-07-31 12:05:54  Mem:           125G         25G         85G        1.1M         14G         99G
2023-07-31 12:05:57  Mem:           125G         25G         85G        1.1M         14G         99G
2023-07-31 12:06:00  Mem:           125G         25G         85G        1.1M         14G         99G
2023-07-31 12:06:03  Mem:           125G         25G         85G        1.1M         14G         99G
2023-07-31 12:06:06  Mem:           125G         25G         85G        1.1M         14G         99G
2023-07-31 12:06:09  Mem:           125G         25G         85G        1.1M         14G         99G
2023-07-31 12:06:12  Mem:           125G         25G         85G        1.1M         14G         98G
2023-07-31 12:06:15  Mem:           125G         25G         85G        1.1M         14G         98G
2023-07-31 12:06:18  Mem:           125G         25G         85G        1.1M         14G         98G
2023-07-31 12:06:21  Mem:           125G         25G         85G        1.1M         14G         98G
2023-07-31 12:06:24  Mem:           125G         25G         85G        1.1M         14G         98G
2023-07-31 12:06:27  Mem:           125G         25G         85G        1.1M         14G         98G
2023-07-31 12:06:30  Mem:           125G         25G         85G        1.1M         14G         98G
2023-07-31 12:06:33  Mem:           125G         25G         84G        1.1M         14G         98G
2023-07-31 12:06:36  Mem:           125G         25G         84G        1.1M         14G         98G
2023-07-31 12:06:39  Mem:           125G         25G         84G        1.1M         14G         98G
2023-07-31 12:06:42  Mem:           125G         25G         84G        1.1M         14G         98G
2023-07-31 12:06:45  Mem:           125G         25G         84G        1.1M         14G         98G
2023-07-31 12:06:48  Mem:           125G         25G         84G        1.1M         14G         98G
2023-07-31 12:06:51  Mem:           125G         25G         84G        1.1M         15G         98G
2023-07-31 12:06:54  Mem:           125G         25G         84G        1.1M         15G         98G
2023-07-31 12:06:57  Mem:           125G         25G         84G        1.1M         15G         98G
2023-07-31 12:07:00  Mem:           125G         25G         84G        1.1M         15G         98G
2023-07-31 12:07:03  Mem:           125G         25G         84G        1.1M         15G         98G
2023-07-31 12:07:06  Mem:           125G         25G         84G        1.1M         15G         98G
2023-07-31 12:07:09  Mem:           125G         25G         84G        1.1M         15G         98G
2023-07-31 12:07:12  Mem:           125G         25G         84G        1.1M         15G         98G
2023-07-31 12:07:15  Mem:           125G         25G         84G        1.1M         15G         98G
2023-07-31 12:07:18  Mem:           125G         25G         84G        1.1M         15G         98G
2023-07-31 12:07:21  Mem:           125G         25G         84G        1.1M         15G         98G
2023-07-31 12:07:24  Mem:           125G         25G         84G        1.1M         15G         98G
2023-07-31 12:07:27  Mem:           125G         25G         84G        1.1M         15G         98G
2023-07-31 12:07:30  Mem:           125G         25G         84G        1.1M         15G         98G
2023-07-31 12:07:33  Mem:           125G         25G         83G        1.1M         15G         98G
2023-07-31 12:07:36  Mem:           125G         25G         83G        1.1M         15G         98G
2023-07-31 12:07:39  Mem:           125G         25G         83G        1.1M         15G         98G
2023-07-31 12:07:42  Mem:           125G         25G         83G        1.1M         15G         98G
2023-07-31 12:07:45  Mem:           125G         25G         83G        1.1M         15G         98G
2023-07-31 12:07:48  Mem:           125G         25G         83G        1.1M         15G         98G
2023-07-31 12:07:51  Mem:           125G         25G         83G        1.1M         15G         98G
2023-07-31 12:07:54  Mem:           125G         25G         83G        1.1M         15G         98G
2023-07-31 12:07:57  Mem:           125G         25G         83G        1.1M         15G         98G
2023-07-31 12:08:00  Mem:           125G         26G         83G        1.1M         15G         98G
2023-07-31 12:08:03  Mem:           125G         26G         83G        1.1M         15G         98G
2023-07-31 12:08:06  Mem:           125G         26G         83G        1.1M         15G         98G
2023-07-31 12:08:09  Mem:           125G         26G         83G        1.1M         15G         98G
2023-07-31 12:08:13  Mem:           125G         26G         83G        1.1M         15G         98G
2023-07-31 12:08:16  Mem:           125G         26G         83G        1.1M         15G         98G
2023-07-31 12:08:19  Mem:           125G         26G         83G        1.1M         15G         98G
2023-07-31 12:08:22  Mem:           125G         26G         83G        1.1M         15G         98G
2023-07-31 12:08:25  Mem:           125G         26G         83G        1.1M         15G         98G
2023-07-31 12:08:28  Mem:           125G         26G         82G        1.1M         15G         97G
2023-07-31 12:08:31  Mem:           125G         26G         82G        1.1M         15G         97G
2023-07-31 12:08:34  Mem:           125G         26G         82G        1.1M         16G         97G
2023-07-31 12:08:37  Mem:           125G         26G         82G        1.1M         16G         97G
2023-07-31 12:08:40  Mem:           125G         26G         82G        1.1M         16G         97G
2023-07-31 12:08:43  Mem:           125G         26G         82G        1.1M         16G         97G
2023-07-31 12:08:46  Mem:           125G         26G         82G        1.1M         16G         97G
2023-07-31 12:08:49  Mem:           125G         26G         82G        1.1M         16G         97G
2023-07-31 12:08:52  Mem:           125G         26G         82G        1.1M         16G         97G
2023-07-31 12:08:55  Mem:           125G         26G         82G        1.1M         16G         97G
2023-07-31 12:08:58  Mem:           125G         26G         82G        1.1M         16G         97G
2023-07-31 12:09:01  Mem:           125G         26G         82G        1.1M         16G         97G
2023-07-31 12:09:04  Mem:           125G         26G         82G        1.1M         16G         97G
2023-07-31 12:09:08  Mem:           125G         26G         82G        1.1M         16G         97G
2023-07-31 12:09:11  Mem:           125G         26G         82G        1.1M         16G         97G
2023-07-31 12:09:14  Mem:           125G         26G         82G        1.1M         16G         97G
2023-07-31 12:09:17  Mem:           125G         26G         82G        1.1M         16G         97G
2023-07-31 12:09:20  Mem:           125G         26G         82G        1.1M         16G         97G
2023-07-31 12:09:23  Mem:           125G         26G         82G        1.1M         16G         97G
2023-07-31 12:09:26  Mem:           125G         26G         81G        1.1M         16G         97G
2023-07-31 12:09:29  Mem:           125G         26G         81G        1.1M         16G         97G
2023-07-31 12:09:32  Mem:           125G         26G         81G        1.1M         16G         97G
2023-07-31 12:09:35  Mem:           125G         26G         81G        1.1M         16G         97G
2023-07-31 12:09:38  Mem:           125G         26G         81G        1.1M         16G         97G
2023-07-31 12:09:41  Mem:           125G         26G         81G        1.1M         16G         97G
2023-07-31 12:09:44  Mem:           125G         26G         81G        1.1M         16G         97G
2023-07-31 12:09:47  Mem:           125G         26G         81G        1.1M         16G         97G
2023-07-31 12:09:50  Mem:           125G         26G         81G        1.1M         16G         97G
2023-07-31 12:09:53  Mem:           125G         26G         81G        1.1M         16G         97G
2023-07-31 12:09:59  Mem:           125G         26G         81G        1.1M         16G         97G
2023-07-31 12:10:02  Mem:           125G         26G         81G        1.1M         16G         97G
2023-07-31 12:10:05  Mem:           125G         26G         81G        1.1M         16G         97G
2023-07-31 12:10:08  Mem:           125G         26G         81G        1.1M         16G         97G
2023-07-31 12:10:11  Mem:           125G         27G         81G        1.1M         17G         97G
2023-07-31 12:10:14  Mem:           125G         27G         81G        1.1M         17G         97G
2023-07-31 12:10:17  Mem:           125G         27G         81G        1.1M         17G         97G
2023-07-31 12:10:20  Mem:           125G         27G         80G        1.1M         17G         97G
2023-07-31 12:10:23  Mem:           125G         27G         80G        1.1M         17G         97G
2023-07-31 12:10:26  Mem:           125G         27G         80G        1.1M         17G         97G
2023-07-31 12:10:30  Mem:           125G         27G         80G        1.1M         17G         97G
2023-07-31 12:10:33  Mem:           125G         27G         80G        1.1M         17G         97G
2023-07-31 12:10:36  Mem:           125G         27G         80G        1.1M         17G         96G
2023-07-31 12:10:39  Mem:           125G         27G         80G        1.1M         17G         96G
2023-07-31 12:10:42  Mem:           125G         27G         80G        1.1M         17G         96G
2023-07-31 12:10:45  Mem:           125G         27G         80G        1.1M         17G         96G
2023-07-31 12:10:48  Mem:           125G         27G         80G        1.1M         17G         96G
2023-07-31 12:10:51  Mem:           125G         27G         80G        1.1M         17G         96G
2023-07-31 12:10:54  Mem:           125G         27G         80G        1.1M         17G         96G
2023-07-31 12:10:57  Mem:           125G         27G         80G        1.1M         17G         96G
2023-07-31 12:11:00  Mem:           125G         27G         80G        1.1M         17G         96G
2023-07-31 12:11:03  Mem:           125G         27G         80G        1.1M         17G         96G
2023-07-31 12:11:06  Mem:           125G         27G         80G        1.1M         17G         96G
2023-07-31 12:11:09  Mem:           125G         27G         80G        1.1M         17G         96G
2023-07-31 12:11:12  Mem:           125G         27G         80G        1.1M         17G         96G
2023-07-31 12:11:15  Mem:           125G         27G         79G        1.1M         17G         96G
2023-07-31 12:11:18  Mem:           125G         27G         79G        1.1M         17G         96G
2023-07-31 12:11:21  Mem:           125G         27G         79G        1.1M         17G         96G
2023-07-31 12:11:24  Mem:           125G         27G         79G        1.1M         17G         96G
2023-07-31 12:11:27  Mem:           125G         27G         79G        1.1M         17G         96G
2023-07-31 12:11:30  Mem:           125G         27G         79G        1.1M         17G         96G
2023-07-31 12:11:33  Mem:           125G         27G         79G        1.1M         17G         96G
2023-07-31 12:11:36  Mem:           125G         27G         79G        1.1M         17G         96G
2023-07-31 12:11:39  Mem:           125G         27G         79G        1.1M         17G         96G
2023-07-31 12:11:42  Mem:           125G         27G         79G        1.1M         17G         96G
2023-07-31 12:11:45  Mem:           125G         27G         79G        1.1M         17G         96G
2023-07-31 12:11:48  Mem:           125G         27G         79G        1.1M         18G         96G
2023-07-31 12:11:51  Mem:           125G         27G         79G        1.1M         18G         96G
2023-07-31 12:11:55  Mem:           125G         27G         79G        1.1M         18G         96G
2023-07-31 12:11:58  Mem:           125G         27G         79G        1.1M         18G         96G
2023-07-31 12:12:01  Mem:           125G         27G         79G        1.1M         18G         96G
2023-07-31 12:12:04  Mem:           125G         27G         79G        1.1M         18G         96G
2023-07-31 12:12:07  Mem:           125G         27G         78G        1.1M         18G         96G
2023-07-31 12:12:10  Mem:           125G         27G         78G        1.1M         18G         96G
2023-07-31 12:12:13  Mem:           125G         28G         78G        1.1M         18G         96G
2023-07-31 12:12:16  Mem:           125G         28G         78G        1.1M         18G         96G
2023-07-31 12:12:19  Mem:           125G         28G         78G        1.1M         18G         96G
2023-07-31 12:12:22  Mem:           125G         28G         78G        1.1M         18G         96G
2023-07-31 12:12:25  Mem:           125G         28G         78G        1.1M         18G         96G
2023-07-31 12:12:28  Mem:           125G         28G         78G        1.1M         18G         96G
2023-07-31 12:12:31  Mem:           125G         28G         78G        1.1M         18G         96G
2023-07-31 12:12:34  Mem:           125G         28G         78G        1.1M         18G         96G
2023-07-31 12:12:37  Mem:           125G         28G         78G        1.1M         18G         95G
2023-07-31 12:12:40  Mem:           125G         28G         78G        1.1M         18G         95G
2023-07-31 12:12:43  Mem:           125G         28G         78G        1.1M         18G         95G
2023-07-31 12:12:46  Mem:           125G         28G         78G        1.1M         18G         95G
2023-07-31 12:12:49  Mem:           125G         28G         78G        1.1M         18G         95G
2023-07-31 12:12:52  Mem:           125G         28G         78G        1.1M         18G         95G
2023-07-31 12:12:55  Mem:           125G         28G         78G        1.1M         18G         95G
2023-07-31 12:12:58  Mem:           125G         28G         77G        1.1M         18G         95G
2023-07-31 12:13:01  Mem:           125G         28G         77G        1.1M         18G         95G
2023-07-31 12:13:04  Mem:           125G         28G         77G        1.1M         18G         95G
2023-07-31 12:13:07  Mem:           125G         28G         77G        1.1M         18G         95G
2023-07-31 12:13:10  Mem:           125G         28G         77G        1.1M         18G         95G
2023-07-31 12:13:13  Mem:           125G         28G         77G        1.1M         18G         95G
2023-07-31 12:13:16  Mem:           125G         28G         77G        1.1M         18G         95G
2023-07-31 12:13:19  Mem:           125G         28G         77G        1.1M         19G         95G
2023-07-31 12:13:22  Mem:           125G         28G         77G        1.1M         19G         95G
2023-07-31 12:13:25  Mem:           125G         28G         77G        1.1M         19G         95G
2023-07-31 12:13:28  Mem:           125G         28G         77G        1.1M         19G         95G
2023-07-31 12:13:31  Mem:           125G         28G         77G        1.1M         19G         95G
2023-07-31 12:13:34  Mem:           125G         28G         77G        1.1M         19G         95G
2023-07-31 12:13:37  Mem:           125G         28G         77G        1.1M         19G         95G
2023-07-31 12:13:40  Mem:           125G         28G         77G        1.1M         19G         95G
2023-07-31 12:13:43  Mem:           125G         28G         77G        1.1M         19G         95G
2023-07-31 12:13:46  Mem:           125G         28G         76G        1.1M         19G         95G
2023-07-31 12:13:49  Mem:           125G         28G         76G        1.1M         19G         95G
2023-07-31 12:13:52  Mem:           125G         28G         76G        1.1M         19G         95G
2023-07-31 12:13:55  Mem:           125G         28G         76G        1.1M         19G         95G
2023-07-31 12:13:58  Mem:           125G         28G         76G        1.1M         19G         95G
2023-07-31 12:14:01  Mem:           125G         28G         76G        1.1M         19G         95G
2023-07-31 12:14:04  Mem:           125G         29G         76G        1.1M         19G         95G
2023-07-31 12:14:07  Mem:           125G         29G         76G        1.1M         19G         95G
2023-07-31 12:14:10  Mem:           125G         29G         76G        1.1M         19G         95G
2023-07-31 12:14:13  Mem:           125G         29G         76G        1.1M         19G         95G
2023-07-31 12:14:16  Mem:           125G         29G         76G        1.1M         19G         95G
2023-07-31 12:14:19  Mem:           125G         29G         76G        1.1M         19G         95G
2023-07-31 12:14:22  Mem:           125G         29G         76G        1.1M         19G         95G
2023-07-31 12:14:25  Mem:           125G         29G         76G        1.1M         19G         94G
2023-07-31 12:14:28  Mem:           125G         29G         76G        1.1M         19G         94G
2023-07-31 12:14:31  Mem:           125G         29G         76G        1.1M         19G         94G
2023-07-31 12:14:34  Mem:           125G         29G         76G        1.1M         19G         94G
2023-07-31 12:14:37  Mem:           125G         29G         75G        1.1M         19G         94G
2023-07-31 12:14:40  Mem:           125G         29G         75G        1.1M         19G         94G
2023-07-31 12:14:43  Mem:           125G         29G         75G        1.1M         19G         94G
2023-07-31 12:14:46  Mem:           125G         29G         75G        1.1M         20G         94G
2023-07-31 12:14:49  Mem:           125G         29G         75G        1.1M         20G         94G
2023-07-31 12:14:52  Mem:           125G         29G         75G        1.1M         20G         94G
2023-07-31 12:14:55  Mem:           125G         29G         75G        1.1M         20G         94G
2023-07-31 12:14:58  Mem:           125G         29G         75G        1.1M         20G         94G
2023-07-31 12:15:01  Mem:           125G         29G         75G        1.1M         20G         94G
2023-07-31 12:15:04  Mem:           125G         29G         75G        1.1M         20G         94G
2023-07-31 12:15:07  Mem:           125G         29G         75G        1.1M         20G         94G
2023-07-31 12:15:10  Mem:           125G         29G         75G        1.1M         20G         94G
2023-07-31 12:15:13  Mem:           125G         29G         75G        1.1M         20G         94G
2023-07-31 12:15:16  Mem:           125G         29G         75G        1.1M         20G         94G
2023-07-31 12:15:19  Mem:           125G         29G         75G        1.1M         20G         94G
2023-07-31 12:15:22  Mem:           125G         29G         74G        1.1M         20G         94G
2023-07-31 12:15:25  Mem:           125G         29G         74G        1.1M         20G         94G
2023-07-31 12:15:28  Mem:           125G         29G         74G        1.1M         20G         94G
2023-07-31 12:15:31  Mem:           125G         29G         74G        1.1M         20G         94G
2023-07-31 12:15:34  Mem:           125G         29G         74G        1.1M         20G         94G
2023-07-31 12:15:37  Mem:           125G         29G         74G        1.1M         20G         94G
2023-07-31 12:15:40  Mem:           125G         29G         74G        1.1M         20G         94G
2023-07-31 12:15:43  Mem:           125G         29G         74G        1.1M         20G         94G
2023-07-31 12:15:46  Mem:           125G         29G         74G        1.1M         20G         94G
2023-07-31 12:15:49  Mem:           125G         30G         74G        1.1M         20G         94G
2023-07-31 12:15:52  Mem:           125G         30G         74G        1.1M         20G         94G
2023-07-31 12:15:55  Mem:           125G         30G         74G        1.1M         20G         94G
2023-07-31 12:15:58  Mem:           125G         30G         74G        1.1M         20G         94G
2023-07-31 12:16:01  Mem:           125G         30G         74G        1.1M         20G         94G
2023-07-31 12:16:04  Mem:           125G         30G         74G        1.1M         20G         94G
2023-07-31 12:16:07  Mem:           125G         30G         74G        1.1M         20G         94G
2023-07-31 12:16:10  Mem:           125G         30G         73G        1.1M         20G         93G
2023-07-31 12:16:13  Mem:           125G         30G         73G        1.1M         21G         93G
2023-07-31 12:16:16  Mem:           125G         30G         73G        1.1M         21G         93G
2023-07-31 12:16:19  Mem:           125G         30G         73G        1.1M         21G         93G
2023-07-31 12:16:23  Mem:           125G         30G         73G        1.1M         21G         93G
2023-07-31 12:16:26  Mem:           125G         30G         73G        1.1M         21G         93G
2023-07-31 12:16:29  Mem:           125G         30G         73G        1.1M         21G         93G
2023-07-31 12:16:32  Mem:           125G         30G         73G        1.1M         21G         93G
2023-07-31 12:16:35  Mem:           125G         30G         73G        1.1M         21G         93G
2023-07-31 12:16:38  Mem:           125G         30G         73G        1.1M         21G         93G
2023-07-31 12:16:41  Mem:           125G         30G         73G        1.1M         21G         93G
2023-07-31 12:16:44  Mem:           125G         30G         73G        1.1M         21G         93G
2023-07-31 12:16:47  Mem:           125G         30G         73G        1.1M         21G         93G
2023-07-31 12:16:50  Mem:           125G         30G         73G        1.1M         21G         93G
2023-07-31 12:16:53  Mem:           125G         30G         73G        1.1M         21G         93G
2023-07-31 12:16:56  Mem:           125G         30G         72G        1.1M         21G         93G
2023-07-31 12:16:59  Mem:           125G         30G         72G        1.1M         21G         93G
2023-07-31 12:17:02  Mem:           125G         30G         72G        1.1M         21G         93G
2023-07-31 12:17:05  Mem:           125G         30G         72G        1.1M         21G         93G
2023-07-31 12:17:08  Mem:           125G         30G         72G        1.1M         21G         93G
2023-07-31 12:17:11  Mem:           125G         30G         72G        1.1M         21G         93G
2023-07-31 12:17:14  Mem:           125G         30G         72G        1.1M         21G         93G
2023-07-31 12:17:17  Mem:           125G         30G         72G        1.1M         21G         93G
2023-07-31 12:17:20  Mem:           125G         30G         72G        1.1M         21G         93G
2023-07-31 12:17:23  Mem:           125G         30G         72G        1.1M         21G         93G
2023-07-31 12:17:26  Mem:           125G         30G         72G        1.1M         21G         93G
2023-07-31 12:17:29  Mem:           125G         31G         72G        1.1M         21G         93G
2023-07-31 12:17:32  Mem:           125G         31G         72G        1.1M         21G         93G
2023-07-31 12:17:35  Mem:           125G         31G         72G        1.1M         22G         93G
2023-07-31 12:17:38  Mem:           125G         31G         71G        1.1M         22G         93G
2023-07-31 12:17:41  Mem:           125G         31G         71G        1.1M         22G         93G
2023-07-31 12:17:44  Mem:           125G         31G         71G        1.1M         22G         93G
2023-07-31 12:17:47  Mem:           125G         31G         71G        1.1M         22G         92G
2023-07-31 12:17:50  Mem:           125G         31G         71G        1.1M         22G         92G
2023-07-31 12:17:53  Mem:           125G         31G         71G        1.1M         22G         92G
2023-07-31 12:17:56  Mem:           125G         31G         71G        1.1M         22G         92G
2023-07-31 12:17:59  Mem:           125G         31G         71G        1.1M         22G         92G
2023-07-31 12:18:02  Mem:           125G         31G         71G        1.1M         22G         92G
2023-07-31 12:18:05  Mem:           125G         31G         71G        1.1M         22G         92G
2023-07-31 12:18:08  Mem:           125G         31G         71G        1.1M         22G         92G
2023-07-31 12:18:11  Mem:           125G         31G         71G        1.1M         22G         92G
2023-07-31 12:18:14  Mem:           125G         31G         71G        1.1M         22G         92G
2023-07-31 12:18:17  Mem:           125G         31G         71G        1.1M         22G         92G
2023-07-31 12:18:20  Mem:           125G         31G         71G        1.1M         22G         92G
2023-07-31 12:18:23  Mem:           125G         31G         70G        1.1M         22G         92G
2023-07-31 12:18:26  Mem:           125G         31G         70G        1.1M         22G         92G
2023-07-31 12:18:29  Mem:           125G         31G         70G        1.1M         22G         92G
2023-07-31 12:18:32  Mem:           125G         31G         70G        1.1M         22G         92G
2023-07-31 12:18:35  Mem:           125G         31G         70G        1.1M         22G         92G
2023-07-31 12:18:38  Mem:           125G         31G         70G        1.1M         22G         92G
2023-07-31 12:18:41  Mem:           125G         31G         70G        1.1M         22G         92G
2023-07-31 12:18:44  Mem:           125G         31G         70G        1.1M         22G         92G
2023-07-31 12:18:47  Mem:           125G         31G         70G        1.1M         22G         92G
2023-07-31 12:18:50  Mem:           125G         31G         70G        1.1M         22G         92G
2023-07-31 12:18:53  Mem:           125G         31G         70G        1.1M         22G         92G
2023-07-31 12:18:56  Mem:           125G         31G         70G        1.1M         23G         92G
2023-07-31 12:18:59  Mem:           125G         32G         70G        1.1M         23G         92G
2023-07-31 12:19:02  Mem:           125G         32G         69G        1.1M         23G         92G
2023-07-31 12:19:05  Mem:           125G         32G         69G        1.1M         23G         92G
2023-07-31 12:19:08  Mem:           125G         32G         69G        1.1M         23G         92G
2023-07-31 12:19:11  Mem:           125G         32G         69G        1.1M         23G         92G
2023-07-31 12:19:14  Mem:           125G         32G         69G        1.1M         23G         92G
2023-07-31 12:19:17  Mem:           125G         32G         69G        1.1M         23G         91G
2023-07-31 12:19:20  Mem:           125G         32G         69G        1.1M         23G         91G
2023-07-31 12:19:23  Mem:           125G         32G         69G        1.1M         23G         91G
2023-07-31 12:19:26  Mem:           125G         32G         69G        1.1M         23G         91G
2023-07-31 12:19:29  Mem:           125G         32G         69G        1.1M         23G         91G
2023-07-31 12:19:32  Mem:           125G         32G         69G        1.1M         23G         91G
2023-07-31 12:19:35  Mem:           125G         32G         69G        1.1M         23G         91G
2023-07-31 12:19:38  Mem:           125G         32G         69G        1.1M         23G         91G
2023-07-31 12:19:41  Mem:           125G         32G         69G        1.1M         23G         91G
2023-07-31 12:19:44  Mem:           125G         32G         68G        1.1M         23G         91G
2023-07-31 12:19:47  Mem:           125G         32G         68G        1.1M         23G         91G
2023-07-31 12:19:50  Mem:           125G         32G         68G        1.1M         23G         91G
2023-07-31 12:19:53  Mem:           125G         32G         68G        1.1M         23G         91G
2023-07-31 12:19:56  Mem:           125G         32G         68G        1.1M         23G         91G
2023-07-31 12:19:59  Mem:           125G         32G         68G        1.1M         23G         91G
2023-07-31 12:20:02  Mem:           125G         32G         68G        1.1M         23G         91G
2023-07-31 12:20:05  Mem:           125G         32G         68G        1.1M         23G         91G
2023-07-31 12:20:08  Mem:           125G         32G         68G        1.1M         23G         91G
2023-07-31 12:20:11  Mem:           125G         32G         68G        1.1M         23G         91G
2023-07-31 12:20:14  Mem:           125G         32G         68G        1.1M         24G         91G
2023-07-31 12:20:17  Mem:           125G         32G         68G        1.1M         24G         91G
2023-07-31 12:20:20  Mem:           125G         33G         68G        1.1M         24G         91G
2023-07-31 12:20:23  Mem:           125G         33G         67G        1.1M         24G         91G
2023-07-31 12:20:26  Mem:           125G         33G         67G        1.1M         24G         91G
2023-07-31 12:20:29  Mem:           125G         33G         67G        1.1M         24G         91G
2023-07-31 12:20:32  Mem:           125G         33G         67G        1.1M         24G         91G
2023-07-31 12:20:35  Mem:           125G         33G         67G        1.1M         24G         90G
2023-07-31 12:20:38  Mem:           125G         33G         67G        1.1M         24G         90G
2023-07-31 12:20:41  Mem:           125G         33G         67G        1.1M         24G         90G
2023-07-31 12:20:44  Mem:           125G         33G         67G        1.1M         24G         90G
2023-07-31 12:20:47  Mem:           125G         33G         67G        1.1M         24G         90G
2023-07-31 12:20:50  Mem:           125G         33G         67G        1.1M         24G         90G
2023-07-31 12:20:53  Mem:           125G         33G         67G        1.1M         24G         90G
2023-07-31 12:20:56  Mem:           125G         33G         67G        1.1M         24G         90G
2023-07-31 12:20:59  Mem:           125G         33G         67G        1.1M         24G         90G
2023-07-31 12:21:02  Mem:           125G         33G         66G        1.1M         24G         90G
2023-07-31 12:21:05  Mem:           125G         33G         66G        1.1M         24G         90G
2023-07-31 12:21:08  Mem:           125G         33G         66G        1.1M         24G         90G
2023-07-31 12:21:11  Mem:           125G         33G         66G        1.1M         24G         90G
2023-07-31 12:21:14  Mem:           125G         33G         66G        1.1M         24G         90G
2023-07-31 12:21:17  Mem:           125G         33G         66G        1.1M         24G         90G
2023-07-31 12:21:20  Mem:           125G         33G         66G        1.1M         24G         90G
2023-07-31 12:21:23  Mem:           125G         33G         66G        1.1M         24G         90G
2023-07-31 12:21:26  Mem:           125G         33G         66G        1.1M         24G         90G
2023-07-31 12:21:30  Mem:           125G         33G         66G        1.1M         25G         90G
2023-07-31 12:21:33  Mem:           125G         33G         66G        1.1M         25G         90G
2023-07-31 12:21:36  Mem:           125G         33G         66G        1.1M         25G         90G
2023-07-31 12:21:39  Mem:           125G         33G         66G        1.1M         25G         90G
2023-07-31 12:21:42  Mem:           125G         34G         65G        1.1M         25G         90G
2023-07-31 12:21:45  Mem:           125G         34G         65G        1.1M         25G         90G
2023-07-31 12:21:48  Mem:           125G         34G         65G        1.1M         25G         90G
2023-07-31 12:21:51  Mem:           125G         34G         65G        1.1M         25G         90G
2023-07-31 12:21:54  Mem:           125G         34G         65G        1.1M         25G         90G
2023-07-31 12:21:57  Mem:           125G         34G         65G        1.1M         25G         89G
2023-07-31 12:22:00  Mem:           125G         34G         65G        1.1M         25G         89G
2023-07-31 12:22:03  Mem:           125G         34G         65G        1.1M         25G         89G
2023-07-31 12:22:06  Mem:           125G         34G         65G        1.1M         25G         89G
2023-07-31 12:22:09  Mem:           125G         34G         65G        1.1M         25G         89G
2023-07-31 12:22:12  Mem:           125G         34G         65G        1.1M         25G         89G
2023-07-31 12:22:15  Mem:           125G         34G         65G        1.1M         25G         89G
2023-07-31 12:22:18  Mem:           125G         34G         64G        1.1M         25G         89G
2023-07-31 12:22:21  Mem:           125G         34G         64G        1.1M         25G         89G
2023-07-31 12:22:24  Mem:           125G         34G         64G        1.1M         25G         89G
2023-07-31 12:22:27  Mem:           125G         34G         64G        1.1M         25G         89G
2023-07-31 12:22:30  Mem:           125G         34G         64G        1.1M         25G         89G
2023-07-31 12:22:33  Mem:           125G         34G         64G        1.1M         25G         89G
2023-07-31 12:22:36  Mem:           125G         34G         64G        1.1M         25G         89G
2023-07-31 12:22:39  Mem:           125G         34G         64G        1.1M         25G         89G
2023-07-31 12:22:42  Mem:           125G         34G         64G        1.1M         25G         89G
2023-07-31 12:22:45  Mem:           125G         34G         64G        1.1M         25G         89G
2023-07-31 12:22:48  Mem:           125G         34G         64G        1.1M         26G         89G
2023-07-31 12:22:51  Mem:           125G         34G         64G        1.1M         26G         89G
2023-07-31 12:22:54  Mem:           125G         35G         64G        1.1M         26G         89G
2023-07-31 12:22:57  Mem:           125G         35G         63G        1.1M         26G         89G
2023-07-31 12:23:00  Mem:           125G         35G         63G        1.1M         26G         89G
2023-07-31 12:23:03  Mem:           125G         35G         63G        1.1M         26G         89G
2023-07-31 12:23:06  Mem:           125G         35G         63G        1.1M         26G         89G
2023-07-31 12:23:09  Mem:           125G         35G         63G        1.1M         26G         88G
2023-07-31 12:23:12  Mem:           125G         35G         63G        1.1M         26G         88G
2023-07-31 12:23:15  Mem:           125G         35G         63G        1.1M         26G         88G
2023-07-31 12:23:18  Mem:           125G         35G         63G        1.1M         26G         88G
2023-07-31 12:23:21  Mem:           125G         35G         63G        1.1M         26G         88G
2023-07-31 12:23:24  Mem:           125G         35G         63G        1.1M         26G         88G
2023-07-31 12:23:27  Mem:           125G         35G         63G        1.1M         26G         88G
2023-07-31 12:23:30  Mem:           125G         35G         63G        1.1M         26G         88G
2023-07-31 12:23:33  Mem:           125G         35G         62G        1.1M         26G         88G
2023-07-31 12:23:36  Mem:           125G         35G         62G        1.1M         26G         88G
2023-07-31 12:23:39  Mem:           125G         35G         62G        1.1M         26G         88G
2023-07-31 12:23:42  Mem:           125G         35G         62G        1.1M         26G         88G
2023-07-31 12:23:45  Mem:           125G         35G         62G        1.1M         26G         88G
2023-07-31 12:23:48  Mem:           125G         35G         62G        1.1M         26G         88G
2023-07-31 12:23:51  Mem:           125G         35G         62G        1.1M         26G         88G
2023-07-31 12:23:54  Mem:           125G         35G         62G        1.1M         26G         88G
2023-07-31 12:23:57  Mem:           125G         35G         62G        1.1M         26G         88G
2023-07-31 12:24:00  Mem:           125G         35G         62G        1.1M         26G         88G
2023-07-31 12:24:03  Mem:           125G         36G         62G        1.1M         27G         88G
2023-07-31 12:24:06  Mem:           125G         36G         62G        1.1M         27G         88G
2023-07-31 12:24:09  Mem:           125G         36G         61G        1.1M         27G         88G
2023-07-31 12:24:12  Mem:           125G         36G         61G        1.1M         27G         88G
2023-07-31 12:24:15  Mem:           125G         36G         61G        1.1M         27G         88G
2023-07-31 12:24:18  Mem:           125G         36G         61G        1.1M         27G         87G
2023-07-31 12:24:21  Mem:           125G         36G         61G        1.1M         27G         87G
2023-07-31 12:24:24  Mem:           125G         36G         61G        1.1M         27G         87G
2023-07-31 12:24:27  Mem:           125G         36G         61G        1.1M         27G         87G
2023-07-31 12:24:30  Mem:           125G         36G         61G        1.1M         27G         87G
2023-07-31 12:24:33  Mem:           125G         36G         61G        1.1M         27G         87G
2023-07-31 12:24:36  Mem:           125G         36G         61G        1.1M         27G         87G
2023-07-31 12:24:39  Mem:           125G         36G         61G        1.1M         27G         87G
2023-07-31 12:24:42  Mem:           125G         36G         61G        1.1M         27G         87G
2023-07-31 12:24:45  Mem:           125G         36G         60G        1.1M         27G         87G
2023-07-31 12:24:48  Mem:           125G         36G         60G        1.1M         27G         87G
2023-07-31 12:24:51  Mem:           125G         36G         60G        1.1M         27G         87G
2023-07-31 12:24:54  Mem:           125G         36G         60G        1.1M         27G         87G
2023-07-31 12:24:57  Mem:           125G         36G         60G        1.1M         27G         87G
2023-07-31 12:25:00  Mem:           125G         36G         60G        1.1M         27G         87G
2023-07-31 12:25:03  Mem:           125G         36G         60G        1.1M         27G         87G
2023-07-31 12:25:06  Mem:           125G         36G         60G        1.1M         27G         87G
2023-07-31 12:25:09  Mem:           125G         36G         60G        1.1M         27G         87G
2023-07-31 12:25:12  Mem:           125G         37G         60G        1.1M         27G         87G
2023-07-31 12:25:15  Mem:           125G         37G         60G        1.1M         27G         87G
2023-07-31 12:25:18  Mem:           125G         37G         60G        1.1M         28G         87G
2023-07-31 12:25:21  Mem:           125G         37G         59G        1.1M         28G         87G
2023-07-31 12:25:24  Mem:           125G         37G         59G        1.1M         28G         86G
2023-07-31 12:25:27  Mem:           125G         37G         59G        1.1M         28G         86G
2023-07-31 12:25:30  Mem:           125G         37G         59G        1.1M         28G         86G
2023-07-31 12:25:33  Mem:           125G         37G         59G        1.1M         28G         86G
2023-07-31 12:25:36  Mem:           125G         37G         59G        1.1M         28G         86G
2023-07-31 12:25:39  Mem:           125G         37G         59G        1.1M         28G         86G
2023-07-31 12:25:42  Mem:           125G         37G         59G        1.1M         28G         86G
2023-07-31 12:25:45  Mem:           125G         37G         59G        1.1M         28G         86G
2023-07-31 12:25:48  Mem:           125G         37G         59G        1.1M         28G         86G
2023-07-31 12:25:51  Mem:           125G         37G         59G        1.1M         28G         86G
2023-07-31 12:25:54  Mem:           125G         37G         59G        1.1M         28G         86G
2023-07-31 12:25:57  Mem:           125G         37G         58G        1.1M         28G         86G
2023-07-31 12:26:00  Mem:           125G         37G         58G        1.1M         28G         86G
2023-07-31 12:26:03  Mem:           125G         37G         58G        1.1M         28G         86G
2023-07-31 12:26:06  Mem:           125G         37G         58G        1.1M         28G         86G
2023-07-31 12:26:09  Mem:           125G         37G         58G        1.1M         28G         86G
2023-07-31 12:26:12  Mem:           125G         37G         58G        1.1M         28G         86G
2023-07-31 12:26:15  Mem:           125G         38G         58G        1.1M         28G         86G
2023-07-31 12:26:18  Mem:           125G         38G         58G        1.1M         28G         86G
2023-07-31 12:26:21  Mem:           125G         38G         58G        1.1M         28G         86G
2023-07-31 12:26:24  Mem:           125G         38G         58G        1.1M         28G         86G
2023-07-31 12:26:27  Mem:           125G         38G         58G        1.1M         28G         86G
2023-07-31 12:26:30  Mem:           125G         38G         57G        1.1M         28G         85G
2023-07-31 12:26:33  Mem:           125G         38G         57G        1.1M         29G         85G
2023-07-31 12:26:36  Mem:           125G         38G         57G        1.1M         29G         85G
2023-07-31 12:26:39  Mem:           125G         38G         57G        1.1M         29G         85G
2023-07-31 12:26:42  Mem:           125G         38G         57G        1.1M         29G         85G
2023-07-31 12:26:45  Mem:           125G         38G         57G        1.1M         29G         85G
2023-07-31 12:26:49  Mem:           125G         38G         57G        1.1M         29G         85G
2023-07-31 12:26:52  Mem:           125G         38G         57G        1.1M         29G         85G
2023-07-31 12:26:55  Mem:           125G         38G         57G        1.1M         29G         85G
2023-07-31 12:26:58  Mem:           125G         38G         57G        1.1M         29G         85G
