time               total        used        free      shared  buff/cache   available
2023-08-01 11:56:46  Mem:           125G         13G        111G        1.1M        636M        111G
2023-08-01 11:56:49  Mem:           125G         13G        111G        1.1M        646M        110G
2023-08-01 11:56:52  Mem:           125G         13G        110G        1.1M        647M        110G
2023-08-01 11:56:55  Mem:           125G         13G        110G        1.1M        647M        110G
2023-08-01 11:56:58  Mem:           125G         13G        110G        1.1M        647M        110G
2023-08-01 11:57:01  Mem:           125G         13G        110G        1.1M        647M        110G
2023-08-01 11:57:04  Mem:           125G         14G        110G        1.1M        647M        110G
2023-08-01 11:57:07  Mem:           125G         14G        110G        1.1M        647M        110G
2023-08-01 11:57:10  Mem:           125G         14G        110G        1.1M        664M        109G
2023-08-01 11:57:13  Mem:           125G         14G        110G        1.1M        688M        109G
2023-08-01 11:57:16  Mem:           125G         14G        110G        1.1M        712M        109G
2023-08-01 11:57:19  Mem:           125G         14G        110G        1.1M        742M        109G
2023-08-01 11:57:22  Mem:           125G         14G        110G        1.1M        764M        109G
2023-08-01 11:57:25  Mem:           125G         14G        109G        1.1M        789M        109G
2023-08-01 11:57:28  Mem:           125G         14G        109G        1.1M        809M        109G
2023-08-01 11:57:31  Mem:           125G         14G        109G        1.1M        843M        109G
2023-08-01 11:57:34  Mem:           125G         14G        109G        1.1M        866M        109G
2023-08-01 11:57:37  Mem:           125G         14G        109G        1.1M        894M        109G
2023-08-01 11:57:40  Mem:           125G         14G        109G        1.1M        919M        109G
2023-08-01 11:57:43  Mem:           125G         14G        109G        1.1M        940M        109G
2023-08-01 11:57:46  Mem:           125G         14G        109G        1.1M        970M        109G
2023-08-01 11:57:50  Mem:           125G         14G        109G        1.1M        1.0G        109G
2023-08-01 11:57:53  Mem:           125G         14G        109G        1.1M        1.0G        109G
2023-08-01 11:57:56  Mem:           125G         14G        109G        1.1M        1.0G        109G
2023-08-01 11:57:59  Mem:           125G         14G        109G        1.1M        1.1G        109G
2023-08-01 11:58:02  Mem:           125G         14G        109G        1.1M        1.1G        109G
2023-08-01 11:58:05  Mem:           125G         14G        109G        1.1M        1.1G        109G
2023-08-01 11:58:08  Mem:           125G         14G        109G        1.1M        1.1G        109G
2023-08-01 11:58:11  Mem:           125G         14G        109G        1.1M        1.2G        109G
2023-08-01 11:58:14  Mem:           125G         14G        109G        1.1M        1.2G        109G
2023-08-01 11:58:17  Mem:           125G         14G        109G        1.1M        1.2G        109G
2023-08-01 11:58:20  Mem:           125G         14G        109G        1.1M        1.2G        109G
2023-08-01 11:58:23  Mem:           125G         14G        109G        1.1M        1.3G        109G
2023-08-01 11:58:26  Mem:           125G         14G        108G        1.1M        1.3G        109G
2023-08-01 11:58:29  Mem:           125G         14G        108G        1.1M        1.3G        109G
2023-08-01 11:58:32  Mem:           125G         14G        108G        1.1M        1.4G        109G
2023-08-01 11:58:35  Mem:           125G         14G        108G        1.1M        1.4G        109G
2023-08-01 11:58:38  Mem:           125G         14G        108G        1.1M        1.4G        109G
2023-08-01 11:58:41  Mem:           125G         14G        108G        1.1M        1.5G        109G
2023-08-01 11:58:44  Mem:           125G         15G        108G        1.1M        1.5G        109G
2023-08-01 11:58:47  Mem:           125G         15G        108G        1.1M        1.5G        109G
2023-08-01 11:58:50  Mem:           125G         15G        108G        1.1M        1.6G        109G
2023-08-01 11:58:53  Mem:           125G         15G        108G        1.1M        1.6G        109G
2023-08-01 11:58:56  Mem:           125G         15G        108G        1.1M        1.6G        109G
2023-08-01 11:58:59  Mem:           125G         15G        108G        1.1M        1.7G        109G
2023-08-01 11:59:02  Mem:           125G         15G        108G        1.1M        1.7G        109G
2023-08-01 11:59:05  Mem:           125G         15G        108G        1.1M        1.7G        108G
2023-08-01 11:59:08  Mem:           125G         15G        108G        1.1M        1.7G        108G
2023-08-01 11:59:11  Mem:           125G         15G        108G        1.1M        1.8G        108G
2023-08-01 11:59:14  Mem:           125G         15G        108G        1.1M        1.8G        108G
2023-08-01 11:59:17  Mem:           125G         15G        107G        1.1M        1.8G        108G
2023-08-01 11:59:20  Mem:           125G         15G        107G        1.1M        1.8G        108G
2023-08-01 11:59:23  Mem:           125G         15G        107G        1.1M        1.9G        108G
2023-08-01 11:59:26  Mem:           125G         15G        107G        1.1M        1.9G        108G
2023-08-01 11:59:29  Mem:           125G         15G        107G        1.1M        1.9G        108G
2023-08-01 11:59:32  Mem:           125G         15G        107G        1.1M        1.9G        108G
2023-08-01 11:59:35  Mem:           125G         15G        107G        1.1M        1.9G        108G
2023-08-01 11:59:38  Mem:           125G         15G        107G        1.1M        2.0G        108G
2023-08-01 11:59:41  Mem:           125G         15G        107G        1.1M        2.0G        108G
2023-08-01 11:59:44  Mem:           125G         15G        107G        1.1M        2.0G        108G
2023-08-01 11:59:47  Mem:           125G         15G        107G        1.1M        2.0G        108G
2023-08-01 11:59:50  Mem:           125G         15G        107G        1.1M        2.1G        108G
2023-08-01 11:59:53  Mem:           125G         15G        107G        1.1M        2.1G        108G
2023-08-01 11:59:56  Mem:           125G         15G        107G        1.1M        2.1G        108G
2023-08-01 11:59:59  Mem:           125G         15G        107G        1.1M        2.1G        108G
2023-08-01 12:00:02  Mem:           125G         15G        107G        1.1M        2.2G        108G
2023-08-01 12:00:05  Mem:           125G         15G        107G        1.1M        2.2G        108G
2023-08-01 12:00:08  Mem:           125G         15G        107G        1.1M        2.2G        108G
2023-08-01 12:00:11  Mem:           125G         15G        107G        1.1M        2.2G        108G
2023-08-01 12:00:14  Mem:           125G         15G        107G        1.1M        2.2G        108G
2023-08-01 12:00:18  Mem:           125G         15G        107G        1.1M        2.3G        108G
2023-08-01 12:00:21  Mem:           125G         15G        107G        1.1M        2.3G        108G
2023-08-01 12:00:24  Mem:           125G         15G        106G        1.1M        2.3G        108G
2023-08-01 12:00:27  Mem:           125G         15G        106G        1.1M        2.3G        108G
2023-08-01 12:00:30  Mem:           125G         15G        106G        1.1M        2.3G        108G
2023-08-01 12:00:33  Mem:           125G         15G        106G        1.1M        2.4G        108G
2023-08-01 12:00:36  Mem:           125G         15G        106G        1.1M        2.4G        108G
2023-08-01 12:00:39  Mem:           125G         15G        106G        1.1M        2.4G        108G
2023-08-01 12:00:42  Mem:           125G         15G        106G        1.1M        2.4G        108G
2023-08-01 12:00:45  Mem:           125G         16G        106G        1.1M        2.4G        108G
2023-08-01 12:00:48  Mem:           125G         16G        106G        1.1M        2.5G        108G
2023-08-01 12:00:51  Mem:           125G         16G        106G        1.1M        2.5G        108G
2023-08-01 12:00:54  Mem:           125G         16G        106G        1.1M        2.5G        108G
2023-08-01 12:00:57  Mem:           125G         16G        106G        1.1M        2.5G        108G
2023-08-01 12:01:00  Mem:           125G         16G        106G        1.1M        2.6G        108G
2023-08-01 12:01:03  Mem:           125G         16G        106G        1.1M        2.6G        108G
2023-08-01 12:01:06  Mem:           125G         16G        106G        1.1M        2.6G        108G
2023-08-01 12:01:09  Mem:           125G         16G        106G        1.1M        2.6G        108G
2023-08-01 12:01:12  Mem:           125G         16G        106G        1.1M        2.6G        108G
2023-08-01 12:01:15  Mem:           125G         16G        106G        1.1M        2.7G        108G
2023-08-01 12:01:18  Mem:           125G         16G        106G        1.1M        2.7G        108G
2023-08-01 12:01:21  Mem:           125G         16G        106G        1.1M        2.7G        107G
2023-08-01 12:01:24  Mem:           125G         16G        106G        1.1M        2.7G        107G
2023-08-01 12:01:27  Mem:           125G         16G        106G        1.1M        2.7G        107G
2023-08-01 12:01:30  Mem:           125G         16G        106G        1.1M        2.8G        107G
2023-08-01 12:01:33  Mem:           125G         16G        106G        1.1M        2.8G        107G
2023-08-01 12:01:36  Mem:           125G         16G        105G        1.1M        2.8G        107G
2023-08-01 12:01:39  Mem:           125G         16G        105G        1.1M        2.8G        107G
2023-08-01 12:01:42  Mem:           125G         16G        105G        1.1M        2.9G        107G
2023-08-01 12:01:45  Mem:           125G         16G        105G        1.1M        2.9G        107G
2023-08-01 12:01:48  Mem:           125G         16G        105G        1.1M        2.9G        107G
2023-08-01 12:01:51  Mem:           125G         16G        105G        1.1M        2.9G        107G
2023-08-01 12:01:54  Mem:           125G         16G        105G        1.1M        2.9G        107G
2023-08-01 12:01:57  Mem:           125G         16G        105G        1.1M        3.0G        107G
2023-08-01 12:02:00  Mem:           125G         16G        105G        1.1M        3.0G        107G
2023-08-01 12:02:03  Mem:           125G         16G        105G        1.1M        3.0G        107G
2023-08-01 12:02:06  Mem:           125G         16G        105G        1.1M        3.0G        107G
2023-08-01 12:02:09  Mem:           125G         16G        105G        1.1M        3.0G        107G
2023-08-01 12:02:12  Mem:           125G         16G        105G        1.1M        3.1G        107G
2023-08-01 12:02:15  Mem:           125G         16G        105G        1.1M        3.1G        107G
2023-08-01 12:02:18  Mem:           125G         16G        105G        1.1M        3.1G        107G
2023-08-01 12:02:21  Mem:           125G         16G        105G        1.1M        3.1G        107G
2023-08-01 12:02:24  Mem:           125G         16G        105G        1.1M        3.2G        107G
2023-08-01 12:02:27  Mem:           125G         16G        105G        1.1M        3.2G        107G
2023-08-01 12:02:30  Mem:           125G         16G        105G        1.1M        3.2G        107G
2023-08-01 12:02:33  Mem:           125G         16G        105G        1.1M        3.2G        107G
2023-08-01 12:02:36  Mem:           125G         16G        105G        1.1M        3.2G        107G
2023-08-01 12:02:39  Mem:           125G         16G        105G        1.1M        3.3G        107G
2023-08-01 12:02:42  Mem:           125G         16G        105G        1.1M        3.3G        107G
2023-08-01 12:02:45  Mem:           125G         16G        105G        1.1M        3.3G        107G
2023-08-01 12:02:48  Mem:           125G         16G        105G        1.1M        3.3G        107G
2023-08-01 12:02:51  Mem:           125G         16G        104G        1.1M        3.4G        107G
2023-08-01 12:02:54  Mem:           125G         16G        104G        1.1M        3.4G        107G
2023-08-01 12:02:57  Mem:           125G         16G        104G        1.1M        3.4G        107G
2023-08-01 12:03:00  Mem:           125G         16G        104G        1.1M        3.4G        107G
2023-08-01 12:03:03  Mem:           125G         16G        104G        1.1M        3.4G        107G
2023-08-01 12:03:06  Mem:           125G         16G        104G        1.1M        3.5G        107G
2023-08-01 12:03:09  Mem:           125G         16G        104G        1.1M        3.5G        107G
2023-08-01 12:03:12  Mem:           125G         16G        104G        1.1M        3.5G        107G
2023-08-01 12:03:15  Mem:           125G         16G        104G        1.1M        3.5G        107G
2023-08-01 12:03:18  Mem:           125G         16G        104G        1.1M        3.6G        107G
2023-08-01 12:03:21  Mem:           125G         17G        104G        1.1M        3.6G        107G
2023-08-01 12:03:24  Mem:           125G         17G        104G        1.1M        3.6G        107G
2023-08-01 12:03:27  Mem:           125G         17G        104G        1.1M        3.6G        107G
2023-08-01 12:03:30  Mem:           125G         17G        104G        1.1M        3.6G        107G
2023-08-01 12:03:33  Mem:           125G         17G        104G        1.1M        3.7G        107G
2023-08-01 12:03:36  Mem:           125G         17G        104G        1.1M        3.7G        107G
2023-08-01 12:03:39  Mem:           125G         17G        104G        1.1M        3.7G        107G
2023-08-01 12:03:42  Mem:           125G         17G        104G        1.1M        3.7G        107G
2023-08-01 12:03:45  Mem:           125G         17G        104G        1.1M        3.8G        107G
2023-08-01 12:03:48  Mem:           125G         17G        104G        1.1M        3.8G        107G
2023-08-01 12:03:51  Mem:           125G         17G        104G        1.1M        3.8G        107G
2023-08-01 12:03:54  Mem:           125G         17G        104G        1.1M        3.8G        107G
2023-08-01 12:03:57  Mem:           125G         17G        104G        1.1M        3.8G        106G
2023-08-01 12:04:00  Mem:           125G         17G        104G        1.1M        3.9G        106G
2023-08-01 12:04:03  Mem:           125G         17G        103G        1.1M        3.9G        106G
2023-08-01 12:04:06  Mem:           125G         17G        103G        1.1M        3.9G        106G
2023-08-01 12:04:09  Mem:           125G         17G        103G        1.1M        3.9G        106G
2023-08-01 12:04:12  Mem:           125G         17G        103G        1.1M        4.0G        106G
2023-08-01 12:04:15  Mem:           125G         17G        103G        1.1M        4.0G        106G
2023-08-01 12:04:18  Mem:           125G         17G        103G        1.1M        4.0G        106G
2023-08-01 12:04:21  Mem:           125G         17G        103G        1.1M        4.0G        106G
2023-08-01 12:04:24  Mem:           125G         17G        103G        1.1M        4.0G        106G
2023-08-01 12:04:27  Mem:           125G         17G        103G        1.1M        4.1G        106G
2023-08-01 12:04:30  Mem:           125G         17G        103G        1.1M        4.1G        106G
2023-08-01 12:04:33  Mem:           125G         17G        103G        1.1M        4.1G        106G
2023-08-01 12:04:36  Mem:           125G         17G        103G        1.1M        4.1G        106G
2023-08-01 12:04:39  Mem:           125G         17G        103G        1.1M        4.2G        106G
2023-08-01 12:04:42  Mem:           125G         17G        103G        1.1M        4.2G        106G
2023-08-01 12:04:45  Mem:           125G         17G        103G        1.1M        4.2G        106G
2023-08-01 12:04:48  Mem:           125G         17G        103G        1.1M        4.2G        106G
2023-08-01 12:04:51  Mem:           125G         17G        103G        1.1M        4.3G        106G
2023-08-01 12:04:54  Mem:           125G         17G        103G        1.1M        4.3G        106G
2023-08-01 12:04:57  Mem:           125G         17G        103G        1.1M        4.3G        106G
2023-08-01 12:05:00  Mem:           125G         17G        103G        1.1M        4.3G        106G
2023-08-01 12:05:04  Mem:           125G         17G        103G        1.1M        4.3G        106G
2023-08-01 12:05:07  Mem:           125G         17G        103G        1.1M        4.4G        106G
2023-08-01 12:05:10  Mem:           125G         17G        103G        1.1M        4.4G        106G
2023-08-01 12:05:13  Mem:           125G         17G        103G        1.1M        4.4G        106G
2023-08-01 12:05:16  Mem:           125G         17G        102G        1.1M        4.4G        106G
2023-08-01 12:05:19  Mem:           125G         17G        102G        1.1M        4.5G        106G
2023-08-01 12:05:22  Mem:           125G         17G        102G        1.1M        4.5G        106G
2023-08-01 12:05:25  Mem:           125G         17G        102G        1.1M        4.5G        106G
2023-08-01 12:05:28  Mem:           125G         17G        102G        1.1M        4.5G        106G
2023-08-01 12:05:31  Mem:           125G         17G        102G        1.1M        4.5G        106G
2023-08-01 12:05:34  Mem:           125G         17G        102G        1.1M        4.6G        106G
2023-08-01 12:05:37  Mem:           125G         17G        102G        1.1M        4.6G        106G
2023-08-01 12:05:40  Mem:           125G         17G        102G        1.1M        4.6G        106G
2023-08-01 12:05:43  Mem:           125G         17G        102G        1.1M        4.6G        106G
2023-08-01 12:05:46  Mem:           125G         17G        102G        1.1M        4.7G        106G
2023-08-01 12:05:49  Mem:           125G         17G        102G        1.1M        4.7G        106G
2023-08-01 12:05:52  Mem:           125G         17G        102G        1.1M        4.7G        106G
2023-08-01 12:05:55  Mem:           125G         17G        102G        1.1M        4.7G        106G
2023-08-01 12:05:58  Mem:           125G         17G        102G        1.1M        4.8G        106G
2023-08-01 12:06:01  Mem:           125G         18G        102G        1.1M        4.8G        106G
2023-08-01 12:06:04  Mem:           125G         18G        102G        1.1M        4.8G        106G
2023-08-01 12:06:07  Mem:           125G         18G        102G        1.1M        4.8G        106G
2023-08-01 12:06:10  Mem:           125G         18G        102G        1.1M        4.8G        106G
2023-08-01 12:06:13  Mem:           125G         18G        102G        1.1M        4.9G        106G
2023-08-01 12:06:16  Mem:           125G         18G        102G        1.1M        4.9G        106G
2023-08-01 12:06:19  Mem:           125G         18G        102G        1.1M        4.9G        106G
2023-08-01 12:06:22  Mem:           125G         18G        102G        1.1M        4.9G        106G
2023-08-01 12:06:25  Mem:           125G         18G        102G        1.1M        5.0G        106G
2023-08-01 12:06:28  Mem:           125G         18G        102G        1.1M        5.0G        106G
2023-08-01 12:06:31  Mem:           125G         18G        101G        1.1M        5.0G        106G
2023-08-01 12:06:34  Mem:           125G         18G        101G        1.1M        5.0G        106G
2023-08-01 12:06:37  Mem:           125G         18G        101G        1.1M        5.0G        105G
2023-08-01 12:06:40  Mem:           125G         18G        101G        1.1M        5.1G        105G
2023-08-01 12:06:43  Mem:           125G         18G        101G        1.1M        5.1G        105G
2023-08-01 12:06:46  Mem:           125G         18G        101G        1.1M        5.1G        105G
2023-08-01 12:06:49  Mem:           125G         18G        101G        1.1M        5.1G        105G
2023-08-01 12:06:52  Mem:           125G         18G        101G        1.1M        5.2G        105G
2023-08-01 12:06:55  Mem:           125G         18G        101G        1.1M        5.2G        105G
2023-08-01 12:06:58  Mem:           125G         18G        101G        1.1M        5.2G        105G
2023-08-01 12:07:01  Mem:           125G         18G        101G        1.1M        5.2G        105G
2023-08-01 12:07:04  Mem:           125G         18G        101G        1.1M        5.2G        105G
2023-08-01 12:07:07  Mem:           125G         18G        101G        1.1M        5.3G        105G
2023-08-01 12:07:10  Mem:           125G         18G        101G        1.1M        5.3G        105G
2023-08-01 12:07:14  Mem:           125G         18G        101G        1.1M        5.3G        105G
2023-08-01 12:07:17  Mem:           125G         18G        101G        1.1M        5.3G        105G
2023-08-01 12:07:20  Mem:           125G         18G        101G        1.1M        5.4G        105G
2023-08-01 12:07:23  Mem:           125G         18G        101G        1.1M        5.4G        105G
2023-08-01 12:07:26  Mem:           125G         18G        101G        1.1M        5.4G        105G
2023-08-01 12:07:29  Mem:           125G         18G        101G        1.1M        5.4G        105G
2023-08-01 12:07:33  Mem:           125G         18G        101G        1.1M        5.5G        105G
2023-08-01 12:07:36  Mem:           125G         18G        101G        1.1M        5.5G        105G
2023-08-01 12:07:39  Mem:           125G         18G        101G        1.1M        5.5G        105G
2023-08-01 12:07:42  Mem:           125G         18G        100G        1.1M        5.5G        105G
2023-08-01 12:07:45  Mem:           125G         18G        100G        1.1M        5.6G        105G
2023-08-01 12:07:48  Mem:           125G         18G        100G        1.1M        5.6G        105G
2023-08-01 12:07:51  Mem:           125G         18G        100G        1.1M        5.6G        105G
2023-08-01 12:07:54  Mem:           125G         18G        100G        1.1M        5.6G        105G
2023-08-01 12:07:57  Mem:           125G         18G        100G        1.1M        5.7G        105G
2023-08-01 12:08:00  Mem:           125G         18G        100G        1.1M        5.7G        105G
2023-08-01 12:08:03  Mem:           125G         18G        100G        1.1M        5.7G        105G
2023-08-01 12:08:06  Mem:           125G         18G        100G        1.1M        5.7G        105G
2023-08-01 12:08:09  Mem:           125G         18G        100G        1.1M        5.7G        105G
2023-08-01 12:08:12  Mem:           125G         18G        100G        1.1M        5.8G        105G
2023-08-01 12:08:15  Mem:           125G         18G        100G        1.1M        5.8G        105G
2023-08-01 12:08:18  Mem:           125G         18G        100G        1.1M        5.8G        105G
2023-08-01 12:08:21  Mem:           125G         18G        100G        1.1M        5.8G        105G
2023-08-01 12:08:24  Mem:           125G         18G        100G        1.1M        5.9G        105G
2023-08-01 12:08:27  Mem:           125G         18G        100G        1.1M        5.9G        105G
2023-08-01 12:08:30  Mem:           125G         18G        100G        1.1M        5.9G        105G
2023-08-01 12:08:33  Mem:           125G         18G        100G        1.1M        5.9G        105G
2023-08-01 12:08:36  Mem:           125G         18G        100G        1.1M        6.0G        105G
2023-08-01 12:08:39  Mem:           125G         18G        100G        1.1M        6.0G        105G
2023-08-01 12:08:42  Mem:           125G         18G        100G        1.1M        6.0G        105G
2023-08-01 12:08:45  Mem:           125G         18G        100G        1.1M        6.0G        105G
2023-08-01 12:08:48  Mem:           125G         19G        100G        1.1M        6.0G        105G
2023-08-01 12:08:51  Mem:           125G         19G        100G        1.1M        6.1G        105G
2023-08-01 12:08:54  Mem:           125G         19G        100G        1.1M        6.1G        105G
2023-08-01 12:08:57  Mem:           125G         19G         99G        1.1M        6.1G        105G
2023-08-01 12:09:00  Mem:           125G         19G         99G        1.1M        6.1G        105G
2023-08-01 12:09:03  Mem:           125G         19G         99G        1.1M        6.2G        105G
2023-08-01 12:09:06  Mem:           125G         19G         99G        1.1M        6.2G        105G
2023-08-01 12:09:09  Mem:           125G         19G         99G        1.1M        6.2G        105G
2023-08-01 12:09:12  Mem:           125G         19G         99G        1.1M        6.2G        105G
2023-08-01 12:09:15  Mem:           125G         19G         99G        1.1M        6.3G        105G
2023-08-01 12:09:18  Mem:           125G         19G         99G        1.1M        6.3G        105G
2023-08-01 12:09:21  Mem:           125G         19G         99G        1.1M        6.3G        104G
2023-08-01 12:09:24  Mem:           125G         19G         99G        1.1M        6.3G        104G
2023-08-01 12:09:27  Mem:           125G         19G         99G        1.1M        6.3G        104G
2023-08-01 12:09:30  Mem:           125G         19G         99G        1.1M        6.4G        104G
2023-08-01 12:09:33  Mem:           125G         19G         99G        1.1M        6.4G        104G
2023-08-01 12:09:36  Mem:           125G         19G         99G        1.1M        6.4G        104G
2023-08-01 12:09:39  Mem:           125G         19G         99G        1.1M        6.4G        104G
2023-08-01 12:09:42  Mem:           125G         19G         99G        1.1M        6.5G        104G
2023-08-01 12:09:45  Mem:           125G         19G         99G        1.1M        6.5G        104G
2023-08-01 12:09:48  Mem:           125G         19G         99G        1.1M        6.5G        104G
2023-08-01 12:09:51  Mem:           125G         19G         99G        1.1M        6.5G        104G
2023-08-01 12:09:54  Mem:           125G         19G         99G        1.1M        6.6G        104G
2023-08-01 12:09:57  Mem:           125G         19G         99G        1.1M        6.6G        104G
2023-08-01 12:10:00  Mem:           125G         19G         99G        1.1M        6.6G        104G
2023-08-01 12:10:03  Mem:           125G         19G         99G        1.1M        6.6G        104G
2023-08-01 12:10:06  Mem:           125G         19G         99G        1.1M        6.7G        104G
2023-08-01 12:10:09  Mem:           125G         19G         98G        1.1M        6.7G        104G
2023-08-01 12:10:12  Mem:           125G         19G         98G        1.1M        6.7G        104G
2023-08-01 12:10:15  Mem:           125G         19G         98G        1.1M        6.7G        104G
2023-08-01 12:10:18  Mem:           125G         19G         98G        1.1M        6.7G        104G
2023-08-01 12:10:21  Mem:           125G         19G         98G        1.1M        6.8G        104G
2023-08-01 12:10:24  Mem:           125G         19G         98G        1.1M        6.8G        104G
2023-08-01 12:10:27  Mem:           125G         19G         98G        1.1M        6.8G        104G
2023-08-01 12:10:30  Mem:           125G         19G         98G        1.1M        6.8G        104G
2023-08-01 12:10:33  Mem:           125G         19G         98G        1.1M        6.9G        104G
2023-08-01 12:10:36  Mem:           125G         19G         98G        1.1M        6.9G        104G
2023-08-01 12:10:40  Mem:           125G         19G         98G        1.1M        6.9G        104G
2023-08-01 12:10:43  Mem:           125G         19G         98G        1.1M        6.9G        104G
2023-08-01 12:10:46  Mem:           125G         19G         98G        1.1M        7.0G        104G
2023-08-01 12:10:49  Mem:           125G         19G         98G        1.1M        7.0G        104G
2023-08-01 12:10:52  Mem:           125G         19G         98G        1.1M        7.0G        104G
2023-08-01 12:10:55  Mem:           125G         19G         98G        1.1M        7.0G        104G
2023-08-01 12:10:58  Mem:           125G         19G         98G        1.1M        7.0G        104G
2023-08-01 12:11:01  Mem:           125G         19G         98G        1.1M        7.1G        104G
2023-08-01 12:11:04  Mem:           125G         19G         98G        1.1M        7.1G        104G
2023-08-01 12:11:07  Mem:           125G         19G         98G        1.1M        7.1G        104G
2023-08-01 12:11:10  Mem:           125G         19G         98G        1.1M        7.1G        104G
2023-08-01 12:11:13  Mem:           125G         19G         98G        1.1M        7.2G        104G
2023-08-01 12:11:16  Mem:           125G         19G         98G        1.1M        7.2G        104G
2023-08-01 12:11:19  Mem:           125G         19G         98G        1.1M        7.2G        104G
2023-08-01 12:11:22  Mem:           125G         19G         97G        1.1M        7.2G        104G
2023-08-01 12:11:25  Mem:           125G         19G         97G        1.1M        7.3G        104G
2023-08-01 12:11:28  Mem:           125G         19G         97G        1.1M        7.3G        104G
2023-08-01 12:11:31  Mem:           125G         20G         97G        1.1M        7.3G        104G
2023-08-01 12:11:34  Mem:           125G         20G         97G        1.1M        7.3G        104G
2023-08-01 12:11:37  Mem:           125G         20G         97G        1.1M        7.4G        104G
2023-08-01 12:11:40  Mem:           125G         20G         97G        1.1M        7.4G        104G
2023-08-01 12:11:43  Mem:           125G         20G         97G        1.1M        7.4G        104G
2023-08-01 12:11:46  Mem:           125G         20G         97G        1.1M        7.4G        104G
2023-08-01 12:11:49  Mem:           125G         20G         97G        1.1M        7.5G        104G
2023-08-01 12:11:52  Mem:           125G         20G         97G        1.1M        7.5G        104G
2023-08-01 12:11:55  Mem:           125G         20G         97G        1.1M        7.5G        104G
2023-08-01 12:11:58  Mem:           125G         20G         97G        1.1M        7.5G        104G
2023-08-01 12:12:01  Mem:           125G         20G         97G        1.1M        7.5G        104G
2023-08-01 12:12:04  Mem:           125G         20G         97G        1.1M        7.6G        104G
2023-08-01 12:12:07  Mem:           125G         20G         97G        1.1M        7.6G        103G
2023-08-01 12:12:10  Mem:           125G         20G         97G        1.1M        7.6G        103G
2023-08-01 12:12:13  Mem:           125G         20G         97G        1.1M        7.6G        103G
2023-08-01 12:12:16  Mem:           125G         20G         97G        1.1M        7.7G        103G
2023-08-01 12:12:19  Mem:           125G         20G         97G        1.1M        7.7G        103G
2023-08-01 12:12:22  Mem:           125G         20G         97G        1.1M        7.7G        103G
2023-08-01 12:12:25  Mem:           125G         20G         97G        1.1M        7.7G        103G
2023-08-01 12:12:28  Mem:           125G         20G         97G        1.1M        7.8G        103G
2023-08-01 12:12:31  Mem:           125G         20G         96G        1.1M        7.8G        103G
2023-08-01 12:12:34  Mem:           125G         20G         96G        1.1M        7.8G        103G
2023-08-01 12:12:37  Mem:           125G         20G         96G        1.1M        7.8G        103G
2023-08-01 12:12:40  Mem:           125G         20G         96G        1.1M        7.9G        103G
2023-08-01 12:12:43  Mem:           125G         20G         96G        1.1M        7.9G        103G
2023-08-01 12:12:46  Mem:           125G         20G         96G        1.1M        7.9G        103G
2023-08-01 12:12:49  Mem:           125G         20G         96G        1.1M        7.9G        103G
2023-08-01 12:12:52  Mem:           125G         20G         96G        1.1M        8.0G        103G
2023-08-01 12:12:55  Mem:           125G         20G         96G        1.1M        8.0G        103G
2023-08-01 12:12:58  Mem:           125G         20G         96G        1.1M        8.0G        103G
2023-08-01 12:13:01  Mem:           125G         20G         96G        1.1M        8.0G        103G
2023-08-01 12:13:04  Mem:           125G         20G         96G        1.1M        8.0G        103G
2023-08-01 12:13:08  Mem:           125G         20G         96G        1.1M        8.1G        103G
2023-08-01 12:13:11  Mem:           125G         20G         96G        1.1M        8.1G        103G
2023-08-01 12:13:14  Mem:           125G         20G         96G        1.1M        8.1G        103G
2023-08-01 12:13:17  Mem:           125G         20G         96G        1.1M        8.1G        103G
2023-08-01 12:13:20  Mem:           125G         20G         96G        1.1M        8.2G        103G
2023-08-01 12:13:23  Mem:           125G         20G         96G        1.1M        8.2G        103G
2023-08-01 12:13:26  Mem:           125G         20G         96G        1.1M        8.2G        103G
2023-08-01 12:13:29  Mem:           125G         20G         96G        1.1M        8.2G        103G
2023-08-01 12:13:32  Mem:           125G         20G         96G        1.1M        8.3G        103G
2023-08-01 12:13:35  Mem:           125G         20G         96G        1.1M        8.3G        103G
2023-08-01 12:13:38  Mem:           125G         20G         96G        1.1M        8.3G        103G
2023-08-01 12:13:41  Mem:           125G         20G         96G        1.1M        8.3G        103G
2023-08-01 12:13:44  Mem:           125G         20G         95G        1.1M        8.4G        103G
2023-08-01 12:13:47  Mem:           125G         20G         95G        1.1M        8.4G        103G
2023-08-01 12:13:50  Mem:           125G         20G         95G        1.1M        8.4G        103G
2023-08-01 12:13:53  Mem:           125G         20G         95G        1.1M        8.4G        103G
2023-08-01 12:13:56  Mem:           125G         20G         95G        1.1M        8.5G        103G
2023-08-01 12:13:59  Mem:           125G         20G         95G        1.1M        8.5G        103G
2023-08-01 12:14:02  Mem:           125G         20G         95G        1.1M        8.5G        103G
2023-08-01 12:14:05  Mem:           125G         20G         95G        1.1M        8.5G        103G
2023-08-01 12:14:08  Mem:           125G         20G         95G        1.1M        8.6G        103G
2023-08-01 12:14:11  Mem:           125G         20G         95G        1.1M        8.6G        103G
2023-08-01 12:14:14  Mem:           125G         21G         95G        1.1M        8.6G        103G
2023-08-01 12:14:17  Mem:           125G         21G         95G        1.1M        8.6G        103G
2023-08-01 12:14:20  Mem:           125G         21G         95G        1.1M        8.7G        103G
2023-08-01 12:14:23  Mem:           125G         21G         95G        1.1M        8.7G        103G
2023-08-01 12:14:26  Mem:           125G         21G         95G        1.1M        8.7G        103G
2023-08-01 12:14:29  Mem:           125G         21G         95G        1.1M        8.7G        103G
2023-08-01 12:14:32  Mem:           125G         21G         95G        1.1M        8.7G        103G
2023-08-01 12:14:35  Mem:           125G         21G         95G        1.1M        8.8G        103G
2023-08-01 12:14:38  Mem:           125G         21G         95G        1.1M        8.8G        103G
2023-08-01 12:14:41  Mem:           125G         21G         95G        1.1M        8.8G        103G
2023-08-01 12:14:44  Mem:           125G         21G         95G        1.1M        8.8G        103G
2023-08-01 12:14:47  Mem:           125G         21G         95G        1.1M        8.9G        103G
2023-08-01 12:14:50  Mem:           125G         21G         95G        1.1M        8.9G        102G
2023-08-01 12:14:53  Mem:           125G         21G         94G        1.1M        8.9G        102G
2023-08-01 12:14:56  Mem:           125G         21G         94G        1.1M        8.9G        102G
2023-08-01 12:14:59  Mem:           125G         21G         94G        1.1M        9.0G        102G
2023-08-01 12:15:02  Mem:           125G         21G         94G        1.1M        9.0G        102G
2023-08-01 12:15:05  Mem:           125G         21G         94G        1.1M        9.0G        102G
2023-08-01 12:15:08  Mem:           125G         21G         94G        1.1M        9.0G        102G
2023-08-01 12:15:11  Mem:           125G         21G         94G        1.1M        9.1G        102G
2023-08-01 12:15:14  Mem:           125G         21G         94G        1.1M        9.1G        102G
2023-08-01 12:15:17  Mem:           125G         21G         94G        1.1M        9.1G        102G
2023-08-01 12:15:20  Mem:           125G         21G         94G        1.1M        9.1G        102G
2023-08-01 12:15:23  Mem:           125G         21G         94G        1.1M        9.2G        102G
2023-08-01 12:15:26  Mem:           125G         21G         94G        1.1M        9.2G        102G
2023-08-01 12:15:29  Mem:           125G         21G         94G        1.1M        9.2G        102G
2023-08-01 12:15:32  Mem:           125G         21G         94G        1.1M        9.2G        102G
2023-08-01 12:15:35  Mem:           125G         21G         94G        1.1M        9.3G        102G
2023-08-01 12:15:38  Mem:           125G         21G         94G        1.1M        9.3G        102G
2023-08-01 12:15:41  Mem:           125G         21G         94G        1.1M        9.3G        102G
2023-08-01 12:15:44  Mem:           125G         21G         94G        1.1M        9.3G        102G
2023-08-01 12:15:47  Mem:           125G         21G         94G        1.1M        9.4G        102G
2023-08-01 12:15:50  Mem:           125G         21G         94G        1.1M        9.4G        102G
2023-08-01 12:15:53  Mem:           125G         21G         94G        1.1M        9.4G        102G
2023-08-01 12:15:56  Mem:           125G         21G         94G        1.1M        9.4G        102G
2023-08-01 12:15:59  Mem:           125G         21G         94G        1.1M        9.5G        102G
2023-08-01 12:16:02  Mem:           125G         21G         93G        1.1M        9.5G        102G
2023-08-01 12:16:05  Mem:           125G         21G         93G        1.1M        9.5G        102G
2023-08-01 12:16:08  Mem:           125G         21G         93G        1.1M        9.5G        102G
2023-08-01 12:16:11  Mem:           125G         21G         93G        1.1M        9.6G        102G
2023-08-01 12:16:14  Mem:           125G         21G         93G        1.1M        9.6G        102G
2023-08-01 12:16:17  Mem:           125G         21G         93G        1.1M        9.6G        102G
2023-08-01 12:16:20  Mem:           125G         21G         93G        1.1M        9.6G        102G
2023-08-01 12:16:23  Mem:           125G         21G         93G        1.1M        9.7G        102G
2023-08-01 12:16:26  Mem:           125G         21G         93G        1.1M        9.7G        102G
2023-08-01 12:16:29  Mem:           125G         21G         93G        1.1M        9.7G        102G
2023-08-01 12:16:32  Mem:           125G         21G         93G        1.1M        9.7G        102G
2023-08-01 12:16:35  Mem:           125G         21G         93G        1.1M        9.8G        102G
2023-08-01 12:16:38  Mem:           125G         21G         93G        1.1M        9.8G        102G
2023-08-01 12:16:41  Mem:           125G         21G         93G        1.1M        9.8G        102G
2023-08-01 12:16:44  Mem:           125G         21G         93G        1.1M        9.8G        102G
2023-08-01 12:16:47  Mem:           125G         21G         93G        1.1M        9.9G        102G
2023-08-01 12:16:50  Mem:           125G         21G         93G        1.1M        9.9G        102G
2023-08-01 12:16:53  Mem:           125G         21G         93G        1.1M        9.9G        102G
2023-08-01 12:16:56  Mem:           125G         22G         93G        1.1M        9.9G        102G
2023-08-01 12:16:59  Mem:           125G         22G         93G        1.1M          9G        102G
2023-08-01 12:17:02  Mem:           125G         22G         93G        1.1M          9G        102G
2023-08-01 12:17:06  Mem:           125G         22G         93G        1.1M         10G        102G
2023-08-01 12:17:09  Mem:           125G         22G         93G        1.1M         10G        102G
2023-08-01 12:17:12  Mem:           125G         22G         92G        1.1M         10G        102G
2023-08-01 12:17:15  Mem:           125G         22G         92G        1.1M         10G        102G
2023-08-01 12:17:18  Mem:           125G         22G         92G        1.1M         10G        102G
2023-08-01 12:17:21  Mem:           125G         22G         92G        1.1M         10G        102G
2023-08-01 12:17:24  Mem:           125G         22G         92G        1.1M         10G        102G
2023-08-01 12:17:27  Mem:           125G         22G         92G        1.1M         10G        102G
2023-08-01 12:17:30  Mem:           125G         22G         92G        1.1M         10G        101G
2023-08-01 12:17:33  Mem:           125G         22G         92G        1.1M         10G        101G
2023-08-01 12:17:36  Mem:           125G         22G         92G        1.1M         10G        101G
2023-08-01 12:17:39  Mem:           125G         22G         92G        1.1M         10G        101G
2023-08-01 12:17:42  Mem:           125G         22G         92G        1.1M         10G        101G
2023-08-01 12:17:45  Mem:           125G         22G         92G        1.1M         10G        101G
2023-08-01 12:17:48  Mem:           125G         22G         92G        1.1M         10G        101G
2023-08-01 12:17:51  Mem:           125G         22G         92G        1.1M         10G        101G
2023-08-01 12:17:54  Mem:           125G         22G         92G        1.1M         10G        101G
2023-08-01 12:17:57  Mem:           125G         22G         92G        1.1M         10G        101G
2023-08-01 12:18:00  Mem:           125G         22G         92G        1.1M         10G        101G
2023-08-01 12:18:03  Mem:           125G         22G         92G        1.1M         10G        101G
2023-08-01 12:18:06  Mem:           125G         22G         92G        1.1M         10G        101G
2023-08-01 12:18:09  Mem:           125G         22G         92G        1.1M         10G        101G
2023-08-01 12:18:12  Mem:           125G         22G         92G        1.1M         10G        101G
2023-08-01 12:18:15  Mem:           125G         22G         92G        1.1M         10G        101G
2023-08-01 12:18:18  Mem:           125G         22G         92G        1.1M         10G        101G
2023-08-01 12:18:21  Mem:           125G         22G         91G        1.1M         10G        101G
2023-08-01 12:18:24  Mem:           125G         22G         91G        1.1M         10G        101G
2023-08-01 12:18:27  Mem:           125G         22G         91G        1.1M         10G        101G
2023-08-01 12:18:30  Mem:           125G         22G         91G        1.1M         10G        101G
2023-08-01 12:18:33  Mem:           125G         22G         91G        1.1M         10G        101G
2023-08-01 12:18:36  Mem:           125G         22G         91G        1.1M         10G        101G
2023-08-01 12:18:39  Mem:           125G         22G         91G        1.1M         10G        101G
2023-08-01 12:18:42  Mem:           125G         22G         91G        1.1M         10G        101G
2023-08-01 12:18:45  Mem:           125G         22G         91G        1.1M         10G        101G
2023-08-01 12:18:48  Mem:           125G         22G         91G        1.1M         10G        101G
2023-08-01 12:18:51  Mem:           125G         22G         91G        1.1M         10G        101G
2023-08-01 12:18:54  Mem:           125G         22G         91G        1.1M         10G        101G
2023-08-01 12:18:57  Mem:           125G         22G         91G        1.1M         10G        101G
2023-08-01 12:19:00  Mem:           125G         22G         91G        1.1M         10G        101G
2023-08-01 12:19:03  Mem:           125G         22G         91G        1.1M         10G        101G
2023-08-01 12:19:06  Mem:           125G         22G         91G        1.1M         11G        101G
2023-08-01 12:19:09  Mem:           125G         22G         91G        1.1M         11G        101G
2023-08-01 12:19:12  Mem:           125G         22G         91G        1.1M         11G        101G
2023-08-01 12:19:15  Mem:           125G         22G         91G        1.1M         11G        101G
2023-08-01 12:19:18  Mem:           125G         22G         91G        1.1M         11G        101G
2023-08-01 12:19:21  Mem:           125G         22G         91G        1.1M         11G        101G
2023-08-01 12:19:24  Mem:           125G         22G         91G        1.1M         11G        101G
2023-08-01 12:19:27  Mem:           125G         22G         91G        1.1M         11G        101G
2023-08-01 12:19:30  Mem:           125G         22G         90G        1.1M         11G        101G
2023-08-01 12:19:33  Mem:           125G         22G         90G        1.1M         11G        101G
2023-08-01 12:19:36  Mem:           125G         23G         90G        1.1M         11G        101G
2023-08-01 12:19:39  Mem:           125G         23G         90G        1.1M         11G        101G
2023-08-01 12:19:42  Mem:           125G         23G         90G        1.1M         11G        101G
2023-08-01 12:19:45  Mem:           125G         23G         90G        1.1M         11G        101G
2023-08-01 12:19:48  Mem:           125G         23G         90G        1.1M         11G        101G
2023-08-01 12:19:51  Mem:           125G         23G         90G        1.1M         11G        101G
2023-08-01 12:19:54  Mem:           125G         23G         90G        1.1M         11G        101G
2023-08-01 12:19:57  Mem:           125G         23G         90G        1.1M         11G        101G
2023-08-01 12:20:00  Mem:           125G         23G         90G        1.1M         11G        101G
2023-08-01 12:20:03  Mem:           125G         23G         90G        1.1M         11G        101G
2023-08-01 12:20:06  Mem:           125G         23G         90G        1.1M         11G        101G
2023-08-01 12:20:09  Mem:           125G         23G         90G        1.1M         11G        100G
2023-08-01 12:20:12  Mem:           125G         23G         90G        1.1M         11G        100G
2023-08-01 12:20:15  Mem:           125G         23G         90G        1.1M         11G        100G
2023-08-01 12:20:18  Mem:           125G         23G         90G        1.1M         11G        100G
2023-08-01 12:20:21  Mem:           125G         23G         90G        1.1M         11G        100G
2023-08-01 12:20:24  Mem:           125G         23G         90G        1.1M         11G        100G
2023-08-01 12:20:27  Mem:           125G         23G         90G        1.1M         11G        100G
2023-08-01 12:20:30  Mem:           125G         23G         90G        1.1M         11G        100G
2023-08-01 12:20:33  Mem:           125G         23G         90G        1.1M         11G        100G
2023-08-01 12:20:36  Mem:           125G         23G         89G        1.1M         11G        100G
2023-08-01 12:20:39  Mem:           125G         23G         89G        1.1M         11G        100G
2023-08-01 12:20:42  Mem:           125G         23G         89G        1.1M         11G        100G
2023-08-01 12:20:45  Mem:           125G         23G         89G        1.1M         11G        100G
2023-08-01 12:20:48  Mem:           125G         23G         89G        1.1M         11G        100G
2023-08-01 12:20:51  Mem:           125G         23G         89G        1.1M         11G        100G
2023-08-01 12:20:54  Mem:           125G         23G         89G        1.1M         11G        100G
2023-08-01 12:20:57  Mem:           125G         23G         89G        1.1M         11G        100G
2023-08-01 12:21:00  Mem:           125G         23G         89G        1.1M         11G        100G
2023-08-01 12:21:03  Mem:           125G         23G         89G        1.1M         12G        100G
2023-08-01 12:21:06  Mem:           125G         23G         89G        1.1M         12G        100G
2023-08-01 12:21:09  Mem:           125G         23G         89G        1.1M         12G        100G
2023-08-01 12:21:12  Mem:           125G         23G         89G        1.1M         12G        100G
2023-08-01 12:21:15  Mem:           125G         23G         89G        1.1M         12G        100G
2023-08-01 12:21:18  Mem:           125G         23G         89G        1.1M         12G        100G
2023-08-01 12:21:21  Mem:           125G         23G         89G        1.1M         12G        100G
2023-08-01 12:21:24  Mem:           125G         23G         89G        1.1M         12G        100G
2023-08-01 12:21:27  Mem:           125G         23G         89G        1.1M         12G        100G
2023-08-01 12:21:30  Mem:           125G         23G         89G        1.1M         12G        100G
2023-08-01 12:21:33  Mem:           125G         23G         89G        1.1M         12G        100G
2023-08-01 12:21:36  Mem:           125G         23G         89G        1.1M         12G        100G
2023-08-01 12:21:39  Mem:           125G         23G         89G        1.1M         12G        100G
2023-08-01 12:21:42  Mem:           125G         23G         88G        1.1M         12G        100G
2023-08-01 12:21:46  Mem:           125G         23G         88G        1.1M         12G        100G
2023-08-01 12:21:49  Mem:           125G         23G         88G        1.1M         12G        100G
2023-08-01 12:21:52  Mem:           125G         23G         88G        1.1M         12G        100G
2023-08-01 12:21:55  Mem:           125G         23G         88G        1.1M         12G        100G
2023-08-01 12:21:58  Mem:           125G         23G         88G        1.1M         12G        100G
2023-08-01 12:22:01  Mem:           125G         23G         88G        1.1M         12G        100G
2023-08-01 12:22:04  Mem:           125G         23G         88G        1.1M         12G        100G
2023-08-01 12:22:07  Mem:           125G         23G         88G        1.1M         12G        100G
2023-08-01 12:22:10  Mem:           125G         23G         88G        1.1M         12G        100G
2023-08-01 12:22:13  Mem:           125G         24G         88G        1.1M         12G        100G
2023-08-01 12:22:16  Mem:           125G         24G         88G        1.1M         12G        100G
2023-08-01 12:22:19  Mem:           125G         24G         88G        1.1M         12G        100G
2023-08-01 12:22:22  Mem:           125G         24G         88G        1.1M         12G        100G
2023-08-01 12:22:25  Mem:           125G         24G         88G        1.1M         12G        100G
2023-08-01 12:22:28  Mem:           125G         24G         88G        1.1M         12G        100G
2023-08-01 12:22:31  Mem:           125G         24G         88G        1.1M         12G        100G
2023-08-01 12:22:34  Mem:           125G         24G         88G        1.1M         12G        100G
2023-08-01 12:22:37  Mem:           125G         24G         88G        1.1M         12G        100G
2023-08-01 12:22:40  Mem:           125G         24G         88G        1.1M         12G        100G
2023-08-01 12:22:43  Mem:           125G         24G         88G        1.1M         12G         99G
2023-08-01 12:22:46  Mem:           125G         24G         88G        1.1M         12G         99G
2023-08-01 12:22:49  Mem:           125G         24G         87G        1.1M         12G         99G
2023-08-01 12:22:52  Mem:           125G         24G         87G        1.1M         12G         99G
2023-08-01 12:22:55  Mem:           125G         24G         87G        1.1M         12G         99G
2023-08-01 12:22:58  Mem:           125G         24G         87G        1.1M         13G         99G
2023-08-01 12:23:01  Mem:           125G         24G         87G        1.1M         13G         99G
2023-08-01 12:23:04  Mem:           125G         24G         87G        1.1M         13G         99G
2023-08-01 12:23:07  Mem:           125G         24G         87G        1.1M         13G         99G
2023-08-01 12:23:10  Mem:           125G         24G         87G        1.1M         13G         99G
2023-08-01 12:23:13  Mem:           125G         24G         87G        1.1M         13G         99G
2023-08-01 12:23:16  Mem:           125G         24G         87G        1.1M         13G         99G
2023-08-01 12:23:19  Mem:           125G         24G         87G        1.1M         13G         99G
2023-08-01 12:23:22  Mem:           125G         24G         87G        1.1M         13G         99G
2023-08-01 12:23:25  Mem:           125G         24G         87G        1.1M         13G         99G
2023-08-01 12:23:28  Mem:           125G         24G         87G        1.1M         13G         99G
2023-08-01 12:23:31  Mem:           125G         24G         87G        1.1M         13G         99G
2023-08-01 12:23:34  Mem:           125G         24G         87G        1.1M         13G         99G
2023-08-01 12:23:37  Mem:           125G         24G         87G        1.1M         13G         99G
2023-08-01 12:23:40  Mem:           125G         24G         87G        1.1M         13G         99G
2023-08-01 12:23:43  Mem:           125G         24G         87G        1.1M         13G         99G
2023-08-01 12:23:46  Mem:           125G         24G         87G        1.1M         13G         99G
2023-08-01 12:23:49  Mem:           125G         24G         87G        1.1M         13G         99G
2023-08-01 12:23:52  Mem:           125G         24G         86G        1.1M         13G         99G
2023-08-01 12:23:55  Mem:           125G         24G         86G        1.1M         13G         99G
2023-08-01 12:23:58  Mem:           125G         24G         86G        1.1M         13G         99G
2023-08-01 12:24:01  Mem:           125G         24G         86G        1.1M         13G         99G
2023-08-01 12:24:04  Mem:           125G         24G         86G        1.1M         13G         99G
2023-08-01 12:24:07  Mem:           125G         24G         86G        1.1M         13G         99G
2023-08-01 12:24:10  Mem:           125G         24G         86G        1.1M         13G         99G
2023-08-01 12:24:13  Mem:           125G         24G         86G        1.1M         13G         99G
2023-08-01 12:24:16  Mem:           125G         24G         86G        1.1M         13G         99G
2023-08-01 12:24:19  Mem:           125G         24G         86G        1.1M         13G         99G
2023-08-01 12:24:22  Mem:           125G         24G         86G        1.1M         13G         99G
2023-08-01 12:24:25  Mem:           125G         24G         86G        1.1M         13G         99G
2023-08-01 12:24:28  Mem:           125G         24G         86G        1.1M         13G         99G
2023-08-01 12:24:31  Mem:           125G         24G         86G        1.1M         13G         99G
2023-08-01 12:24:34  Mem:           125G         24G         86G        1.1M         13G         99G
2023-08-01 12:24:37  Mem:           125G         24G         86G        1.1M         13G         99G
2023-08-01 12:24:40  Mem:           125G         24G         86G        1.1M         13G         99G
2023-08-01 12:24:43  Mem:           125G         25G         86G        1.1M         13G         99G
2023-08-01 12:24:46  Mem:           125G         25G         86G        1.1M         13G         99G
2023-08-01 12:24:49  Mem:           125G         25G         86G        1.1M         14G         99G
2023-08-01 12:24:52  Mem:           125G         25G         86G        1.1M         14G         99G
2023-08-01 12:24:55  Mem:           125G         25G         86G        1.1M         14G         99G
2023-08-01 12:24:58  Mem:           125G         25G         85G        1.1M         14G         99G
2023-08-01 12:25:01  Mem:           125G         25G         85G        1.1M         14G         99G
2023-08-01 12:25:04  Mem:           125G         25G         85G        1.1M         14G         99G
2023-08-01 12:25:07  Mem:           125G         25G         85G        1.1M         14G         99G
2023-08-01 12:25:10  Mem:           125G         25G         85G        1.1M         14G         99G
2023-08-01 12:25:13  Mem:           125G         25G         85G        1.1M         14G         99G
2023-08-01 12:25:16  Mem:           125G         25G         85G        1.1M         14G         98G
2023-08-01 12:25:19  Mem:           125G         25G         85G        1.1M         14G         98G
2023-08-01 12:25:22  Mem:           125G         25G         85G        1.1M         14G         98G
2023-08-01 12:25:25  Mem:           125G         25G         85G        1.1M         14G         98G
2023-08-01 12:25:28  Mem:           125G         25G         85G        1.1M         14G         98G
2023-08-01 12:25:31  Mem:           125G         25G         85G        1.1M         14G         98G
2023-08-01 12:25:34  Mem:           125G         25G         85G        1.1M         14G         98G
2023-08-01 12:25:37  Mem:           125G         25G         85G        1.1M         14G         98G
2023-08-01 12:25:40  Mem:           125G         25G         85G        1.1M         14G         98G
2023-08-01 12:25:43  Mem:           125G         25G         85G        1.1M         14G         98G
2023-08-01 12:25:46  Mem:           125G         25G         85G        1.1M         14G         98G
2023-08-01 12:25:49  Mem:           125G         25G         85G        1.1M         14G         98G
2023-08-01 12:25:52  Mem:           125G         25G         85G        1.1M         14G         98G
2023-08-01 12:25:55  Mem:           125G         25G         85G        1.1M         14G         98G
2023-08-01 12:25:58  Mem:           125G         25G         85G        1.1M         14G         98G
2023-08-01 12:26:01  Mem:           125G         25G         84G        1.1M         14G         98G
2023-08-01 12:26:04  Mem:           125G         25G         84G        1.1M         14G         98G
2023-08-01 12:26:07  Mem:           125G         25G         84G        1.1M         14G         98G
2023-08-01 12:26:10  Mem:           125G         25G         84G        1.1M         14G         98G
2023-08-01 12:26:13  Mem:           125G         25G         84G        1.1M         14G         98G
2023-08-01 12:26:16  Mem:           125G         25G         84G        1.1M         14G         98G
2023-08-01 12:26:19  Mem:           125G         25G         84G        1.1M         14G         98G
2023-08-01 12:26:22  Mem:           125G         25G         84G        1.1M         14G         98G
2023-08-01 12:26:26  Mem:           125G         25G         84G        1.1M         14G         98G
2023-08-01 12:26:29  Mem:           125G         25G         84G        1.1M         14G         98G
2023-08-01 12:26:32  Mem:           125G         25G         84G        1.1M         14G         98G
2023-08-01 12:26:35  Mem:           125G         25G         84G        1.1M         14G         98G
2023-08-01 12:26:38  Mem:           125G         25G         84G        1.1M         14G         98G
2023-08-01 12:26:41  Mem:           125G         25G         84G        1.1M         15G         98G
2023-08-01 12:26:44  Mem:           125G         25G         84G        1.1M         15G         98G
2023-08-01 12:26:47  Mem:           125G         25G         84G        1.1M         15G         98G
2023-08-01 12:26:50  Mem:           125G         25G         84G        1.1M         15G         98G
2023-08-01 12:26:53  Mem:           125G         25G         84G        1.1M         15G         98G
2023-08-01 12:26:56  Mem:           125G         25G         84G        1.1M         15G         98G
2023-08-01 12:26:59  Mem:           125G         25G         84G        1.1M         15G         98G
2023-08-01 12:27:02  Mem:           125G         25G         84G        1.1M         15G         98G
2023-08-01 12:27:05  Mem:           125G         25G         83G        1.1M         15G         98G
2023-08-01 12:27:08  Mem:           125G         25G         83G        1.1M         15G         98G
2023-08-01 12:27:11  Mem:           125G         26G         83G        1.1M         15G         98G
2023-08-01 12:27:14  Mem:           125G         26G         83G        1.1M         15G         98G
2023-08-01 12:27:17  Mem:           125G         26G         83G        1.1M         15G         98G
2023-08-01 12:27:20  Mem:           125G         26G         83G        1.1M         15G         98G
2023-08-01 12:27:23  Mem:           125G         26G         83G        1.1M         15G         98G
2023-08-01 12:27:26  Mem:           125G         26G         83G        1.1M         15G         98G
2023-08-01 12:27:29  Mem:           125G         26G         83G        1.1M         15G         98G
2023-08-01 12:27:32  Mem:           125G         26G         83G        1.1M         15G         98G
2023-08-01 12:27:35  Mem:           125G         26G         83G        1.1M         15G         98G
2023-08-01 12:27:38  Mem:           125G         26G         83G        1.1M         15G         98G
2023-08-01 12:27:41  Mem:           125G         26G         83G        1.1M         15G         97G
2023-08-01 12:27:44  Mem:           125G         26G         83G        1.1M         15G         97G
2023-08-01 12:27:47  Mem:           125G         26G         83G        1.1M         15G         97G
2023-08-01 12:27:50  Mem:           125G         26G         83G        1.1M         15G         97G
2023-08-01 12:27:53  Mem:           125G         26G         83G        1.1M         15G         97G
2023-08-01 12:27:56  Mem:           125G         26G         83G        1.1M         15G         97G
2023-08-01 12:27:59  Mem:           125G         26G         83G        1.1M         15G         97G
2023-08-01 12:28:02  Mem:           125G         26G         83G        1.1M         15G         97G
2023-08-01 12:28:05  Mem:           125G         26G         82G        1.1M         15G         97G
2023-08-01 12:28:08  Mem:           125G         26G         82G        1.1M         15G         97G
2023-08-01 12:28:11  Mem:           125G         26G         82G        1.1M         15G         97G
2023-08-01 12:28:14  Mem:           125G         26G         82G        1.1M         15G         97G
2023-08-01 12:28:17  Mem:           125G         26G         82G        1.1M         15G         97G
2023-08-01 12:28:20  Mem:           125G         26G         82G        1.1M         15G         97G
2023-08-01 12:28:23  Mem:           125G         26G         82G        1.1M         15G         97G
2023-08-01 12:28:26  Mem:           125G         26G         82G        1.1M         15G         97G
2023-08-01 12:28:29  Mem:           125G         26G         82G        1.1M         16G         97G
2023-08-01 12:28:32  Mem:           125G         26G         82G        1.1M         16G         97G
2023-08-01 12:28:35  Mem:           125G         26G         82G        1.1M         16G         97G
2023-08-01 12:28:38  Mem:           125G         26G         82G        1.1M         16G         97G
2023-08-01 12:28:41  Mem:           125G         26G         82G        1.1M         16G         97G
2023-08-01 12:28:44  Mem:           125G         26G         82G        1.1M         16G         97G
2023-08-01 12:28:47  Mem:           125G         26G         82G        1.1M         16G         97G
2023-08-01 12:28:50  Mem:           125G         26G         82G        1.1M         16G         97G
2023-08-01 12:28:53  Mem:           125G         26G         82G        1.1M         16G         97G
2023-08-01 12:28:56  Mem:           125G         26G         82G        1.1M         16G         97G
2023-08-01 12:28:59  Mem:           125G         26G         82G        1.1M         16G         97G
2023-08-01 12:29:02  Mem:           125G         26G         82G        1.1M         16G         97G
2023-08-01 12:29:05  Mem:           125G         26G         81G        1.1M         16G         97G
2023-08-01 12:29:08  Mem:           125G         26G         81G        1.1M         16G         97G
2023-08-01 12:29:11  Mem:           125G         26G         81G        1.1M         16G         97G
2023-08-01 12:29:14  Mem:           125G         26G         81G        1.1M         16G         97G
2023-08-01 12:29:17  Mem:           125G         26G         81G        1.1M         16G         97G
2023-08-01 12:29:20  Mem:           125G         26G         81G        1.1M         16G         97G
2023-08-01 12:29:23  Mem:           125G         26G         81G        1.1M         16G         97G
2023-08-01 12:29:26  Mem:           125G         26G         81G        1.1M         16G         97G
2023-08-01 12:29:29  Mem:           125G         27G         81G        1.1M         16G         97G
2023-08-01 12:29:32  Mem:           125G         27G         81G        1.1M         16G         97G
2023-08-01 12:29:35  Mem:           125G         27G         81G        1.1M         16G         97G
2023-08-01 12:29:38  Mem:           125G         27G         81G        1.1M         16G         97G
2023-08-01 12:29:41  Mem:           125G         27G         81G        1.1M         16G         97G
2023-08-01 12:29:44  Mem:           125G         27G         81G        1.1M         16G         97G
2023-08-01 12:29:47  Mem:           125G         27G         81G        1.1M         16G         97G
2023-08-01 12:29:50  Mem:           125G         27G         81G        1.1M         16G         97G
2023-08-01 12:29:53  Mem:           125G         27G         81G        1.1M         16G         97G
2023-08-01 12:29:56  Mem:           125G         27G         81G        1.1M         16G         96G
2023-08-01 12:29:59  Mem:           125G         27G         80G        1.1M         16G         96G
2023-08-01 12:30:02  Mem:           125G         27G         80G        1.1M         16G         96G
2023-08-01 12:30:05  Mem:           125G         27G         80G        1.1M         16G         96G
2023-08-01 12:30:08  Mem:           125G         27G         80G        1.1M         16G         96G
2023-08-01 12:30:11  Mem:           125G         27G         80G        1.1M         17G         96G
2023-08-01 12:30:14  Mem:           125G         27G         80G        1.1M         17G         96G
2023-08-01 12:30:17  Mem:           125G         27G         80G        1.1M         17G         96G
2023-08-01 12:30:20  Mem:           125G         27G         80G        1.1M         17G         96G
2023-08-01 12:30:23  Mem:           125G         27G         80G        1.1M         17G         96G
2023-08-01 12:30:26  Mem:           125G         27G         80G        1.1M         17G         96G
2023-08-01 12:30:29  Mem:           125G         27G         80G        1.1M         17G         96G
2023-08-01 12:30:32  Mem:           125G         27G         80G        1.1M         17G         96G
2023-08-01 12:30:35  Mem:           125G         27G         80G        1.1M         17G         96G
2023-08-01 12:30:38  Mem:           125G         27G         80G        1.1M         17G         96G
2023-08-01 12:30:41  Mem:           125G         27G         80G        1.1M         17G         96G
2023-08-01 12:30:44  Mem:           125G         27G         80G        1.1M         17G         96G
2023-08-01 12:30:47  Mem:           125G         27G         80G        1.1M         17G         96G
2023-08-01 12:30:50  Mem:           125G         27G         80G        1.1M         17G         96G
2023-08-01 12:30:53  Mem:           125G         27G         80G        1.1M         17G         96G
2023-08-01 12:30:56  Mem:           125G         27G         80G        1.1M         17G         96G
2023-08-01 12:30:59  Mem:           125G         27G         79G        1.1M         17G         96G
2023-08-01 12:31:02  Mem:           125G         27G         79G        1.1M         17G         96G
2023-08-01 12:31:05  Mem:           125G         27G         79G        1.1M         17G         96G
2023-08-01 12:31:08  Mem:           125G         27G         79G        1.1M         17G         96G
2023-08-01 12:31:12  Mem:           125G         27G         79G        1.1M         17G         96G
2023-08-01 12:31:15  Mem:           125G         27G         79G        1.1M         17G         96G
2023-08-01 12:31:18  Mem:           125G         27G         79G        1.1M         17G         96G
2023-08-01 12:31:21  Mem:           125G         27G         79G        1.1M         17G         96G
2023-08-01 12:31:24  Mem:           125G         27G         79G        1.1M         17G         96G
2023-08-01 12:31:27  Mem:           125G         27G         79G        1.1M         17G         96G
2023-08-01 12:31:30  Mem:           125G         27G         79G        1.1M         17G         96G
2023-08-01 12:31:33  Mem:           125G         27G         79G        1.1M         17G         96G
2023-08-01 12:31:36  Mem:           125G         27G         79G        1.1M         17G         96G
2023-08-01 12:31:39  Mem:           125G         28G         79G        1.1M         17G         96G
2023-08-01 12:31:42  Mem:           125G         28G         79G        1.1M         17G         96G
2023-08-01 12:31:45  Mem:           125G         28G         79G        1.1M         17G         96G
2023-08-01 12:31:48  Mem:           125G         28G         79G        1.1M         17G         96G
2023-08-01 12:31:51  Mem:           125G         28G         79G        1.1M         18G         96G
2023-08-01 12:31:54  Mem:           125G         28G         78G        1.1M         18G         96G
2023-08-01 12:31:57  Mem:           125G         28G         78G        1.1M         18G         96G
2023-08-01 12:32:00  Mem:           125G         28G         78G        1.1M         18G         96G
2023-08-01 12:32:03  Mem:           125G         28G         78G        1.1M         18G         96G
2023-08-01 12:32:06  Mem:           125G         28G         78G        1.1M         18G         95G
2023-08-01 12:32:09  Mem:           125G         28G         78G        1.1M         18G         95G
2023-08-01 12:32:12  Mem:           125G         28G         78G        1.1M         18G         95G
2023-08-01 12:32:15  Mem:           125G         28G         78G        1.1M         18G         95G
2023-08-01 12:32:18  Mem:           125G         28G         78G        1.1M         18G         95G
2023-08-01 12:32:21  Mem:           125G         28G         78G        1.1M         18G         95G
2023-08-01 12:32:24  Mem:           125G         28G         78G        1.1M         18G         95G
2023-08-01 12:32:27  Mem:           125G         28G         78G        1.1M         18G         95G
2023-08-01 12:32:30  Mem:           125G         28G         78G        1.1M         18G         95G
2023-08-01 12:32:33  Mem:           125G         28G         78G        1.1M         18G         95G
2023-08-01 12:32:36  Mem:           125G         28G         78G        1.1M         18G         95G
2023-08-01 12:32:39  Mem:           125G         28G         78G        1.1M         18G         95G
2023-08-01 12:32:42  Mem:           125G         28G         78G        1.1M         18G         95G
2023-08-01 12:32:45  Mem:           125G         28G         78G        1.1M         18G         95G
2023-08-01 12:32:48  Mem:           125G         28G         77G        1.1M         18G         95G
2023-08-01 12:32:51  Mem:           125G         28G         77G        1.1M         18G         95G
2023-08-01 12:32:54  Mem:           125G         28G         77G        1.1M         18G         95G
2023-08-01 12:32:57  Mem:           125G         28G         77G        1.1M         18G         95G
2023-08-01 12:33:00  Mem:           125G         28G         77G        1.1M         18G         95G
2023-08-01 12:33:03  Mem:           125G         28G         77G        1.1M         18G         95G
2023-08-01 12:33:06  Mem:           125G         28G         77G        1.1M         18G         95G
2023-08-01 12:33:09  Mem:           125G         28G         77G        1.1M         18G         95G
2023-08-01 12:33:12  Mem:           125G         28G         77G        1.1M         18G         95G
2023-08-01 12:33:15  Mem:           125G         28G         77G        1.1M         18G         95G
2023-08-01 12:33:18  Mem:           125G         28G         77G        1.1M         18G         95G
2023-08-01 12:33:21  Mem:           125G         28G         77G        1.1M         18G         95G
2023-08-01 12:33:24  Mem:           125G         28G         77G        1.1M         18G         95G
2023-08-01 12:33:27  Mem:           125G         28G         77G        1.1M         19G         95G
2023-08-01 12:33:30  Mem:           125G         28G         77G        1.1M         19G         95G
2023-08-01 12:33:33  Mem:           125G         28G         77G        1.1M         19G         95G
2023-08-01 12:33:36  Mem:           125G         28G         77G        1.1M         19G         95G
2023-08-01 12:33:39  Mem:           125G         28G         77G        1.1M         19G         95G
2023-08-01 12:33:42  Mem:           125G         29G         76G        1.1M         19G         95G
2023-08-01 12:33:45  Mem:           125G         29G         76G        1.1M         19G         95G
2023-08-01 12:33:48  Mem:           125G         29G         76G        1.1M         19G         95G
2023-08-01 12:33:51  Mem:           125G         29G         76G        1.1M         19G         95G
2023-08-01 12:33:54  Mem:           125G         29G         76G        1.1M         19G         95G
2023-08-01 12:33:57  Mem:           125G         29G         76G        1.1M         19G         95G
2023-08-01 12:34:00  Mem:           125G         29G         76G        1.1M         19G         95G
2023-08-01 12:34:03  Mem:           125G         29G         76G        1.1M         19G         95G
2023-08-01 12:34:06  Mem:           125G         29G         76G        1.1M         19G         94G
2023-08-01 12:34:09  Mem:           125G         29G         76G        1.1M         19G         94G
2023-08-01 12:34:12  Mem:           125G         29G         76G        1.1M         19G         94G
2023-08-01 12:34:15  Mem:           125G         29G         76G        1.1M         19G         94G
2023-08-01 12:34:18  Mem:           125G         29G         76G        1.1M         19G         94G
2023-08-01 12:34:21  Mem:           125G         29G         76G        1.1M         19G         94G
2023-08-01 12:34:24  Mem:           125G         29G         76G        1.1M         19G         94G
2023-08-01 12:34:27  Mem:           125G         29G         76G        1.1M         19G         94G
2023-08-01 12:34:30  Mem:           125G         29G         76G        1.1M         19G         94G
2023-08-01 12:34:33  Mem:           125G         29G         75G        1.1M         19G         94G
2023-08-01 12:34:36  Mem:           125G         29G         75G        1.1M         19G         94G
2023-08-01 12:34:39  Mem:           125G         29G         75G        1.1M         19G         94G
2023-08-01 12:34:42  Mem:           125G         29G         75G        1.1M         19G         94G
2023-08-01 12:34:45  Mem:           125G         29G         75G        1.1M         19G         94G
2023-08-01 12:34:48  Mem:           125G         29G         75G        1.1M         19G         94G
2023-08-01 12:34:51  Mem:           125G         29G         75G        1.1M         19G         94G
2023-08-01 12:34:54  Mem:           125G         29G         75G        1.1M         19G         94G
2023-08-01 12:34:57  Mem:           125G         29G         75G        1.1M         19G         94G
2023-08-01 12:35:00  Mem:           125G         29G         75G        1.1M         20G         94G
2023-08-01 12:35:03  Mem:           125G         29G         75G        1.1M         20G         94G
2023-08-01 12:35:06  Mem:           125G         29G         75G        1.1M         20G         94G
2023-08-01 12:35:09  Mem:           125G         29G         75G        1.1M         20G         94G
2023-08-01 12:35:12  Mem:           125G         29G         75G        1.1M         20G         94G
2023-08-01 12:35:15  Mem:           125G         29G         75G        1.1M         20G         94G
2023-08-01 12:35:18  Mem:           125G         29G         75G        1.1M         20G         94G
2023-08-01 12:35:21  Mem:           125G         29G         74G        1.1M         20G         94G
2023-08-01 12:35:24  Mem:           125G         29G         74G        1.1M         20G         94G
2023-08-01 12:35:27  Mem:           125G         29G         74G        1.1M         20G         94G
2023-08-01 12:35:30  Mem:           125G         29G         74G        1.1M         20G         94G
2023-08-01 12:35:33  Mem:           125G         30G         74G        1.1M         20G         94G
2023-08-01 12:35:36  Mem:           125G         30G         74G        1.1M         20G         94G
2023-08-01 12:35:39  Mem:           125G         30G         74G        1.1M         20G         94G
2023-08-01 12:35:42  Mem:           125G         30G         74G        1.1M         20G         94G
2023-08-01 12:35:45  Mem:           125G         30G         74G        1.1M         20G         94G
2023-08-01 12:35:48  Mem:           125G         30G         74G        1.1M         20G         94G
2023-08-01 12:35:51  Mem:           125G         30G         74G        1.1M         20G         94G
2023-08-01 12:35:54  Mem:           125G         30G         74G        1.1M         20G         93G
2023-08-01 12:35:57  Mem:           125G         30G         74G        1.1M         20G         93G
2023-08-01 12:36:00  Mem:           125G         30G         74G        1.1M         20G         93G
2023-08-01 12:36:03  Mem:           125G         30G         74G        1.1M         20G         93G
2023-08-01 12:36:07  Mem:           125G         30G         73G        1.1M         20G         93G
2023-08-01 12:36:10  Mem:           125G         30G         73G        1.1M         20G         93G
2023-08-01 12:36:13  Mem:           125G         30G         73G        1.1M         20G         93G
2023-08-01 12:36:16  Mem:           125G         30G         73G        1.1M         20G         93G
2023-08-01 12:36:19  Mem:           125G         30G         73G        1.1M         20G         93G
2023-08-01 12:36:22  Mem:           125G         30G         73G        1.1M         20G         93G
2023-08-01 12:36:25  Mem:           125G         30G         73G        1.1M         21G         93G
2023-08-01 12:36:28  Mem:           125G         30G         73G        1.1M         21G         93G
2023-08-01 12:36:31  Mem:           125G         30G         73G        1.1M         21G         93G
2023-08-01 12:36:34  Mem:           125G         30G         73G        1.1M         21G         93G
2023-08-01 12:36:37  Mem:           125G         30G         73G        1.1M         21G         93G
2023-08-01 12:36:40  Mem:           125G         30G         73G        1.1M         21G         93G
2023-08-01 12:36:43  Mem:           125G         30G         73G        1.1M         21G         93G
2023-08-01 12:36:46  Mem:           125G         30G         73G        1.1M         21G         93G
2023-08-01 12:36:49  Mem:           125G         30G         73G        1.1M         21G         93G
2023-08-01 12:36:52  Mem:           125G         30G         72G        1.1M         21G         93G
2023-08-01 12:36:55  Mem:           125G         30G         72G        1.1M         21G         93G
2023-08-01 12:36:58  Mem:           125G         30G         72G        1.1M         21G         93G
2023-08-01 12:37:01  Mem:           125G         30G         72G        1.1M         21G         93G
2023-08-01 12:37:04  Mem:           125G         30G         72G        1.1M         21G         93G
2023-08-01 12:37:07  Mem:           125G         30G         72G        1.1M         21G         93G
2023-08-01 12:37:10  Mem:           125G         31G         72G        1.1M         21G         93G
2023-08-01 12:37:13  Mem:           125G         31G         72G        1.1M         21G         93G
2023-08-01 12:37:16  Mem:           125G         31G         72G        1.1M         21G         93G
2023-08-01 12:37:19  Mem:           125G         31G         72G        1.1M         21G         93G
2023-08-01 12:37:22  Mem:           125G         31G         72G        1.1M         21G         93G
2023-08-01 12:37:25  Mem:           125G         31G         72G        1.1M         21G         93G
2023-08-01 12:37:28  Mem:           125G         31G         72G        1.1M         21G         92G
2023-08-01 12:37:31  Mem:           125G         31G         72G        1.1M         21G         92G
2023-08-01 12:37:34  Mem:           125G         31G         71G        1.1M         21G         92G
2023-08-01 12:37:37  Mem:           125G         31G         71G        1.1M         21G         92G
2023-08-01 12:37:40  Mem:           125G         31G         71G        1.1M         21G         92G
2023-08-01 12:37:43  Mem:           125G         31G         71G        1.1M         22G         92G
2023-08-01 12:37:46  Mem:           125G         31G         71G        1.1M         22G         92G
2023-08-01 12:37:49  Mem:           125G         31G         71G        1.1M         22G         92G
2023-08-01 12:37:52  Mem:           125G         31G         71G        1.1M         22G         92G
2023-08-01 12:37:55  Mem:           125G         31G         71G        1.1M         22G         92G
2023-08-01 12:37:58  Mem:           125G         31G         71G        1.1M         22G         92G
2023-08-01 12:38:01  Mem:           125G         31G         71G        1.1M         22G         92G
2023-08-01 12:38:04  Mem:           125G         31G         71G        1.1M         22G         92G
2023-08-01 12:38:07  Mem:           125G         31G         71G        1.1M         22G         92G
2023-08-01 12:38:10  Mem:           125G         31G         71G        1.1M         22G         92G
2023-08-01 12:38:13  Mem:           125G         31G         71G        1.1M         22G         92G
2023-08-01 12:38:16  Mem:           125G         31G         70G        1.1M         22G         92G
2023-08-01 12:38:19  Mem:           125G         31G         70G        1.1M         22G         92G
2023-08-01 12:38:22  Mem:           125G         31G         70G        1.1M         22G         92G
2023-08-01 12:38:25  Mem:           125G         31G         70G        1.1M         22G         92G
2023-08-01 12:38:28  Mem:           125G         31G         70G        1.1M         22G         92G
2023-08-01 12:38:31  Mem:           125G         31G         70G        1.1M         22G         92G
2023-08-01 12:38:34  Mem:           125G         31G         70G        1.1M         22G         92G
2023-08-01 12:38:37  Mem:           125G         31G         70G        1.1M         22G         92G
2023-08-01 12:38:40  Mem:           125G         31G         70G        1.1M         22G         92G
2023-08-01 12:38:43  Mem:           125G         32G         70G        1.1M         22G         92G
2023-08-01 12:38:46  Mem:           125G         32G         70G        1.1M         22G         92G
2023-08-01 12:38:49  Mem:           125G         32G         70G        1.1M         22G         92G
2023-08-01 12:38:52  Mem:           125G         32G         70G        1.1M         22G         92G
2023-08-01 12:38:55  Mem:           125G         32G         70G        1.1M         22G         92G
2023-08-01 12:38:58  Mem:           125G         32G         70G        1.1M         22G         91G
2023-08-01 12:39:01  Mem:           125G         32G         69G        1.1M         22G         91G
2023-08-01 12:39:04  Mem:           125G         32G         69G        1.1M         23G         91G
2023-08-01 12:39:07  Mem:           125G         32G         69G        1.1M         23G         91G
2023-08-01 12:39:10  Mem:           125G         32G         69G        1.1M         23G         91G
2023-08-01 12:39:13  Mem:           125G         32G         69G        1.1M         23G         91G
2023-08-01 12:39:16  Mem:           125G         32G         69G        1.1M         23G         91G
2023-08-01 12:39:19  Mem:           125G         32G         69G        1.1M         23G         91G
2023-08-01 12:39:22  Mem:           125G         32G         69G        1.1M         23G         91G
2023-08-01 12:39:25  Mem:           125G         32G         69G        1.1M         23G         91G
2023-08-01 12:39:28  Mem:           125G         32G         69G        1.1M         23G         91G
2023-08-01 12:39:31  Mem:           125G         32G         69G        1.1M         23G         91G
2023-08-01 12:39:34  Mem:           125G         32G         69G        1.1M         23G         91G
2023-08-01 12:39:37  Mem:           125G         32G         69G        1.1M         23G         91G
2023-08-01 12:39:40  Mem:           125G         32G         68G        1.1M         23G         91G
2023-08-01 12:39:43  Mem:           125G         32G         68G        1.1M         23G         91G
2023-08-01 12:39:46  Mem:           125G         32G         68G        1.1M         23G         91G
2023-08-01 12:39:49  Mem:           125G         32G         68G        1.1M         23G         91G
2023-08-01 12:39:52  Mem:           125G         32G         68G        1.1M         23G         91G
2023-08-01 12:39:55  Mem:           125G         32G         68G        1.1M         23G         91G
2023-08-01 12:39:58  Mem:           125G         32G         68G        1.1M         23G         91G
2023-08-01 12:40:01  Mem:           125G         32G         68G        1.1M         23G         91G
2023-08-01 12:40:04  Mem:           125G         32G         68G        1.1M         23G         91G
2023-08-01 12:40:07  Mem:           125G         33G         68G        1.1M         23G         91G
2023-08-01 12:40:10  Mem:           125G         33G         68G        1.1M         23G         91G
2023-08-01 12:40:13  Mem:           125G         33G         68G        1.1M         23G         91G
2023-08-01 12:40:16  Mem:           125G         33G         68G        1.1M         23G         91G
2023-08-01 12:40:19  Mem:           125G         33G         67G        1.1M         24G         91G
2023-08-01 12:40:22  Mem:           125G         33G         67G        1.1M         24G         90G
2023-08-01 12:40:25  Mem:           125G         33G         67G        1.1M         24G         90G
2023-08-01 12:40:28  Mem:           125G         33G         67G        1.1M         24G         90G
2023-08-01 12:40:31  Mem:           125G         33G         67G        1.1M         24G         90G
2023-08-01 12:40:34  Mem:           125G         33G         67G        1.1M         24G         90G
2023-08-01 12:40:37  Mem:           125G         33G         67G        1.1M         24G         90G
2023-08-01 12:40:40  Mem:           125G         33G         67G        1.1M         24G         90G
2023-08-01 12:40:43  Mem:           125G         33G         67G        1.1M         24G         90G
2023-08-01 12:40:46  Mem:           125G         33G         67G        1.1M         24G         90G
2023-08-01 12:40:50  Mem:           125G         33G         67G        1.1M         24G         90G
2023-08-01 12:40:53  Mem:           125G         33G         67G        1.1M         24G         90G
2023-08-01 12:40:56  Mem:           125G         33G         67G        1.1M         24G         90G
2023-08-01 12:40:59  Mem:           125G         33G         66G        1.1M         24G         90G
2023-08-01 12:41:02  Mem:           125G         33G         66G        1.1M         24G         90G
2023-08-01 12:41:05  Mem:           125G         33G         66G        1.1M         24G         90G
2023-08-01 12:41:08  Mem:           125G         33G         66G        1.1M         24G         90G
2023-08-01 12:41:11  Mem:           125G         33G         66G        1.1M         24G         90G
2023-08-01 12:41:14  Mem:           125G         33G         66G        1.1M         24G         90G
2023-08-01 12:41:17  Mem:           125G         33G         66G        1.1M         24G         90G
2023-08-01 12:41:20  Mem:           125G         33G         66G        1.1M         24G         90G
2023-08-01 12:41:23  Mem:           125G         33G         66G        1.1M         24G         90G
2023-08-01 12:41:26  Mem:           125G         34G         66G        1.1M         24G         90G
2023-08-01 12:41:29  Mem:           125G         34G         66G        1.1M         24G         90G
2023-08-01 12:41:32  Mem:           125G         34G         66G        1.1M         24G         90G
2023-08-01 12:41:35  Mem:           125G         34G         65G        1.1M         25G         90G
2023-08-01 12:41:38  Mem:           125G         34G         65G        1.1M         25G         90G
2023-08-01 12:41:41  Mem:           125G         34G         65G        1.1M         25G         89G
2023-08-01 12:41:44  Mem:           125G         34G         65G        1.1M         25G         89G
2023-08-01 12:41:47  Mem:           125G         34G         65G        1.1M         25G         89G
2023-08-01 12:41:50  Mem:           125G         34G         65G        1.1M         25G         89G
2023-08-01 12:41:53  Mem:           125G         34G         65G        1.1M         25G         89G
2023-08-01 12:41:56  Mem:           125G         34G         65G        1.1M         25G         89G
2023-08-01 12:41:59  Mem:           125G         34G         65G        1.1M         25G         89G
2023-08-01 12:42:02  Mem:           125G         34G         65G        1.1M         25G         89G
2023-08-01 12:42:05  Mem:           125G         34G         65G        1.1M         25G         89G
2023-08-01 12:42:08  Mem:           125G         34G         65G        1.1M         25G         89G
2023-08-01 12:42:11  Mem:           125G         34G         65G        1.1M         25G         89G
2023-08-01 12:42:14  Mem:           125G         34G         64G        1.1M         25G         89G
2023-08-01 12:42:17  Mem:           125G         34G         64G        1.1M         25G         89G
2023-08-01 12:42:20  Mem:           125G         34G         64G        1.1M         25G         89G
2023-08-01 12:42:23  Mem:           125G         34G         64G        1.1M         25G         89G
2023-08-01 12:42:26  Mem:           125G         34G         64G        1.1M         25G         89G
2023-08-01 12:42:29  Mem:           125G         34G         64G        1.1M         25G         89G
2023-08-01 12:42:32  Mem:           125G         34G         64G        1.1M         25G         89G
2023-08-01 12:42:35  Mem:           125G         34G         64G        1.1M         25G         89G
2023-08-01 12:42:38  Mem:           125G         35G         64G        1.1M         25G         89G
2023-08-01 12:42:41  Mem:           125G         35G         64G        1.1M         25G         89G
2023-08-01 12:42:44  Mem:           125G         35G         64G        1.1M         25G         89G
2023-08-01 12:42:47  Mem:           125G         35G         64G        1.1M         26G         89G
2023-08-01 12:42:50  Mem:           125G         35G         63G        1.1M         26G         89G
2023-08-01 12:42:53  Mem:           125G         35G         63G        1.1M         26G         88G
2023-08-01 12:42:56  Mem:           125G         35G         63G        1.1M         26G         88G
2023-08-01 12:42:59  Mem:           125G         35G         63G        1.1M         26G         88G
2023-08-01 12:43:02  Mem:           125G         35G         63G        1.1M         26G         88G
2023-08-01 12:43:05  Mem:           125G         35G         63G        1.1M         26G         88G
2023-08-01 12:43:08  Mem:           125G         35G         63G        1.1M         26G         88G
2023-08-01 12:43:11  Mem:           125G         35G         63G        1.1M         26G         88G
2023-08-01 12:43:14  Mem:           125G         35G         63G        1.1M         26G         88G
2023-08-01 12:43:17  Mem:           125G         35G         63G        1.1M         26G         88G
2023-08-01 12:43:20  Mem:           125G         35G         63G        1.1M         26G         88G
2023-08-01 12:43:23  Mem:           125G         35G         63G        1.1M         26G         88G
2023-08-01 12:43:26  Mem:           125G         35G         62G        1.1M         26G         88G
2023-08-01 12:43:29  Mem:           125G         35G         62G        1.1M         26G         88G
2023-08-01 12:43:32  Mem:           125G         35G         62G        1.1M         26G         88G
2023-08-01 12:43:35  Mem:           125G         35G         62G        1.1M         26G         88G
2023-08-01 12:43:38  Mem:           125G         35G         62G        1.1M         26G         88G
2023-08-01 12:43:41  Mem:           125G         35G         62G        1.1M         26G         88G
2023-08-01 12:43:44  Mem:           125G         35G         62G        1.1M         26G         88G
2023-08-01 12:43:47  Mem:           125G         35G         62G        1.1M         26G         88G
2023-08-01 12:43:50  Mem:           125G         36G         62G        1.1M         26G         88G
2023-08-01 12:43:53  Mem:           125G         36G         62G        1.1M         26G         88G
2023-08-01 12:43:56  Mem:           125G         36G         62G        1.1M         26G         88G
2023-08-01 12:43:59  Mem:           125G         36G         62G        1.1M         26G         88G
2023-08-01 12:44:02  Mem:           125G         36G         61G        1.1M         27G         87G
2023-08-01 12:44:05  Mem:           125G         36G         61G        1.1M         27G         87G
2023-08-01 12:44:08  Mem:           125G         36G         61G        1.1M         27G         87G
2023-08-01 12:44:11  Mem:           125G         36G         61G        1.1M         27G         87G
2023-08-01 12:44:14  Mem:           125G         36G         61G        1.1M         27G         87G
2023-08-01 12:44:17  Mem:           125G         36G         61G        1.1M         27G         87G
2023-08-01 12:44:20  Mem:           125G         36G         61G        1.1M         27G         87G
2023-08-01 12:44:23  Mem:           125G         36G         61G        1.1M         27G         87G
2023-08-01 12:44:26  Mem:           125G         36G         61G        1.1M         27G         87G
2023-08-01 12:44:29  Mem:           125G         36G         61G        1.1M         27G         87G
2023-08-01 12:44:32  Mem:           125G         36G         61G        1.1M         27G         87G
2023-08-01 12:44:35  Mem:           125G         36G         60G        1.1M         27G         87G
2023-08-01 12:44:38  Mem:           125G         36G         60G        1.1M         27G         87G
2023-08-01 12:44:41  Mem:           125G         36G         60G        1.1M         27G         87G
2023-08-01 12:44:44  Mem:           125G         36G         60G        1.1M         27G         87G
2023-08-01 12:44:47  Mem:           125G         36G         60G        1.1M         27G         87G
2023-08-01 12:44:50  Mem:           125G         36G         60G        1.1M         27G         87G
2023-08-01 12:44:53  Mem:           125G         36G         60G        1.1M         27G         87G
2023-08-01 12:44:56  Mem:           125G         37G         60G        1.1M         27G         87G
2023-08-01 12:44:59  Mem:           125G         37G         60G        1.1M         27G         87G
2023-08-01 12:45:02  Mem:           125G         37G         60G        1.1M         27G         87G
2023-08-01 12:45:05  Mem:           125G         37G         60G        1.1M         27G         87G
2023-08-01 12:45:08  Mem:           125G         37G         60G        1.1M         27G         86G
2023-08-01 12:45:11  Mem:           125G         37G         59G        1.1M         27G         86G
2023-08-01 12:45:14  Mem:           125G         37G         59G        1.1M         28G         86G
2023-08-01 12:45:17  Mem:           125G         37G         59G        1.1M         28G         86G
2023-08-01 12:45:20  Mem:           125G         37G         59G        1.1M         28G         86G
2023-08-01 12:45:23  Mem:           125G         37G         59G        1.1M         28G         86G
2023-08-01 12:45:26  Mem:           125G         37G         59G        1.1M         28G         86G
2023-08-01 12:45:29  Mem:           125G         37G         59G        1.1M         28G         86G
2023-08-01 12:45:32  Mem:           125G         37G         59G        1.1M         28G         86G
2023-08-01 12:45:35  Mem:           125G         37G         59G        1.1M         28G         86G
2023-08-01 12:45:38  Mem:           125G         37G         59G        1.1M         28G         86G
2023-08-01 12:45:41  Mem:           125G         37G         59G        1.1M         28G         86G
2023-08-01 12:45:44  Mem:           125G         37G         58G        1.1M         28G         86G
2023-08-01 12:45:47  Mem:           125G         37G         58G        1.1M         28G         86G
2023-08-01 12:45:50  Mem:           125G         37G         58G        1.1M         28G         86G
2023-08-01 12:45:53  Mem:           125G         37G         58G        1.1M         28G         86G
2023-08-01 12:45:57  Mem:           125G         37G         58G        1.1M         28G         86G
2023-08-01 12:46:00  Mem:           125G         38G         58G        1.1M         28G         86G
2023-08-01 12:46:03  Mem:           125G         38G         58G        1.1M         28G         86G
2023-08-01 12:46:06  Mem:           125G         38G         58G        1.1M         28G         86G
2023-08-01 12:46:09  Mem:           125G         38G         58G        1.1M         28G         86G
2023-08-01 12:46:12  Mem:           125G         38G         58G        1.1M         28G         85G
2023-08-01 12:46:15  Mem:           125G         38G         58G        1.1M         28G         85G
2023-08-01 12:46:18  Mem:           125G         38G         57G        1.1M         28G         85G
2023-08-01 12:46:21  Mem:           125G         38G         57G        1.1M         28G         85G
2023-08-01 12:46:24  Mem:           125G         38G         57G        1.1M         28G         85G
