time               total        used        free      shared  buff/cache   available
2023-07-31 22:38:51  Mem:           125G         14G        101G        1.1M        9.1G        110G
2023-07-31 22:38:54  Mem:           125G         14G        101G        1.1M        9.1G        109G
2023-07-31 22:38:57  Mem:           125G         14G        101G        1.1M        9.1G        109G
2023-07-31 22:39:00  Mem:           125G         14G        101G        1.1M        9.1G        109G
2023-07-31 22:39:03  Mem:           125G         14G        101G        1.1M        9.1G        109G
2023-07-31 22:39:06  Mem:           125G         14G        101G        1.1M        9.1G        109G
2023-07-31 22:39:09  Mem:           125G         15G        100G        1.1M        9.1G        109G
2023-07-31 22:39:12  Mem:           125G         15G        100G        1.1M        9.2G        108G
2023-07-31 22:39:15  Mem:           125G         15G        100G        1.1M        9.2G        108G
2023-07-31 22:39:18  Mem:           125G         15G        100G        1.1M        9.2G        108G
2023-07-31 22:39:21  Mem:           125G         15G        100G        1.1M        9.2G        108G
2023-07-31 22:39:24  Mem:           125G         15G        100G        1.1M        9.3G        108G
2023-07-31 22:39:27  Mem:           125G         15G        100G        1.1M        9.3G        108G
2023-07-31 22:39:31  Mem:           125G         15G        100G        1.1M        9.3G        108G
2023-07-31 22:39:34  Mem:           125G         15G        100G        1.1M        9.4G        108G
2023-07-31 22:39:37  Mem:           125G         15G        100G        1.1M        9.4G        108G
2023-07-31 22:39:40  Mem:           125G         15G        100G        1.1M        9.4G        108G
2023-07-31 22:39:43  Mem:           125G         15G        100G        1.1M        9.5G        108G
2023-07-31 22:39:46  Mem:           125G         15G         99G        1.1M        9.5G        108G
2023-07-31 22:39:49  Mem:           125G         15G         99G        1.1M        9.5G        108G
2023-07-31 22:39:52  Mem:           125G         15G         99G        1.1M        9.6G        108G
2023-07-31 22:39:55  Mem:           125G         15G         99G        1.1M        9.6G        108G
2023-07-31 22:39:58  Mem:           125G         15G         99G        1.1M        9.6G        108G
2023-07-31 22:40:01  Mem:           125G         15G         99G        1.1M        9.7G        108G
2023-07-31 22:40:04  Mem:           125G         15G         99G        1.1M        9.7G        108G
2023-07-31 22:40:07  Mem:           125G         15G         99G        1.1M        9.7G        108G
2023-07-31 22:40:11  Mem:           125G         15G         99G        1.1M        9.8G        108G
2023-07-31 22:40:14  Mem:           125G         16G         99G        1.1M        9.8G        108G
2023-07-31 22:40:17  Mem:           125G         16G         99G        1.1M        9.8G        108G
2023-07-31 22:40:20  Mem:           125G         16G         99G        1.1M        9.9G        108G
2023-07-31 22:40:23  Mem:           125G         16G         99G        1.1M        9.9G        108G
2023-07-31 22:40:26  Mem:           125G         16G         99G        1.1M        9.9G        108G
2023-07-31 22:40:29  Mem:           125G         16G         98G        1.1M          9G        108G
2023-07-31 22:40:32  Mem:           125G         16G         98G        1.1M         10G        107G
2023-07-31 22:40:35  Mem:           125G         16G         98G        1.1M         10G        107G
2023-07-31 22:40:38  Mem:           125G         16G         98G        1.1M         10G        107G
2023-07-31 22:40:41  Mem:           125G         16G         98G        1.1M         10G        107G
2023-07-31 22:40:44  Mem:           125G         16G         98G        1.1M         10G        107G
2023-07-31 22:40:47  Mem:           125G         16G         98G        1.1M         10G        107G
2023-07-31 22:40:50  Mem:           125G         16G         98G        1.1M         10G        107G
2023-07-31 22:40:53  Mem:           125G         16G         98G        1.1M         10G        107G
2023-07-31 22:40:56  Mem:           125G         16G         98G        1.1M         10G        107G
2023-07-31 22:40:59  Mem:           125G         16G         98G        1.1M         10G        107G
2023-07-31 22:41:02  Mem:           125G         16G         98G        1.1M         10G        107G
2023-07-31 22:41:05  Mem:           125G         16G         98G        1.1M         10G        107G
2023-07-31 22:41:08  Mem:           125G         16G         98G        1.1M         10G        107G
2023-07-31 22:41:11  Mem:           125G         16G         98G        1.1M         10G        107G
2023-07-31 22:41:14  Mem:           125G         16G         98G        1.1M         10G        107G
2023-07-31 22:41:17  Mem:           125G         16G         97G        1.1M         10G        107G
2023-07-31 22:41:20  Mem:           125G         16G         97G        1.1M         10G        107G
2023-07-31 22:41:23  Mem:           125G         16G         97G        1.1M         10G        107G
2023-07-31 22:41:26  Mem:           125G         16G         97G        1.1M         10G        107G
2023-07-31 22:41:29  Mem:           125G         16G         97G        1.1M         10G        107G
2023-07-31 22:41:32  Mem:           125G         16G         97G        1.1M         10G        107G
2023-07-31 22:41:35  Mem:           125G         16G         97G        1.1M         10G        107G
2023-07-31 22:41:38  Mem:           125G         16G         97G        1.1M         10G        107G
2023-07-31 22:41:41  Mem:           125G         16G         97G        1.1M         10G        107G
2023-07-31 22:41:44  Mem:           125G         16G         97G        1.1M         10G        107G
2023-07-31 22:41:47  Mem:           125G         17G         97G        1.1M         10G        107G
2023-07-31 22:41:50  Mem:           125G         17G         97G        1.1M         10G        107G
2023-07-31 22:41:53  Mem:           125G         17G         97G        1.1M         10G        107G
2023-07-31 22:41:56  Mem:           125G         17G         97G        1.1M         10G        107G
2023-07-31 22:41:59  Mem:           125G         17G         97G        1.1M         10G        107G
2023-07-31 22:42:02  Mem:           125G         17G         97G        1.1M         10G        107G
2023-07-31 22:42:05  Mem:           125G         17G         97G        1.1M         10G        107G
2023-07-31 22:42:08  Mem:           125G         17G         97G        1.1M         10G        107G
2023-07-31 22:42:11  Mem:           125G         17G         97G        1.1M         10G        107G
2023-07-31 22:42:14  Mem:           125G         17G         96G        1.1M         10G        106G
2023-07-31 22:42:17  Mem:           125G         17G         96G        1.1M         10G        106G
2023-07-31 22:42:20  Mem:           125G         17G         96G        1.1M         11G        106G
2023-07-31 22:42:23  Mem:           125G         17G         96G        1.1M         11G        106G
2023-07-31 22:42:26  Mem:           125G         17G         96G        1.1M         11G        106G
2023-07-31 22:42:29  Mem:           125G         17G         96G        1.1M         11G        106G
2023-07-31 22:42:32  Mem:           125G         17G         96G        1.1M         11G        106G
2023-07-31 22:42:35  Mem:           125G         17G         96G        1.1M         11G        106G
2023-07-31 22:42:38  Mem:           125G         17G         96G        1.1M         11G        106G
2023-07-31 22:42:42  Mem:           125G         17G         96G        1.1M         11G        106G
2023-07-31 22:42:45  Mem:           125G         17G         96G        1.1M         11G        106G
2023-07-31 22:42:48  Mem:           125G         17G         96G        1.1M         11G        106G
2023-07-31 22:42:51  Mem:           125G         17G         96G        1.1M         11G        106G
2023-07-31 22:42:54  Mem:           125G         17G         96G        1.1M         11G        106G
2023-07-31 22:42:57  Mem:           125G         17G         96G        1.1M         11G        106G
2023-07-31 22:43:00  Mem:           125G         17G         96G        1.1M         11G        106G
2023-07-31 22:43:03  Mem:           125G         17G         96G        1.1M         11G        106G
2023-07-31 22:43:06  Mem:           125G         17G         96G        1.1M         11G        106G
2023-07-31 22:43:09  Mem:           125G         17G         95G        1.1M         11G        106G
2023-07-31 22:43:12  Mem:           125G         17G         95G        1.1M         11G        106G
2023-07-31 22:43:15  Mem:           125G         17G         95G        1.1M         11G        106G
2023-07-31 22:43:18  Mem:           125G         17G         95G        1.1M         11G        106G
2023-07-31 22:43:21  Mem:           125G         17G         95G        1.1M         11G        106G
2023-07-31 22:43:24  Mem:           125G         17G         95G        1.1M         11G        106G
2023-07-31 22:43:27  Mem:           125G         17G         95G        1.1M         11G        106G
2023-07-31 22:43:30  Mem:           125G         17G         95G        1.1M         11G        106G
2023-07-31 22:43:33  Mem:           125G         17G         95G        1.1M         11G        106G
2023-07-31 22:43:36  Mem:           125G         17G         95G        1.1M         11G        106G
2023-07-31 22:43:39  Mem:           125G         17G         95G        1.1M         11G        106G
2023-07-31 22:43:42  Mem:           125G         18G         95G        1.1M         11G        106G
2023-07-31 22:43:45  Mem:           125G         18G         95G        1.1M         11G        106G
2023-07-31 22:43:48  Mem:           125G         18G         95G        1.1M         11G        106G
2023-07-31 22:43:51  Mem:           125G         18G         95G        1.1M         11G        106G
2023-07-31 22:43:54  Mem:           125G         18G         95G        1.1M         11G        106G
2023-07-31 22:43:57  Mem:           125G         18G         95G        1.1M         11G        106G
2023-07-31 22:44:00  Mem:           125G         18G         95G        1.1M         11G        106G
2023-07-31 22:44:03  Mem:           125G         18G         95G        1.1M         11G        106G
2023-07-31 22:44:07  Mem:           125G         18G         94G        1.1M         11G        106G
2023-07-31 22:44:10  Mem:           125G         18G         94G        1.1M         12G        105G
2023-07-31 22:44:13  Mem:           125G         18G         94G        1.1M         12G        105G
2023-07-31 22:44:16  Mem:           125G         18G         94G        1.1M         12G        105G
2023-07-31 22:44:19  Mem:           125G         18G         94G        1.1M         12G        105G
2023-07-31 22:44:22  Mem:           125G         18G         94G        1.1M         12G        105G
2023-07-31 22:44:25  Mem:           125G         18G         94G        1.1M         12G        105G
2023-07-31 22:44:28  Mem:           125G         18G         94G        1.1M         12G        105G
2023-07-31 22:44:31  Mem:           125G         18G         94G        1.1M         12G        105G
2023-07-31 22:44:34  Mem:           125G         18G         94G        1.1M         12G        105G
2023-07-31 22:44:37  Mem:           125G         18G         94G        1.1M         12G        105G
2023-07-31 22:44:40  Mem:           125G         18G         94G        1.1M         12G        105G
2023-07-31 22:44:43  Mem:           125G         18G         94G        1.1M         12G        105G
2023-07-31 22:44:46  Mem:           125G         18G         94G        1.1M         12G        105G
2023-07-31 22:44:49  Mem:           125G         18G         94G        1.1M         12G        105G
2023-07-31 22:44:52  Mem:           125G         18G         94G        1.1M         12G        105G
2023-07-31 22:44:55  Mem:           125G         18G         94G        1.1M         12G        105G
2023-07-31 22:44:58  Mem:           125G         18G         94G        1.1M         12G        105G
2023-07-31 22:45:01  Mem:           125G         18G         93G        1.1M         12G        105G
2023-07-31 22:45:04  Mem:           125G         18G         93G        1.1M         12G        105G
2023-07-31 22:45:07  Mem:           125G         18G         93G        1.1M         12G        105G
2023-07-31 22:45:10  Mem:           125G         18G         93G        1.1M         12G        105G
2023-07-31 22:45:13  Mem:           125G         18G         93G        1.1M         12G        105G
2023-07-31 22:45:16  Mem:           125G         18G         93G        1.1M         12G        105G
2023-07-31 22:45:19  Mem:           125G         18G         93G        1.1M         12G        105G
2023-07-31 22:45:22  Mem:           125G         18G         93G        1.1M         12G        105G
2023-07-31 22:45:25  Mem:           125G         18G         93G        1.1M         12G        105G
2023-07-31 22:45:28  Mem:           125G         18G         93G        1.1M         12G        105G
2023-07-31 22:45:31  Mem:           125G         18G         93G        1.1M         12G        105G
2023-07-31 22:45:34  Mem:           125G         18G         93G        1.1M         12G        105G
2023-07-31 22:45:37  Mem:           125G         18G         93G        1.1M         12G        105G
2023-07-31 22:45:40  Mem:           125G         18G         93G        1.1M         12G        105G
2023-07-31 22:45:43  Mem:           125G         19G         93G        1.1M         12G        105G
2023-07-31 22:45:46  Mem:           125G         19G         93G        1.1M         12G        105G
2023-07-31 22:45:49  Mem:           125G         19G         93G        1.1M         12G        105G
2023-07-31 22:45:52  Mem:           125G         19G         93G        1.1M         12G        105G
2023-07-31 22:45:55  Mem:           125G         19G         93G        1.1M         13G        105G
2023-07-31 22:45:58  Mem:           125G         19G         92G        1.1M         13G        105G
2023-07-31 22:46:01  Mem:           125G         19G         92G        1.1M         13G        105G
2023-07-31 22:46:04  Mem:           125G         19G         92G        1.1M         13G        105G
2023-07-31 22:46:07  Mem:           125G         19G         92G        1.1M         13G        105G
2023-07-31 22:46:10  Mem:           125G         19G         92G        1.1M         13G        104G
2023-07-31 22:46:13  Mem:           125G         19G         92G        1.1M         13G        104G
2023-07-31 22:46:16  Mem:           125G         19G         92G        1.1M         13G        104G
2023-07-31 22:46:19  Mem:           125G         19G         92G        1.1M         13G        104G
2023-07-31 22:46:22  Mem:           125G         19G         92G        1.1M         13G        104G
2023-07-31 22:46:25  Mem:           125G         19G         92G        1.1M         13G        104G
2023-07-31 22:46:28  Mem:           125G         19G         92G        1.1M         13G        104G
2023-07-31 22:46:31  Mem:           125G         19G         92G        1.1M         13G        104G
2023-07-31 22:46:34  Mem:           125G         19G         92G        1.1M         13G        104G
2023-07-31 22:46:37  Mem:           125G         19G         92G        1.1M         13G        104G
2023-07-31 22:46:40  Mem:           125G         19G         92G        1.1M         13G        104G
2023-07-31 22:46:43  Mem:           125G         19G         92G        1.1M         13G        104G
2023-07-31 22:46:46  Mem:           125G         19G         92G        1.1M         13G        104G
2023-07-31 22:46:49  Mem:           125G         19G         92G        1.1M         13G        104G
2023-07-31 22:46:52  Mem:           125G         19G         92G        1.1M         13G        104G
2023-07-31 22:46:55  Mem:           125G         19G         91G        1.1M         13G        104G
2023-07-31 22:46:58  Mem:           125G         19G         91G        1.1M         13G        104G
2023-07-31 22:47:01  Mem:           125G         19G         91G        1.1M         13G        104G
2023-07-31 22:47:04  Mem:           125G         19G         91G        1.1M         13G        104G
2023-07-31 22:47:07  Mem:           125G         19G         91G        1.1M         13G        104G
2023-07-31 22:47:10  Mem:           125G         19G         91G        1.1M         13G        104G
2023-07-31 22:47:13  Mem:           125G         19G         91G        1.1M         13G        104G
2023-07-31 22:47:16  Mem:           125G         19G         91G        1.1M         13G        104G
2023-07-31 22:47:19  Mem:           125G         19G         91G        1.1M         13G        104G
2023-07-31 22:47:22  Mem:           125G         19G         91G        1.1M         13G        104G
2023-07-31 22:47:25  Mem:           125G         19G         91G        1.1M         13G        104G
2023-07-31 22:47:28  Mem:           125G         19G         91G        1.1M         13G        104G
2023-07-31 22:47:31  Mem:           125G         19G         91G        1.1M         13G        104G
2023-07-31 22:47:34  Mem:           125G         19G         91G        1.1M         13G        104G
2023-07-31 22:47:37  Mem:           125G         19G         91G        1.1M         13G        104G
2023-07-31 22:47:40  Mem:           125G         20G         91G        1.1M         14G        104G
2023-07-31 22:47:43  Mem:           125G         20G         91G        1.1M         14G        104G
2023-07-31 22:47:46  Mem:           125G         20G         91G        1.1M         14G        104G
2023-07-31 22:47:49  Mem:           125G         20G         90G        1.1M         14G        104G
2023-07-31 22:47:52  Mem:           125G         20G         90G        1.1M         14G        104G
2023-07-31 22:47:55  Mem:           125G         20G         90G        1.1M         14G        104G
2023-07-31 22:47:58  Mem:           125G         20G         90G        1.1M         14G        104G
2023-07-31 22:48:04  Mem:           125G         20G         90G        1.1M         14G        104G
2023-07-31 22:48:07  Mem:           125G         20G         90G        1.1M         14G        103G
2023-07-31 22:48:10  Mem:           125G         20G         90G        1.1M         14G        103G
2023-07-31 22:48:13  Mem:           125G         20G         90G        1.1M         14G        103G
2023-07-31 22:48:16  Mem:           125G         20G         90G        1.1M         14G        103G
2023-07-31 22:48:19  Mem:           125G         20G         90G        1.1M         14G        103G
2023-07-31 22:48:22  Mem:           125G         20G         90G        1.1M         14G        103G
2023-07-31 22:48:25  Mem:           125G         20G         90G        1.1M         14G        103G
2023-07-31 22:48:28  Mem:           125G         20G         90G        1.1M         14G        103G
2023-07-31 22:48:31  Mem:           125G         20G         90G        1.1M         14G        103G
2023-07-31 22:48:34  Mem:           125G         20G         90G        1.1M         14G        103G
2023-07-31 22:48:37  Mem:           125G         20G         90G        1.1M         14G        103G
2023-07-31 22:48:40  Mem:           125G         20G         90G        1.1M         14G        103G
2023-07-31 22:48:43  Mem:           125G         20G         89G        1.1M         14G        103G
2023-07-31 22:48:46  Mem:           125G         20G         89G        1.1M         14G        103G
2023-07-31 22:48:49  Mem:           125G         20G         89G        1.1M         14G        103G
2023-07-31 22:48:52  Mem:           125G         20G         89G        1.1M         14G        103G
2023-07-31 22:48:55  Mem:           125G         20G         89G        1.1M         14G        103G
2023-07-31 22:48:58  Mem:           125G         20G         89G        1.1M         14G        103G
2023-07-31 22:49:01  Mem:           125G         20G         89G        1.1M         14G        103G
2023-07-31 22:49:04  Mem:           125G         20G         89G        1.1M         14G        103G
2023-07-31 22:49:07  Mem:           125G         20G         89G        1.1M         14G        103G
2023-07-31 22:49:10  Mem:           125G         20G         89G        1.1M         14G        103G
2023-07-31 22:49:13  Mem:           125G         20G         89G        1.1M         14G        103G
2023-07-31 22:49:16  Mem:           125G         20G         89G        1.1M         14G        103G
2023-07-31 22:49:19  Mem:           125G         20G         89G        1.1M         15G        103G
2023-07-31 22:49:22  Mem:           125G         20G         89G        1.1M         15G        103G
2023-07-31 22:49:25  Mem:           125G         20G         89G        1.1M         15G        103G
2023-07-31 22:49:28  Mem:           125G         20G         89G        1.1M         15G        103G
2023-07-31 22:49:31  Mem:           125G         20G         89G        1.1M         15G        103G
2023-07-31 22:49:34  Mem:           125G         20G         88G        1.1M         15G        103G
2023-07-31 22:49:37  Mem:           125G         21G         88G        1.1M         15G        103G
2023-07-31 22:49:40  Mem:           125G         21G         88G        1.1M         15G        103G
2023-07-31 22:49:43  Mem:           125G         21G         88G        1.1M         15G        103G
2023-07-31 22:49:46  Mem:           125G         21G         88G        1.1M         15G        103G
2023-07-31 22:49:49  Mem:           125G         21G         88G        1.1M         15G        103G
2023-07-31 22:49:52  Mem:           125G         21G         88G        1.1M         15G        103G
2023-07-31 22:49:55  Mem:           125G         21G         88G        1.1M         15G        103G
2023-07-31 22:49:58  Mem:           125G         21G         88G        1.1M         15G        103G
2023-07-31 22:50:01  Mem:           125G         21G         88G        1.1M         15G        102G
2023-07-31 22:50:04  Mem:           125G         21G         88G        1.1M         15G        102G
2023-07-31 22:50:07  Mem:           125G         21G         88G        1.1M         15G        102G
2023-07-31 22:50:10  Mem:           125G         21G         88G        1.1M         15G        102G
2023-07-31 22:50:13  Mem:           125G         21G         88G        1.1M         15G        102G
2023-07-31 22:50:16  Mem:           125G         21G         88G        1.1M         15G        102G
2023-07-31 22:50:19  Mem:           125G         21G         88G        1.1M         15G        102G
2023-07-31 22:50:22  Mem:           125G         21G         88G        1.1M         15G        102G
2023-07-31 22:50:25  Mem:           125G         21G         88G        1.1M         15G        102G
2023-07-31 22:50:28  Mem:           125G         21G         87G        1.1M         15G        102G
2023-07-31 22:50:31  Mem:           125G         21G         87G        1.1M         15G        102G
2023-07-31 22:50:34  Mem:           125G         21G         87G        1.1M         15G        102G
2023-07-31 22:50:37  Mem:           125G         21G         87G        1.1M         15G        102G
2023-07-31 22:50:40  Mem:           125G         21G         87G        1.1M         15G        102G
2023-07-31 22:50:43  Mem:           125G         21G         87G        1.1M         15G        102G
2023-07-31 22:50:46  Mem:           125G         21G         87G        1.1M         15G        102G
2023-07-31 22:50:49  Mem:           125G         21G         87G        1.1M         15G        102G
2023-07-31 22:50:52  Mem:           125G         21G         87G        1.1M         15G        102G
2023-07-31 22:50:55  Mem:           125G         21G         87G        1.1M         15G        102G
2023-07-31 22:50:58  Mem:           125G         21G         87G        1.1M         16G        102G
2023-07-31 22:51:01  Mem:           125G         21G         87G        1.1M         16G        102G
2023-07-31 22:51:04  Mem:           125G         21G         87G        1.1M         16G        102G
2023-07-31 22:51:07  Mem:           125G         21G         87G        1.1M         16G        102G
2023-07-31 22:51:10  Mem:           125G         21G         87G        1.1M         16G        102G
2023-07-31 22:51:13  Mem:           125G         21G         87G        1.1M         16G        102G
2023-07-31 22:51:16  Mem:           125G         21G         87G        1.1M         16G        102G
2023-07-31 22:51:19  Mem:           125G         21G         86G        1.1M         16G        102G
2023-07-31 22:51:23  Mem:           125G         21G         86G        1.1M         16G        102G
2023-07-31 22:51:26  Mem:           125G         21G         86G        1.1M         16G        102G
2023-07-31 22:51:29  Mem:           125G         21G         86G        1.1M         16G        102G
2023-07-31 22:51:32  Mem:           125G         22G         86G        1.1M         16G        102G
2023-07-31 22:51:35  Mem:           125G         22G         86G        1.1M         16G        102G
2023-07-31 22:51:38  Mem:           125G         22G         86G        1.1M         16G        102G
2023-07-31 22:51:41  Mem:           125G         22G         86G        1.1M         16G        102G
2023-07-31 22:51:44  Mem:           125G         22G         86G        1.1M         16G        102G
2023-07-31 22:51:47  Mem:           125G         22G         86G        1.1M         16G        102G
2023-07-31 22:51:50  Mem:           125G         22G         86G        1.1M         16G        102G
2023-07-31 22:51:53  Mem:           125G         22G         86G        1.1M         16G        101G
2023-07-31 22:51:56  Mem:           125G         22G         86G        1.1M         16G        101G
2023-07-31 22:51:59  Mem:           125G         22G         86G        1.1M         16G        101G
2023-07-31 22:52:02  Mem:           125G         22G         86G        1.1M         16G        101G
2023-07-31 22:52:05  Mem:           125G         22G         86G        1.1M         16G        101G
2023-07-31 22:52:08  Mem:           125G         22G         86G        1.1M         16G        101G
2023-07-31 22:52:11  Mem:           125G         22G         86G        1.1M         16G        101G
2023-07-31 22:52:14  Mem:           125G         22G         85G        1.1M         16G        101G
2023-07-31 22:52:17  Mem:           125G         22G         85G        1.1M         16G        101G
2023-07-31 22:52:20  Mem:           125G         22G         85G        1.1M         16G        101G
2023-07-31 22:52:23  Mem:           125G         22G         85G        1.1M         16G        101G
2023-07-31 22:52:26  Mem:           125G         22G         85G        1.1M         16G        101G
2023-07-31 22:52:29  Mem:           125G         22G         85G        1.1M         16G        101G
2023-07-31 22:52:32  Mem:           125G         22G         85G        1.1M         16G        101G
2023-07-31 22:52:35  Mem:           125G         22G         85G        1.1M         17G        101G
2023-07-31 22:52:38  Mem:           125G         22G         85G        1.1M         17G        101G
2023-07-31 22:52:41  Mem:           125G         22G         85G        1.1M         17G        101G
2023-07-31 22:52:44  Mem:           125G         22G         85G        1.1M         17G        101G
2023-07-31 22:52:47  Mem:           125G         22G         85G        1.1M         17G        101G
2023-07-31 22:52:50  Mem:           125G         22G         85G        1.1M         17G        101G
2023-07-31 22:52:53  Mem:           125G         22G         85G        1.1M         17G        101G
2023-07-31 22:52:56  Mem:           125G         22G         85G        1.1M         17G        101G
2023-07-31 22:52:59  Mem:           125G         22G         85G        1.1M         17G        101G
2023-07-31 22:53:02  Mem:           125G         22G         84G        1.1M         17G        101G
2023-07-31 22:53:05  Mem:           125G         22G         84G        1.1M         17G        101G
2023-07-31 22:53:08  Mem:           125G         22G         84G        1.1M         17G        101G
2023-07-31 22:53:11  Mem:           125G         22G         84G        1.1M         17G        101G
2023-07-31 22:53:14  Mem:           125G         22G         84G        1.1M         17G        101G
2023-07-31 22:53:17  Mem:           125G         22G         84G        1.1M         17G        101G
2023-07-31 22:53:20  Mem:           125G         23G         84G        1.1M         17G        101G
2023-07-31 22:53:23  Mem:           125G         23G         84G        1.1M         17G        101G
2023-07-31 22:53:26  Mem:           125G         23G         84G        1.1M         17G        101G
2023-07-31 22:53:29  Mem:           125G         23G         84G        1.1M         17G        101G
2023-07-31 22:53:32  Mem:           125G         23G         84G        1.1M         17G        101G
2023-07-31 22:53:35  Mem:           125G         23G         84G        1.1M         17G        101G
2023-07-31 22:53:38  Mem:           125G         23G         84G        1.1M         17G        101G
2023-07-31 22:53:41  Mem:           125G         23G         84G        1.1M         17G        101G
2023-07-31 22:53:44  Mem:           125G         23G         84G        1.1M         17G        100G
2023-07-31 22:53:47  Mem:           125G         23G         84G        1.1M         17G        100G
2023-07-31 22:53:50  Mem:           125G         23G         84G        1.1M         17G        100G
2023-07-31 22:53:53  Mem:           125G         23G         83G        1.1M         17G        100G
2023-07-31 22:53:56  Mem:           125G         23G         83G        1.1M         17G        100G
2023-07-31 22:53:59  Mem:           125G         23G         83G        1.1M         17G        100G
2023-07-31 22:54:02  Mem:           125G         23G         83G        1.1M         17G        100G
2023-07-31 22:54:05  Mem:           125G         23G         83G        1.1M         17G        100G
2023-07-31 22:54:08  Mem:           125G         23G         83G        1.1M         18G        100G
2023-07-31 22:54:11  Mem:           125G         23G         83G        1.1M         18G        100G
2023-07-31 22:54:14  Mem:           125G         23G         83G        1.1M         18G        100G
2023-07-31 22:54:17  Mem:           125G         23G         83G        1.1M         18G        100G
2023-07-31 22:54:20  Mem:           125G         23G         83G        1.1M         18G        100G
2023-07-31 22:54:23  Mem:           125G         23G         83G        1.1M         18G        100G
2023-07-31 22:54:26  Mem:           125G         23G         83G        1.1M         18G        100G
2023-07-31 22:54:29  Mem:           125G         23G         83G        1.1M         18G        100G
2023-07-31 22:54:32  Mem:           125G         23G         83G        1.1M         18G        100G
2023-07-31 22:54:35  Mem:           125G         23G         83G        1.1M         18G        100G
2023-07-31 22:54:38  Mem:           125G         23G         83G        1.1M         18G        100G
2023-07-31 22:54:41  Mem:           125G         23G         82G        1.1M         18G        100G
2023-07-31 22:54:44  Mem:           125G         23G         82G        1.1M         18G        100G
2023-07-31 22:54:47  Mem:           125G         23G         82G        1.1M         18G        100G
2023-07-31 22:54:50  Mem:           125G         23G         82G        1.1M         18G        100G
2023-07-31 22:54:53  Mem:           125G         23G         82G        1.1M         18G        100G
2023-07-31 22:54:56  Mem:           125G         23G         82G        1.1M         18G        100G
2023-07-31 22:54:59  Mem:           125G         23G         82G        1.1M         18G        100G
2023-07-31 22:55:02  Mem:           125G         23G         82G        1.1M         18G        100G
2023-07-31 22:55:05  Mem:           125G         23G         82G        1.1M         18G        100G
2023-07-31 22:55:08  Mem:           125G         24G         82G        1.1M         18G        100G
2023-07-31 22:55:11  Mem:           125G         24G         82G        1.1M         18G        100G
2023-07-31 22:55:14  Mem:           125G         24G         82G        1.1M         18G        100G
2023-07-31 22:55:17  Mem:           125G         24G         82G        1.1M         18G        100G
2023-07-31 22:55:20  Mem:           125G         24G         82G        1.1M         18G        100G
2023-07-31 22:55:23  Mem:           125G         24G         82G        1.1M         18G        100G
2023-07-31 22:55:26  Mem:           125G         24G         82G        1.1M         18G        100G
2023-07-31 22:55:29  Mem:           125G         24G         82G        1.1M         18G         99G
2023-07-31 22:55:32  Mem:           125G         24G         81G        1.1M         18G         99G
2023-07-31 22:55:35  Mem:           125G         24G         81G        1.1M         18G         99G
2023-07-31 22:55:38  Mem:           125G         24G         81G        1.1M         19G         99G
2023-07-31 22:55:41  Mem:           125G         24G         81G        1.1M         19G         99G
2023-07-31 22:55:45  Mem:           125G         24G         81G        1.1M         19G         99G
2023-07-31 22:55:48  Mem:           125G         24G         81G        1.1M         19G         99G
2023-07-31 22:55:51  Mem:           125G         24G         81G        1.1M         19G         99G
2023-07-31 22:55:54  Mem:           125G         24G         81G        1.1M         19G         99G
2023-07-31 22:55:57  Mem:           125G         24G         81G        1.1M         19G         99G
2023-07-31 22:56:00  Mem:           125G         24G         81G        1.1M         19G         99G
2023-07-31 22:56:03  Mem:           125G         24G         81G        1.1M         19G         99G
2023-07-31 22:56:06  Mem:           125G         24G         81G        1.1M         19G         99G
2023-07-31 22:56:09  Mem:           125G         24G         81G        1.1M         19G         99G
2023-07-31 22:56:12  Mem:           125G         24G         81G        1.1M         19G         99G
2023-07-31 22:56:15  Mem:           125G         24G         81G        1.1M         19G         99G
2023-07-31 22:56:18  Mem:           125G         24G         81G        1.1M         19G         99G
2023-07-31 22:56:21  Mem:           125G         24G         80G        1.1M         19G         99G
2023-07-31 22:56:24  Mem:           125G         24G         80G        1.1M         19G         99G
2023-07-31 22:56:27  Mem:           125G         24G         80G        1.1M         19G         99G
2023-07-31 22:56:30  Mem:           125G         24G         80G        1.1M         19G         99G
2023-07-31 22:56:33  Mem:           125G         24G         80G        1.1M         19G         99G
2023-07-31 22:56:36  Mem:           125G         24G         80G        1.1M         19G         99G
2023-07-31 22:56:39  Mem:           125G         24G         80G        1.1M         19G         99G
2023-07-31 22:56:42  Mem:           125G         24G         80G        1.1M         19G         99G
2023-07-31 22:56:45  Mem:           125G         24G         80G        1.1M         19G         99G
2023-07-31 22:56:48  Mem:           125G         24G         80G        1.1M         19G         99G
2023-07-31 22:56:51  Mem:           125G         24G         80G        1.1M         19G         99G
2023-07-31 22:56:54  Mem:           125G         25G         80G        1.1M         19G         99G
2023-07-31 22:56:57  Mem:           125G         25G         80G        1.1M         19G         99G
2023-07-31 22:57:00  Mem:           125G         25G         80G        1.1M         19G         99G
2023-07-31 22:57:03  Mem:           125G         25G         80G        1.1M         19G         99G
2023-07-31 22:57:06  Mem:           125G         25G         79G        1.1M         20G         99G
2023-07-31 22:57:09  Mem:           125G         25G         79G        1.1M         20G         99G
2023-07-31 22:57:12  Mem:           125G         25G         79G        1.1M         20G         98G
2023-07-31 22:57:15  Mem:           125G         25G         79G        1.1M         20G         98G
2023-07-31 22:57:18  Mem:           125G         25G         79G        1.1M         20G         98G
2023-07-31 22:57:21  Mem:           125G         25G         79G        1.1M         20G         98G
2023-07-31 22:57:24  Mem:           125G         25G         79G        1.1M         20G         98G
2023-07-31 22:57:27  Mem:           125G         25G         79G        1.1M         20G         98G
2023-07-31 22:57:30  Mem:           125G         25G         79G        1.1M         20G         98G
2023-07-31 22:57:33  Mem:           125G         25G         79G        1.1M         20G         98G
2023-07-31 22:57:36  Mem:           125G         25G         79G        1.1M         20G         98G
2023-07-31 22:57:39  Mem:           125G         25G         79G        1.1M         20G         98G
2023-07-31 22:57:42  Mem:           125G         25G         79G        1.1M         20G         98G
2023-07-31 22:57:45  Mem:           125G         25G         79G        1.1M         20G         98G
2023-07-31 22:57:48  Mem:           125G         25G         79G        1.1M         20G         98G
2023-07-31 22:57:51  Mem:           125G         25G         78G        1.1M         20G         98G
2023-07-31 22:57:54  Mem:           125G         25G         78G        1.1M         20G         98G
2023-07-31 22:57:57  Mem:           125G         25G         78G        1.1M         20G         98G
2023-07-31 22:58:00  Mem:           125G         25G         78G        1.1M         20G         98G
2023-07-31 22:58:03  Mem:           125G         25G         78G        1.1M         20G         98G
2023-07-31 22:58:06  Mem:           125G         25G         78G        1.1M         20G         98G
2023-07-31 22:58:09  Mem:           125G         25G         78G        1.1M         20G         98G
2023-07-31 22:58:12  Mem:           125G         25G         78G        1.1M         20G         98G
2023-07-31 22:58:15  Mem:           125G         25G         78G        1.1M         20G         98G
2023-07-31 22:58:18  Mem:           125G         25G         78G        1.1M         20G         98G
2023-07-31 22:58:21  Mem:           125G         25G         78G        1.1M         20G         98G
2023-07-31 22:58:24  Mem:           125G         25G         78G        1.1M         20G         98G
2023-07-31 22:58:27  Mem:           125G         26G         78G        1.1M         20G         98G
2023-07-31 22:58:30  Mem:           125G         26G         78G        1.1M         21G         98G
2023-07-31 22:58:33  Mem:           125G         26G         78G        1.1M         21G         98G
2023-07-31 22:58:36  Mem:           125G         26G         77G        1.1M         21G         98G
2023-07-31 22:58:39  Mem:           125G         26G         77G        1.1M         21G         98G
2023-07-31 22:58:42  Mem:           125G         26G         77G        1.1M         21G         98G
2023-07-31 22:58:45  Mem:           125G         26G         77G        1.1M         21G         98G
2023-07-31 22:58:48  Mem:           125G         26G         77G        1.1M         21G         97G
2023-07-31 22:58:51  Mem:           125G         26G         77G        1.1M         21G         97G
2023-07-31 22:58:54  Mem:           125G         26G         77G        1.1M         21G         97G
2023-07-31 22:58:57  Mem:           125G         26G         77G        1.1M         21G         97G
2023-07-31 22:59:00  Mem:           125G         26G         77G        1.1M         21G         97G
2023-07-31 22:59:03  Mem:           125G         26G         77G        1.1M         21G         97G
2023-07-31 22:59:06  Mem:           125G         26G         77G        1.1M         21G         97G
2023-07-31 22:59:09  Mem:           125G         26G         77G        1.1M         21G         97G
2023-07-31 22:59:12  Mem:           125G         26G         77G        1.1M         21G         97G
2023-07-31 22:59:15  Mem:           125G         26G         77G        1.1M         21G         97G
2023-07-31 22:59:18  Mem:           125G         26G         77G        1.1M         21G         97G
2023-07-31 22:59:21  Mem:           125G         26G         76G        1.1M         21G         97G
2023-07-31 22:59:24  Mem:           125G         26G         76G        1.1M         21G         97G
2023-07-31 22:59:27  Mem:           125G         26G         76G        1.1M         21G         97G
2023-07-31 22:59:30  Mem:           125G         26G         76G        1.1M         21G         97G
2023-07-31 22:59:33  Mem:           125G         26G         76G        1.1M         21G         97G
2023-07-31 22:59:36  Mem:           125G         26G         76G        1.1M         21G         97G
2023-07-31 22:59:39  Mem:           125G         26G         76G        1.1M         21G         97G
2023-07-31 22:59:42  Mem:           125G         26G         76G        1.1M         21G         97G
2023-07-31 22:59:45  Mem:           125G         26G         76G        1.1M         21G         97G
2023-07-31 22:59:48  Mem:           125G         26G         76G        1.1M         21G         97G
2023-07-31 22:59:51  Mem:           125G         26G         76G        1.1M         22G         97G
2023-07-31 22:59:54  Mem:           125G         26G         76G        1.1M         22G         97G
2023-07-31 22:59:57  Mem:           125G         26G         76G        1.1M         22G         97G
2023-07-31 23:00:00  Mem:           125G         27G         76G        1.1M         22G         97G
2023-07-31 23:00:03  Mem:           125G         27G         75G        1.1M         22G         97G
2023-07-31 23:00:06  Mem:           125G         27G         75G        1.1M         22G         97G
2023-07-31 23:00:09  Mem:           125G         27G         75G        1.1M         22G         97G
2023-07-31 23:00:12  Mem:           125G         27G         75G        1.1M         22G         97G
2023-07-31 23:00:15  Mem:           125G         27G         75G        1.1M         22G         97G
2023-07-31 23:00:18  Mem:           125G         27G         75G        1.1M         22G         96G
2023-07-31 23:00:21  Mem:           125G         27G         75G        1.1M         22G         96G
2023-07-31 23:00:24  Mem:           125G         27G         75G        1.1M         22G         96G
2023-07-31 23:00:27  Mem:           125G         27G         75G        1.1M         22G         96G
2023-07-31 23:00:30  Mem:           125G         27G         75G        1.1M         22G         96G
2023-07-31 23:00:34  Mem:           125G         27G         75G        1.1M         22G         96G
2023-07-31 23:00:37  Mem:           125G         27G         75G        1.1M         22G         96G
2023-07-31 23:00:40  Mem:           125G         27G         75G        1.1M         22G         96G
2023-07-31 23:00:43  Mem:           125G         27G         74G        1.1M         22G         96G
2023-07-31 23:00:46  Mem:           125G         27G         74G        1.1M         22G         96G
2023-07-31 23:00:49  Mem:           125G         27G         74G        1.1M         22G         96G
2023-07-31 23:00:52  Mem:           125G         27G         74G        1.1M         22G         96G
2023-07-31 23:00:55  Mem:           125G         27G         74G        1.1M         22G         96G
2023-07-31 23:00:58  Mem:           125G         27G         74G        1.1M         22G         96G
2023-07-31 23:01:01  Mem:           125G         27G         74G        1.1M         22G         96G
2023-07-31 23:01:04  Mem:           125G         27G         74G        1.1M         22G         96G
2023-07-31 23:01:07  Mem:           125G         27G         74G        1.1M         22G         96G
2023-07-31 23:01:10  Mem:           125G         27G         74G        1.1M         23G         96G
2023-07-31 23:01:13  Mem:           125G         27G         74G        1.1M         23G         96G
2023-07-31 23:01:16  Mem:           125G         27G         74G        1.1M         23G         96G
2023-07-31 23:01:19  Mem:           125G         27G         74G        1.1M         23G         96G
2023-07-31 23:01:22  Mem:           125G         27G         74G        1.1M         23G         96G
2023-07-31 23:01:25  Mem:           125G         28G         73G        1.1M         23G         96G
2023-07-31 23:01:28  Mem:           125G         28G         73G        1.1M         23G         96G
2023-07-31 23:01:31  Mem:           125G         28G         73G        1.1M         23G         96G
2023-07-31 23:01:34  Mem:           125G         28G         73G        1.1M         23G         96G
2023-07-31 23:01:37  Mem:           125G         28G         73G        1.1M         23G         96G
2023-07-31 23:01:40  Mem:           125G         28G         73G        1.1M         23G         95G
2023-07-31 23:01:43  Mem:           125G         28G         73G        1.1M         23G         95G
2023-07-31 23:01:46  Mem:           125G         28G         73G        1.1M         23G         95G
2023-07-31 23:01:49  Mem:           125G         28G         73G        1.1M         23G         95G
2023-07-31 23:01:52  Mem:           125G         28G         73G        1.1M         23G         95G
2023-07-31 23:01:55  Mem:           125G         28G         73G        1.1M         23G         95G
2023-07-31 23:01:58  Mem:           125G         28G         73G        1.1M         23G         95G
2023-07-31 23:02:01  Mem:           125G         28G         73G        1.1M         23G         95G
2023-07-31 23:02:04  Mem:           125G         28G         72G        1.1M         23G         95G
2023-07-31 23:02:07  Mem:           125G         28G         72G        1.1M         23G         95G
2023-07-31 23:02:10  Mem:           125G         28G         72G        1.1M         23G         95G
2023-07-31 23:02:13  Mem:           125G         28G         72G        1.1M         23G         95G
2023-07-31 23:02:16  Mem:           125G         28G         72G        1.1M         23G         95G
2023-07-31 23:02:19  Mem:           125G         28G         72G        1.1M         23G         95G
2023-07-31 23:02:22  Mem:           125G         28G         72G        1.1M         23G         95G
2023-07-31 23:02:25  Mem:           125G         28G         72G        1.1M         23G         95G
2023-07-31 23:02:28  Mem:           125G         28G         72G        1.1M         24G         95G
2023-07-31 23:02:31  Mem:           125G         28G         72G        1.1M         24G         95G
2023-07-31 23:02:34  Mem:           125G         28G         72G        1.1M         24G         95G
2023-07-31 23:02:37  Mem:           125G         28G         72G        1.1M         24G         95G
2023-07-31 23:02:40  Mem:           125G         28G         71G        1.1M         24G         95G
2023-07-31 23:02:43  Mem:           125G         29G         71G        1.1M         24G         95G
2023-07-31 23:02:46  Mem:           125G         29G         71G        1.1M         24G         95G
2023-07-31 23:02:49  Mem:           125G         29G         71G        1.1M         24G         95G
2023-07-31 23:02:52  Mem:           125G         29G         71G        1.1M         24G         95G
2023-07-31 23:02:55  Mem:           125G         29G         71G        1.1M         24G         95G
2023-07-31 23:02:58  Mem:           125G         29G         71G        1.1M         24G         94G
2023-07-31 23:03:01  Mem:           125G         29G         71G        1.1M         24G         94G
2023-07-31 23:03:04  Mem:           125G         29G         71G        1.1M         24G         94G
2023-07-31 23:03:07  Mem:           125G         29G         71G        1.1M         24G         94G
2023-07-31 23:03:10  Mem:           125G         29G         71G        1.1M         24G         94G
2023-07-31 23:03:13  Mem:           125G         29G         71G        1.1M         24G         94G
2023-07-31 23:03:16  Mem:           125G         29G         70G        1.1M         24G         94G
2023-07-31 23:03:19  Mem:           125G         29G         70G        1.1M         24G         94G
2023-07-31 23:03:22  Mem:           125G         29G         70G        1.1M         24G         94G
2023-07-31 23:03:25  Mem:           125G         29G         70G        1.1M         24G         94G
2023-07-31 23:03:28  Mem:           125G         29G         70G        1.1M         24G         94G
2023-07-31 23:03:31  Mem:           125G         29G         70G        1.1M         24G         94G
2023-07-31 23:03:34  Mem:           125G         29G         70G        1.1M         24G         94G
2023-07-31 23:03:37  Mem:           125G         29G         70G        1.1M         25G         94G
2023-07-31 23:03:40  Mem:           125G         29G         70G        1.1M         25G         94G
2023-07-31 23:03:43  Mem:           125G         29G         70G        1.1M         25G         94G
2023-07-31 23:03:46  Mem:           125G         29G         70G        1.1M         25G         94G
2023-07-31 23:03:49  Mem:           125G         29G         70G        1.1M         25G         94G
2023-07-31 23:03:52  Mem:           125G         29G         69G        1.1M         25G         94G
2023-07-31 23:03:55  Mem:           125G         30G         69G        1.1M         25G         94G
2023-07-31 23:03:58  Mem:           125G         30G         69G        1.1M         25G         94G
2023-07-31 23:04:01  Mem:           125G         30G         69G        1.1M         25G         94G
2023-07-31 23:04:04  Mem:           125G         30G         69G        1.1M         25G         94G
2023-07-31 23:04:07  Mem:           125G         30G         69G        1.1M         25G         93G
2023-07-31 23:04:10  Mem:           125G         30G         69G        1.1M         25G         93G
2023-07-31 23:04:13  Mem:           125G         30G         69G        1.1M         25G         93G
2023-07-31 23:04:16  Mem:           125G         30G         69G        1.1M         25G         93G
2023-07-31 23:04:19  Mem:           125G         30G         69G        1.1M         25G         93G
2023-07-31 23:04:22  Mem:           125G         30G         69G        1.1M         25G         93G
2023-07-31 23:04:25  Mem:           125G         30G         68G        1.1M         25G         93G
2023-07-31 23:04:28  Mem:           125G         30G         68G        1.1M         25G         93G
2023-07-31 23:04:31  Mem:           125G         30G         68G        1.1M         25G         93G
2023-07-31 23:04:34  Mem:           125G         30G         68G        1.1M         25G         93G
2023-07-31 23:04:37  Mem:           125G         30G         68G        1.1M         25G         93G
2023-07-31 23:04:40  Mem:           125G         30G         68G        1.1M         25G         93G
2023-07-31 23:04:43  Mem:           125G         30G         68G        1.1M         25G         93G
2023-07-31 23:04:46  Mem:           125G         30G         68G        1.1M         26G         93G
2023-07-31 23:04:49  Mem:           125G         30G         68G        1.1M         26G         93G
2023-07-31 23:04:52  Mem:           125G         30G         68G        1.1M         26G         93G
2023-07-31 23:04:55  Mem:           125G         30G         68G        1.1M         26G         93G
2023-07-31 23:04:58  Mem:           125G         30G         67G        1.1M         26G         93G
2023-07-31 23:05:01  Mem:           125G         31G         67G        1.1M         26G         93G
2023-07-31 23:05:04  Mem:           125G         31G         67G        1.1M         26G         93G
2023-07-31 23:05:07  Mem:           125G         31G         67G        1.1M         26G         93G
2023-07-31 23:05:10  Mem:           125G         31G         67G        1.1M         26G         93G
2023-07-31 23:05:13  Mem:           125G         31G         67G        1.1M         26G         92G
2023-07-31 23:05:16  Mem:           125G         31G         67G        1.1M         26G         92G
2023-07-31 23:05:19  Mem:           125G         31G         67G        1.1M         26G         92G
2023-07-31 23:05:22  Mem:           125G         31G         67G        1.1M         26G         92G
2023-07-31 23:05:25  Mem:           125G         31G         67G        1.1M         26G         92G
2023-07-31 23:05:28  Mem:           125G         31G         67G        1.1M         26G         92G
2023-07-31 23:05:31  Mem:           125G         31G         66G        1.1M         26G         92G
2023-07-31 23:05:34  Mem:           125G         31G         66G        1.1M         26G         92G
2023-07-31 23:05:37  Mem:           125G         31G         66G        1.1M         26G         92G
2023-07-31 23:05:40  Mem:           125G         31G         66G        1.1M         26G         92G
2023-07-31 23:05:43  Mem:           125G         31G         66G        1.1M         26G         92G
2023-07-31 23:05:47  Mem:           125G         31G         66G        1.1M         26G         92G
2023-07-31 23:05:50  Mem:           125G         31G         66G        1.1M         26G         92G
2023-07-31 23:05:53  Mem:           125G         31G         66G        1.1M         26G         92G
2023-07-31 23:05:56  Mem:           125G         31G         66G        1.1M         27G         92G
2023-07-31 23:05:59  Mem:           125G         31G         66G        1.1M         27G         92G
2023-07-31 23:06:02  Mem:           125G         31G         66G        1.1M         27G         92G
2023-07-31 23:06:05  Mem:           125G         32G         65G        1.1M         27G         92G
2023-07-31 23:06:08  Mem:           125G         32G         65G        1.1M         27G         92G
2023-07-31 23:06:11  Mem:           125G         32G         65G        1.1M         27G         92G
2023-07-31 23:06:14  Mem:           125G         32G         65G        1.1M         27G         92G
2023-07-31 23:06:17  Mem:           125G         32G         65G        1.1M         27G         91G
2023-07-31 23:06:20  Mem:           125G         32G         65G        1.1M         27G         91G
2023-07-31 23:06:23  Mem:           125G         32G         65G        1.1M         27G         91G
2023-07-31 23:06:26  Mem:           125G         32G         65G        1.1M         27G         91G
2023-07-31 23:06:29  Mem:           125G         32G         65G        1.1M         27G         91G
2023-07-31 23:06:32  Mem:           125G         32G         65G        1.1M         27G         91G
2023-07-31 23:06:35  Mem:           125G         32G         64G        1.1M         27G         91G
2023-07-31 23:06:38  Mem:           125G         32G         64G        1.1M         27G         91G
2023-07-31 23:06:41  Mem:           125G         32G         64G        1.1M         27G         91G
2023-07-31 23:06:44  Mem:           125G         32G         64G        1.1M         27G         91G
2023-07-31 23:06:47  Mem:           125G         32G         64G        1.1M         27G         91G
2023-07-31 23:06:50  Mem:           125G         32G         64G        1.1M         27G         91G
2023-07-31 23:06:53  Mem:           125G         32G         64G        1.1M         27G         91G
2023-07-31 23:06:56  Mem:           125G         32G         64G        1.1M         27G         91G
2023-07-31 23:06:59  Mem:           125G         32G         64G        1.1M         27G         91G
2023-07-31 23:07:02  Mem:           125G         33G         64G        1.1M         28G         91G
2023-07-31 23:07:05  Mem:           125G         33G         63G        1.1M         28G         91G
2023-07-31 23:07:08  Mem:           125G         33G         63G        1.1M         28G         91G
2023-07-31 23:07:11  Mem:           125G         33G         63G        1.1M         28G         91G
2023-07-31 23:07:14  Mem:           125G         33G         63G        1.1M         28G         90G
2023-07-31 23:07:17  Mem:           125G         33G         63G        1.1M         28G         90G
2023-07-31 23:07:20  Mem:           125G         33G         63G        1.1M         28G         90G
2023-07-31 23:07:23  Mem:           125G         33G         63G        1.1M         28G         90G
2023-07-31 23:07:26  Mem:           125G         33G         63G        1.1M         28G         90G
2023-07-31 23:07:29  Mem:           125G         33G         63G        1.1M         28G         90G
2023-07-31 23:07:32  Mem:           125G         33G         63G        1.1M         28G         90G
2023-07-31 23:07:35  Mem:           125G         33G         62G        1.1M         28G         90G
2023-07-31 23:07:38  Mem:           125G         33G         62G        1.1M         28G         90G
2023-07-31 23:07:41  Mem:           125G         33G         62G        1.1M         28G         90G
2023-07-31 23:07:44  Mem:           125G         33G         62G        1.1M         28G         90G
2023-07-31 23:07:47  Mem:           125G         33G         62G        1.1M         28G         90G
2023-07-31 23:07:50  Mem:           125G         33G         62G        1.1M         28G         90G
2023-07-31 23:07:53  Mem:           125G         33G         62G        1.1M         28G         90G
2023-07-31 23:07:56  Mem:           125G         34G         62G        1.1M         28G         90G
2023-07-31 23:07:59  Mem:           125G         34G         62G        1.1M         28G         90G
2023-07-31 23:08:02  Mem:           125G         34G         62G        1.1M         28G         90G
2023-07-31 23:08:05  Mem:           125G         34G         61G        1.1M         29G         90G
2023-07-31 23:08:08  Mem:           125G         34G         61G        1.1M         29G         89G
2023-07-31 23:08:11  Mem:           125G         34G         61G        1.1M         29G         89G
2023-07-31 23:08:14  Mem:           125G         34G         61G        1.1M         29G         89G
2023-07-31 23:08:17  Mem:           125G         34G         61G        1.1M         29G         89G
2023-07-31 23:08:20  Mem:           125G         34G         61G        1.1M         29G         89G
2023-07-31 23:08:23  Mem:           125G         34G         61G        1.1M         29G         89G
2023-07-31 23:08:26  Mem:           125G         34G         61G        1.1M         29G         89G
2023-07-31 23:08:29  Mem:           125G         34G         61G        1.1M         29G         89G
2023-07-31 23:08:32  Mem:           125G         34G         61G        1.1M         29G         89G
2023-07-31 23:08:35  Mem:           125G         34G         60G        1.1M         29G         89G
2023-07-31 23:08:38  Mem:           125G         34G         60G        1.1M         29G         89G
2023-07-31 23:08:41  Mem:           125G         34G         60G        1.1M         29G         89G
2023-07-31 23:08:44  Mem:           125G         34G         60G        1.1M         29G         89G
2023-07-31 23:08:47  Mem:           125G         34G         60G        1.1M         29G         89G
2023-07-31 23:08:50  Mem:           125G         35G         60G        1.1M         29G         89G
2023-07-31 23:08:53  Mem:           125G         35G         60G        1.1M         29G         89G
2023-07-31 23:08:56  Mem:           125G         35G         60G        1.1M         29G         89G
2023-07-31 23:08:59  Mem:           125G         35G         60G        1.1M         29G         89G
2023-07-31 23:09:02  Mem:           125G         35G         60G        1.1M         29G         88G
2023-07-31 23:09:05  Mem:           125G         35G         59G        1.1M         29G         88G
2023-07-31 23:09:08  Mem:           125G         35G         59G        1.1M         29G         88G
2023-07-31 23:09:11  Mem:           125G         35G         59G        1.1M         30G         88G
2023-07-31 23:09:14  Mem:           125G         35G         59G        1.1M         30G         88G
2023-07-31 23:09:17  Mem:           125G         35G         59G        1.1M         30G         88G
2023-07-31 23:09:20  Mem:           125G         35G         59G        1.1M         30G         88G
2023-07-31 23:09:23  Mem:           125G         35G         59G        1.1M         30G         88G
2023-07-31 23:09:26  Mem:           125G         35G         59G        1.1M         30G         88G
2023-07-31 23:09:29  Mem:           125G         35G         59G        1.1M         30G         88G
2023-07-31 23:09:32  Mem:           125G         35G         59G        1.1M         30G         88G
2023-07-31 23:09:35  Mem:           125G         35G         58G        1.1M         30G         88G
2023-07-31 23:09:38  Mem:           125G         35G         58G        1.1M         30G         88G
2023-07-31 23:09:41  Mem:           125G         35G         58G        1.1M         30G         88G
2023-07-31 23:09:44  Mem:           125G         36G         58G        1.1M         30G         88G
2023-07-31 23:09:47  Mem:           125G         36G         58G        1.1M         30G         88G
2023-07-31 23:09:50  Mem:           125G         36G         58G        1.1M         30G         88G
2023-07-31 23:09:53  Mem:           125G         36G         58G        1.1M         30G         87G
2023-07-31 23:09:56  Mem:           125G         36G         58G        1.1M         30G         87G
2023-07-31 23:09:59  Mem:           125G         36G         58G        1.1M         30G         87G
2023-07-31 23:10:02  Mem:           125G         36G         57G        1.1M         30G         87G
2023-07-31 23:10:05  Mem:           125G         36G         57G        1.1M         30G         87G
2023-07-31 23:10:08  Mem:           125G         36G         57G        1.1M         30G         87G
2023-07-31 23:10:11  Mem:           125G         36G         57G        1.1M         30G         87G
2023-07-31 23:10:14  Mem:           125G         36G         57G        1.1M         30G         87G
2023-07-31 23:10:17  Mem:           125G         36G         57G        1.1M         31G         87G
2023-07-31 23:10:20  Mem:           125G         36G         57G        1.1M         31G         87G
2023-07-31 23:10:23  Mem:           125G         36G         57G        1.1M         31G         87G
2023-07-31 23:10:26  Mem:           125G         36G         57G        1.1M         31G         87G
2023-07-31 23:10:29  Mem:           125G         36G         56G        1.1M         31G         87G
2023-07-31 23:10:32  Mem:           125G         37G         56G        1.1M         31G         87G
2023-07-31 23:10:35  Mem:           125G         37G         56G        1.1M         31G         87G
2023-07-31 23:10:38  Mem:           125G         37G         56G        1.1M         31G         87G
2023-07-31 23:10:41  Mem:           125G         37G         56G        1.1M         31G         87G
2023-07-31 23:10:44  Mem:           125G         37G         56G        1.1M         31G         86G
2023-07-31 23:10:47  Mem:           125G         37G         56G        1.1M         31G         86G
2023-07-31 23:10:50  Mem:           125G         37G         56G        1.1M         31G         86G
2023-07-31 23:10:53  Mem:           125G         37G         56G        1.1M         31G         86G
2023-07-31 23:10:56  Mem:           125G         37G         56G        1.1M         31G         86G
2023-07-31 23:10:59  Mem:           125G         37G         55G        1.1M         31G         86G
2023-07-31 23:11:02  Mem:           125G         37G         55G        1.1M         31G         86G
2023-07-31 23:11:05  Mem:           125G         37G         55G        1.1M         31G         86G
2023-07-31 23:11:08  Mem:           125G         37G         55G        1.1M         31G         86G
2023-07-31 23:11:11  Mem:           125G         37G         55G        1.1M         31G         86G
2023-07-31 23:11:14  Mem:           125G         37G         55G        1.1M         31G         86G
2023-07-31 23:11:17  Mem:           125G         37G         55G        1.1M         31G         86G
2023-07-31 23:11:20  Mem:           125G         37G         55G        1.1M         31G         86G
2023-07-31 23:11:23  Mem:           125G         38G         55G        1.1M         32G         86G
2023-07-31 23:11:26  Mem:           125G         38G         55G        1.1M         32G         86G
2023-07-31 23:11:30  Mem:           125G         38G         54G        1.1M         32G         86G
2023-07-31 23:11:33  Mem:           125G         38G         54G        1.1M         32G         85G
2023-07-31 23:11:36  Mem:           125G         38G         54G        1.1M         32G         85G
2023-07-31 23:11:39  Mem:           125G         38G         54G        1.1M         32G         85G
2023-07-31 23:11:42  Mem:           125G         38G         54G        1.1M         32G         85G
2023-07-31 23:11:45  Mem:           125G         38G         54G        1.1M         32G         85G
2023-07-31 23:11:48  Mem:           125G         38G         54G        1.1M         32G         85G
2023-07-31 23:11:51  Mem:           125G         38G         54G        1.1M         32G         85G
2023-07-31 23:11:54  Mem:           125G         38G         54G        1.1M         32G         85G
2023-07-31 23:11:57  Mem:           125G         38G         53G        1.1M         32G         85G
2023-07-31 23:12:00  Mem:           125G         38G         53G        1.1M         32G         85G
2023-07-31 23:12:03  Mem:           125G         38G         53G        1.1M         32G         85G
2023-07-31 23:12:06  Mem:           125G         38G         53G        1.1M         32G         85G
2023-07-31 23:12:09  Mem:           125G         38G         53G        1.1M         32G         85G
2023-07-31 23:12:12  Mem:           125G         39G         53G        1.1M         32G         85G
2023-07-31 23:12:15  Mem:           125G         39G         53G        1.1M         32G         85G
2023-07-31 23:12:18  Mem:           125G         39G         53G        1.1M         32G         85G
2023-07-31 23:12:21  Mem:           125G         39G         53G        1.1M         32G         84G
2023-07-31 23:12:24  Mem:           125G         39G         52G        1.1M         32G         84G
2023-07-31 23:12:27  Mem:           125G         39G         52G        1.1M         32G         84G
2023-07-31 23:12:30  Mem:           125G         39G         52G        1.1M         32G         84G
2023-07-31 23:12:33  Mem:           125G         39G         52G        1.1M         33G         84G
2023-07-31 23:12:36  Mem:           125G         39G         52G        1.1M         33G         84G
2023-07-31 23:12:39  Mem:           125G         39G         52G        1.1M         33G         84G
2023-07-31 23:12:42  Mem:           125G         39G         52G        1.1M         33G         84G
2023-07-31 23:12:45  Mem:           125G         39G         52G        1.1M         33G         84G
2023-07-31 23:12:48  Mem:           125G         39G         52G        1.1M         33G         84G
2023-07-31 23:12:51  Mem:           125G         39G         52G        1.1M         33G         84G
2023-07-31 23:12:54  Mem:           125G         39G         51G        1.1M         33G         84G
2023-07-31 23:12:57  Mem:           125G         39G         51G        1.1M         33G         84G
2023-07-31 23:13:00  Mem:           125G         40G         51G        1.1M         33G         84G
2023-07-31 23:13:03  Mem:           125G         40G         51G        1.1M         33G         84G
2023-07-31 23:13:06  Mem:           125G         40G         51G        1.1M         33G         84G
2023-07-31 23:13:09  Mem:           125G         40G         51G        1.1M         33G         83G
2023-07-31 23:13:12  Mem:           125G         40G         51G        1.1M         33G         83G
2023-07-31 23:13:15  Mem:           125G         40G         51G        1.1M         33G         83G
2023-07-31 23:13:18  Mem:           125G         40G         51G        1.1M         33G         83G
2023-07-31 23:13:21  Mem:           125G         40G         50G        1.1M         33G         83G
2023-07-31 23:13:24  Mem:           125G         40G         50G        1.1M         33G         83G
2023-07-31 23:13:27  Mem:           125G         40G         50G        1.1M         33G         83G
2023-07-31 23:13:30  Mem:           125G         40G         50G        1.1M         33G         83G
2023-07-31 23:13:33  Mem:           125G         40G         50G        1.1M         33G         83G
2023-07-31 23:13:36  Mem:           125G         40G         50G        1.1M         33G         83G
2023-07-31 23:13:39  Mem:           125G         40G         50G        1.1M         33G         83G
2023-07-31 23:13:42  Mem:           125G         40G         50G        1.1M         34G         83G
2023-07-31 23:13:45  Mem:           125G         40G         50G        1.1M         34G         83G
2023-07-31 23:13:48  Mem:           125G         40G         50G        1.1M         34G         83G
2023-07-31 23:13:51  Mem:           125G         41G         49G        1.1M         34G         83G
2023-07-31 23:13:54  Mem:           125G         41G         49G        1.1M         34G         83G
2023-07-31 23:13:57  Mem:           125G         41G         49G        1.1M         34G         83G
2023-07-31 23:14:00  Mem:           125G         41G         49G        1.1M         34G         82G
2023-07-31 23:14:03  Mem:           125G         41G         49G        1.1M         34G         82G
2023-07-31 23:14:06  Mem:           125G         41G         49G        1.1M         34G         82G
2023-07-31 23:14:09  Mem:           125G         41G         49G        1.1M         34G         82G
2023-07-31 23:14:12  Mem:           125G         41G         49G        1.1M         34G         82G
2023-07-31 23:14:15  Mem:           125G         41G         49G        1.1M         34G         82G
2023-07-31 23:14:18  Mem:           125G         41G         49G        1.1M         34G         82G
2023-07-31 23:14:21  Mem:           125G         41G         48G        1.1M         34G         82G
2023-07-31 23:14:24  Mem:           125G         41G         48G        1.1M         34G         82G
2023-07-31 23:14:27  Mem:           125G         41G         48G        1.1M         34G         82G
2023-07-31 23:14:30  Mem:           125G         41G         48G        1.1M         34G         82G
2023-07-31 23:14:33  Mem:           125G         41G         48G        1.1M         34G         82G
2023-07-31 23:14:36  Mem:           125G         41G         48G        1.1M         34G         82G
2023-07-31 23:14:39  Mem:           125G         42G         48G        1.1M         34G         82G
2023-07-31 23:14:42  Mem:           125G         42G         48G        1.1M         34G         82G
2023-07-31 23:14:45  Mem:           125G         42G         48G        1.1M         34G         82G
2023-07-31 23:14:48  Mem:           125G         42G         47G        1.1M         34G         81G
2023-07-31 23:14:51  Mem:           125G         42G         47G        1.1M         35G         81G
2023-07-31 23:14:54  Mem:           125G         42G         47G        1.1M         35G         81G
2023-07-31 23:14:57  Mem:           125G         42G         47G        1.1M         35G         81G
2023-07-31 23:15:00  Mem:           125G         42G         47G        1.1M         35G         81G
2023-07-31 23:15:03  Mem:           125G         42G         47G        1.1M         35G         81G
2023-07-31 23:15:06  Mem:           125G         42G         47G        1.1M         35G         81G
2023-07-31 23:15:09  Mem:           125G         42G         47G        1.1M         35G         81G
2023-07-31 23:15:12  Mem:           125G         42G         47G        1.1M         35G         81G
2023-07-31 23:15:15  Mem:           125G         42G         47G        1.1M         35G         81G
2023-07-31 23:15:18  Mem:           125G         42G         46G        1.1M         35G         81G
2023-07-31 23:15:21  Mem:           125G         42G         46G        1.1M         35G         81G
2023-07-31 23:15:24  Mem:           125G         42G         46G        1.1M         35G         81G
2023-07-31 23:15:28  Mem:           125G         43G         46G        1.1M         35G         81G
2023-07-31 23:15:31  Mem:           125G         43G         46G        1.1M         35G         81G
2023-07-31 23:15:34  Mem:           125G         43G         46G        1.1M         35G         81G
2023-07-31 23:15:37  Mem:           125G         43G         46G        1.1M         35G         80G
2023-07-31 23:15:40  Mem:           125G         43G         46G        1.1M         35G         80G
2023-07-31 23:15:43  Mem:           125G         43G         46G        1.1M         35G         80G
2023-07-31 23:15:46  Mem:           125G         43G         46G        1.1M         35G         80G
2023-07-31 23:15:49  Mem:           125G         43G         45G        1.1M         35G         80G
2023-07-31 23:15:52  Mem:           125G         43G         45G        1.1M         35G         80G
2023-07-31 23:15:55  Mem:           125G         43G         45G        1.1M         35G         80G
2023-07-31 23:15:58  Mem:           125G         43G         45G        1.1M         35G         80G
2023-07-31 23:16:01  Mem:           125G         43G         45G        1.1M         35G         80G
2023-07-31 23:16:04  Mem:           125G         43G         45G        1.1M         36G         80G
2023-07-31 23:16:07  Mem:           125G         43G         45G        1.1M         36G         80G
2023-07-31 23:16:10  Mem:           125G         43G         45G        1.1M         36G         80G
2023-07-31 23:16:13  Mem:           125G         43G         45G        1.1M         36G         80G
2023-07-31 23:16:16  Mem:           125G         43G         44G        1.1M         36G         80G
2023-07-31 23:16:19  Mem:           125G         44G         44G        1.1M         36G         80G
2023-07-31 23:16:22  Mem:           125G         44G         44G        1.1M         36G         80G
2023-07-31 23:16:25  Mem:           125G         44G         44G        1.1M         36G         80G
2023-07-31 23:16:28  Mem:           125G         44G         44G        1.1M         36G         79G
2023-07-31 23:16:31  Mem:           125G         44G         44G        1.1M         36G         79G
2023-07-31 23:16:34  Mem:           125G         44G         44G        1.1M         36G         79G
2023-07-31 23:16:37  Mem:           125G         44G         44G        1.1M         36G         79G
2023-07-31 23:16:40  Mem:           125G         44G         44G        1.1M         36G         79G
2023-07-31 23:16:43  Mem:           125G         44G         44G        1.1M         36G         79G
2023-07-31 23:16:46  Mem:           125G         44G         43G        1.1M         36G         79G
2023-07-31 23:16:49  Mem:           125G         44G         43G        1.1M         36G         79G
2023-07-31 23:16:52  Mem:           125G         44G         43G        1.1M         36G         79G
2023-07-31 23:16:55  Mem:           125G         44G         43G        1.1M         36G         79G
2023-07-31 23:16:58  Mem:           125G         44G         43G        1.1M         36G         79G
2023-07-31 23:17:01  Mem:           125G         44G         43G        1.1M         36G         79G
2023-07-31 23:17:04  Mem:           125G         44G         43G        1.1M         36G         79G
2023-07-31 23:17:07  Mem:           125G         44G         43G        1.1M         36G         79G
2023-07-31 23:17:10  Mem:           125G         45G         43G        1.1M         36G         79G
2023-07-31 23:17:13  Mem:           125G         45G         43G        1.1M         36G         79G
2023-07-31 23:17:16  Mem:           125G         45G         42G        1.1M         37G         79G
2023-07-31 23:17:19  Mem:           125G         45G         42G        1.1M         37G         78G
2023-07-31 23:17:22  Mem:           125G         45G         42G        1.1M         37G         78G
2023-07-31 23:17:25  Mem:           125G         45G         42G        1.1M         37G         78G
2023-07-31 23:17:28  Mem:           125G         45G         42G        1.1M         37G         78G
2023-07-31 23:17:31  Mem:           125G         45G         42G        1.1M         37G         78G
2023-07-31 23:17:34  Mem:           125G         45G         42G        1.1M         37G         78G
2023-07-31 23:17:37  Mem:           125G         45G         42G        1.1M         37G         78G
2023-07-31 23:17:40  Mem:           125G         45G         42G        1.1M         37G         78G
2023-07-31 23:17:43  Mem:           125G         45G         42G        1.1M         37G         78G
2023-07-31 23:17:46  Mem:           125G         45G         41G        1.1M         37G         78G
2023-07-31 23:17:49  Mem:           125G         45G         41G        1.1M         37G         78G
2023-07-31 23:17:52  Mem:           125G         45G         41G        1.1M         37G         78G
2023-07-31 23:17:55  Mem:           125G         45G         41G        1.1M         37G         78G
2023-07-31 23:17:58  Mem:           125G         45G         41G        1.1M         37G         78G
2023-07-31 23:18:01  Mem:           125G         46G         41G        1.1M         37G         78G
2023-07-31 23:18:04  Mem:           125G         46G         41G        1.1M         37G         78G
2023-07-31 23:18:07  Mem:           125G         46G         41G        1.1M         37G         78G
2023-07-31 23:18:10  Mem:           125G         46G         41G        1.1M         37G         77G
2023-07-31 23:18:13  Mem:           125G         46G         41G        1.1M         37G         77G
2023-07-31 23:18:16  Mem:           125G         46G         40G        1.1M         37G         77G
2023-07-31 23:18:19  Mem:           125G         46G         40G        1.1M         37G         77G
2023-07-31 23:18:22  Mem:           125G         46G         40G        1.1M         37G         77G
2023-07-31 23:18:25  Mem:           125G         46G         40G        1.1M         37G         77G
2023-07-31 23:18:28  Mem:           125G         46G         40G        1.1M         37G         77G
2023-07-31 23:18:31  Mem:           125G         46G         40G        1.1M         38G         77G
2023-07-31 23:18:34  Mem:           125G         46G         40G        1.1M         38G         77G
2023-07-31 23:18:37  Mem:           125G         46G         40G        1.1M         38G         77G
2023-07-31 23:18:40  Mem:           125G         46G         40G        1.1M         38G         77G
2023-07-31 23:18:43  Mem:           125G         46G         40G        1.1M         38G         77G
2023-07-31 23:18:46  Mem:           125G         46G         40G        1.1M         38G         77G
2023-07-31 23:18:49  Mem:           125G         46G         39G        1.1M         38G         77G
2023-07-31 23:18:52  Mem:           125G         47G         39G        1.1M         38G         77G
2023-07-31 23:18:55  Mem:           125G         47G         39G        1.1M         38G         77G
2023-07-31 23:18:58  Mem:           125G         47G         39G        1.1M         38G         77G
2023-07-31 23:19:01  Mem:           125G         47G         39G        1.1M         38G         77G
2023-07-31 23:19:04  Mem:           125G         47G         39G        1.1M         38G         76G
2023-07-31 23:19:07  Mem:           125G         47G         39G        1.1M         38G         76G
2023-07-31 23:19:10  Mem:           125G         47G         39G        1.1M         38G         76G
2023-07-31 23:19:13  Mem:           125G         47G         39G        1.1M         38G         76G
2023-07-31 23:19:16  Mem:           125G         47G         39G        1.1M         38G         76G
2023-07-31 23:19:19  Mem:           125G         47G         38G        1.1M         38G         76G
2023-07-31 23:19:22  Mem:           125G         47G         38G        1.1M         38G         76G
2023-07-31 23:19:25  Mem:           125G         47G         38G        1.1M         38G         76G
2023-07-31 23:19:28  Mem:           125G         47G         38G        1.1M         38G         76G
2023-07-31 23:19:31  Mem:           125G         47G         38G        1.1M         38G         76G
2023-07-31 23:19:34  Mem:           125G         47G         38G        1.1M         38G         76G
2023-07-31 23:19:37  Mem:           125G         47G         38G        1.1M         38G         76G
2023-07-31 23:19:40  Mem:           125G         47G         38G        1.1M         38G         76G
2023-07-31 23:19:43  Mem:           125G         47G         38G        1.1M         38G         76G
2023-07-31 23:19:46  Mem:           125G         48G         38G        1.1M         39G         76G
2023-07-31 23:19:49  Mem:           125G         48G         37G        1.1M         39G         76G
2023-07-31 23:19:52  Mem:           125G         48G         37G        1.1M         39G         76G
2023-07-31 23:19:55  Mem:           125G         48G         37G        1.1M         39G         75G
2023-07-31 23:19:58  Mem:           125G         48G         37G        1.1M         39G         75G
2023-07-31 23:20:01  Mem:           125G         48G         37G        1.1M         39G         75G
2023-07-31 23:20:04  Mem:           125G         48G         37G        1.1M         39G         75G
2023-07-31 23:20:07  Mem:           125G         48G         37G        1.1M         39G         75G
2023-07-31 23:20:10  Mem:           125G         48G         37G        1.1M         39G         75G
2023-07-31 23:20:13  Mem:           125G         48G         37G        1.1M         39G         75G
2023-07-31 23:20:16  Mem:           125G         48G         37G        1.1M         39G         75G
2023-07-31 23:20:19  Mem:           125G         48G         37G        1.1M         39G         75G
2023-07-31 23:20:22  Mem:           125G         48G         36G        1.1M         39G         75G
2023-07-31 23:20:25  Mem:           125G         48G         36G        1.1M         39G         75G
2023-07-31 23:20:28  Mem:           125G         48G         36G        1.1M         39G         75G
2023-07-31 23:20:31  Mem:           125G         48G         36G        1.1M         39G         75G
2023-07-31 23:20:34  Mem:           125G         48G         36G        1.1M         39G         75G
2023-07-31 23:20:37  Mem:           125G         48G         36G        1.1M         39G         75G
2023-07-31 23:20:40  Mem:           125G         49G         36G        1.1M         39G         75G
2023-07-31 23:20:43  Mem:           125G         49G         36G        1.1M         39G         75G
2023-07-31 23:20:46  Mem:           125G         49G         36G        1.1M         39G         75G
2023-07-31 23:20:49  Mem:           125G         49G         36G        1.1M         39G         74G
2023-07-31 23:20:52  Mem:           125G         49G         35G        1.1M         39G         74G
2023-07-31 23:20:55  Mem:           125G         49G         35G        1.1M         39G         74G
2023-07-31 23:20:58  Mem:           125G         49G         35G        1.1M         40G         74G
2023-07-31 23:21:01  Mem:           125G         49G         35G        1.1M         40G         74G
2023-07-31 23:21:04  Mem:           125G         49G         35G        1.1M         40G         74G
2023-07-31 23:21:07  Mem:           125G         49G         35G        1.1M         40G         74G
2023-07-31 23:21:10  Mem:           125G         49G         35G        1.1M         40G         74G
2023-07-31 23:21:13  Mem:           125G         49G         35G        1.1M         40G         74G
2023-07-31 23:21:16  Mem:           125G         49G         35G        1.1M         40G         74G
2023-07-31 23:21:19  Mem:           125G         49G         35G        1.1M         40G         74G
2023-07-31 23:21:22  Mem:           125G         49G         35G        1.1M         40G         74G
2023-07-31 23:21:25  Mem:           125G         49G         34G        1.1M         40G         74G
2023-07-31 23:21:28  Mem:           125G         49G         34G        1.1M         40G         74G
2023-07-31 23:21:31  Mem:           125G         49G         34G        1.1M         40G         74G
2023-07-31 23:21:34  Mem:           125G         49G         34G        1.1M         40G         74G
2023-07-31 23:21:37  Mem:           125G         50G         34G        1.1M         40G         74G
2023-07-31 23:21:40  Mem:           125G         50G         34G        1.1M         40G         74G
2023-07-31 23:21:43  Mem:           125G         50G         34G        1.1M         40G         74G
2023-07-31 23:21:46  Mem:           125G         50G         34G        1.1M         40G         73G
2023-07-31 23:21:49  Mem:           125G         50G         34G        1.1M         40G         73G
2023-07-31 23:21:52  Mem:           125G         50G         34G        1.1M         40G         73G
2023-07-31 23:21:55  Mem:           125G         50G         34G        1.1M         40G         73G
2023-07-31 23:21:58  Mem:           125G         50G         33G        1.1M         40G         73G
2023-07-31 23:22:01  Mem:           125G         50G         33G        1.1M         40G         73G
2023-07-31 23:22:04  Mem:           125G         50G         33G        1.1M         40G         73G
2023-07-31 23:22:07  Mem:           125G         50G         33G        1.1M         40G         73G
2023-07-31 23:22:10  Mem:           125G         50G         33G        1.1M         40G         73G
2023-07-31 23:22:13  Mem:           125G         50G         33G        1.1M         40G         73G
2023-07-31 23:22:16  Mem:           125G         50G         33G        1.1M         41G         73G
2023-07-31 23:22:20  Mem:           125G         50G         33G        1.1M         41G         73G
2023-07-31 23:22:23  Mem:           125G         50G         33G        1.1M         41G         73G
2023-07-31 23:22:26  Mem:           125G         50G         33G        1.1M         41G         73G
2023-07-31 23:22:29  Mem:           125G         50G         33G        1.1M         41G         73G
2023-07-31 23:22:32  Mem:           125G         50G         32G        1.1M         41G         73G
2023-07-31 23:22:35  Mem:           125G         51G         32G        1.1M         41G         73G
2023-07-31 23:22:38  Mem:           125G         51G         32G        1.1M         41G         73G
2023-07-31 23:22:41  Mem:           125G         51G         32G        1.1M         41G         73G
2023-07-31 23:22:44  Mem:           125G         51G         32G        1.1M         41G         73G
2023-07-31 23:22:47  Mem:           125G         51G         32G        1.1M         41G         72G
2023-07-31 23:22:50  Mem:           125G         51G         32G        1.1M         41G         72G
2023-07-31 23:22:53  Mem:           125G         51G         32G        1.1M         41G         72G
2023-07-31 23:22:56  Mem:           125G         51G         32G        1.1M         41G         72G
2023-07-31 23:22:59  Mem:           125G         51G         32G        1.1M         41G         72G
2023-07-31 23:23:02  Mem:           125G         51G         32G        1.1M         41G         72G
2023-07-31 23:23:05  Mem:           125G         51G         31G        1.1M         41G         72G
2023-07-31 23:23:08  Mem:           125G         51G         31G        1.1M         41G         72G
2023-07-31 23:23:11  Mem:           125G         51G         31G        1.1M         41G         72G
2023-07-31 23:23:14  Mem:           125G         51G         31G        1.1M         41G         72G
2023-07-31 23:23:17  Mem:           125G         51G         31G        1.1M         41G         72G
2023-07-31 23:23:20  Mem:           125G         51G         31G        1.1M         41G         72G
2023-07-31 23:23:23  Mem:           125G         51G         31G        1.1M         41G         72G
2023-07-31 23:23:26  Mem:           125G         51G         31G        1.1M         41G         72G
2023-07-31 23:23:29  Mem:           125G         51G         31G        1.1M         41G         72G
2023-07-31 23:23:32  Mem:           125G         51G         31G        1.1M         41G         72G
2023-07-31 23:23:35  Mem:           125G         52G         31G        1.1M         42G         72G
2023-07-31 23:23:38  Mem:           125G         52G         30G        1.1M         42G         72G
2023-07-31 23:23:41  Mem:           125G         52G         30G        1.1M         42G         72G
2023-07-31 23:23:44  Mem:           125G         52G         30G        1.1M         42G         71G
2023-07-31 23:23:47  Mem:           125G         52G         30G        1.1M         42G         71G
2023-07-31 23:23:50  Mem:           125G         52G         30G        1.1M         42G         71G
2023-07-31 23:23:53  Mem:           125G         52G         30G        1.1M         42G         71G
2023-07-31 23:23:56  Mem:           125G         52G         30G        1.1M         42G         71G
2023-07-31 23:23:59  Mem:           125G         52G         30G        1.1M         42G         71G
2023-07-31 23:24:02  Mem:           125G         52G         30G        1.1M         42G         71G
2023-07-31 23:24:05  Mem:           125G         52G         30G        1.1M         42G         71G
2023-07-31 23:24:08  Mem:           125G         52G         30G        1.1M         42G         71G
2023-07-31 23:24:11  Mem:           125G         52G         30G        1.1M         42G         71G
2023-07-31 23:24:14  Mem:           125G         52G         29G        1.1M         42G         71G
2023-07-31 23:24:17  Mem:           125G         52G         29G        1.1M         42G         71G
2023-07-31 23:24:20  Mem:           125G         52G         29G        1.1M         42G         71G
2023-07-31 23:24:23  Mem:           125G         52G         29G        1.1M         42G         71G
2023-07-31 23:24:26  Mem:           125G         52G         29G        1.1M         42G         71G
2023-07-31 23:24:29  Mem:           125G         52G         29G        1.1M         42G         71G
2023-07-31 23:24:32  Mem:           125G         52G         29G        1.1M         42G         71G
2023-07-31 23:24:35  Mem:           125G         53G         29G        1.1M         42G         71G
2023-07-31 23:24:38  Mem:           125G         53G         29G        1.1M         42G         71G
2023-07-31 23:24:41  Mem:           125G         53G         29G        1.1M         42G         71G
2023-07-31 23:24:44  Mem:           125G         53G         29G        1.1M         42G         71G
2023-07-31 23:24:47  Mem:           125G         53G         29G        1.1M         42G         71G
2023-07-31 23:24:50  Mem:           125G         53G         28G        1.1M         42G         70G
2023-07-31 23:24:53  Mem:           125G         53G         28G        1.1M         42G         70G
2023-07-31 23:24:56  Mem:           125G         53G         28G        1.1M         43G         70G
2023-07-31 23:24:59  Mem:           125G         53G         28G        1.1M         43G         70G
2023-07-31 23:25:02  Mem:           125G         53G         28G        1.1M         43G         70G
2023-07-31 23:25:05  Mem:           125G         53G         28G        1.1M         43G         70G
2023-07-31 23:25:08  Mem:           125G         53G         28G        1.1M         43G         70G
2023-07-31 23:25:11  Mem:           125G         53G         28G        1.1M         43G         70G
2023-07-31 23:25:14  Mem:           125G         53G         28G        1.1M         43G         70G
2023-07-31 23:25:17  Mem:           125G         53G         28G        1.1M         43G         70G
2023-07-31 23:25:20  Mem:           125G         53G         28G        1.1M         43G         70G
2023-07-31 23:25:23  Mem:           125G         53G         28G        1.1M         43G         70G
2023-07-31 23:25:26  Mem:           125G         53G         28G        1.1M         43G         70G
2023-07-31 23:25:29  Mem:           125G         53G         27G        1.1M         43G         70G
2023-07-31 23:25:32  Mem:           125G         53G         27G        1.1M         43G         70G
2023-07-31 23:25:35  Mem:           125G         53G         27G        1.1M         43G         70G
2023-07-31 23:25:38  Mem:           125G         53G         27G        1.1M         43G         70G
2023-07-31 23:25:41  Mem:           125G         53G         27G        1.1M         43G         70G
2023-07-31 23:25:44  Mem:           125G         54G         27G        1.1M         43G         70G
2023-07-31 23:25:47  Mem:           125G         54G         27G        1.1M         43G         70G
2023-07-31 23:25:50  Mem:           125G         54G         27G        1.1M         43G         70G
2023-07-31 23:25:53  Mem:           125G         54G         27G        1.1M         43G         70G
2023-07-31 23:25:56  Mem:           125G         54G         27G        1.1M         43G         70G
2023-07-31 23:25:59  Mem:           125G         54G         27G        1.1M         43G         69G
2023-07-31 23:26:02  Mem:           125G         54G         27G        1.1M         43G         69G
2023-07-31 23:26:05  Mem:           125G         54G         27G        1.1M         43G         69G
2023-07-31 23:26:08  Mem:           125G         54G         26G        1.1M         43G         69G
2023-07-31 23:26:11  Mem:           125G         54G         26G        1.1M         43G         69G
2023-07-31 23:26:14  Mem:           125G         54G         26G        1.1M         43G         69G
2023-07-31 23:26:17  Mem:           125G         54G         26G        1.1M         43G         69G
2023-07-31 23:26:20  Mem:           125G         54G         26G        1.1M         43G         69G
2023-07-31 23:26:23  Mem:           125G         54G         26G        1.1M         43G         69G
2023-07-31 23:26:26  Mem:           125G         54G         26G        1.1M         44G         69G
2023-07-31 23:26:29  Mem:           125G         54G         26G        1.1M         44G         69G
2023-07-31 23:26:32  Mem:           125G         54G         26G        1.1M         44G         69G
2023-07-31 23:26:35  Mem:           125G         54G         26G        1.1M         44G         69G
2023-07-31 23:26:38  Mem:           125G         54G         26G        1.1M         44G         69G
2023-07-31 23:26:41  Mem:           125G         54G         26G        1.1M         44G         69G
2023-07-31 23:26:44  Mem:           125G         54G         26G        1.1M         44G         69G
2023-07-31 23:26:47  Mem:           125G         54G         26G        1.1M         44G         69G
2023-07-31 23:26:50  Mem:           125G         54G         25G        1.1M         44G         69G
2023-07-31 23:26:53  Mem:           125G         54G         25G        1.1M         44G         69G
2023-07-31 23:26:56  Mem:           125G         54G         25G        1.1M         44G         69G
2023-07-31 23:26:59  Mem:           125G         55G         25G        1.1M         44G         69G
2023-07-31 23:27:02  Mem:           125G         55G         25G        1.1M         44G         69G
2023-07-31 23:27:05  Mem:           125G         55G         25G        1.1M         44G         69G
2023-07-31 23:27:08  Mem:           125G         55G         25G        1.1M         44G         69G
2023-07-31 23:27:11  Mem:           125G         55G         25G        1.1M         44G         69G
2023-07-31 23:27:14  Mem:           125G         55G         25G        1.1M         44G         68G
2023-07-31 23:27:17  Mem:           125G         55G         25G        1.1M         44G         68G
2023-07-31 23:27:20  Mem:           125G         55G         25G        1.1M         44G         68G
2023-07-31 23:27:23  Mem:           125G         55G         25G        1.1M         44G         68G
2023-07-31 23:27:26  Mem:           125G         55G         25G        1.1M         44G         68G
2023-07-31 23:27:29  Mem:           125G         55G         25G        1.1M         44G         68G
2023-07-31 23:27:32  Mem:           125G         55G         25G        1.1M         44G         68G
2023-07-31 23:27:35  Mem:           125G         55G         24G        1.1M         44G         68G
2023-07-31 23:27:38  Mem:           125G         55G         24G        1.1M         44G         68G
2023-07-31 23:27:41  Mem:           125G         55G         24G        1.1M         44G         68G
2023-07-31 23:27:44  Mem:           125G         55G         24G        1.1M         44G         68G
2023-07-31 23:27:47  Mem:           125G         55G         24G        1.1M         44G         68G
2023-07-31 23:27:50  Mem:           125G         55G         24G        1.1M         44G         68G
2023-07-31 23:27:53  Mem:           125G         55G         24G        1.1M         44G         68G
2023-07-31 23:27:56  Mem:           125G         55G         24G        1.1M         44G         68G
2023-07-31 23:27:59  Mem:           125G         55G         24G        1.1M         44G         68G
2023-07-31 23:28:02  Mem:           125G         55G         24G        1.1M         44G         68G
2023-07-31 23:28:05  Mem:           125G         55G         24G        1.1M         44G         68G
2023-07-31 23:28:08  Mem:           125G         55G         24G        1.1M         45G         68G
2023-07-31 23:28:11  Mem:           125G         55G         24G        1.1M         45G         68G
2023-07-31 23:28:14  Mem:           125G         55G         24G        1.1M         45G         68G
2023-07-31 23:28:17  Mem:           125G         55G         24G        1.1M         45G         68G
2023-07-31 23:28:20  Mem:           125G         55G         24G        1.1M         45G         68G
2023-07-31 23:28:23  Mem:           125G         55G         23G        1.1M         45G         68G
2023-07-31 23:28:26  Mem:           125G         56G         23G        1.1M         45G         68G
2023-07-31 23:28:29  Mem:           125G         56G         23G        1.1M         45G         68G
